#
# A fatal error has been detected by the Java Runtime Environment:
#
#  EXCEPTION_ACCESS_VIOLATION (0xc0000005) at pc=0x00007ffce7081a89, pid=4236, tid=17152
#
# JRE version: Java(TM) SE Runtime Environment (25.0.2+10) (build 25.0.2+10-LTS-69)
# Java VM: Java HotSpot(TM) 64-Bit Server VM (25.0.2+10-LTS-69, mixed mode, sharing, tiered, compressed oops, compressed class ptrs, g1 gc, windows-amd64)
# Problematic frame:
# C  [VCRUNTIME140.dll+0x11a89]
#
# No core dump will be written. Minidumps are not enabled by default on client versions of Windows
#
# If you would like to submit a bug report, please visit:
#   https://bugreport.java.com/bugreport/crash.jsp
#

---------------  S U M M A R Y ------------

Command Line: -javaagent:C:\Users\moham\AppData\Local\JetBrains\IntelliJIdea2025.3\captureAgent\debugger-agent.jar=file:///C:/Users/moham/AppData/Local/Temp/capture18055379779219826989.props -ea -Didea.test.cyclic.buffer.size=1048576 -javaagent:D:\JetBrains\IntelliJ IDEA 2025.3.3\lib\idea_rt.jar=54009 -Dkotlinx.coroutines.debug.enable.creation.stack.trace=false -Ddebugger.agent.enable.coroutines=true -Dkotlinx.coroutines.debug.enable.flows.stack.trace=true -Dkotlinx.coroutines.debug.enable.mutable.state.flows.stack.trace=true -Ddebugger.async.stack.trace.for.all.threads=true -Dfile.encoding=UTF-8 -Dsun.stdout.encoding=UTF-8 -Dsun.stderr.encoding=UTF-8 com.intellij.rt.testng.RemoteTestNGStarter -usedefaultlisteners false -socket54008 @w@C:\Users\moham\AppData\Local\Temp\idea_working_dirs_testng.tmp -temp C:\Users\moham\AppData\Local\Temp\idea_testng.tmp

Host: Intel(R) Core(TM) i5-10300H CPU @ 2.50GHz, 8 cores, 15G,  Windows 11 , 64 bit Build 26100 (10.0.26100.8246)
Time: Tue May  5 18:01:58 2026 Egypt Daylight Time elapsed time: 1.237686 seconds (0d 0h 0m 1s)

---------------  T H R E A D  ---------------

Current thread (0x00000244b2364c10):  WorkerThread "GC Thread#5"    [id=17152, stack(0x000000fd3b600000,0x000000fd3b700000) (1024K)]

Stack: [0x000000fd3b600000,0x000000fd3b700000],  sp=0x000000fd3b6ff5d0,  free space=1021k
Native frames: (J=compiled Java code, j=interpreted, Vv=VM code, C=native code)
C  [VCRUNTIME140.dll+0x11a89]  (no source info available)
V  [jvm.dll+0x3b7f04]  (no source info available)
V  [jvm.dll+0x40fa22]  (no source info available)
V  [jvm.dll+0x40f671]  (no source info available)
V  [jvm.dll+0x3b7bfd]  (no source info available)
V  [jvm.dll+0x9998c1]  (no source info available)
V  [jvm.dll+0x906fcd]  (no source info available)
V  [jvm.dll+0x7a56d5]  (no source info available)
C  [ucrtbase.dll+0x37b0]  (no source info available)
C  [KERNEL32.DLL+0x2e8d7]  (no source info available)
C  [ntdll.dll+0x8c3fc]  (no source info available)


siginfo: EXCEPTION_ACCESS_VIOLATION (0xc0000005), writing address 0x00000244a4acf000


Registers:
RAX=0x0000000000000044, RBX=0x0000000000000014, RCX=0x00000000000e5979, RDX=0x0000000000000044
RSP=0x000000fd3b6ff5d0, RBP=0x00600244a4ab4979, RSI=0x0000000000000004, RDI=0x00000244a4acf000
R8 =0x00000000000f0000, R9 =0x00000244a4ac4979, R10=0x00007ffce7070000, R11=0x4444444444444444
R12=0x000000070fb30000, R13=0x000002448cdf8ef0, R14=0x00000244a4ab497a, R15=0x0000000000000000
RIP=0x00007ffce7081a89, EFLAGS=0x0000000000010202

XMM[0]=0x4444444444444444 0x4444444444444444
XMM[1]=0x0000000000000000 0x3ec19db7358bd307
XMM[2]=0x0000000000000000 0x0000000000000000
XMM[3]=0x0000000000000000 0x3e7ad7f29abcaf48
XMM[4]=0x0000000000000000 0x0000000000000000
XMM[5]=0x0000000000000000 0x0000000000000000
XMM[6]=0x00000000b54b9460 0x0000000000bc16bf
XMM[7]=0x0000000000000000 0x0000000000000000
XMM[8]=0x0000000000000000 0x0000000000000000
XMM[9]=0x0000000000000000 0x0000000000000000
XMM[10]=0x0000000000000000 0x0000000000000000
XMM[11]=0x0000000000000000 0x0000000000000000
XMM[12]=0x0000000000000000 0x0000000000000000
XMM[13]=0x0000000000000000 0x0000000000000000
XMM[14]=0x0000000000000000 0x0000000000000000
XMM[15]=0x0000000000000000 0x0000000000000000
  MXCSR=0x00001fa0


Register to memory mapping:

RAX=0x0000000000000044 is an unknown value
RBX=0x0000000000000014 is an unknown value
RCX=0x00000000000e5979 is an unknown value
RDX=0x0000000000000044 is an unknown value
RSP=0x000000fd3b6ff5d0 points into unknown readable memory: 0x00000244a4bb4978 | 78 49 bb a4 44 02 00 00
RBP=0x00600244a4ab4979 is an unknown value
RSI=0x0000000000000004 is an unknown value
RDI=0x00000244a4acf000 is an unknown value
R8 =0x00000000000f0000 is an unknown value
R9 =0x00000244a4ac4979 points into unknown readable memory: 44 44 44 44 44 44 44
R10=0x00007ffce7070000 VCRUNTIME140.dll
R11=0x4444444444444444 is an unknown value
R12=0x000000070fb30000 is an oop: java.util.BitSet 
{0x000000070fb30000} - klass: 'java/util/BitSet' - flags: is_cloneable_fast 

 - ---- fields (total size 3 words):
 - private transient 'wordsInUse' 'I' @12  1 (0x00000001)
 - private transient 'sizeIsSticky' 'Z' @16  false (0x00)
 - private 'words' '[J' @20  [J{0x000000070fb30018} (0xe1f66003)
R13=0x000002448cdf8ef0 points into unknown readable memory: 0x000002448ce12270 | 70 22 e1 8c 44 02 00 00
R14=0x00000244a4ab497a points into unknown readable memory: 40 40 40 40 40 40
R15=0x0 is null

Top of Stack: (sp=0x000000fd3b6ff5d0)
0x000000fd3b6ff5d0:   00000244a4bb4978 00007ffcc8be7f04   xI..D...........
0x000000fd3b6ff5e0:   0000002bb4ff08fb 00007ffcc91435de   ....+....5......
0x000000fd3b6ff5f0:   000000fd3a4fe5b8 00007ffcc8fcf02f   ..O:..../.......
0x000000fd3b6ff600:   00000244ac07f490 00007ffcc8c3fa22   ....D...".......
0x000000fd3b6ff610:   000000070fb2f1b0 0000000000000000   ................
0x000000fd3b6ff620:   c00000070fb2f2b0 1800000000000020   ........ .......
0x000000fd3b6ff630:   000000fd00000000 000002448cd6fbd0   ............D...
0x000000fd3b6ff640:   000000070fc00000 00000000b54b9460   ........`.K.....
0x000000fd3b6ff650:   0000000000000000 0000000000000000   ................
0x000000fd3b6ff660:   0000000000000001 0000000000000020   ........ .......
0x000000fd3b6ff670:   0000000000000000 0000000000000000   ................
0x000000fd3b6ff680:   0000000000000040 00000244b2af2530   @.......0%..D...
0x000000fd3b6ff690:   0000000000000003 00007ffcc8c3f671   ........q.......
0x000000fd3b6ff6a0:   00000244b2801910 0000024400000003   ....D.......D...
0x000000fd3b6ff6b0:   0000000000000005 0000000000000000   ................
0x000000fd3b6ff6c0:   00000244b28cc620 00007ffcc8be7bfd    ...D....{......
0x000000fd3b6ff6d0:   000000fd3a4fe530 0000000000000003   0.O:............
0x000000fd3b6ff6e0:   0000000000000008 00000244b2af2530   ........0%..D...
0x000000fd3b6ff6f0:   000000fd3a4fe700 000000fd3a4fe5b8   ..O:......O:....
0x000000fd3b6ff700:   00007ffcc9315560 0000000000bc169d   `U1.............
0x000000fd3b6ff710:   00000000b54b7412 0000000000000023   .tK.....#.......
0x000000fd3b6ff720:   00000244b2801910 0000000000000003   ....D...........
0x000000fd3b6ff730:   0000000000000000 0000000000000000   ................
0x000000fd3b6ff740:   0000000000000000 0000000000000000   ................
0x000000fd3b6ff750:   0000000000000000 0000000000000000   ................
0x000000fd3b6ff760:   00000244b28cc620 0000000000000003    ...D...........
0x000000fd3b6ff770:   00000244b2364c10 00007ffcc91c98c1   .L6.D...........
0x000000fd3b6ff780:   00000244b28cc638 0000000000000000   8...D...........
0x000000fd3b6ff790:   000002448cd70148 0000000000000003   H...D...........
0x000000fd3b6ff7a0:   00000244b2364c10 0000000000100000   .L6.D...........
0x000000fd3b6ff7b0:   00000000000075a3 00007ffcc9136fcd   .u.......o......
0x000000fd3b6ff7c0:   000000fd3b600000 00000000ffffffff   ..`;............

Instructions: (pc=0x00007ffce7081a89)
  0x00007ffce7081989:   0f 10 44 11 f0 48 83 e9 10 49 83 e8 10 f6 c1 0f
  0x00007ffce7081999:   74 18 4c 8b c9 48 83 e1 f0 0f 10 c8 0f 10 04 11
  0x00007ffce70819a9:   41 0f 11 09 4c 8b c1 4c 2b c0 4d 8b c8 49 c1 e9
  0x00007ffce70819b9:   07 74 71 0f 29 01 eb 16 66 66 66 66 66 66 66 0f
  0x00007ffce70819c9:   1f 84 00 00 00 00 00 0f 29 41 10 0f 29 09 0f 10
  0x00007ffce70819d9:   44 11 f0 0f 10 4c 11 e0 48 81 e9 80 00 00 00 0f
  0x00007ffce70819e9:   29 41 70 0f 29 49 60 0f 10 44 11 50 0f 10 4c 11
  0x00007ffce70819f9:   40 49 ff c9 0f 29 41 50 0f 29 49 40 0f 10 44 11
  0x00007ffce7081a09:   30 0f 10 4c 11 20 0f 29 41 30 0f 29 49 20 0f 10
  0x00007ffce7081a19:   44 11 10 0f 10 0c 11 75 ae 0f 29 41 10 49 83 e0
  0x00007ffce7081a29:   7f 0f 28 c1 4d 8b c8 49 c1 e9 04 74 1a 66 66 0f
  0x00007ffce7081a39:   1f 84 00 00 00 00 00 0f 11 01 48 83 e9 10 0f 10
  0x00007ffce7081a49:   04 11 49 ff c9 75 f0 49 83 e0 0f 74 03 0f 11 10
  0x00007ffce7081a59:   0f 11 01 c3 cc cc cc cc cc cc cc cc cc 66 66 0f
  0x00007ffce7081a69:   1f 84 00 00 00 00 00 cc cc cc cc cc cc 66 66 0f
  0x00007ffce7081a79:   1f 84 00 00 00 00 00 57 8b c2 48 8b f9 49 8b c8
=>0x00007ffce7081a89:   f3 aa 49 8b c1 5f c3 48 8b c1 4c 8b c9 4c 8d 15
  0x00007ffce7081a99:   63 e5 fe ff 0f b6 d2 49 bb 01 01 01 01 01 01 01
  0x00007ffce7081aa9:   01 4c 0f af da 66 49 0f 6e c3 49 83 f8 0f 0f 87
  0x00007ffce7081ab9:   83 00 00 00 0f 1f 00 49 03 c8 47 8b 8c 82 30 5f
  0x00007ffce7081ac9:   01 00 4d 03 ca 41 ff e1 4c 89 59 f1 44 89 59 f9
  0x00007ffce7081ad9:   66 44 89 59 fd 44 88 59 ff c3 4c 89 59 f2 44 89
  0x00007ffce7081ae9:   59 fa 66 44 89 59 fe c3 66 66 66 66 66 66 66 0f
  0x00007ffce7081af9:   1f 84 00 00 00 00 00 4c 89 59 f3 44 89 59 fb 44
  0x00007ffce7081b09:   88 59 ff c3 0f 1f 00 4c 89 59 f4 44 89 59 fc c3
  0x00007ffce7081b19:   4c 89 59 f5 66 44 89 59 fd 44 88 59 ff c3 4c 89
  0x00007ffce7081b29:   59 f7 44 88 59 ff c3 4c 89 59 f6 66 44 89 59 fe
  0x00007ffce7081b39:   c3 4c 89 59 f8 c3 90 66 0f 6c c0 49 83 f8 20 77
  0x00007ffce7081b49:   0c f3 0f 7f 01 f3 42 0f 7f 44 01 f0 c3 83 3d 33
  0x00007ffce7081b59:   75 00 00 03 0f 82 dd 01 00 00 4c 3b 05 2e 75 00
  0x00007ffce7081b69:   00 76 16 4c 3b 05 2d 75 00 00 77 0d f6 05 a4 78
  0x00007ffce7081b79:   00 00 02 0f 85 fe fe ff ff c4 e3 7d 18 c0 01 4c


Stack slot to memory mapping:

stack at sp + 0 slots: 0x00000244a4bb4978 is an unknown value
stack at sp + 1 slots: 0x00007ffcc8be7f04 jvm.dll
stack at sp + 2 slots: 0x0000002bb4ff08fb is an unknown value
stack at sp + 3 slots: 0x00007ffcc91435de jvm.dll
stack at sp + 4 slots: 0x000000fd3a4fe5b8 is a pointer 47/64 into block 1 in oop storage "ObjectSynchronizer Weak"
stack at sp + 5 slots: 0x00007ffcc8fcf02f jvm.dll
stack at sp + 6 slots: 0x00000244ac07f490 points into unknown readable memory: 0x000000070fa00000 | 00 00 a0 0f 07 00 00 00
stack at sp + 7 slots: 0x00007ffcc8c3fa22 jvm.dll


---------------  P R O C E S S  ---------------

Threads class SMR info:
_java_thread_list=0x00000244b12dd040, length=14, elements={
0x000002448ab1f690, 0x00000244ac1da7f0, 0x00000244ac1db250, 0x00000244ac1e21c0,
0x000002448ce3c420, 0x00000244ac1ef1c0, 0x00000244ac1f0930, 0x00000244ac202340,
0x00000244ac206c20, 0x00000244ac1f1100, 0x00000244ac1f20a0, 0x00000244ac1f3040,
0x00000244ac1ef990, 0x00000244b1427d70
}

Java Threads: ( => current thread )
  0x000002448ab1f690 JavaThread "main"                              [_thread_blocked, id=17136, stack(0x000000fd39d00000,0x000000fd39e00000) (1024K)]
  0x00000244ac1da7f0 JavaThread "Reference Handler"          daemon [_thread_blocked, id=16344, stack(0x000000fd3a500000,0x000000fd3a600000) (1024K)]
  0x00000244ac1db250 JavaThread "Finalizer"                  daemon [_thread_blocked, id=10856, stack(0x000000fd3a600000,0x000000fd3a700000) (1024K)]
  0x00000244ac1e21c0 JavaThread "Signal Dispatcher"          daemon [_thread_blocked, id=18168, stack(0x000000fd3a700000,0x000000fd3a800000) (1024K)]
  0x000002448ce3c420 JavaThread "Attach Listener"            daemon [_thread_blocked, id=16196, stack(0x000000fd3a800000,0x000000fd3a900000) (1024K)]
  0x00000244ac1ef1c0 JavaThread "Service Thread"             daemon [_thread_blocked, id=1312, stack(0x000000fd3a900000,0x000000fd3aa00000) (1024K)]
  0x00000244ac1f0930 JavaThread "Monitor Deflation Thread"   daemon [_thread_blocked, id=16712, stack(0x000000fd3aa00000,0x000000fd3ab00000) (1024K)]
  0x00000244ac202340 JavaThread "C2 CompilerThread0"         daemon [_thread_blocked, id=14560, stack(0x000000fd3ab00000,0x000000fd3ac00000) (1024K)]
  0x00000244ac206c20 JavaThread "C1 CompilerThread0"         daemon [_thread_blocked, id=17252, stack(0x000000fd3ac00000,0x000000fd3ad00000) (1024K)]
  0x00000244ac1f1100 JavaThread "Common-Cleaner"             daemon [_thread_blocked, id=8240, stack(0x000000fd3ad00000,0x000000fd3ae00000) (1024K)]
  0x00000244ac1f20a0 JavaThread "IntelliJ Suspend Helper"    daemon [_thread_blocked, id=17728, stack(0x000000fd3ae00000,0x000000fd3af00000) (1024K)]
  0x00000244ac1f3040 JavaThread "Monitor Ctrl-Break"         daemon [_thread_in_native, id=14916, stack(0x000000fd3af00000,0x000000fd3b000000) (1024K)]
  0x00000244ac1ef990 JavaThread "Notification Thread"        daemon [_thread_blocked, id=8708, stack(0x000000fd3b000000,0x000000fd3b100000) (1024K)]
  0x00000244b1427d70 JavaThread "C2 CompilerThread1"         daemon [_thread_blocked, id=16716, stack(0x000000fd3b100000,0x000000fd3b200000) (1024K)]
Total: 14

Other Threads:
  0x00000244ac1c9f50 VMThread "VM Thread"                           [id=15216, stack(0x000000fd3a400000,0x000000fd3a500000) (1024K)]
  0x00000244ac1bb650 WatcherThread "VM Periodic Task Thread"        [id=15304, stack(0x000000fd3a300000,0x000000fd3a400000) (1024K)]
  0x000002448cdf8770 WorkerThread "GC Thread#0"                     [id=15828, stack(0x000000fd39e00000,0x000000fd39f00000) (1024K)]
  0x00000244b23654b0 WorkerThread "GC Thread#1"                     [id=8028, stack(0x000000fd3b200000,0x000000fd3b300000) (1024K)]
  0x00000244b2362de0 WorkerThread "GC Thread#2"                     [id=16500, stack(0x000000fd3b300000,0x000000fd3b400000) (1024K)]
  0x00000244b2363680 WorkerThread "GC Thread#3"                     [id=16940, stack(0x000000fd3b400000,0x000000fd3b500000) (1024K)]
  0x00000244b23647c0 WorkerThread "GC Thread#4"                     [id=15748, stack(0x000000fd3b500000,0x000000fd3b600000) (1024K)]
=>0x00000244b2364c10 WorkerThread "GC Thread#5"                     [id=17152, stack(0x000000fd3b600000,0x000000fd3b700000) (1024K)]
  0x00000244b2367fd0 WorkerThread "GC Thread#6"                     [id=14852, stack(0x000000fd3b700000,0x000000fd3b800000) (1024K)]
  0x00000244b2369e00 WorkerThread "GC Thread#7"                     [id=15200, stack(0x000000fd3b800000,0x000000fd3b900000) (1024K)]
  0x000002448ce12270 ConcurrentGCThread "G1 Main Marker"            [id=100, stack(0x000000fd39f00000,0x000000fd3a000000) (1024K)]
  0x000002448ce12e10 WorkerThread "G1 Conc#0"                       [id=17220, stack(0x000000fd3a000000,0x000000fd3a100000) (1024K)]
  0x00000244ac08a290 ConcurrentGCThread "G1 Refine#0"               [id=15108, stack(0x000000fd3a100000,0x000000fd3a200000) (1024K)]
  0x00000244ac08aea0 ConcurrentGCThread "G1 Service"                [id=17140, stack(0x000000fd3a200000,0x000000fd3a300000) (1024K)]
Total: 14

Threads with active compile tasks:
C2 CompilerThread0  1356 2178       4       java.util.HashMap::containsKey (14 bytes)
Total: 1

VM state: at safepoint (normal execution)

VM Mutex/Monitor currently owned by a thread:  ([mutex/lock_event])
[0x00007ffcc95a95e8] Threads_lock - owner thread: 0x00000244ac1c9f50
[0x00007ffcc95a9768] Heap_lock - owner thread: 0x000002448ab1f690

Heap address: 0x0000000703200000, size: 4046 MB, Compressed Oops mode: Zero based, Oop shift amount: 3

CDS archive(s) mapped at: [0x0000000034000000-0x0000000034dd0000-0x0000000034dd0000), size 14483456, SharedBaseAddress: 0x0000000034000000, ArchiveRelocationMode: 1.
Compressed class space mapped at: 0x0000000035000000-0x0000000075000000, reserved size: 1073741824
UseCompressedClassPointers 1, UseCompactObjectHeaders 0
Narrow klass pointer bits 32, Max shift 3
Narrow klass base: 0x0000000034000000, Narrow klass shift: 0
Encoding Range: [0x0000000034000000 - 0x0000000134000000), (4294967296 bytes)
Klass Range:    [0x0000000034010000 - 0x0000000075000000), (1090453504 bytes)
Klass ID Range:  [65536 - 1090519033) (1090453497)
Protection zone: [0x0000000034000000 - 0x0000000034010000), (65536 bytes)

GC Precious Log:
 CardTable entry size: 512
 Card Set container configuration: InlinePtr #cards 4 size 8 Array Of Cards #cards 16 size 48 Howl #buckets 8 coarsen threshold 3686 Howl Bitmap #cards 512 size 80 coarsen threshold 460 Card regions per heap region 1 cards per card region 4096
 CPUs: 8 total, 8 available
 Memory: 16177M
 Large Page Support: Disabled
 NUMA Support: Disabled
 Compressed Oops: Enabled (Zero based)
 Heap Region Size: 2M
 Heap Min Capacity: 8M
 Heap Initial Capacity: 254M
 Heap Max Capacity: 4046M
 Pre-touch: Disabled
 Parallel Workers: 8
 Concurrent Workers: 2
 Concurrent Refinement Workers: 8
 Periodic GC: Disabled

Heap:
 garbage-first heap   total reserved 4143104K, committed 262144K, used 36493K [0x0000000703200000, 0x0000000800000000)
  region size 2048K, 13 young (26624K), 3 survivors (6144K)

Heap Regions: E=young(eden), S=young(survivor), O=old, HS=humongous(starts), HC=humongous(continues), CS=collection set, F=free, TAMS=top-at-mark-start, PB=parsable bottom
|   0|0x0000000703200000, 0x0000000703400000, 0x0000000703400000|100%| O|  |TAMS 0x00000007033531c8| PB 0x0000000703200000| Untracked |  0
|   1|0x0000000703400000, 0x00000007035a49c0, 0x0000000703600000| 82%| O|  |TAMS 0x0000000703400000| PB 0x0000000703400000| Untracked |  0
|   2|0x0000000703600000, 0x0000000703600000, 0x0000000703800000|  0%| F|  |TAMS 0x0000000703600000| PB 0x0000000703600000| Untracked |  0
|   3|0x0000000703800000, 0x0000000703800000, 0x0000000703a00000|  0%| F|  |TAMS 0x0000000703800000| PB 0x0000000703800000| Untracked |  0
|   4|0x0000000703a00000, 0x0000000703a00000, 0x0000000703c00000|  0%| F|  |TAMS 0x0000000703a00000| PB 0x0000000703a00000| Untracked |  0
|   5|0x0000000703c00000, 0x0000000703c00000, 0x0000000703e00000|  0%| F|  |TAMS 0x0000000703c00000| PB 0x0000000703c00000| Untracked |  0
|   6|0x0000000703e00000, 0x0000000703e00000, 0x0000000704000000|  0%| F|  |TAMS 0x0000000703e00000| PB 0x0000000703e00000| Untracked |  0
|   7|0x0000000704000000, 0x0000000704000000, 0x0000000704200000|  0%| F|  |TAMS 0x0000000704000000| PB 0x0000000704000000| Untracked |  0
|   8|0x0000000704200000, 0x0000000704200000, 0x0000000704400000|  0%| F|  |TAMS 0x0000000704200000| PB 0x0000000704200000| Untracked |  0
|   9|0x0000000704400000, 0x0000000704400000, 0x0000000704600000|  0%| F|  |TAMS 0x0000000704400000| PB 0x0000000704400000| Untracked |  0
|  10|0x0000000704600000, 0x0000000704600000, 0x0000000704800000|  0%| F|  |TAMS 0x0000000704600000| PB 0x0000000704600000| Untracked |  0
|  11|0x0000000704800000, 0x0000000704800000, 0x0000000704a00000|  0%| F|  |TAMS 0x0000000704800000| PB 0x0000000704800000| Untracked |  0
|  12|0x0000000704a00000, 0x0000000704a00000, 0x0000000704c00000|  0%| F|  |TAMS 0x0000000704a00000| PB 0x0000000704a00000| Untracked |  0
|  13|0x0000000704c00000, 0x0000000704c00000, 0x0000000704e00000|  0%| F|  |TAMS 0x0000000704c00000| PB 0x0000000704c00000| Untracked |  0
|  14|0x0000000704e00000, 0x0000000704e00000, 0x0000000705000000|  0%| F|  |TAMS 0x0000000704e00000| PB 0x0000000704e00000| Untracked |  0
|  15|0x0000000705000000, 0x0000000705000000, 0x0000000705200000|  0%| F|  |TAMS 0x0000000705000000| PB 0x0000000705000000| Untracked |  0
|  16|0x0000000705200000, 0x0000000705200000, 0x0000000705400000|  0%| F|  |TAMS 0x0000000705200000| PB 0x0000000705200000| Untracked |  0
|  17|0x0000000705400000, 0x0000000705400000, 0x0000000705600000|  0%| F|  |TAMS 0x0000000705400000| PB 0x0000000705400000| Untracked |  0
|  18|0x0000000705600000, 0x0000000705600000, 0x0000000705800000|  0%| F|  |TAMS 0x0000000705600000| PB 0x0000000705600000| Untracked |  0
|  19|0x0000000705800000, 0x0000000705800000, 0x0000000705a00000|  0%| F|  |TAMS 0x0000000705800000| PB 0x0000000705800000| Untracked |  0
|  20|0x0000000705a00000, 0x0000000705a00000, 0x0000000705c00000|  0%| F|  |TAMS 0x0000000705a00000| PB 0x0000000705a00000| Untracked |  0
|  21|0x0000000705c00000, 0x0000000705c00000, 0x0000000705e00000|  0%| F|  |TAMS 0x0000000705c00000| PB 0x0000000705c00000| Untracked |  0
|  22|0x0000000705e00000, 0x0000000705e00000, 0x0000000706000000|  0%| F|  |TAMS 0x0000000705e00000| PB 0x0000000705e00000| Untracked |  0
|  23|0x0000000706000000, 0x0000000706000000, 0x0000000706200000|  0%| F|  |TAMS 0x0000000706000000| PB 0x0000000706000000| Untracked |  0
|  24|0x0000000706200000, 0x0000000706200000, 0x0000000706400000|  0%| F|  |TAMS 0x0000000706200000| PB 0x0000000706200000| Untracked |  0
|  25|0x0000000706400000, 0x0000000706400000, 0x0000000706600000|  0%| F|  |TAMS 0x0000000706400000| PB 0x0000000706400000| Untracked |  0
|  26|0x0000000706600000, 0x0000000706600000, 0x0000000706800000|  0%| F|  |TAMS 0x0000000706600000| PB 0x0000000706600000| Untracked |  0
|  27|0x0000000706800000, 0x0000000706800000, 0x0000000706a00000|  0%| F|  |TAMS 0x0000000706800000| PB 0x0000000706800000| Untracked |  0
|  28|0x0000000706a00000, 0x0000000706a00000, 0x0000000706c00000|  0%| F|  |TAMS 0x0000000706a00000| PB 0x0000000706a00000| Untracked |  0
|  29|0x0000000706c00000, 0x0000000706c00000, 0x0000000706e00000|  0%| F|  |TAMS 0x0000000706c00000| PB 0x0000000706c00000| Untracked |  0
|  30|0x0000000706e00000, 0x0000000706e00000, 0x0000000707000000|  0%| F|  |TAMS 0x0000000706e00000| PB 0x0000000706e00000| Untracked |  0
|  31|0x0000000707000000, 0x0000000707000000, 0x0000000707200000|  0%| F|  |TAMS 0x0000000707000000| PB 0x0000000707000000| Untracked |  0
|  32|0x0000000707200000, 0x0000000707200000, 0x0000000707400000|  0%| F|  |TAMS 0x0000000707200000| PB 0x0000000707200000| Untracked |  0
|  33|0x0000000707400000, 0x0000000707400000, 0x0000000707600000|  0%| F|  |TAMS 0x0000000707400000| PB 0x0000000707400000| Untracked |  0
|  34|0x0000000707600000, 0x0000000707600000, 0x0000000707800000|  0%| F|  |TAMS 0x0000000707600000| PB 0x0000000707600000| Untracked |  0
|  35|0x0000000707800000, 0x0000000707800000, 0x0000000707a00000|  0%| F|  |TAMS 0x0000000707800000| PB 0x0000000707800000| Untracked |  0
|  36|0x0000000707a00000, 0x0000000707a00000, 0x0000000707c00000|  0%| F|  |TAMS 0x0000000707a00000| PB 0x0000000707a00000| Untracked |  0
|  37|0x0000000707c00000, 0x0000000707c00000, 0x0000000707e00000|  0%| F|  |TAMS 0x0000000707c00000| PB 0x0000000707c00000| Untracked |  0
|  38|0x0000000707e00000, 0x0000000707e00000, 0x0000000708000000|  0%| F|  |TAMS 0x0000000707e00000| PB 0x0000000707e00000| Untracked |  0
|  39|0x0000000708000000, 0x0000000708000000, 0x0000000708200000|  0%| F|  |TAMS 0x0000000708000000| PB 0x0000000708000000| Untracked |  0
|  40|0x0000000708200000, 0x0000000708200000, 0x0000000708400000|  0%| F|  |TAMS 0x0000000708200000| PB 0x0000000708200000| Untracked |  0
|  41|0x0000000708400000, 0x0000000708400000, 0x0000000708600000|  0%| F|  |TAMS 0x0000000708400000| PB 0x0000000708400000| Untracked |  0
|  42|0x0000000708600000, 0x0000000708600000, 0x0000000708800000|  0%| F|  |TAMS 0x0000000708600000| PB 0x0000000708600000| Untracked |  0
|  43|0x0000000708800000, 0x0000000708800000, 0x0000000708a00000|  0%| F|  |TAMS 0x0000000708800000| PB 0x0000000708800000| Untracked |  0
|  44|0x0000000708a00000, 0x0000000708a00000, 0x0000000708c00000|  0%| F|  |TAMS 0x0000000708a00000| PB 0x0000000708a00000| Untracked |  0
|  45|0x0000000708c00000, 0x0000000708c00000, 0x0000000708e00000|  0%| F|  |TAMS 0x0000000708c00000| PB 0x0000000708c00000| Untracked |  0
|  46|0x0000000708e00000, 0x0000000708e00000, 0x0000000709000000|  0%| F|  |TAMS 0x0000000708e00000| PB 0x0000000708e00000| Untracked |  0
|  47|0x0000000709000000, 0x0000000709000000, 0x0000000709200000|  0%| F|  |TAMS 0x0000000709000000| PB 0x0000000709000000| Untracked |  0
|  48|0x0000000709200000, 0x0000000709200000, 0x0000000709400000|  0%| F|  |TAMS 0x0000000709200000| PB 0x0000000709200000| Untracked |  0
|  49|0x0000000709400000, 0x0000000709400000, 0x0000000709600000|  0%| F|  |TAMS 0x0000000709400000| PB 0x0000000709400000| Untracked |  0
|  50|0x0000000709600000, 0x0000000709600000, 0x0000000709800000|  0%| F|  |TAMS 0x0000000709600000| PB 0x0000000709600000| Untracked |  0
|  51|0x0000000709800000, 0x0000000709800000, 0x0000000709a00000|  0%| F|  |TAMS 0x0000000709800000| PB 0x0000000709800000| Untracked |  0
|  52|0x0000000709a00000, 0x0000000709a00000, 0x0000000709c00000|  0%| F|  |TAMS 0x0000000709a00000| PB 0x0000000709a00000| Untracked |  0
|  53|0x0000000709c00000, 0x0000000709c00000, 0x0000000709e00000|  0%| F|  |TAMS 0x0000000709c00000| PB 0x0000000709c00000| Untracked |  0
|  54|0x0000000709e00000, 0x0000000709e00000, 0x000000070a000000|  0%| F|  |TAMS 0x0000000709e00000| PB 0x0000000709e00000| Untracked |  0
|  55|0x000000070a000000, 0x000000070a000000, 0x000000070a200000|  0%| F|  |TAMS 0x000000070a000000| PB 0x000000070a000000| Untracked |  0
|  56|0x000000070a200000, 0x000000070a200000, 0x000000070a400000|  0%| F|  |TAMS 0x000000070a200000| PB 0x000000070a200000| Untracked |  0
|  57|0x000000070a400000, 0x000000070a400000, 0x000000070a600000|  0%| F|  |TAMS 0x000000070a400000| PB 0x000000070a400000| Untracked |  0
|  58|0x000000070a600000, 0x000000070a600000, 0x000000070a800000|  0%| F|  |TAMS 0x000000070a600000| PB 0x000000070a600000| Untracked |  0
|  59|0x000000070a800000, 0x000000070a800000, 0x000000070aa00000|  0%| F|  |TAMS 0x000000070a800000| PB 0x000000070a800000| Untracked |  0
|  60|0x000000070aa00000, 0x000000070aa00000, 0x000000070ac00000|  0%| F|  |TAMS 0x000000070aa00000| PB 0x000000070aa00000| Untracked |  0
|  61|0x000000070ac00000, 0x000000070ac00000, 0x000000070ae00000|  0%| F|  |TAMS 0x000000070ac00000| PB 0x000000070ac00000| Untracked |  0
|  62|0x000000070ae00000, 0x000000070ae00000, 0x000000070b000000|  0%| F|  |TAMS 0x000000070ae00000| PB 0x000000070ae00000| Untracked |  0
|  63|0x000000070b000000, 0x000000070b000000, 0x000000070b200000|  0%| F|  |TAMS 0x000000070b000000| PB 0x000000070b000000| Untracked |  0
|  64|0x000000070b200000, 0x000000070b200000, 0x000000070b400000|  0%| F|  |TAMS 0x000000070b200000| PB 0x000000070b200000| Untracked |  0
|  65|0x000000070b400000, 0x000000070b400000, 0x000000070b600000|  0%| F|  |TAMS 0x000000070b400000| PB 0x000000070b400000| Untracked |  0
|  66|0x000000070b600000, 0x000000070b600000, 0x000000070b800000|  0%| F|  |TAMS 0x000000070b600000| PB 0x000000070b600000| Untracked |  0
|  67|0x000000070b800000, 0x000000070b800000, 0x000000070ba00000|  0%| F|  |TAMS 0x000000070b800000| PB 0x000000070b800000| Untracked |  0
|  68|0x000000070ba00000, 0x000000070ba00000, 0x000000070bc00000|  0%| F|  |TAMS 0x000000070ba00000| PB 0x000000070ba00000| Untracked |  0
|  69|0x000000070bc00000, 0x000000070bc00000, 0x000000070be00000|  0%| F|  |TAMS 0x000000070bc00000| PB 0x000000070bc00000| Untracked |  0
|  70|0x000000070be00000, 0x000000070be00000, 0x000000070c000000|  0%| F|  |TAMS 0x000000070be00000| PB 0x000000070be00000| Untracked |  0
|  71|0x000000070c000000, 0x000000070c000000, 0x000000070c200000|  0%| F|  |TAMS 0x000000070c000000| PB 0x000000070c000000| Untracked |  0
|  72|0x000000070c200000, 0x000000070c200000, 0x000000070c400000|  0%| F|  |TAMS 0x000000070c200000| PB 0x000000070c200000| Untracked |  0
|  73|0x000000070c400000, 0x000000070c400000, 0x000000070c600000|  0%| F|  |TAMS 0x000000070c400000| PB 0x000000070c400000| Untracked |  0
|  74|0x000000070c600000, 0x000000070c600000, 0x000000070c800000|  0%| F|  |TAMS 0x000000070c600000| PB 0x000000070c600000| Untracked |  0
|  75|0x000000070c800000, 0x000000070c800000, 0x000000070ca00000|  0%| F|  |TAMS 0x000000070c800000| PB 0x000000070c800000| Untracked |  0
|  76|0x000000070ca00000, 0x000000070ca00000, 0x000000070cc00000|  0%| F|  |TAMS 0x000000070ca00000| PB 0x000000070ca00000| Untracked |  0
|  77|0x000000070cc00000, 0x000000070cc00000, 0x000000070ce00000|  0%| F|  |TAMS 0x000000070cc00000| PB 0x000000070cc00000| Untracked |  0
|  78|0x000000070ce00000, 0x000000070ce00000, 0x000000070d000000|  0%| F|  |TAMS 0x000000070ce00000| PB 0x000000070ce00000| Untracked |  0
|  79|0x000000070d000000, 0x000000070d000000, 0x000000070d200000|  0%| F|  |TAMS 0x000000070d000000| PB 0x000000070d000000| Untracked |  0
|  80|0x000000070d200000, 0x000000070d200000, 0x000000070d400000|  0%| F|  |TAMS 0x000000070d200000| PB 0x000000070d200000| Untracked |  0
|  81|0x000000070d400000, 0x000000070d400000, 0x000000070d600000|  0%| F|  |TAMS 0x000000070d400000| PB 0x000000070d400000| Untracked |  0
|  82|0x000000070d600000, 0x000000070d600000, 0x000000070d800000|  0%| F|  |TAMS 0x000000070d600000| PB 0x000000070d600000| Untracked |  0
|  83|0x000000070d800000, 0x000000070d800000, 0x000000070da00000|  0%| F|  |TAMS 0x000000070d800000| PB 0x000000070d800000| Untracked |  0
|  84|0x000000070da00000, 0x000000070da00000, 0x000000070dc00000|  0%| F|  |TAMS 0x000000070da00000| PB 0x000000070da00000| Untracked |  0
|  85|0x000000070dc00000, 0x000000070dc00000, 0x000000070de00000|  0%| F|  |TAMS 0x000000070dc00000| PB 0x000000070dc00000| Untracked |  0
|  86|0x000000070de00000, 0x000000070de00000, 0x000000070e000000|  0%| F|  |TAMS 0x000000070de00000| PB 0x000000070de00000| Untracked |  0
|  87|0x000000070e000000, 0x000000070e000000, 0x000000070e200000|  0%| F|  |TAMS 0x000000070e000000| PB 0x000000070e000000| Untracked |  0
|  88|0x000000070e200000, 0x000000070e200000, 0x000000070e400000|  0%| F|  |TAMS 0x000000070e200000| PB 0x000000070e200000| Untracked |  0
|  89|0x000000070e400000, 0x000000070e400000, 0x000000070e600000|  0%| F|  |TAMS 0x000000070e400000| PB 0x000000070e400000| Untracked |  0
|  90|0x000000070e600000, 0x000000070e600000, 0x000000070e800000|  0%| F|  |TAMS 0x000000070e600000| PB 0x000000070e600000| Untracked |  0
|  91|0x000000070e800000, 0x000000070e800000, 0x000000070ea00000|  0%| F|  |TAMS 0x000000070e800000| PB 0x000000070e800000| Untracked |  0
|  92|0x000000070ea00000, 0x000000070ea00000, 0x000000070ec00000|  0%| F|  |TAMS 0x000000070ea00000| PB 0x000000070ea00000| Untracked |  0
|  93|0x000000070ec00000, 0x000000070ec00000, 0x000000070ee00000|  0%| F|  |TAMS 0x000000070ec00000| PB 0x000000070ec00000| Untracked |  0
|  94|0x000000070ee00000, 0x000000070ee00000, 0x000000070f000000|  0%| F|  |TAMS 0x000000070ee00000| PB 0x000000070ee00000| Untracked |  0
|  95|0x000000070f000000, 0x000000070f000000, 0x000000070f200000|  0%| F|  |TAMS 0x000000070f000000| PB 0x000000070f000000| Untracked |  0
|  96|0x000000070f200000, 0x000000070f200000, 0x000000070f400000|  0%| F|  |TAMS 0x000000070f200000| PB 0x000000070f200000| Untracked |  0
|  97|0x000000070f400000, 0x000000070f400000, 0x000000070f600000|  0%| F|  |TAMS 0x000000070f400000| PB 0x000000070f400000| Untracked |  0
|  98|0x000000070f600000, 0x000000070f600000, 0x000000070f800000|  0%| F|  |TAMS 0x000000070f600000| PB 0x000000070f600000| Untracked |  0
|  99|0x000000070f800000, 0x000000070f800000, 0x000000070fa00000|  0%| F|  |TAMS 0x000000070f800000| PB 0x000000070f800000| Untracked |  0
| 100|0x000000070fa00000, 0x000000070fc00000, 0x000000070fc00000|100%| E|CS|TAMS 0x000000070fa00000| PB 0x000000070fa00000| Complete |  0
| 101|0x000000070fc00000, 0x000000070fe00000, 0x000000070fe00000|100%| E|CS|TAMS 0x000000070fc00000| PB 0x000000070fc00000| Complete |  0
| 102|0x000000070fe00000, 0x0000000710000000, 0x0000000710000000|100%| E|CS|TAMS 0x000000070fe00000| PB 0x000000070fe00000| Complete |  0
| 103|0x0000000710000000, 0x0000000710000000, 0x0000000710200000|  0%| F|  |TAMS 0x0000000710000000| PB 0x0000000710000000| Untracked |  0
| 104|0x0000000710200000, 0x0000000710200000, 0x0000000710400000|  0%| F|  |TAMS 0x0000000710200000| PB 0x0000000710200000| Untracked |  0
| 105|0x0000000710400000, 0x0000000710400000, 0x0000000710600000|  0%| F|  |TAMS 0x0000000710400000| PB 0x0000000710400000| Untracked |  0
| 106|0x0000000710600000, 0x0000000710600000, 0x0000000710800000|  0%| F|  |TAMS 0x0000000710600000| PB 0x0000000710600000| Untracked |  0
| 107|0x0000000710800000, 0x0000000710800000, 0x0000000710a00000|  0%| F|  |TAMS 0x0000000710800000| PB 0x0000000710800000| Untracked |  0
| 108|0x0000000710a00000, 0x0000000710a00000, 0x0000000710c00000|  0%| F|  |TAMS 0x0000000710a00000| PB 0x0000000710a00000| Untracked |  0
| 109|0x0000000710c00000, 0x0000000710c00000, 0x0000000710e00000|  0%| F|  |TAMS 0x0000000710c00000| PB 0x0000000710c00000| Untracked |  0
| 110|0x0000000710e00000, 0x0000000710e00000, 0x0000000711000000|  0%| F|  |TAMS 0x0000000710e00000| PB 0x0000000710e00000| Untracked |  0
| 111|0x0000000711000000, 0x0000000711000000, 0x0000000711200000|  0%| F|  |TAMS 0x0000000711000000| PB 0x0000000711000000| Untracked |  0
| 112|0x0000000711200000, 0x0000000711200000, 0x0000000711400000|  0%| F|  |TAMS 0x0000000711200000| PB 0x0000000711200000| Untracked |  0
| 113|0x0000000711400000, 0x0000000711400000, 0x0000000711600000|  0%| F|  |TAMS 0x0000000711400000| PB 0x0000000711400000| Untracked |  0
| 114|0x0000000711600000, 0x0000000711800000, 0x0000000711800000|100%| S|  |TAMS 0x0000000711600000| PB 0x0000000711600000| Complete |  0
| 115|0x0000000711800000, 0x0000000711a00000, 0x0000000711a00000|100%| S|  |TAMS 0x0000000711800000| PB 0x0000000711800000| Complete |  0
| 116|0x0000000711a00000, 0x0000000711c00000, 0x0000000711c00000|100%| S|  |TAMS 0x0000000711a00000| PB 0x0000000711a00000| Complete |  0
| 117|0x0000000711c00000, 0x0000000711cd93e8, 0x0000000711e00000| 42%| E|CS|TAMS 0x0000000711c00000| PB 0x0000000711c00000| Complete |  0
| 118|0x0000000711e00000, 0x0000000712000000, 0x0000000712000000|100%| E|CS|TAMS 0x0000000711e00000| PB 0x0000000711e00000| Complete |  0
| 119|0x0000000712000000, 0x0000000712200000, 0x0000000712200000|100%| E|CS|TAMS 0x0000000712000000| PB 0x0000000712000000| Complete |  0
| 120|0x0000000712200000, 0x0000000712400000, 0x0000000712400000|100%| E|CS|TAMS 0x0000000712200000| PB 0x0000000712200000| Complete |  0
| 121|0x0000000712400000, 0x0000000712600000, 0x0000000712600000|100%| E|CS|TAMS 0x0000000712400000| PB 0x0000000712400000| Complete |  0
| 122|0x0000000712600000, 0x0000000712800000, 0x0000000712800000|100%| E|CS|TAMS 0x0000000712600000| PB 0x0000000712600000| Complete |  0
| 123|0x0000000712800000, 0x0000000712a00000, 0x0000000712a00000|100%| E|CS|TAMS 0x0000000712800000| PB 0x0000000712800000| Complete |  0
| 124|0x0000000712a00000, 0x0000000712c00000, 0x0000000712c00000|100%| E|CS|TAMS 0x0000000712a00000| PB 0x0000000712a00000| Complete |  0
| 125|0x0000000712c00000, 0x0000000712e00000, 0x0000000712e00000|100%| E|CS|TAMS 0x0000000712c00000| PB 0x0000000712c00000| Complete |  0
| 126|0x0000000712e00000, 0x0000000713000000, 0x0000000713000000|100%| E|CS|TAMS 0x0000000712e00000| PB 0x0000000712e00000| Complete |  0
|2022|0x00000007ffe00000, 0x00000007fff257b8, 0x0000000800000000| 57%| O|  |TAMS 0x00000007fff257b8| PB 0x00000007ffe00000| Untracked |  0

Card table byte_map: [0x00000244a5240000,0x00000244a5a30000] _byte_map_base: 0x00000244a1a27000

Marking Bits: (CMBitMap*) 0x000002448cdf8f00
 Bits: [0x00000244a5a30000, 0x00000244a9968000)

Polling page: 0x000002448ae60000

Metaspace:
Metaspace        used 21293K, committed 21504K, reserved 1114112K
 class space     used 2312K, committed 2432K, reserved 1048576K

Usage:
  Non-class:     18.54 MB used.
      Class:      2.26 MB used.
       Both:     20.79 MB used.

Virtual space:
  Non-class space:       64.00 MB reserved,      18.62 MB ( 29%) committed,  1 nodes.
      Class space:        1.00 GB reserved,       2.38 MB ( <1%) committed,  1 nodes.
             Both:        1.06 GB reserved,      21.00 MB (  2%) committed. 

Chunk freelists:
   Non-Class:  12.81 MB
       Class:  13.66 MB
        Both:  26.48 MB

MaxMetaspaceSize: unlimited
CompressedClassSpaceSize: 1.00 GB
Initial GC threshold: 21.00 MB
Current GC threshold: 21.00 MB
CDS: on
 - commit_granule_bytes: 65536.
 - commit_granule_words: 8192.
 - virtual_space_node_default_size: 8388608.
 - enlarge_chunks_in_place: 1.
UseCompressedClassPointers 1, UseCompactObjectHeaders 0
Narrow klass pointer bits 32, Max shift 3
Narrow klass base: 0x0000000034000000, Narrow klass shift: 0
Encoding Range: [0x0000000034000000 - 0x0000000134000000), (4294967296 bytes)
Klass Range:    [0x0000000034010000 - 0x0000000075000000), (1090453504 bytes)
Klass ID Range:  [65536 - 1090519033) (1090453497)
Protection zone: [0x0000000034000000 - 0x0000000034010000), (65536 bytes)


Internal statistics:

num_allocs_failed_limit: 3.
num_arena_births: 168.
num_arena_deaths: 0.
num_vsnodes_births: 2.
num_vsnodes_deaths: 0.
num_space_committed: 336.
num_space_uncommitted: 0.
num_chunks_returned_to_freelist: 3.
num_chunks_taken_from_freelist: 524.
num_chunk_merges: 3.
num_chunk_splits: 347.
num_chunks_enlarged: 240.
num_inconsistent_stats: 0.

CodeHeap 'non-profiled nmethods': size=120064Kb used=662Kb max_used=662Kb free=119401Kb
 bounds [0x000002449d0d0000, 0x000002449d340000, 0x00000244a4610000]
CodeHeap 'profiled nmethods': size=120000Kb used=3213Kb max_used=3213Kb free=116786Kb
 bounds [0x0000024495610000, 0x0000024495940000, 0x000002449cb40000]
CodeHeap 'non-nmethods': size=5696Kb used=1450Kb max_used=1494Kb free=4245Kb
 bounds [0x000002449cb40000, 0x000002449cdb0000, 0x000002449d0d0000]
CodeCache: size=245760Kb, used=5325Kb, max_used=5369Kb, free=240432Kb
 total_blobs=2750, nmethods=2174, adapters=479, full_count=0
Compilation: enabled, stopped_count=0, restarted_count=0

Compilation events (20 events):
Event: 1.212 Thread 0x00000244ac206c20 2169       3       java.util.Arrays$ArrayList::contains (14 bytes)
Event: 1.212 Thread 0x00000244ac206c20 nmethod 2169 0x000002449592e108 code [0x000002449592e200, 0x000002449592e3a0]
Event: 1.212 Thread 0x00000244ac206c20 2163       3       java.util.regex.Pattern$Begin::match (62 bytes)
Event: 1.212 Thread 0x00000244ac206c20 nmethod 2163 0x000002449592e408 code [0x000002449592e500, 0x000002449592e828]
Event: 1.212 Thread 0x00000244ac206c20 2171       3       java.lang.System::getProperty (12 bytes)
Event: 1.213 Thread 0x00000244ac206c20 nmethod 2171 0x000002449592e888 code [0x000002449592e980, 0x000002449592eee8]
Event: 1.213 Thread 0x00000244ac206c20 2172       3       java.lang.invoke.LambdaMetafactory::metafactory (71 bytes)
Event: 1.213 Thread 0x00000244ac206c20 nmethod 2172 0x000002449592ef08 code [0x000002449592f000, 0x000002449592fae0]
Event: 1.213 Thread 0x00000244ac206c20 2173       3       jdk.internal.misc.Unsafe::putIntUnaligned (79 bytes)
Event: 1.214 Thread 0x00000244ac206c20 nmethod 2173 0x000002449592fb08 code [0x000002449592fc00, 0x000002449592ff78]
Event: 1.214 Thread 0x00000244ac206c20 2174       3       java.lang.invoke.VarHandleGuards::guard_LII_V (135 bytes)
Event: 1.215 Thread 0x00000244ac206c20 nmethod 2174 0x000002449592ff88 code [0x0000024495930080, 0x0000024495932c28]
Event: 1.215 Thread 0x00000244ac206c20 2175       3       jdk.internal.misc.Unsafe::putIntUnaligned (14 bytes)
Event: 1.215 Thread 0x00000244ac206c20 nmethod 2175 0x0000024495932c88 code [0x0000024495932d80, 0x0000024495932fb8]
Event: 1.216 Thread 0x00000244b1427d70 2176       4       java.lang.String::indexOf (65 bytes)
Event: 1.217 Thread 0x00000244b1427d70 nmethod 2176 0x000002449d173808 code [0x000002449d173900, 0x000002449d173b60]
Event: 1.220 Thread 0x00000244ac206c20 2177       3       java.lang.invoke.DirectMethodHandle$Holder::invokeStatic (24 bytes)
Event: 1.221 Thread 0x00000244ac206c20 nmethod 2177 0x0000024495933008 code [0x0000024495933100, 0x0000024495933630]
Event: 1.224 Thread 0x00000244ac202340 nmethod 2165 0x000002449d173b88 code [0x000002449d173c80, 0x000002449d175b20]
Event: 1.228 Thread 0x00000244ac202340 2178       4       java.util.HashMap::containsKey (14 bytes)

GC Heap Usage History (3 events):
Event: 0.970 {heap Before GC invocations=0 (full 0):
 garbage-first heap   total reserved 4143104K, committed 262144K, used 48277K [0x0000000703200000, 0x0000000800000000)
  region size 2048K, 24 young (49152K), 0 survivors (0K)
}
Event: 0.975 {heap After GC invocations=1 (full 0):
 garbage-first heap   total reserved 4143104K, committed 262144K, used 8674K [0x0000000703200000, 0x0000000800000000)
  region size 2048K, 3 young (6144K), 3 survivors (6144K)
}
Event: 1.229 {heap Before GC invocations=1 (full 0):
 garbage-first heap   total reserved 4143104K, committed 262144K, used 27106K [0x0000000703200000, 0x0000000800000000)
  region size 2048K, 13 young (26624K), 3 survivors (6144K)
}

Metaspace Usage History (3 events):
Event: 0.970 {metaspace Before GC invocations=0 (full 0):
 Metaspace       used 16463K, committed 16640K, reserved 1114112K
  class space    used 1767K, committed 1856K, reserved 1048576K
}
Event: 0.975 {metaspace After GC invocations=1 (full 0):
 Metaspace       used 16463K, committed 16640K, reserved 1114112K
  class space    used 1767K, committed 1856K, reserved 1048576K
}
Event: 1.229 {metaspace Before GC invocations=1 (full 0):
 Metaspace       used 21293K, committed 21504K, reserved 1114112K
  class space    used 2312K, committed 2432K, reserved 1048576K
}

Dll operation events (9 events):
Event: 0.012 Loaded shared library C:\Program Files\Java\jdk-25.0.2\bin\java.dll
Event: 0.013 Loaded shared library C:\Program Files\Java\jdk-25.0.2\bin\zip.dll
Event: 0.138 Loaded shared library C:\Program Files\Java\jdk-25.0.2\bin\instrument.dll
Event: 0.149 Loaded shared library C:\Program Files\Java\jdk-25.0.2\bin\verify.dll
Event: 0.184 Loaded shared library C:\Program Files\Java\jdk-25.0.2\bin\net.dll
Event: 0.186 Loaded shared library C:\Program Files\Java\jdk-25.0.2\bin\nio.dll
Event: 0.197 Loaded shared library C:\Program Files\Java\jdk-25.0.2\bin\zip.dll
Event: 0.234 Loaded shared library C:\Program Files\Java\jdk-25.0.2\bin\extnet.dll
Event: 0.333 Loaded shared library C:\Program Files\Java\jdk-25.0.2\bin\jimage.dll

Deoptimization events (20 events):
Event: 1.062 Thread 0x000002448ab1f690 Uncommon trap: trap_request=0xffffff45 fr.pc=0x000002449d0f15cc relative=0x000000000000004c
Event: 1.062 Thread 0x000002448ab1f690 Uncommon trap: reason=unstable_if action=reinterpret pc=0x000002449d0f15cc method=sun.nio.fs.WindowsPathParser.isSlash(C)Z @ 9 c2
Event: 1.062 Thread 0x000002448ab1f690 DEOPT PACKING pc=0x000002449d0f15cc sp=0x000000fd39dfdb80
Event: 1.062 Thread 0x000002448ab1f690 DEOPT UNPACKING pc=0x000002449cc5fc02 sp=0x000000fd39dfdb08 mode 2
Event: 1.065 Thread 0x000002448ab1f690 Uncommon trap: trap_request=0xffffff66 fr.pc=0x000002449d12807c relative=0x000000000000047c
Event: 1.065 Thread 0x000002448ab1f690 Uncommon trap: reason=loop_limit_check action=maybe_recompile pc=0x000002449d12807c method=java.lang.StringLatin1.indexOf([BI[BII)I @ 37 c2
Event: 1.065 Thread 0x000002448ab1f690 DEOPT PACKING pc=0x000002449d12807c sp=0x000000fd39dfdc30
Event: 1.065 Thread 0x000002448ab1f690 DEOPT UNPACKING pc=0x000002449cc5fc02 sp=0x000000fd39dfdb90 mode 2
Event: 1.149 Thread 0x000002448ab1f690 DEOPT PACKING pc=0x00000244958e7c41 sp=0x000000fd39dfd800
Event: 1.149 Thread 0x000002448ab1f690 DEOPT UNPACKING pc=0x000002449cb91702 sp=0x000000fd39dfcc78 mode 0
Event: 1.150 Thread 0x000002448ab1f690 DEOPT PACKING pc=0x00000244958e7c41 sp=0x000000fd39dfda00
Event: 1.150 Thread 0x000002448ab1f690 DEOPT UNPACKING pc=0x000002449cb91702 sp=0x000000fd39dfce78 mode 0
Event: 1.151 Thread 0x000002448ab1f690 DEOPT PACKING pc=0x00000244958e7c41 sp=0x000000fd39dfd800
Event: 1.151 Thread 0x000002448ab1f690 DEOPT UNPACKING pc=0x000002449cb91702 sp=0x000000fd39dfcc78 mode 0
Event: 1.152 Thread 0x000002448ab1f690 DEOPT PACKING pc=0x00000244958e7c41 sp=0x000000fd39dfd7b0
Event: 1.152 Thread 0x000002448ab1f690 DEOPT UNPACKING pc=0x000002449cb91702 sp=0x000000fd39dfcc28 mode 0
Event: 1.175 Thread 0x000002448ab1f690 Uncommon trap: trap_request=0xffffffde fr.pc=0x000002449d12c704 relative=0x0000000000000304
Event: 1.175 Thread 0x000002448ab1f690 Uncommon trap: reason=class_check action=maybe_recompile pc=0x000002449d12c704 method=java.util.regex.Pattern$BmpCharPropertyGreedy.match(Ljava/util/regex/Matcher;ILjava/lang/CharSequence;)Z @ 26 c2
Event: 1.175 Thread 0x000002448ab1f690 DEOPT PACKING pc=0x000002449d12c704 sp=0x000000fd39dfb930
Event: 1.175 Thread 0x000002448ab1f690 DEOPT UNPACKING pc=0x000002449cc5fc02 sp=0x000000fd39dfb8e8 mode 2

Classes loaded (20 events):
Event: 1.226 Loading class org/apache/hc/client5/http/io/ManagedHttpClientConnection
Event: 1.226 Loading class org/apache/hc/client5/http/io/ManagedHttpClientConnection done
Event: 1.227 Loading class org/apache/hc/core5/http/io/HttpClientConnection
Event: 1.227 Loading class org/apache/hc/core5/http/io/HttpClientConnection done
Event: 1.227 Loading class org/apache/hc/core5/http/io/BHttpConnection
Event: 1.227 Loading class org/apache/hc/core5/http/io/BHttpConnection done
Event: 1.227 Loading class org/apache/hc/core5/http/config/Http1Config
Event: 1.227 Loading class org/apache/hc/core5/http/config/Http1Config done
Event: 1.227 Loading class org/apache/hc/core5/http/config/Http1Config$Builder
Event: 1.227 Loading class org/apache/hc/core5/http/config/Http1Config$Builder done
Event: 1.228 Loading class org/apache/hc/core5/http/HttpVersion
Event: 1.228 Loading class org/apache/hc/core5/http/HttpVersion done
Event: 1.228 Loading class org/apache/hc/core5/http/ProtocolVersion
Event: 1.228 Loading class org/apache/hc/core5/http/ProtocolVersion done
Event: 1.228 Loading class org/apache/hc/core5/http/ParseException
Event: 1.228 Loading class org/apache/hc/core5/http/ParseException done
Event: 1.228 Loading class org/apache/hc/core5/http/ProtocolException
Event: 1.228 Loading class org/apache/hc/core5/http/ProtocolException done
Event: 1.228 Loading class org/apache/hc/core5/http/HttpException
Event: 1.228 Loading class org/apache/hc/core5/http/HttpException done

Classes unloaded (0 events):
No events

Classes redefined (1 events):
Event: 0.165 Thread 0x00000244ac1c9f50 redefined class name=java.lang.Throwable, count=1

Internal exceptions (20 events):
Event: 0.936 Thread 0x000002448ab1f690 Exception <a 'java/lang/NoSuchMethodError'{0x0000000710371938}: 'java.lang.Object java.lang.invoke.DirectMethodHandle$Holder.newInvokeSpecial(java.lang.Object, java.lang.Object, java.lang.Object, java.lang.Object, java.lang.Object)'> (0x0000000710371938) 
thrown [s\open\src\hotspot\share\interpreter\linkResolver.cpp, line 804]
Event: 0.955 Thread 0x000002448ab1f690 Exception <a 'java/lang/IncompatibleClassChangeError'{0x00000007100fdff0}: Found class java.lang.Object, but interface was expected> (0x00000007100fdff0) 
thrown [s\open\src\hotspot\share\interpreter\linkResolver.cpp, line 871]
Event: 0.964 Thread 0x000002448ab1f690 Exception <a 'java/lang/NoSuchMethodError'{0x00000007101809d0}: 'java.lang.Object java.lang.invoke.DirectMethodHandle$Holder.invokeSpecial(java.lang.Object, java.lang.Object, java.lang.Object, java.lang.Object, long)'> (0x00000007101809d0) 
thrown [s\open\src\hotspot\share\interpreter\linkResolver.cpp, line 804]
Event: 0.965 Thread 0x000002448ab1f690 Exception <a 'java/lang/NoSuchMethodError'{0x0000000710194358}: 'java.lang.Object java.lang.invoke.Invokers$Holder.linkToTargetMethod(java.lang.Object, long, java.lang.Object)'> (0x0000000710194358) 
thrown [s\open\src\hotspot\share\interpreter\linkResolver.cpp, line 804]
Event: 0.966 Thread 0x000002448ab1f690 Exception <a 'java/lang/NoSuchMethodError'{0x00000007101abf98}: 'java.lang.Object java.lang.invoke.DirectMethodHandle$Holder.newInvokeSpecial(java.lang.Object, java.lang.Object, int, java.lang.Object, java.lang.Object)'> (0x00000007101abf98) 
thrown [s\open\src\hotspot\share\interpreter\linkResolver.cpp, line 804]
Event: 0.994 Thread 0x000002448ab1f690 Exception <a 'java/lang/NoSuchMethodError'{0x0000000712fc7590}: 'java.lang.Object java.lang.invoke.DirectMethodHandle$Holder.invokeStatic(java.lang.Object, java.lang.Object, long)'> (0x0000000712fc7590) 
thrown [s\open\src\hotspot\share\interpreter\linkResolver.cpp, line 804]
Event: 1.003 Thread 0x000002448ab1f690 Exception <a 'java/lang/NoSuchMethodError'{0x0000000712c18810}: 'java.lang.Object java.lang.invoke.DirectMethodHandle$Holder.invokeStatic(java.lang.Object, java.lang.Object, java.lang.Object, int, java.lang.Object, java.lang.Object)'> (0x0000000712c18810) 
thrown [s\open\src\hotspot\share\interpreter\linkResolver.cpp, line 804]
Event: 1.004 Thread 0x000002448ab1f690 Exception <a 'java/lang/NoSuchMethodError'{0x0000000712c29518}: 'java.lang.Object java.lang.invoke.DirectMethodHandle$Holder.newInvokeSpecial(java.lang.Object, java.lang.Object, java.lang.Object, int, java.lang.Object)'> (0x0000000712c29518) 
thrown [s\open\src\hotspot\share\interpreter\linkResolver.cpp, line 804]
Event: 1.005 Thread 0x000002448ab1f690 Exception <a 'java/lang/NoSuchMethodError'{0x0000000712c318a0}: 'java.lang.Object java.lang.invoke.Invokers$Holder.linkToTargetMethod(java.lang.Object, java.lang.Object, int, java.lang.Object, java.lang.Object)'> (0x0000000712c318a0) 
thrown [s\open\src\hotspot\share\interpreter\linkResolver.cpp, line 804]
Event: 1.025 Thread 0x000002448ab1f690 Exception <a 'java/lang/NoSuchMethodError'{0x0000000712d71428}: 'void java.lang.invoke.DirectMethodHandle$Holder.invokeInterface(java.lang.Object, java.lang.Object, java.lang.Object)'> (0x0000000712d71428) 
thrown [s\open\src\hotspot\share\interpreter\linkResolver.cpp, line 804]
Event: 1.025 Thread 0x000002448ab1f690 Exception <a 'java/lang/IncompatibleClassChangeError'{0x0000000712d791c8}: Found class java.lang.Object, but interface was expected> (0x0000000712d791c8) 
thrown [s\open\src\hotspot\share\interpreter\linkResolver.cpp, line 871]
Event: 1.026 Thread 0x000002448ab1f690 Exception <a 'java/lang/IncompatibleClassChangeError'{0x0000000712d89068}: Found class java.lang.Object, but interface was expected> (0x0000000712d89068) 
thrown [s\open\src\hotspot\share\interpreter\linkResolver.cpp, line 871]
Event: 1.030 Thread 0x000002448ab1f690 Exception <a 'java/lang/NoSuchMethodError'{0x0000000712dcba08}: 'java.lang.Object java.lang.invoke.DelegatingMethodHandle$Holder.reinvoke_L(java.lang.Object, java.lang.Object, java.lang.Object, int, java.lang.Object, java.lang.Object)'> (0x0000000712dcba08) 
thrown [s\open\src\hotspot\share\interpreter\linkResolver.cpp, line 804]
Event: 1.032 Thread 0x000002448ab1f690 Exception <a 'java/lang/NoSuchMethodError'{0x0000000712dff330}: 'int java.lang.invoke.DirectMethodHandle$Holder.invokeInterface(java.lang.Object, java.lang.Object)'> (0x0000000712dff330) 
thrown [s\open\src\hotspot\share\interpreter\linkResolver.cpp, line 804]
Event: 1.033 Thread 0x000002448ab1f690 Exception <a 'java/lang/NoSuchMethodError'{0x0000000712a1a1c8}: 'int java.lang.invoke.DirectMethodHandle$Holder.invokeVirtual(java.lang.Object, java.lang.Object, java.lang.Object)'> (0x0000000712a1a1c8) 
thrown [s\open\src\hotspot\share\interpreter\linkResolver.cpp, line 804]
Event: 1.036 Thread 0x000002448ab1f690 Exception <a 'java/lang/IncompatibleClassChangeError'{0x0000000712a5a348}: Found class java.lang.Object, but interface was expected> (0x0000000712a5a348) 
thrown [s\open\src\hotspot\share\interpreter\linkResolver.cpp, line 871]
Event: 1.046 Thread 0x000002448ab1f690 Exception <a 'java/lang/NoSuchMethodError'{0x0000000712b13f30}: 'java.lang.Object java.lang.invoke.DirectMethodHandle$Holder.invokeVirtual(java.lang.Object, java.lang.Object, java.lang.Object)'> (0x0000000712b13f30) 
thrown [s\open\src\hotspot\share\interpreter\linkResolver.cpp, line 804]
Event: 1.047 Thread 0x000002448ab1f690 Exception <a 'java/lang/IncompatibleClassChangeError'{0x0000000712b348a8}: Found class java.lang.Object, but interface was expected> (0x0000000712b348a8) 
thrown [s\open\src\hotspot\share\interpreter\linkResolver.cpp, line 871]
Event: 1.047 Thread 0x000002448ab1f690 Exception <a 'java/lang/IncompatibleClassChangeError'{0x0000000712b3c7a8}: Found class java.lang.Object, but interface was expected> (0x0000000712b3c7a8) 
thrown [s\open\src\hotspot\share\interpreter\linkResolver.cpp, line 871]
Event: 1.186 Thread 0x000002448ab1f690 Exception <a 'sun/nio/fs/WindowsException'{0x0000000711e7a8f8}> (0x0000000711e7a8f8) 
thrown [s\open\src\hotspot\share\prims\jni.cpp, line 516]

VM Operations (20 events):
Event: 0.602 Executing non-safepoint VM operation: HandshakeAllThreads (Deoptimize) done
Event: 0.837 Executing non-safepoint VM operation: HandshakeAllThreads (Deoptimize)
Event: 0.837 Executing non-safepoint VM operation: HandshakeAllThreads (Deoptimize) done
Event: 0.970 Executing safepoint VM operation: G1CollectForAllocation (G1 Evacuation Pause)
Event: 0.975 Executing safepoint VM operation: G1CollectForAllocation (G1 Evacuation Pause) done
Event: 1.008 Executing non-safepoint VM operation: HandshakeAllThreads (Deoptimize)
Event: 1.008 Executing non-safepoint VM operation: HandshakeAllThreads (Deoptimize) done
Event: 1.059 Executing non-safepoint VM operation: HandshakeAllThreads (Deoptimize)
Event: 1.059 Executing non-safepoint VM operation: HandshakeAllThreads (Deoptimize) done
Event: 1.091 Executing non-safepoint VM operation: HandshakeAllThreads (Deoptimize)
Event: 1.091 Executing non-safepoint VM operation: HandshakeAllThreads (Deoptimize) done
Event: 1.102 Executing non-safepoint VM operation: HandshakeAllThreads (Deoptimize)
Event: 1.102 Executing non-safepoint VM operation: HandshakeAllThreads (Deoptimize) done
Event: 1.121 Executing non-safepoint VM operation: HandshakeAllThreads (Deoptimize)
Event: 1.121 Executing non-safepoint VM operation: HandshakeAllThreads (Deoptimize) done
Event: 1.126 Executing non-safepoint VM operation: HandshakeAllThreads (Deoptimize)
Event: 1.126 Executing non-safepoint VM operation: HandshakeAllThreads (Deoptimize) done
Event: 1.187 Executing non-safepoint VM operation: HandshakeAllThreads (Deoptimize)
Event: 1.188 Executing non-safepoint VM operation: HandshakeAllThreads (Deoptimize) done
Event: 1.229 Executing safepoint VM operation: CollectForMetadataAllocation (Metadata GC Threshold)

Memory protections (0 events):
No events

Nmethod flushes (0 events):
No events

Events (14 events):
Event: 0.025 Thread 0x000002448ab1f690 Thread added: 0x000002448ab1f690
Event: 0.035 Thread 0x000002448ab1f690 Thread added: 0x00000244ac1da7f0
Event: 0.035 Thread 0x000002448ab1f690 Thread added: 0x00000244ac1db250
Event: 0.035 Thread 0x000002448ab1f690 Thread added: 0x00000244ac1e21c0
Event: 0.035 Thread 0x000002448ab1f690 Thread added: 0x000002448ce3c420
Event: 0.035 Thread 0x000002448ab1f690 Thread added: 0x00000244ac1ef1c0
Event: 0.035 Thread 0x000002448ab1f690 Thread added: 0x00000244ac1f0930
Event: 0.036 Thread 0x000002448ab1f690 Thread added: 0x00000244ac202340
Event: 0.036 Thread 0x000002448ab1f690 Thread added: 0x00000244ac206c20
Event: 0.145 Thread 0x000002448ab1f690 Thread added: 0x00000244ac1f1100
Event: 0.166 Thread 0x000002448ab1f690 Thread added: 0x00000244ac1f20a0
Event: 0.199 Thread 0x000002448ab1f690 Thread added: 0x00000244ac1f3040
Event: 0.199 Thread 0x000002448ab1f690 Thread added: 0x00000244ac1ef990
Event: 0.282 Thread 0x00000244ac206c20 Thread added: 0x00000244b1427d70


Dynamic libraries:
0x00007ff7f60e0000 - 0x00007ff7f60f0000 	C:\Program Files\Java\jdk-25.0.2\bin\java.exe
0x00007ffcfce40000 - 0x00007ffcfd0a7000 	C:\WINDOWS\SYSTEM32\ntdll.dll
0x00007ffcfc0c0000 - 0x00007ffcfc189000 	C:\WINDOWS\System32\KERNEL32.DLL
0x00007ffcf9910000 - 0x00007ffcf9d04000 	C:\WINDOWS\System32\KERNELBASE.dll
0x00007ffcf9710000 - 0x00007ffcf985b000 	C:\WINDOWS\System32\ucrtbase.dll
0x00007ffce7050000 - 0x00007ffce7067000 	C:\Program Files\Java\jdk-25.0.2\bin\jli.dll
0x00007ffce7070000 - 0x00007ffce708e000 	C:\Program Files\Java\jdk-25.0.2\bin\VCRUNTIME140.dll
0x00007ffcfc4b0000 - 0x00007ffcfc675000 	C:\WINDOWS\System32\USER32.dll
0x00007ffcf8b10000 - 0x00007ffcf8da3000 	C:\WINDOWS\WinSxS\amd64_microsoft.windows.common-controls_6595b64144ccf1df_6.0.26100.8115_none_3e075c82e3354f9c\COMCTL32.dll
0x00007ffcfa1f0000 - 0x00007ffcfa217000 	C:\WINDOWS\System32\win32u.dll
0x00007ffcfb6f0000 - 0x00007ffcfb799000 	C:\WINDOWS\System32\msvcrt.dll
0x00007ffcfcb90000 - 0x00007ffcfcbbb000 	C:\WINDOWS\System32\GDI32.dll
0x00007ffcf9d10000 - 0x00007ffcf9e3b000 	C:\WINDOWS\System32\gdi32full.dll
0x00007ffcf9860000 - 0x00007ffcf9903000 	C:\WINDOWS\System32\msvcp_win.dll
0x00007ffcfbf80000 - 0x00007ffcfbfb2000 	C:\WINDOWS\System32\IMM32.DLL
0x00007ffcf3d70000 - 0x00007ffcf3d7c000 	C:\Program Files\Java\jdk-25.0.2\bin\vcruntime140_1.dll
0x00007ffce6fc0000 - 0x00007ffce704d000 	C:\Program Files\Java\jdk-25.0.2\bin\msvcp140.dll
0x00007ffcc8830000 - 0x00007ffcc968f000 	C:\Program Files\Java\jdk-25.0.2\bin\server\jvm.dll
0x00007ffcfcd20000 - 0x00007ffcfcdd6000 	C:\WINDOWS\System32\ADVAPI32.dll
0x00007ffcfbec0000 - 0x00007ffcfbf67000 	C:\WINDOWS\System32\sechost.dll
0x00007ffcfbd20000 - 0x00007ffcfbe38000 	C:\WINDOWS\System32\RPCRT4.dll
0x00007ffcfb940000 - 0x00007ffcfb9c0000 	C:\WINDOWS\System32\WS2_32.dll
0x00007ffcf9570000 - 0x00007ffcf95ce000 	C:\WINDOWS\SYSTEM32\POWRPROF.dll
0x00007ffce7250000 - 0x00007ffce7286000 	C:\WINDOWS\SYSTEM32\WINMM.dll
0x00007ffcebec0000 - 0x00007ffcebecb000 	C:\WINDOWS\SYSTEM32\VERSION.dll
0x00007ffcf9550000 - 0x00007ffcf9564000 	C:\WINDOWS\SYSTEM32\UMPDC.dll
0x00007ffcf7b70000 - 0x00007ffcf7b8b000 	C:\WINDOWS\SYSTEM32\kernel.appcore.dll
0x00007ffcead40000 - 0x00007ffcead4a000 	C:\Program Files\Java\jdk-25.0.2\bin\jimage.dll
0x00007ffcf8ec0000 - 0x00007ffcf9102000 	C:\WINDOWS\SYSTEM32\DBGHELP.DLL
0x00007ffcfabe0000 - 0x00007ffcfaf62000 	C:\WINDOWS\System32\combase.dll
0x00007ffcfbb40000 - 0x00007ffcfbc18000 	C:\WINDOWS\System32\OLEAUT32.dll
0x00007ffcf8db0000 - 0x00007ffcf8deb000 	C:\WINDOWS\SYSTEM32\dbgcore.DLL
0x00007ffcfaa90000 - 0x00007ffcfab35000 	C:\WINDOWS\System32\bcryptPrimitives.dll
0x00007ffce6f90000 - 0x00007ffce6fa0000 	C:\Program Files\Java\jdk-25.0.2\bin\instrument.dll
0x00007ffce6fa0000 - 0x00007ffce6fbf000 	C:\Program Files\Java\jdk-25.0.2\bin\java.dll
0x00007ffcfb7a0000 - 0x00007ffcfb937000 	C:\WINDOWS\System32\ole32.dll
0x00007ffcfaf80000 - 0x00007ffcfb6e7000 	C:\WINDOWS\System32\SHELL32.dll
0x00007ffcfa080000 - 0x00007ffcfa1ea000 	C:\WINDOWS\System32\wintypes.dll
0x00007ffce6f70000 - 0x00007ffce6f87000 	C:\Program Files\Java\jdk-25.0.2\bin\zip.dll
0x00007ffcfa220000 - 0x00007ffcfaa88000 	C:\WINDOWS\System32\windows.storage.dll
0x00007ffcfbc20000 - 0x00007ffcfbd18000 	C:\WINDOWS\System32\SHCORE.dll
0x00007ffcfc050000 - 0x00007ffcfc0b6000 	C:\WINDOWS\System32\shlwapi.dll
0x00007ffcf9630000 - 0x00007ffcf9659000 	C:\WINDOWS\SYSTEM32\profapi.dll
0x00007ffce6ef0000 - 0x00007ffce6f00000 	C:\Program Files\Java\jdk-25.0.2\bin\verify.dll
0x00007ffce6f20000 - 0x00007ffce6f32000 	C:\Program Files\Java\jdk-25.0.2\bin\net.dll
0x00007ffcf80a0000 - 0x00007ffcf810c000 	C:\WINDOWS\system32\mswsock.dll
0x00007ffce6f00000 - 0x00007ffce6f16000 	C:\Program Files\Java\jdk-25.0.2\bin\nio.dll
0x00007ffce6ed0000 - 0x00007ffce6ed9000 	C:\Program Files\Java\jdk-25.0.2\bin\extnet.dll
0x00007ffcf9230000 - 0x00007ffcf924b000 	C:\WINDOWS\SYSTEM32\CRYPTSP.dll
0x00007ffcf8210000 - 0x00007ffcf8249000 	C:\WINDOWS\system32\rsaenh.dll
0x00007ffcf8150000 - 0x00007ffcf8183000 	C:\WINDOWS\SYSTEM32\USERENV.dll
0x00007ffcf9600000 - 0x00007ffcf962a000 	C:\WINDOWS\SYSTEM32\bcrypt.dll
0x00007ffcf83c0000 - 0x00007ffcf83cc000 	C:\WINDOWS\SYSTEM32\CRYPTBASE.dll
0x00007ffcf75c0000 - 0x00007ffcf75f2000 	C:\WINDOWS\SYSTEM32\IPHLPAPI.DLL
0x00007ffcfabd0000 - 0x00007ffcfabda000 	C:\WINDOWS\System32\NSI.dll

JVMTI agents:
C:\Users\moham\AppData\Local\JetBrains\IntelliJIdea2025.3\captureAgent\debugger-agent.jar path:C:\Program Files\Java\jdk-25.0.2\bin\instrument.dll, loaded, initialized, instrumentlib options:file:///C:/Users/moham/AppData/Local/Temp/capture18055379779219826989.props
D:\JetBrains\IntelliJ IDEA 2025.3.3\lib\idea_rt.jar path:C:\Program Files\Java\jdk-25.0.2\bin\instrument.dll, loaded, initialized, instrumentlib options:54009

dbghelp: loaded successfully - version: 4.0.5 - missing functions: none
symbol engine: initialized successfully - sym options: 0x614 - pdb path: .;C:\Program Files\Java\jdk-25.0.2\bin;C:\WINDOWS\SYSTEM32;C:\WINDOWS\WinSxS\amd64_microsoft.windows.common-controls_6595b64144ccf1df_6.0.26100.8115_none_3e075c82e3354f9c;C:\Program Files\Java\jdk-25.0.2\bin\server

VM Arguments:
jvm_args: -javaagent:C:\Users\moham\AppData\Local\JetBrains\IntelliJIdea2025.3\captureAgent\debugger-agent.jar=file:///C:/Users/moham/AppData/Local/Temp/capture18055379779219826989.props -ea -Didea.test.cyclic.buffer.size=1048576 -javaagent:D:\JetBrains\IntelliJ IDEA 2025.3.3\lib\idea_rt.jar=54009 -Dkotlinx.coroutines.debug.enable.creation.stack.trace=false -Ddebugger.agent.enable.coroutines=true -Dkotlinx.coroutines.debug.enable.flows.stack.trace=true -Dkotlinx.coroutines.debug.enable.mutable.state.flows.stack.trace=true -Ddebugger.async.stack.trace.for.all.threads=true -Dfile.encoding=UTF-8 -Dsun.stdout.encoding=UTF-8 -Dsun.stderr.encoding=UTF-8 
java_command: com.intellij.rt.testng.RemoteTestNGStarter -usedefaultlisteners false -socket54008 @w@C:\Users\moham\AppData\Local\Temp\idea_working_dirs_testng.tmp -temp C:\Users\moham\AppData\Local\Temp\idea_testng.tmp
java_class_path (initial): D:\JetBrains\IntelliJ IDEA 2025.3.3\lib\idea_rt.jar;D:\JetBrains\IntelliJ IDEA 2025.3.3\plugins\testng\lib\testng-rt.jar;D:\JetBrains\Projects\QA_Todo_Project_Testing\target\test-classes;D:\JetBrains\Projects\QA_Todo_Project_Testing\target\classes;C:\Users\moham\.m2\repository\org\seleniumhq\selenium\selenium-java\4.38.0\selenium-java-4.38.0.jar;C:\Users\moham\.m2\repository\org\seleniumhq\selenium\selenium-api\4.38.0\selenium-api-4.38.0.jar;C:\Users\moham\.m2\repository\org\jspecify\jspecify\1.0.0\jspecify-1.0.0.jar;C:\Users\moham\.m2\repository\org\seleniumhq\selenium\selenium-chrome-driver\4.38.0\selenium-chrome-driver-4.38.0.jar;C:\Users\moham\.m2\repository\com\google\auto\service\auto-service-annotations\1.1.1\auto-service-annotations-1.1.1.jar;C:\Users\moham\.m2\repository\org\seleniumhq\selenium\selenium-chromium-driver\4.38.0\selenium-chromium-driver-4.38.0.jar;C:\Users\moham\.m2\repository\org\seleniumhq\selenium\selenium-json\4.38.0\selenium-json-4.38.0.jar;C:\Users\moham\.m2\repository\org\seleniumhq\selenium\selenium-manager\4.38.0\selenium-manager-4.38.0.jar;C:\Users\moham\.m2\repository\org\seleniumhq\selenium\selenium-devtools-v140\4.38.0\selenium-devtools-v140-4.38.0.jar;C:\Users\moham\.m2\repository\org\seleniumhq\selenium\selenium-devtools-v141\4.38.0\selenium-devtools-v141-4.38.0.jar;C:\Users\moham\.m2\repository\org\seleniumhq\selenium\selenium-devtools-v142\4.38.0\selenium-devtools-v142-4.38.0.jar;C:\Users\moham\.m2\repository\org\seleniumhq\selenium\selenium-edge-driver\4.38.0\selenium-edge-driver-4.38.0.jar;C:\Users\moham\.m2\repository\org\seleniumhq\selenium\selenium-firefox-driver\4.38.0\selenium-firefox-driver-4.38.0.jar;C:\Users\moham\.m2\repository\org\seleniumhq\selenium\selenium-http\4.38.0\selenium-http-4.38.0.jar;C:\Users\moham\.m2\repository\org\seleniumhq\selenium\selenium-ie-driver\4.38.0\selenium-ie-driver-4.38.0.jar;C:\Users\moham\.m2\repository\org\seleniumhq\selenium\selenium-remote-driver\4.38.0\selenium-remote-driver-4.38.0.jar;C:\Users\moham\.m2\repository\com\google\guava\guava\33.5.0-jre\guava-33.5.0-jre.jar;C:\Users\moham\.m2\repository\com\google\guava\failureaccess\1.0.3\failureaccess-1.0.3.jar;C:\Users\moham\.m2\repository\com\google\guava\listenablefuture\9999.0-empty-to-avoid-conflict-with-guava\listenablefuture-9999.0-empty-to-avoid-conflict-with-guava.jar;C:\Users\moham\.m2\repository\com\google\j2objc\j2objc-annotations\3.1\j2objc-annotations-3.1.jar;C:\Users\moham\.m2\repository\io\opentelemetry\opentelemetry-api\1.55.0\opentelemetry-api-1.55.0.jar;C:\Users\moham\.m2\repository\io\opentelemetry\opentelemetry-context\1.55.0\opentelemetry-context-1.55.0.jar;C:\Users\moham\.m2\repository\io\opentelemetry\opentelemetry-common\1.55.0\opentelemetry-common-1.55.0.jar;C:\Users\moham\.m2\repository\io\opentelemetry\opentelemetry-exporter-logging\1.55.0\opentelemetry-exporter-logging-1.55.0.jar;C:\Users\moham\.m2\repository\io\opentelemetry\opentelemetry-sdk-common\1.55.0\opentelemetry-sdk-common-1.55.0.jar;C:\Users\moham\.m2\repository\io\opentelemetry\opentelemetry-sdk-extension-autoconfigure-spi\1.55.0\opentelemetry-sdk-extension-autoconfigure-spi-1.55.0.jar;C:\Users\moham\.m2\repository\io\opentelemetry\opentelemetry-sdk-extension-autoconfigure\1.55.0\opentelemetry-sdk-extension-autoconfigure-1.55.0.jar;C:\Users\moham\.m2\repository\io\opentelemetry\opentelemetry-sdk-trace\1.55.0\opentelemetry-sdk-trace-1.55.0.jar;C:\Users\moham\.m2\repository\io\opentelemetry\opentelemetry-sdk\1.55.0\opentelemetry-sdk-1.55.0.jar;C:\Users\moham\.m2\repository\io\opentelemetry\opentelemetry-sdk-metrics\1.55.0\opentelemetry-sdk-metrics-1.55.0.jar;C:\Users\moham\.m2\repository\io\opentelemetry\opentelemetry-sdk-logs\1.55.0\opentelemetry-sdk-logs-1.55.0.jar;C:\Users\moham\.m2\repository\net\bytebuddy\byte-buddy\1.17.8\byte-buddy-1.17.8.jar;C:\Users\moham\.m2\repository\org\seleniumhq\selenium\selenium-os\4.38.0\selenium-os-4.38.0.jar;C:\Users\moham\.m2\repository\org\apache\commons\commons-exec\1.5.0\commons-exec-1.5.0.jar;C:\Users\moham\.m2\repository\org\seleniumhq\selenium\selenium-safari-driver\4.38.0\selenium-safari-driver-4.38.0.jar;C:\Users\moham\.m2\repository\org\seleniumhq\selenium\selenium-support\4.38.0\selenium-support-4.38.0.jar;C:\Users\moham\.m2\repository\io\github\bonigarcia\webdrivermanager\6.3.3\webdrivermanager-6.3.3.jar;C:\Users\moham\.m2\repository\org\slf4j\slf4j-api\2.0.17\slf4j-api-2.0.17.jar;C:\Users\moham\.m2\repository\com\google\code\gson\gson\2.13.2\gson-2.13.2.jar;C:\Users\moham\.m2\repository\com\google\errorprone\error_prone_annotations\2.41.0\error_prone_annotations-2.41.0.jar;C:\Users\moham\.m2\repository\com\github\docker-java\docker-java\3.6.0\docker-java-3.6.0.jar;C:\Users\moham\.m2\repository\com\github\docker-java\docker-java-core\3.6.0\docker-java-core-3.6.0.jar;C:\Users\moham\.m2\repository\com\github\docker-java\docker-java-api\3.6.0\docker-java-api-3.6.0.jar;C:\Users\moham\.m2\repository\com\fasterxml\jackson\core\jackson-annotations\2.19.2\jackson-annotations-2.19.2.jar;C:\Users\moham\.m2\repository\com\fasterxml\jackson\core\jackson-databind\2.19.2\jackson-databind-2.19.2.jar;C:\Users\moham\.m2\repository\com\fasterxml\jackson\core\jackson-core\2.19.2\jackson-core-2.19.2.jar;C:\Users\moham\.m2\repository\org\slf4j\jcl-over-slf4j\1.7.30\jcl-over-slf4j-1.7.30.jar;C:\Users\moham\.m2\repository\com\github\docker-java\docker-java-transport-httpclient5\3.6.0\docker-java-transport-httpclient5-3.6.0.jar;C:\Users\moham\.m2\repository\com\github\docker-java\docker-java-transport\3.6.0\docker-java-transport-3.6.0.jar;C:\Users\moham\.m2\repository\net\java\dev\jna\jna\5.17.0\jna-5.17.0.jar;C:\Users\moham\.m2\repository\org\brotli\dec\0.1.2\dec-0.1.2.jar;C:\Users\moham\.m2\repository\org\apache\commons\commons-lang3\3.19.0\commons-lang3-3.19.0.jar;C:\Users\moham\.m2\repository\org\apache\commons\commons-compress\1.28.0\commons-compress-1.28.0.jar;C:\Users\moham\.m2\repository\commons-codec\commons-codec\1.19.0\commons-codec-1.19.0.jar;C:\Users\moham\.m2\repository\commons-io\commons-io\2.20.0\commons-io-2.20.0.jar;C:\Users\moham\.m2\repository\org\apache\httpcomponents\client5\httpclient5\5.4.3\httpclient5-5.4.3.jar;C:\Users\moham\.m2\repository\org\apache\httpcomponents\core5\httpcore5\5.3.4\httpcore5-5.3.4.jar;C:\Users\moham\.m2\repository\org\apache\httpcomponents\core5\httpcore5-h2\5.3.4\httpcore5-h2-5.3.4.jar;C:\Users\moham\.m2\repository\org\testng\testng\7.12.0\testng-7.12.0.jar;C:\Users\moham\.m2\repository\org\jcommander\jcommander\1.83\jcommander-1.83.jar;C:\Users\moham\.m2\repository\org\webjars\jquery\3.7.1\jquery-3.7.1.jar;C:\Users\moham\.m2\repository\io\rest-assured\rest-assured\5.5.7\rest-assured-5.5.7.jar;C:\Users\moham\.m2\repository\org\apache\groovy\groovy\4.0.22\groovy-4.0.22.jar;C:\Users\moham\.m2\repository\org\apache\groovy\groovy-xml\4.0.22\groovy-xml-4.0.22.jar;C:\Users\moham\.m2\repository\org\apache\httpcomponents\httpclient\4.5.13\httpclient-4.5.13.jar;C:\Users\moham\.m2\repository\org\apache\httpcomponents\httpcore\4.4.13\httpcore-4.4.13.jar;C:\Users\moham\.m2\repository\commons-logging\commons-logging\1.2\commons-logging-1.2.jar;C:\Users\moham\.m2\repository\org\apache\httpcomponents\httpmime\4.5.13\httpmime-4.5.13.jar;C:\Users\moham\.m2\repository\org\hamcrest\hamcrest\2.2\hamcrest-2.2.jar;C:\Users\moham\.m2\repository\org\ccil\cowan\tagsoup\tagsoup\1.2.1\tagsoup-1.2.1.jar;C:\Users\moham\.m2\repository\io\rest-assured\json-path\5.5.7\json-path-5.5.7.jar;C:\Users\moham\.m2\repository\org\apache\groovy\groovy-json\4.0.22\groovy-json-4.0.22.jar;C:\Users\moham\.m2\repository\io\rest-assured\rest-assured-common\5.5.7\rest-assured-common-5.5.7.jar;C:\Users\moham\.m2\repository\io\rest-assured\xml-path\5.5.7\xml-path-5.5.7.jar;C:\Users\moham\.m2\repository\com\jayway\jsonpath\json-path\3.0.0\json-path-3.0.0.jar;C:\Users\moham\.m2\repository\net\minidev\json-smart\2.6.0\json-smart-2.6.0.jar;C:\Users\moham\.m2\repository\net\minidev\accessors-smart\2.6.0\accessors-smart-2.6.0.jar;C:\Users\moham\.m2\repository\org\ow2\asm\asm\9.7.1\asm-9.7.1.jar;C:\Users\moham\.m2\repository\com\github\javafaker\javafaker\1.0.2\javafaker-1.0.2.jar;C:\Users\moham\.m2\repository\org\yaml\snakeyaml\1.23\snakeyaml-1.23-android.jar;C:\Users\moham\.m2\repository\com\github\mifmif\generex\1.0.2\generex-1.0.2.jar;C:\Users\moham\.m2\repository\dk\brics\automaton\automaton\1.11-8\automaton-1.11-8.jar;C:\Users\moham\.m2\repository\io\qameta\allure\allure-testng\2.32.0\allure-testng-2.32.0.jar;C:\Users\moham\.m2\repository\io\qameta\allure\allure-java-commons\2.32.0\allure-java-commons-2.32.0.jar;C:\Users\moham\.m2\repository\io\qameta\allure\allure-model\2.32.0\allure-model-2.32.0.jar;C:\Users\moham\.m2\repository\io\qameta\allure\allure-test-filter\2.32.0\allure-test-filter-2.32.0.jar
Launcher Type: SUN_STANDARD

[Global flags]
     intx CICompilerCount                          = 4                                         {product} {ergonomic}
     uint ConcGCThreads                            = 2                                         {product} {ergonomic}
     uint G1ConcRefinementThreads                  = 8                                         {product} {ergonomic}
   size_t G1HeapRegionSize                         = 2097152                                   {product} {ergonomic}
   size_t InitialHeapSize                          = 266338304                                 {product} {ergonomic}
   size_t MarkStackSize                            = 4194304                                   {product} {ergonomic}
   size_t MarkStackSizeMax                         = 536870912                                 {product} {ergonomic}
   size_t MaxHeapSize                              = 4242538496                                {product} {ergonomic}
   size_t MaxNewSize                               = 2543845376                                {product} {ergonomic}
   size_t MinHeapDeltaBytes                        = 2097152                                   {product} {ergonomic}
   size_t MinHeapSize                              = 8388608                                   {product} {ergonomic}
    uintx NonNMethodCodeHeapSize                   = 5832704                                {pd product} {ergonomic}
    uintx NonProfiledCodeHeapSize                  = 122945536                              {pd product} {ergonomic}
    uintx ProfiledCodeHeapSize                     = 122880000                              {pd product} {ergonomic}
    uintx ReservedCodeCacheSize                    = 251658240                              {pd product} {ergonomic}
     bool SegmentedCodeCache                       = true                                      {product} {ergonomic}
   size_t SoftMaxHeapSize                          = 4242538496                             {manageable} {ergonomic}
     bool UseCompressedOops                        = true                           {product lp64_product} {ergonomic}
     bool UseG1GC                                  = true                                      {product} {ergonomic}
     bool UseLargePagesIndividualAllocation        = false                                  {pd product} {ergonomic}

Logging:
Log output configuration:
 #0: stdout all=warning uptime,level,tags foldmultilines=false
 #1: stderr all=off uptime,level,tags foldmultilines=false

Release file:
IMPLEMENTOR="Oracle Corporation" 
JAVA_RUNTIME_VERSION="25.0.2+10-LTS-69" 
JAVA_VERSION="25.0.2" 
JAVA_VERSION_DATE="2026-01-20" 
LIBC="default" 
MODULES="java.base java.compiler java.datatransfer java.xml java.prefs java.desktop java.instrument java.logging java.management java.security.sasl java.naming java.rmi java.management.rmi java.net.http java.scripting java.security.jgss java.transaction.xa java.sql java.sql.rowset java.xml.crypto java.se java.smartcardio jdk.accessibility jdk.internal.jvmstat jdk.attach jdk.charsets jdk.internal.opt jdk.zipfs jdk.compiler jdk.crypto.cryptoki jdk.crypto.ec jdk.crypto.mscapi jdk.dynalink jdk.internal.ed jdk.editpad jdk.internal.vm.ci jdk.graal.compiler jdk.graal.compiler.management jdk.hotspot.agent jdk.httpserver jdk.incubator.vector jdk.internal.le jdk.internal.md jdk.jartool jdk.javadoc jdk.jcmd jdk.management jdk.management.agent jdk.jconsole jdk.jdeps jdk.jdwp.agent jdk.jdi jdk.jfr jdk.jlink jdk.jpackage jdk.jshell jdk.jsobject jdk.jstatd jdk.localedata jdk.management.jfr jdk.naming.dns jdk.naming.rmi jdk.net jdk.nio.mapmode jdk.sctp jdk.security.auth jdk.security.jgss jdk.unsupported jdk.unsupported.desktop jdk.xml.dom" 
OS_ARCH="x86_64" 
OS_NAME="Windows" 
SOURCE=".:git:b75efb40c93a open:git:405a5699ebd0" 

Environment Variables:
PATH=C:\Program Files\Common Files\Oracle\Java\javapath;C:\WINDOWS\system32;C:\WINDOWS;C:\WINDOWS\System32\Wbem;C:\WINDOWS\System32\WindowsPowerShell\v1.0\;C:\WINDOWS\System32\OpenSSH\;D:\JetBrains\IntelliJ IDEA 2025.3.3\plugins\maven\lib\maven3\bin;C:\Program Files\Git\cmd;C:\Program Files\nodejs\;C:\Users\moham\scoop\shims;C:\Users\moham\AppData\Local\Microsoft\WindowsApps;D:\Microsoft VS Code\bin;D:\JetBrains\IntelliJ IDEA 2025.3.3\bin;C:\Users\moham\AppData\Local\GitHubDesktop\bin;C:\Users\moham\AppData\Roaming\npm
USERNAME=moham
OS=Windows_NT
PROCESSOR_IDENTIFIER=Intel64 Family 6 Model 165 Stepping 2, GenuineIntel
TMP=C:\Users\moham\AppData\Local\Temp
TEMP=C:\Users\moham\AppData\Local\Temp




Compilation memory statistics disabled.

Periodic native trim disabled

---------------  S Y S T E M  ---------------

OS:
 Windows 11 , 64 bit Build 26100 (10.0.26100.8246)
OS uptime: 0 days 5:12 hours
Hyper-V role detected

CPU: total 8 (initial active 8) (4 cores per cpu, 2 threads per core) family 6 model 165 stepping 2 microcode 0xfc, cx8, cmov, fxsr, ht, mmx, 3dnowpref, sse, sse2, sse3, ssse3, sse4.1, sse4.2, popcnt, lzcnt, tsc, tscinvbit, avx, avx2, aes, erms, clmul, bmi1, bmi2, adx, fma, vzeroupper, clflush, clflushopt, hv, rdtscp, f16c
Processor Information for the first 8 processors :
  Max Mhz: 2496, Current Mhz: 2496, Mhz Limit: 2496

Memory: 4k page, system-wide physical 16177M (5590M free)
TotalPageFile size 17201M (AvailPageFile size 4922M)
current process WorkingSet (physical memory assigned to process): 157M, peak: 157M
current process commit charge ("private bytes"): 397M, peak: 404M

vm_info: Java HotSpot(TM) 64-Bit Server VM (25.0.2+10-LTS-69) for windows-amd64 JRE (25.0.2+10-LTS-69), built on 2025-12-18T11:36:35Z with MS VC++ 17.13 (VS2022)

END.
