#
# A fatal error has been detected by the Java Runtime Environment:
#
#  EXCEPTION_ACCESS_VIOLATION (0xc0000005) at pc=0x00007ffd1f4007d0, pid=9360, tid=11736
#
# JRE version: Java(TM) SE Runtime Environment (25.0.2+10) (build 25.0.2+10-LTS-69)
# Java VM: Java HotSpot(TM) 64-Bit Server VM (25.0.2+10-LTS-69, mixed mode, sharing, tiered, compressed oops, compressed class ptrs, g1 gc, windows-amd64)
# Problematic frame:
# V  [jvm.dll+0x7807d0]
#
# No core dump will be written. Minidumps are not enabled by default on client versions of Windows
#
# If you would like to submit a bug report, please visit:
#   https://bugreport.java.com/bugreport/crash.jsp
#

---------------  S U M M A R Y ------------

Command Line: -javaagent:C:\Users\moham\AppData\Local\JetBrains\IntelliJIdea2025.3\captureAgent\debugger-agent.jar=file:///C:/Users/moham/AppData/Local/Temp/capture14274619677191571972.props -ea -Didea.test.cyclic.buffer.size=1048576 -javaagent:D:\JetBrains\IntelliJ IDEA 2025.3.3\lib\idea_rt.jar=58249 -Dkotlinx.coroutines.debug.enable.creation.stack.trace=false -Ddebugger.agent.enable.coroutines=true -Dkotlinx.coroutines.debug.enable.flows.stack.trace=true -Dkotlinx.coroutines.debug.enable.mutable.state.flows.stack.trace=true -Ddebugger.async.stack.trace.for.all.threads=true -Dfile.encoding=UTF-8 -Dsun.stdout.encoding=UTF-8 -Dsun.stderr.encoding=UTF-8 com.intellij.rt.testng.RemoteTestNGStarter -usedefaultlisteners false -socket58248 @w@C:\Users\moham\AppData\Local\Temp\idea_working_dirs_testng.tmp -temp C:\Users\moham\AppData\Local\Temp\idea_testng.tmp

Host: Intel(R) Core(TM) i5-10300H CPU @ 2.50GHz, 8 cores, 15G,  Windows 11 , 64 bit Build 26100 (10.0.26100.8246)
Time: Wed May  6 00:03:00 2026 Egypt Daylight Time elapsed time: 3.906067 seconds (0d 0h 0m 3s)

---------------  T H R E A D  ---------------

Current thread (0x00000255c7845280):  JavaThread "C2 CompilerThread1" daemon [_thread_in_native, id=11736, stack(0x00000062d9c00000,0x00000062d9d00000) (1024K)]


Current CompileTask:
C2:3906 5021       4       sun.security.ec.ECOperations::setDouble (463 bytes)

Stack: [0x00000062d9c00000,0x00000062d9d00000],  sp=0x00000062d9cfcba8,  free space=1010k
Native frames: (J=compiled Java code, j=interpreted, Vv=VM code, C=native code)
V  [jvm.dll+0x7807d0]  (no source info available)


siginfo: EXCEPTION_ACCESS_VIOLATION (0xc0000005), reading address 0x000000000000402c


Registers:
RAX=0x00000062d9cfcfb0, RBX=0x0000000000106078, RCX=0x0000000000004000, RDX=0x00000255c92ccd70
RSP=0x00000062d9cfcba8, RBP=0x00000062d9cfccb0, RSI=0x00000255c92ccb78, RDI=0x00000255c92ccc10
R8 =0x0000000000000012, R9 =0x0000000000000004, R10=0x00000255c92c80e8, R11=0x0000000000000000
R12=0x00000062d9cfd360, R13=0x00000255c6020098, R14=0x0000000000000000, R15=0x0000000000000012
RIP=0x00007ffd1f4007d0, EFLAGS=0x0000000000010213

XMM[0]=0x0000000000000000 0x0000000000000000
XMM[1]=0x0000000000000000 0x0000000000000000
XMM[2]=0x0000000000000000 0x4017feff45d34212
XMM[3]=0x0000000000000000 0x4031ff3f745e718e
XMM[4]=0x0000000000000000 0x3f01f8eb00924608
XMM[5]=0x0000000000000000 0x4017feff45d34212
XMM[6]=0x00000255c1791528 0x0000172f00000000
XMM[7]=0x0000000000000000 0x00000062d9cfd080
XMM[8]=0x0000000000000000 0x4087700000000000
XMM[9]=0x0000000000000000 0x0000000000000000
XMM[10]=0x0000000000000000 0x0000000000000000
XMM[11]=0x0000000000000000 0x0000000000000000
XMM[12]=0x0000000000000000 0x0000000000000000
XMM[13]=0x0000000000000000 0x0000000000000000
XMM[14]=0x0000000000000000 0x0000000000000000
XMM[15]=0x0000000000000000 0x0000000000000000
  MXCSR=0x00001fb2


Register to memory mapping:

RAX=0x00000062d9cfcfb0 is pointing into the stack for thread: 0x00000255c7845280
RBX=0x0000000000106078 is an unknown value
RCX=0x0000000000004000 is an unknown value
RDX=0x00000255c92ccd70 points into unknown readable memory: 0x0101010101010101 | 01 01 01 01 01 01 01 01
RSP=0x00000062d9cfcba8 is pointing into the stack for thread: 0x00000255c7845280
RBP=0x00000062d9cfccb0 is pointing into the stack for thread: 0x00000255c7845280
RSI=0x00000255c92ccb78 points into unknown readable memory: 0x00000255c8519218 | 18 92 51 c8 55 02 00 00
RDI=0x00000255c92ccc10 points into unknown readable memory: 0x0101010101010101 | 01 01 01 01 01 01 01 01
R8 =0x0000000000000012 is an unknown value
R9 =0x0000000000000004 is an unknown value
R10=0x00000255c92c80e8 points into unknown readable memory: 0x00000255c92ccac8 | c8 ca 2c c9 55 02 00 00
R11=0x0 is null
R12=0x00000062d9cfd360 is pointing into the stack for thread: 0x00000255c7845280
R13=0x00000255c6020098 points into unknown readable memory: 0x000001e900000165 | 65 01 00 00 e9 01 00 00
R14=0x0 is null
R15=0x0000000000000012 is an unknown value

Top of Stack: (sp=0x00000062d9cfcba8)
0x00000062d9cfcba8:   00007ffd1f47588b 0000000000051d90   .XG.............
0x00000062d9cfcbb8:   00000255c92ccb78 00000062d9cfccb0   x.,.U.......b...
0x00000062d9cfcbc8:   00000062d9cfccb0 00000062d9cfcf08   ....b.......b...
0x00000062d9cfcbd8:   00000062d9cfcda0 c000000000000000   ....b...........
0x00000062d9cfcbe8:   0000000000000000 0000000000000000   ................
0x00000062d9cfcbf8:   00007ffd1ed91931 0000000000000000   1...............
0x00000062d9cfcc08:   00007ffd1eced074 0000000000000000   t...............
0x00000062d9cfcc18:   000000000000172f 00000255ca028fd8   /...........U...
0x00000062d9cfcc28:   00000012d9cfcf00 00000255c6020098   ............U...
0x00000062d9cfcc38:   000016c900000013 00000255c6ad2c54   ........T,..U...
0x00000062d9cfcc48:   00000255c6ad2c40 0000000000000012   @,..U...........
0x00000062d9cfcc58:   00000255c92ccb78 00000255c9a434e0   x.,.U....4..U...
0x00000062d9cfcc68:   00007ffd1f400799 00000255c6ad2c30   ..@.....0,..U...
0x00000062d9cfcc78:   0000000000000000 0000000000000012   ................
0x00000062d9cfcc88:   00000255c92c80e8 0000000000000000   ..,.U...........
0x00000062d9cfcc98:   00000255c92ccc10 00000255c92cc998   ..,.U.....,.U...
0x00000062d9cfcca8:   0000172f00000013 00000255c6020098   ..../.......U...
0x00000062d9cfccb8:   00000062d9cfd080 00000255c92ca540   ....b...@.,.U...
0x00000062d9cfccc8:   00000255c8032258 0000172f00000000   X"..U......./...
0x00000062d9cfccd8:   00000255c1791528 00000062d9cfd080   (.y.U.......b...
0x00000062d9cfcce8:   0000000000000000 0000000000000013   ................
0x00000062d9cfccf8:   00000004000006d6 00000255c92cca30   ........0.,.U...
0x00000062d9cfcd08:   0000000000000000 00000255c62171f0   .........q!.U...
0x00000062d9cfcd18:   00000000000003d8 00000255c6217208   .........r!.U...
0x00000062d9cfcd28:   00000255c62175e0 00000062d9cfd080   .u!.U.......b...
0x00000062d9cfcd38:   0000000000000008 00000255caf15288   .........R..U...
0x00000062d9cfcd48:   0000000000000000 0000000000000000   ................
0x00000062d9cfcd58:   00000062d9cfd080 0000000000000010   ....b...........
0x00000062d9cfcd68:   00000255caf152c8 000000000000172a   .R..U...*.......
0x00000062d9cfcd78:   00007ffd00000000 00000062d9cfd080   ............b...
0x00000062d9cfcd88:   00000255c62171f0 00000255c6217208   .q!.U....r!.U...
0x00000062d9cfcd98:   00000255c62175e0 00000000000003d8   .u!.U...........

Instructions: (pc=0x00007ffd1f4007d0)
  0x00007ffd1f4006d0:   fe ff ff 8b 55 f7 8b 45 b7 ff c0 89 45 b7 3b c2
  0x00007ffd1f4006e0:   0f 82 ea fd ff ff 4c 8b ac 24 a0 00 00 00 48 8b
  0x00007ffd1f4006f0:   b4 24 e8 00 00 00 48 81 c4 a8 00 00 00 41 5f 41
  0x00007ffd1f400700:   5e 41 5c 5f 5b 5d c3 cc cc cc cc cc cc cc cc cc
  0x00007ffd1f400710:   8b c2 c3 cc cc cc cc cc cc cc cc cc cc cc cc cc
  0x00007ffd1f400720:   48 83 ec 28 83 79 18 02 72 20 f6 41 30 04 74 1a
  0x00007ffd1f400730:   48 8b 41 08 48 8b 48 08 48 8b 01 ff 50 28 48 8b
  0x00007ffd1f400740:   c8 48 83 c4 28 e9 b6 f6 19 00 32 c0 48 83 c4 28
  0x00007ffd1f400750:   c3 cc cc cc cc cc cc cc cc cc cc cc cc cc cc cc
  0x00007ffd1f400760:   48 83 ec 28 48 8b 05 d5 3d 56 00 48 8d 0d c6 d1
  0x00007ffd1f400770:   3b 00 ba e7 0a 00 00 c6 00 58 e8 51 bf b7 ff cc
  0x00007ffd1f400780:   48 83 ec 38 44 8b ca c6 44 24 20 00 48 8d 51 10
  0x00007ffd1f400790:   4c 8d 41 24 e8 17 05 00 00 48 83 c4 38 c3 cc cc
  0x00007ffd1f4007a0:   44 8b 41 2c 41 8b c0 24 07 3c 04 75 05 48 89 51
  0x00007ffd1f4007b0:   38 c3 41 83 e0 3f 41 80 f8 30 75 04 48 89 51 48
  0x00007ffd1f4007c0:   c3 cc cc cc cc cc cc cc cc cc cc cc cc cc cc cc
=>0x00007ffd1f4007d0:   8b 41 2c 24 03 3c 02 0f 84 93 4a f5 ff 8b 41 30
  0x00007ffd1f4007e0:   d1 e8 24 01 c3 cc cc cc cc cc cc cc cc cc cc cc
  0x00007ffd1f4007f0:   48 89 5c 24 08 4c 8b 49 10 48 8b d9 8b c2 4d 8d
  0x00007ffd1f400800:   14 c1 8d 42 01 4d 8d 1c c1 8b 41 08 2b c2 83 e8
  0x00007ffd1f400810:   01 74 21 0f 1f 40 00 66 0f 1f 84 00 00 00 00 00
  0x00007ffd1f400820:   49 8b 0b 4d 8d 5b 08 49 89 0a 4d 8d 52 08 48 83
  0x00007ffd1f400830:   e8 01 75 ec 8b 4b 08 48 8b 43 10 ff c9 48 8b 5c
  0x00007ffd1f400840:   24 08 48 c7 04 c8 00 00 00 00 c3 cc cc cc cc cc
  0x00007ffd1f400850:   48 89 5c 24 18 56 48 83 ec 20 48 8b d9 48 8b f2
  0x00007ffd1f400860:   8b 4a 28 8b c1 c1 e8 05 3b 43 28 0f 83 99 00 00
  0x00007ffd1f400870:   00 83 e1 1f 8b d1 8b c8 48 8b 43 30 8b 0c 88 0f
  0x00007ffd1f400880:   a3 d1 0f 83 82 00 00 00 8b 4b 20 33 d2 48 89 7c
  0x00007ffd1f400890:   24 38 85 c9 0f 84 7b 00 00 00 4c 8b 43 10 66 90
  0x00007ffd1f4008a0:   48 8d 3c d5 00 00 00 00 4a 39 34 07 74 08 ff c2
  0x00007ffd1f4008b0:   3b d1 73 61 eb ea 8d 41 ff 48 89 6c 24 30 89 43
  0x00007ffd1f4008c0:   20 49 8b 2c c0 3b 53 08 72 08 48 8b cb e8 6e e8


Stack slot to memory mapping:

stack at sp + 0 slots: 0x00007ffd1f47588b jvm.dll
stack at sp + 1 slots: 0x0000000000051d90 is an unknown value
stack at sp + 2 slots: 0x00000255c92ccb78 points into unknown readable memory: 0x00000255c8519218 | 18 92 51 c8 55 02 00 00
stack at sp + 3 slots: 0x00000062d9cfccb0 is pointing into the stack for thread: 0x00000255c7845280
stack at sp + 4 slots: 0x00000062d9cfccb0 is pointing into the stack for thread: 0x00000255c7845280
stack at sp + 5 slots: 0x00000062d9cfcf08 is pointing into the stack for thread: 0x00000255c7845280
stack at sp + 6 slots: 0x00000062d9cfcda0 is pointing into the stack for thread: 0x00000255c7845280
stack at sp + 7 slots: 0xc000000000000000 is an unknown value

Lock stack of current Java thread (top to bottom):


---------------  P R O C E S S  ---------------

Threads class SMR info:
_java_thread_list=0x00000255cb24f1b0, length=33, elements={
0x00000255a1ffd160, 0x00000255bed984f0, 0x00000255bed98e00, 0x00000255bed9e9e0,
0x00000255beda2710, 0x00000255beda32d0, 0x00000255bedabfd0, 0x00000255bedb28b0,
0x00000255bedca180, 0x00000255c184f370, 0x00000255c1a518f0, 0x00000255c6148ad0,
0x00000255c6154810, 0x00000255c8734630, 0x00000255c8731750, 0x00000255c87326f0,
0x00000255c8737ce0, 0x00000255c8237160, 0x00000255c8233ab0, 0x00000255c82361c0,
0x00000255c82388d0, 0x00000255c82359f0, 0x00000255c823a810, 0x00000255c8c733b0,
0x00000255c8c74350, 0x00000255c8c752f0, 0x00000255c8c72410, 0x00000255c8c781d0,
0x00000255c8c77230, 0x00000255c8c76a60, 0x00000255c7845280, 0x00000255c9ad0570,
0x00000255cb42ece0
}

Java Threads: ( => current thread )
  0x00000255a1ffd160 JavaThread "main"                              [_thread_in_native, id=7064, stack(0x00000062d6e00000,0x00000062d6f00000) (1024K)]
  0x00000255bed984f0 JavaThread "Reference Handler"          daemon [_thread_blocked, id=7328, stack(0x00000062d7600000,0x00000062d7700000) (1024K)]
  0x00000255bed98e00 JavaThread "Finalizer"                  daemon [_thread_blocked, id=8320, stack(0x00000062d7700000,0x00000062d7800000) (1024K)]
  0x00000255bed9e9e0 JavaThread "Signal Dispatcher"          daemon [_thread_blocked, id=13132, stack(0x00000062d7800000,0x00000062d7900000) (1024K)]
  0x00000255beda2710 JavaThread "Attach Listener"            daemon [_thread_blocked, id=9696, stack(0x00000062d7900000,0x00000062d7a00000) (1024K)]
  0x00000255beda32d0 JavaThread "Service Thread"             daemon [_thread_blocked, id=9336, stack(0x00000062d7a00000,0x00000062d7b00000) (1024K)]
  0x00000255bedabfd0 JavaThread "Monitor Deflation Thread"   daemon [_thread_blocked, id=13196, stack(0x00000062d7b00000,0x00000062d7c00000) (1024K)]
  0x00000255bedb28b0 JavaThread "C2 CompilerThread0"         daemon [_thread_blocked, id=7024, stack(0x00000062d7c00000,0x00000062d7d00000) (1024K)]
  0x00000255bedca180 JavaThread "C1 CompilerThread0"         daemon [_thread_blocked, id=13424, stack(0x00000062d7d00000,0x00000062d7e00000) (1024K)]
  0x00000255c184f370 JavaThread "Common-Cleaner"             daemon [_thread_blocked, id=12728, stack(0x00000062d7e00000,0x00000062d7f00000) (1024K)]
  0x00000255c1a518f0 JavaThread "IntelliJ Suspend Helper"    daemon [_thread_blocked, id=7696, stack(0x00000062d7f00000,0x00000062d8000000) (1024K)]
  0x00000255c6148ad0 JavaThread "Monitor Ctrl-Break"         daemon [_thread_in_native, id=5964, stack(0x00000062d8000000,0x00000062d8100000) (1024K)]
  0x00000255c6154810 JavaThread "Notification Thread"        daemon [_thread_blocked, id=11304, stack(0x00000062d8100000,0x00000062d8200000) (1024K)]
  0x00000255c8734630 JavaThread "ForkJoinPool.commonPool-worker-1" daemon [_thread_blocked, id=8296, stack(0x00000062d8c00000,0x00000062d8d00000) (1024K)]
  0x00000255c8731750 JavaThread "HttpClient-1-SelectorManager" daemon [_thread_in_native, id=7312, stack(0x00000062d8d00000,0x00000062d8e00000) (1024K)]
  0x00000255c87326f0 JavaThread "External Process Output Forwarder - C:\Users\moham\.cache\selenium\chromedriver\win64\147.0.7727.117\chromedriver.exe" daemon [_thread_in_native, id=12992, stack(0x00000062d8e00000,0x00000062d8f00000) (1024K)]
  0x00000255c8737ce0 JavaThread "Driver Service Executor"    daemon [_thread_blocked, id=2608, stack(0x00000062d8f00000,0x00000062d9000000) (1024K)]
  0x00000255c8237160 JavaThread "Driver Service Executor"    daemon [_thread_in_native, id=13428, stack(0x00000062d9000000,0x00000062d9100000) (1024K)]
  0x00000255c8233ab0 JavaThread "UrlChecker-2"               daemon [_thread_blocked, id=10796, stack(0x00000062d9100000,0x00000062d9200000) (1024K)]
  0x00000255c82361c0 JavaThread "Keep-Alive-Timer"           daemon [_thread_blocked, id=8052, stack(0x00000062d9300000,0x00000062d9400000) (1024K)]
  0x00000255c82388d0 JavaThread "JdkHttpClient-0-0"          daemon [_thread_blocked, id=13332, stack(0x00000062d9400000,0x00000062d9500000) (1024K)]
  0x00000255c82359f0 JavaThread "ForkJoinPool.commonPool-delayScheduler" daemon [_thread_blocked, id=11008, stack(0x00000062d9500000,0x00000062d9600000) (1024K)]
  0x00000255c823a810 JavaThread "JdkHttpClient-0-1"          daemon [_thread_blocked, id=9280, stack(0x00000062d9600000,0x00000062d9700000) (1024K)]
  0x00000255c8c733b0 JavaThread "JdkHttpClient-0-2"          daemon [_thread_blocked, id=11480, stack(0x00000062d9700000,0x00000062d9800000) (1024K)]
  0x00000255c8c74350 JavaThread "JdkHttpClient-0-3"          daemon [_thread_blocked, id=488, stack(0x00000062d9800000,0x00000062d9900000) (1024K)]
  0x00000255c8c752f0 JavaThread "HttpClient-2-SelectorManager" daemon [_thread_in_native, id=10140, stack(0x00000062d8200000,0x00000062d8300000) (1024K)]
  0x00000255c8c72410 JavaThread "JdkHttpClient-1-0"          daemon [_thread_blocked, id=2448, stack(0x00000062d8b00000,0x00000062d8c00000) (1024K)]
  0x00000255c8c781d0 JavaThread "JdkHttpClient-1-1"          daemon [_thread_blocked, id=5612, stack(0x00000062d9900000,0x00000062d9a00000) (1024K)]
  0x00000255c8c77230 JavaThread "JdkHttpClient-1-2"          daemon [_thread_blocked, id=7360, stack(0x00000062d9a00000,0x00000062d9b00000) (1024K)]
  0x00000255c8c76a60 JavaThread "JdkHttpClient-1-3"          daemon [_thread_blocked, id=14284, stack(0x00000062d9b00000,0x00000062d9c00000) (1024K)]
=>0x00000255c7845280 JavaThread "C2 CompilerThread1"         daemon [_thread_in_native, id=11736, stack(0x00000062d9c00000,0x00000062d9d00000) (1024K)]
  0x00000255c9ad0570 JavaThread "ForkJoinPool.commonPool-worker-2" daemon [_thread_blocked, id=7544, stack(0x00000062d9e00000,0x00000062d9f00000) (1024K)]
  0x00000255cb42ece0 JavaThread "C2 CompilerThread2"         daemon [_thread_blocked, id=5740, stack(0x00000062d9d00000,0x00000062d9e00000) (1024K)]
Total: 33

Other Threads:
  0x00000255bed883a0 VMThread "VM Thread"                           [id=13392, stack(0x00000062d7500000,0x00000062d7600000) (1024K)]
  0x00000255bed7bd00 WatcherThread "VM Periodic Task Thread"        [id=9876, stack(0x00000062d7400000,0x00000062d7500000) (1024K)]
  0x00000255a20672a0 WorkerThread "GC Thread#0"                     [id=5720, stack(0x00000062d6f00000,0x00000062d7000000) (1024K)]
  0x00000255c73c1270 WorkerThread "GC Thread#1"                     [id=4980, stack(0x00000062d8300000,0x00000062d8400000) (1024K)]
  0x00000255c73c09d0 WorkerThread "GC Thread#2"                     [id=6048, stack(0x00000062d8400000,0x00000062d8500000) (1024K)]
  0x00000255c73c2800 WorkerThread "GC Thread#3"                     [id=13972, stack(0x00000062d8500000,0x00000062d8600000) (1024K)]
  0x00000255c73bfce0 WorkerThread "GC Thread#4"                     [id=4808, stack(0x00000062d8600000,0x00000062d8700000) (1024K)]
  0x00000255c73c16c0 WorkerThread "GC Thread#5"                     [id=7888, stack(0x00000062d8700000,0x00000062d8800000) (1024K)]
  0x00000255c73c3d90 WorkerThread "GC Thread#6"                     [id=1472, stack(0x00000062d8800000,0x00000062d8900000) (1024K)]
  0x00000255c73c4630 WorkerThread "GC Thread#7"                     [id=13928, stack(0x00000062d8900000,0x00000062d8a00000) (1024K)]
  0x00000255bec22b80 ConcurrentGCThread "G1 Main Marker"            [id=13736, stack(0x00000062d7000000,0x00000062d7100000) (1024K)]
  0x00000255a207c2f0 WorkerThread "G1 Conc#0"                       [id=7632, stack(0x00000062d7100000,0x00000062d7200000) (1024K)]
  0x00000255c73c6010 WorkerThread "G1 Conc#1"                       [id=11420, stack(0x00000062d8a00000,0x00000062d8b00000) (1024K)]
  0x00000255bec4b470 ConcurrentGCThread "G1 Refine#0"               [id=4504, stack(0x00000062d7200000,0x00000062d7300000) (1024K)]
  0x00000255bec4be80 ConcurrentGCThread "G1 Service"                [id=13628, stack(0x00000062d7300000,0x00000062d7400000) (1024K)]
Total: 15

Threads with active compile tasks:
C2 CompilerThread1  4023 5021       4       sun.security.ec.ECOperations::setDouble (463 bytes)
Total: 1

VM state: not at safepoint (normal execution)

VM Mutex/Monitor currently owned by a thread: None

Heap address: 0x0000000703200000, size: 4046 MB, Compressed Oops mode: Zero based, Oop shift amount: 3

CDS archive(s) mapped at: [0x000000008f000000-0x000000008fdd0000-0x000000008fdd0000), size 14483456, SharedBaseAddress: 0x000000008f000000, ArchiveRelocationMode: 1.
Compressed class space mapped at: 0x0000000090000000-0x00000000d0000000, reserved size: 1073741824
UseCompressedClassPointers 1, UseCompactObjectHeaders 0
Narrow klass pointer bits 32, Max shift 3
Narrow klass base: 0x000000008f000000, Narrow klass shift: 0
Encoding Range: [0x000000008f000000 - 0x000000018f000000), (4294967296 bytes)
Klass Range:    [0x000000008f010000 - 0x00000000d0000000), (1090453504 bytes)
Klass ID Range:  [65536 - 1090519033) (1090453497)
Protection zone: [0x000000008f000000 - 0x000000008f010000), (65536 bytes)

GC Precious Log:
 CardTable entry size: 512
 Card Set container configuration: InlinePtr #cards 4 size 8 Array Of Cards #cards 16 size 48 Howl #buckets 8 coarsen threshold 3686 Howl Bitmap #cards 512 size 80 coarsen threshold 460 Card regions per heap region 1 cards per card region 4096
 CPUs: 8 total, 8 available
 Memory: 16177M
 Large Page Support: Disabled
 NUMA Support: Disabled
 Compressed Oops: Enabled (Zero based)
 Heap Region Size: 2M
 Heap Min Capacity: 8M
 Heap Initial Capacity: 254M
 Heap Max Capacity: 4046M
 Pre-touch: Disabled
 Parallel Workers: 8
 Concurrent Workers: 2
 Concurrent Refinement Workers: 8
 Periodic GC: Disabled

Heap:
 garbage-first heap   total reserved 4143104K, committed 161792K, used 49263K [0x0000000703200000, 0x0000000800000000)
  region size 2048K, 13 young (26624K), 2 survivors (4096K)

Heap Regions: E=young(eden), S=young(survivor), O=old, HS=humongous(starts), HC=humongous(continues), CS=collection set, F=free, TAMS=top-at-mark-start, PB=parsable bottom
|   0|0x0000000703200000, 0x00000007032f8ca8, 0x0000000703400000| 48%| O|  |TAMS 0x0000000703200000| PB 0x0000000703200000| Untracked |  0
|   1|0x0000000703400000, 0x0000000703600000, 0x0000000703600000|100%| O|  |TAMS 0x0000000703400000| PB 0x0000000703400000| Untracked |  0
|   2|0x0000000703600000, 0x0000000703800000, 0x0000000703800000|100%| O|  |TAMS 0x0000000703600000| PB 0x0000000703600000| Untracked |  0
|   3|0x0000000703800000, 0x0000000703a00000, 0x0000000703a00000|100%| O|  |TAMS 0x0000000703800000| PB 0x0000000703800000| Untracked |  0
|   4|0x0000000703a00000, 0x0000000703c00000, 0x0000000703c00000|100%| O|  |TAMS 0x0000000703a00000| PB 0x0000000703a00000| Untracked |  0
|   5|0x0000000703c00000, 0x0000000703e00000, 0x0000000703e00000|100%| O|  |TAMS 0x0000000703c00000| PB 0x0000000703c00000| Untracked |  0
|   6|0x0000000703e00000, 0x0000000704000000, 0x0000000704000000|100%| O|  |TAMS 0x0000000703e00000| PB 0x0000000703e00000| Untracked |  0
|   7|0x0000000704000000, 0x0000000704200000, 0x0000000704200000|100%| O|  |TAMS 0x0000000704000000| PB 0x0000000704000000| Untracked |  0
|   8|0x0000000704200000, 0x0000000704400000, 0x0000000704400000|100%| O|  |TAMS 0x0000000704200000| PB 0x0000000704200000| Untracked |  0
|   9|0x0000000704400000, 0x0000000704600000, 0x0000000704600000|100%| O|  |TAMS 0x0000000704400000| PB 0x0000000704400000| Untracked |  0
|  10|0x0000000704600000, 0x0000000704800000, 0x0000000704800000|100%| O|  |TAMS 0x0000000704600000| PB 0x0000000704600000| Untracked |  0
|  11|0x0000000704800000, 0x0000000704a00000, 0x0000000704a00000|100%| O|  |TAMS 0x0000000704800000| PB 0x0000000704800000| Untracked |  0
|  12|0x0000000704a00000, 0x0000000704c00000, 0x0000000704c00000|100%| O|  |TAMS 0x0000000704a00000| PB 0x0000000704a00000| Untracked |  0
|  13|0x0000000704c00000, 0x0000000704e00000, 0x0000000704e00000|100%| O|  |TAMS 0x0000000704c00000| PB 0x0000000704c00000| Untracked |  0
|  14|0x0000000704e00000, 0x0000000704e6b0a8, 0x0000000705000000| 20%| O|  |TAMS 0x0000000704e00000| PB 0x0000000704e00000| Untracked |  0
|  15|0x0000000705000000, 0x0000000705000000, 0x0000000705200000|  0%| F|  |TAMS 0x0000000705000000| PB 0x0000000705000000| Untracked |  0
|  16|0x0000000705200000, 0x00000007052b80a8, 0x0000000705400000| 35%| S|CS|TAMS 0x0000000705200000| PB 0x0000000705200000| Complete |  0
|  17|0x0000000705400000, 0x0000000705600000, 0x0000000705600000|100%| S|CS|TAMS 0x0000000705400000| PB 0x0000000705400000| Complete |  0
|  18|0x0000000705600000, 0x0000000705600000, 0x0000000705800000|  0%| F|  |TAMS 0x0000000705600000| PB 0x0000000705600000| Untracked |  0
|  19|0x0000000705800000, 0x0000000705800000, 0x0000000705a00000|  0%| F|  |TAMS 0x0000000705800000| PB 0x0000000705800000| Untracked |  0
|  20|0x0000000705a00000, 0x0000000705a00000, 0x0000000705c00000|  0%| F|  |TAMS 0x0000000705a00000| PB 0x0000000705a00000| Untracked |  0
|  21|0x0000000705c00000, 0x0000000705c00000, 0x0000000705e00000|  0%| F|  |TAMS 0x0000000705c00000| PB 0x0000000705c00000| Untracked |  0
|  22|0x0000000705e00000, 0x0000000705e00000, 0x0000000706000000|  0%| F|  |TAMS 0x0000000705e00000| PB 0x0000000705e00000| Untracked |  0
|  23|0x0000000706000000, 0x0000000706000000, 0x0000000706200000|  0%| F|  |TAMS 0x0000000706000000| PB 0x0000000706000000| Untracked |  0
|  24|0x0000000706200000, 0x0000000706200000, 0x0000000706400000|  0%| F|  |TAMS 0x0000000706200000| PB 0x0000000706200000| Untracked |  0
|  25|0x0000000706400000, 0x0000000706400000, 0x0000000706600000|  0%| F|  |TAMS 0x0000000706400000| PB 0x0000000706400000| Untracked |  0
|  26|0x0000000706600000, 0x0000000706600000, 0x0000000706800000|  0%| F|  |TAMS 0x0000000706600000| PB 0x0000000706600000| Untracked |  0
|  27|0x0000000706800000, 0x0000000706800000, 0x0000000706a00000|  0%| F|  |TAMS 0x0000000706800000| PB 0x0000000706800000| Untracked |  0
|  28|0x0000000706a00000, 0x0000000706a00000, 0x0000000706c00000|  0%| F|  |TAMS 0x0000000706a00000| PB 0x0000000706a00000| Untracked |  0
|  29|0x0000000706c00000, 0x0000000706c00000, 0x0000000706e00000|  0%| F|  |TAMS 0x0000000706c00000| PB 0x0000000706c00000| Untracked |  0
|  30|0x0000000706e00000, 0x0000000706e00000, 0x0000000707000000|  0%| F|  |TAMS 0x0000000706e00000| PB 0x0000000706e00000| Untracked |  0
|  31|0x0000000707000000, 0x0000000707000000, 0x0000000707200000|  0%| F|  |TAMS 0x0000000707000000| PB 0x0000000707000000| Untracked |  0
|  32|0x0000000707200000, 0x0000000707200000, 0x0000000707400000|  0%| F|  |TAMS 0x0000000707200000| PB 0x0000000707200000| Untracked |  0
|  33|0x0000000707400000, 0x0000000707400000, 0x0000000707600000|  0%| F|  |TAMS 0x0000000707400000| PB 0x0000000707400000| Untracked |  0
|  34|0x0000000707600000, 0x0000000707600000, 0x0000000707800000|  0%| F|  |TAMS 0x0000000707600000| PB 0x0000000707600000| Untracked |  0
|  35|0x0000000707800000, 0x0000000707800000, 0x0000000707a00000|  0%| F|  |TAMS 0x0000000707800000| PB 0x0000000707800000| Untracked |  0
|  36|0x0000000707a00000, 0x0000000707a00000, 0x0000000707c00000|  0%| F|  |TAMS 0x0000000707a00000| PB 0x0000000707a00000| Untracked |  0
|  37|0x0000000707c00000, 0x0000000707c00000, 0x0000000707e00000|  0%| F|  |TAMS 0x0000000707c00000| PB 0x0000000707c00000| Untracked |  0
|  38|0x0000000707e00000, 0x0000000707e00000, 0x0000000708000000|  0%| F|  |TAMS 0x0000000707e00000| PB 0x0000000707e00000| Untracked |  0
|  39|0x0000000708000000, 0x0000000708000000, 0x0000000708200000|  0%| F|  |TAMS 0x0000000708000000| PB 0x0000000708000000| Untracked |  0
|  40|0x0000000708200000, 0x0000000708200000, 0x0000000708400000|  0%| F|  |TAMS 0x0000000708200000| PB 0x0000000708200000| Untracked |  0
|  41|0x0000000708400000, 0x0000000708400000, 0x0000000708600000|  0%| F|  |TAMS 0x0000000708400000| PB 0x0000000708400000| Untracked |  0
|  42|0x0000000708600000, 0x0000000708600000, 0x0000000708800000|  0%| F|  |TAMS 0x0000000708600000| PB 0x0000000708600000| Untracked |  0
|  43|0x0000000708800000, 0x0000000708800000, 0x0000000708a00000|  0%| F|  |TAMS 0x0000000708800000| PB 0x0000000708800000| Untracked |  0
|  44|0x0000000708a00000, 0x0000000708a00000, 0x0000000708c00000|  0%| F|  |TAMS 0x0000000708a00000| PB 0x0000000708a00000| Untracked |  0
|  45|0x0000000708c00000, 0x0000000708c00000, 0x0000000708e00000|  0%| F|  |TAMS 0x0000000708c00000| PB 0x0000000708c00000| Untracked |  0
|  46|0x0000000708e00000, 0x0000000708e00000, 0x0000000709000000|  0%| F|  |TAMS 0x0000000708e00000| PB 0x0000000708e00000| Untracked |  0
|  47|0x0000000709000000, 0x0000000709000000, 0x0000000709200000|  0%| F|  |TAMS 0x0000000709000000| PB 0x0000000709000000| Untracked |  0
|  48|0x0000000709200000, 0x0000000709200000, 0x0000000709400000|  0%| F|  |TAMS 0x0000000709200000| PB 0x0000000709200000| Untracked |  0
|  49|0x0000000709400000, 0x0000000709400000, 0x0000000709600000|  0%| F|  |TAMS 0x0000000709400000| PB 0x0000000709400000| Untracked |  0
|  50|0x0000000709600000, 0x0000000709600000, 0x0000000709800000|  0%| F|  |TAMS 0x0000000709600000| PB 0x0000000709600000| Untracked |  0
|  51|0x0000000709800000, 0x0000000709800000, 0x0000000709a00000|  0%| F|  |TAMS 0x0000000709800000| PB 0x0000000709800000| Untracked |  0
|  52|0x0000000709a00000, 0x0000000709a00000, 0x0000000709c00000|  0%| F|  |TAMS 0x0000000709a00000| PB 0x0000000709a00000| Untracked |  0
|  53|0x0000000709c00000, 0x0000000709c00000, 0x0000000709e00000|  0%| F|  |TAMS 0x0000000709c00000| PB 0x0000000709c00000| Untracked |  0
|  54|0x0000000709e00000, 0x0000000709e00000, 0x000000070a000000|  0%| F|  |TAMS 0x0000000709e00000| PB 0x0000000709e00000| Untracked |  0
|  55|0x000000070a000000, 0x000000070a000000, 0x000000070a200000|  0%| F|  |TAMS 0x000000070a000000| PB 0x000000070a000000| Untracked |  0
|  56|0x000000070a200000, 0x000000070a200000, 0x000000070a400000|  0%| F|  |TAMS 0x000000070a200000| PB 0x000000070a200000| Untracked |  0
|  57|0x000000070a400000, 0x000000070a400000, 0x000000070a600000|  0%| F|  |TAMS 0x000000070a400000| PB 0x000000070a400000| Untracked |  0
|  58|0x000000070a600000, 0x000000070a600000, 0x000000070a800000|  0%| F|  |TAMS 0x000000070a600000| PB 0x000000070a600000| Untracked |  0
|  59|0x000000070a800000, 0x000000070a800000, 0x000000070aa00000|  0%| F|  |TAMS 0x000000070a800000| PB 0x000000070a800000| Untracked |  0
|  60|0x000000070aa00000, 0x000000070aa00000, 0x000000070ac00000|  0%| F|  |TAMS 0x000000070aa00000| PB 0x000000070aa00000| Untracked |  0
|  61|0x000000070ac00000, 0x000000070ac00000, 0x000000070ae00000|  0%| F|  |TAMS 0x000000070ac00000| PB 0x000000070ac00000| Untracked |  0
|  62|0x000000070ae00000, 0x000000070ae00000, 0x000000070b000000|  0%| F|  |TAMS 0x000000070ae00000| PB 0x000000070ae00000| Untracked |  0
|  63|0x000000070b000000, 0x000000070b000000, 0x000000070b200000|  0%| F|  |TAMS 0x000000070b000000| PB 0x000000070b000000| Untracked |  0
|  64|0x000000070b200000, 0x000000070b200000, 0x000000070b400000|  0%| F|  |TAMS 0x000000070b200000| PB 0x000000070b200000| Untracked |  0
|  65|0x000000070b400000, 0x000000070b400000, 0x000000070b600000|  0%| F|  |TAMS 0x000000070b400000| PB 0x000000070b400000| Untracked |  0
|  66|0x000000070b600000, 0x000000070b600000, 0x000000070b800000|  0%| F|  |TAMS 0x000000070b600000| PB 0x000000070b600000| Untracked |  0
|  67|0x000000070b800000, 0x000000070b800000, 0x000000070ba00000|  0%| F|  |TAMS 0x000000070b800000| PB 0x000000070b800000| Untracked |  0
|  68|0x000000070ba00000, 0x000000070ba47f98, 0x000000070bc00000| 14%| E|  |TAMS 0x000000070ba00000| PB 0x000000070ba00000| Complete |  0
|  69|0x000000070bc00000, 0x000000070be00000, 0x000000070be00000|100%| E|CS|TAMS 0x000000070bc00000| PB 0x000000070bc00000| Complete |  0
|  70|0x000000070be00000, 0x000000070c000000, 0x000000070c000000|100%| E|CS|TAMS 0x000000070be00000| PB 0x000000070be00000| Complete |  0
|  71|0x000000070c000000, 0x000000070c200000, 0x000000070c200000|100%| E|CS|TAMS 0x000000070c000000| PB 0x000000070c000000| Complete |  0
| 112|0x0000000711200000, 0x0000000711400000, 0x0000000711400000|100%| E|CS|TAMS 0x0000000711200000| PB 0x0000000711200000| Complete |  0
| 113|0x0000000711400000, 0x0000000711600000, 0x0000000711600000|100%| E|CS|TAMS 0x0000000711400000| PB 0x0000000711400000| Complete |  0
| 114|0x0000000711600000, 0x0000000711800000, 0x0000000711800000|100%| E|CS|TAMS 0x0000000711600000| PB 0x0000000711600000| Complete |  0
| 115|0x0000000711800000, 0x0000000711a00000, 0x0000000711a00000|100%| E|CS|TAMS 0x0000000711800000| PB 0x0000000711800000| Complete |  0
| 116|0x0000000711a00000, 0x0000000711c00000, 0x0000000711c00000|100%| E|CS|TAMS 0x0000000711a00000| PB 0x0000000711a00000| Complete |  0
| 126|0x0000000712e00000, 0x0000000713000000, 0x0000000713000000|100%| E|CS|TAMS 0x0000000712e00000| PB 0x0000000712e00000| Complete |  0
|2022|0x00000007ffe00000, 0x0000000800000000, 0x0000000800000000|100%| E|  |TAMS 0x00000007ffe00000| PB 0x00000007ffe00000| Complete |  0

Card table byte_map: [0x00000255ba4b0000,0x00000255baca0000] _byte_map_base: 0x00000255b6c97000

Marking Bits: (CMBitMap*) 0x00000255a2067a30
 Bits: [0x00000255baca0000, 0x00000255bebd8000)

Polling page: 0x000002559fe00000

Metaspace:
Metaspace        used 47991K, committed 48704K, reserved 1114112K
 class space     used 5814K, committed 6144K, reserved 1048576K

Usage:
  Non-class:     41.19 MB used.
      Class:      5.68 MB used.
       Both:     46.87 MB used.

Virtual space:
  Non-class space:       64.00 MB reserved,      41.56 MB ( 65%) committed,  1 nodes.
      Class space:        1.00 GB reserved,       6.00 MB ( <1%) committed,  1 nodes.
             Both:        1.06 GB reserved,      47.56 MB (  4%) committed. 

Chunk freelists:
   Non-Class:  6.45 MB
       Class:  10.03 MB
        Both:  16.48 MB

MaxMetaspaceSize: unlimited
CompressedClassSpaceSize: 1.00 GB
Initial GC threshold: 21.00 MB
Current GC threshold: 58.88 MB
CDS: on
 - commit_granule_bytes: 65536.
 - commit_granule_words: 8192.
 - virtual_space_node_default_size: 8388608.
 - enlarge_chunks_in_place: 1.
UseCompressedClassPointers 1, UseCompactObjectHeaders 0
Narrow klass pointer bits 32, Max shift 3
Narrow klass base: 0x000000008f000000, Narrow klass shift: 0
Encoding Range: [0x000000008f000000 - 0x000000018f000000), (4294967296 bytes)
Klass Range:    [0x000000008f010000 - 0x00000000d0000000), (1090453504 bytes)
Klass ID Range:  [65536 - 1090519033) (1090453497)
Protection zone: [0x000000008f000000 - 0x000000008f010000), (65536 bytes)


Internal statistics:

num_allocs_failed_limit: 6.
num_arena_births: 646.
num_arena_deaths: 2.
num_vsnodes_births: 2.
num_vsnodes_deaths: 0.
num_space_committed: 761.
num_space_uncommitted: 0.
num_chunks_returned_to_freelist: 8.
num_chunks_taken_from_freelist: 1873.
num_chunk_merges: 6.
num_chunk_splits: 1253.
num_chunks_enlarged: 894.
num_inconsistent_stats: 0.

CodeHeap 'non-profiled nmethods': size=120064Kb used=2107Kb max_used=2107Kb free=117956Kb
 bounds [0x00000255b2340000, 0x00000255b25b0000, 0x00000255b9880000]
CodeHeap 'profiled nmethods': size=120000Kb used=7808Kb max_used=7808Kb free=112191Kb
 bounds [0x00000255aa880000, 0x00000255ab030000, 0x00000255b1db0000]
CodeHeap 'non-nmethods': size=5696Kb used=2672Kb max_used=2713Kb free=3023Kb
 bounds [0x00000255b1db0000, 0x00000255b2070000, 0x00000255b2340000]
CodeCache: size=245760Kb, used=12587Kb, max_used=12628Kb, free=233170Kb
 total_blobs=5739, nmethods=4812, adapters=830, full_count=0
Compilation: enabled, stopped_count=0, restarted_count=0

Compilation events (20 events):
Event: 3.786 Thread 0x00000255c7845280 nmethod 5015 0x00000255b2546b88 code [0x00000255b2546c80, 0x00000255b2546d28]
Event: 3.786 Thread 0x00000255bedca180 5018       3       java.math.BigInteger::shiftLeft (48 bytes)
Event: 3.787 Thread 0x00000255bedca180 nmethod 5018 0x00000255ab003988 code [0x00000255ab003a80, 0x00000255ab003db0]
Event: 3.788 Thread 0x00000255bedca180 5019       3       sun.security.util.math.intpoly.MontgomeryIntegerPolynomialP256::get0 (5 bytes)
Event: 3.788 Thread 0x00000255bedca180 nmethod 5019 0x00000255ab003e08 code [0x00000255ab003f00, 0x00000255ab0040b8]
Event: 3.788 Thread 0x00000255bedca180 5020       3       sun.security.util.math.intpoly.MontgomeryIntegerPolynomialP256::get0 (13 bytes)
Event: 3.788 Thread 0x00000255bedca180 nmethod 5020 0x00000255ab004108 code [0x00000255ab004200, 0x00000255ab004648]
Event: 3.789 Thread 0x00000255c7845280 5021       4       sun.security.ec.ECOperations::setDouble (463 bytes)
Event: 3.801 Thread 0x00000255cb42ece0 nmethod 5017 0x00000255b2546e88 code [0x00000255b2546f80, 0x00000255b2547968]
Event: 3.805 Thread 0x00000255bedca180 5022       3       java.math.BigInteger::valueOf (62 bytes)
Event: 3.806 Thread 0x00000255bedca180 nmethod 5022 0x00000255ab004688 code [0x00000255ab004780, 0x00000255ab004ce8]
Event: 3.806 Thread 0x00000255bedca180 5023       3       sun.security.ec.ECOperations$Secp256R1GeneratorMontgomeryMultiplier::bit (13 bytes)
Event: 3.806 Thread 0x00000255bedca180 nmethod 5023 0x00000255ab004d08 code [0x00000255ab004e00, 0x00000255ab004f20]
Event: 3.806 Thread 0x00000255cb42ece0 5024       4       sun.security.util.math.intpoly.IntegerPolynomial$MutableElement::setSquare (5 bytes)
Event: 3.808 Thread 0x00000255cb42ece0 nmethod 5024 0x00000255b2547988 code [0x00000255b2547a80, 0x00000255b2547c28]
Event: 3.808 Thread 0x00000255cb42ece0 5025       4       java.lang.Enum::hashCode (21 bytes)
Event: 3.808 Thread 0x00000255cb42ece0 nmethod 5025 0x00000255b2547c88 code [0x00000255b2547d80, 0x00000255b2547e50]
Event: 3.812 Thread 0x00000255bedb28b0 nmethod 4945 0x00000255b2547f88 code [0x00000255b2548080, 0x00000255b254b850]
Event: 3.899 Thread 0x00000255bedca180 5026       3       sun.security.util.DisabledAlgorithmConstraints$Constraints::getConstraints (20 bytes)
Event: 3.899 Thread 0x00000255bedca180 nmethod 5026 0x00000255ab005008 code [0x00000255ab005100, 0x00000255ab0056c8]

GC Heap Usage History (18 events):
Event: 0.943 {heap Before GC invocations=0 (full 0):
 garbage-first heap   total reserved 4143104K, committed 262144K, used 48277K [0x0000000703200000, 0x0000000800000000)
  region size 2048K, 24 young (49152K), 0 survivors (0K)
}
Event: 0.947 {heap After GC invocations=1 (full 0):
 garbage-first heap   total reserved 4143104K, committed 262144K, used 8313K [0x0000000703200000, 0x0000000800000000)
  region size 2048K, 3 young (6144K), 3 survivors (6144K)
}
Event: 1.157 {heap Before GC invocations=1 (full 0):
 garbage-first heap   total reserved 4143104K, committed 262144K, used 26745K [0x0000000703200000, 0x0000000800000000)
  region size 2048K, 13 young (26624K), 3 survivors (6144K)
}
Event: 1.161 {heap After GC invocations=2 (full 0):
 garbage-first heap   total reserved 4143104K, committed 262144K, used 10489K [0x0000000703200000, 0x0000000800000000)
  region size 2048K, 5 young (10240K), 5 survivors (10240K)
}
Event: 1.453 {heap Before GC invocations=3 (full 0):
 garbage-first heap   total reserved 4143104K, committed 49152K, used 45305K [0x0000000703200000, 0x0000000800000000)
  region size 2048K, 22 young (45056K), 5 survivors (10240K)
}
Event: 1.461 {heap After GC invocations=4 (full 0):
 garbage-first heap   total reserved 4143104K, committed 63488K, used 16398K [0x0000000703200000, 0x0000000800000000)
  region size 2048K, 7 young (14336K), 7 survivors (14336K)
}
Event: 1.709 {heap Before GC invocations=4 (full 0):
 garbage-first heap   total reserved 4143104K, committed 63488K, used 36878K [0x0000000703200000, 0x0000000800000000)
  region size 2048K, 18 young (36864K), 7 survivors (14336K)
}
Event: 1.721 {heap After GC invocations=5 (full 0):
 garbage-first heap   total reserved 4143104K, committed 63488K, used 18927K [0x0000000703200000, 0x0000000800000000)
  region size 2048K, 1 young (2048K), 1 survivors (2048K)
}
Event: 2.520 {heap Before GC invocations=5 (full 0):
 garbage-first heap   total reserved 4143104K, committed 63488K, used 45551K [0x0000000703200000, 0x0000000800000000)
  region size 2048K, 14 young (28672K), 1 survivors (2048K)
}
Event: 2.525 {heap After GC invocations=6 (full 0):
 garbage-first heap   total reserved 4143104K, committed 63488K, used 20596K [0x0000000703200000, 0x0000000800000000)
  region size 2048K, 2 young (4096K), 2 survivors (4096K)
}
Event: 2.729 {heap Before GC invocations=6 (full 0):
 garbage-first heap   total reserved 4143104K, committed 63488K, used 34932K [0x0000000703200000, 0x0000000800000000)
  region size 2048K, 11 young (22528K), 2 survivors (4096K)
}
Event: 2.733 {heap After GC invocations=7 (full 0):
 garbage-first heap   total reserved 4143104K, committed 63488K, used 21450K [0x0000000703200000, 0x0000000800000000)
  region size 2048K, 2 young (4096K), 2 survivors (4096K)
}
Event: 3.092 {heap Before GC invocations=8 (full 0):
 garbage-first heap   total reserved 4143104K, committed 63488K, used 50122K [0x0000000703200000, 0x0000000800000000)
  region size 2048K, 15 young (30720K), 2 survivors (4096K)
}
Event: 3.102 {heap After GC invocations=9 (full 0):
 garbage-first heap   total reserved 4143104K, committed 63488K, used 25969K [0x0000000703200000, 0x0000000800000000)
  region size 2048K, 2 young (4096K), 2 survivors (4096K)
}
Event: 3.301 {heap Before GC invocations=9 (full 0):
 garbage-first heap   total reserved 4143104K, committed 63488K, used 46449K [0x0000000703200000, 0x0000000800000000)
  region size 2048K, 13 young (26624K), 2 survivors (4096K)
}
Event: 3.310 {heap After GC invocations=10 (full 0):
 garbage-first heap   total reserved 4143104K, committed 63488K, used 28304K [0x0000000703200000, 0x0000000800000000)
  region size 2048K, 2 young (4096K), 2 survivors (4096K)
}
Event: 3.377 {heap Before GC invocations=10 (full 0):
 garbage-first heap   total reserved 4143104K, committed 63488K, used 50832K [0x0000000703200000, 0x0000000800000000)
  region size 2048K, 13 young (26624K), 2 survivors (4096K)
}
Event: 3.383 {heap After GC invocations=11 (full 0):
 garbage-first heap   total reserved 4143104K, committed 161792K, used 30831K [0x0000000703200000, 0x0000000800000000)
  region size 2048K, 2 young (4096K), 2 survivors (4096K)
}

Metaspace Usage History (18 events):
Event: 0.943 {metaspace Before GC invocations=0 (full 0):
 Metaspace       used 16355K, committed 16576K, reserved 1114112K
  class space    used 1759K, committed 1856K, reserved 1048576K
}
Event: 0.947 {metaspace After GC invocations=1 (full 0):
 Metaspace       used 16355K, committed 16576K, reserved 1114112K
  class space    used 1759K, committed 1856K, reserved 1048576K
}
Event: 1.157 {metaspace Before GC invocations=1 (full 0):
 Metaspace       used 21245K, committed 21504K, reserved 1114112K
  class space    used 2310K, committed 2432K, reserved 1048576K
}
Event: 1.161 {metaspace After GC invocations=2 (full 0):
 Metaspace       used 21245K, committed 21504K, reserved 1114112K
  class space    used 2310K, committed 2432K, reserved 1048576K
}
Event: 1.453 {metaspace Before GC invocations=3 (full 0):
 Metaspace       used 24116K, committed 24384K, reserved 1114112K
  class space    used 2670K, committed 2816K, reserved 1048576K
}
Event: 1.461 {metaspace After GC invocations=4 (full 0):
 Metaspace       used 24116K, committed 24384K, reserved 1114112K
  class space    used 2670K, committed 2816K, reserved 1048576K
}
Event: 1.709 {metaspace Before GC invocations=4 (full 0):
 Metaspace       used 28778K, committed 29056K, reserved 1114112K
  class space    used 3321K, committed 3456K, reserved 1048576K
}
Event: 1.721 {metaspace After GC invocations=5 (full 0):
 Metaspace       used 28778K, committed 29056K, reserved 1114112K
  class space    used 3321K, committed 3456K, reserved 1048576K
}
Event: 2.520 {metaspace Before GC invocations=5 (full 0):
 Metaspace       used 32106K, committed 32384K, reserved 1114112K
  class space    used 3803K, committed 3904K, reserved 1048576K
}
Event: 2.525 {metaspace After GC invocations=6 (full 0):
 Metaspace       used 32106K, committed 32384K, reserved 1114112K
  class space    used 3803K, committed 3904K, reserved 1048576K
}
Event: 2.729 {metaspace Before GC invocations=6 (full 0):
 Metaspace       used 35683K, committed 35968K, reserved 1114112K
  class space    used 4203K, committed 4352K, reserved 1048576K
}
Event: 2.733 {metaspace After GC invocations=7 (full 0):
 Metaspace       used 35683K, committed 35968K, reserved 1114112K
  class space    used 4203K, committed 4352K, reserved 1048576K
}
Event: 3.092 {metaspace Before GC invocations=8 (full 0):
 Metaspace       used 39737K, committed 40192K, reserved 1114112K
  class space    used 4626K, committed 4800K, reserved 1048576K
}
Event: 3.102 {metaspace After GC invocations=9 (full 0):
 Metaspace       used 39737K, committed 40192K, reserved 1114112K
  class space    used 4626K, committed 4800K, reserved 1048576K
}
Event: 3.301 {metaspace Before GC invocations=9 (full 0):
 Metaspace       used 43582K, committed 44096K, reserved 1114112K
  class space    used 5162K, committed 5376K, reserved 1048576K
}
Event: 3.310 {metaspace After GC invocations=10 (full 0):
 Metaspace       used 43582K, committed 44096K, reserved 1114112K
  class space    used 5162K, committed 5376K, reserved 1048576K
}
Event: 3.377 {metaspace Before GC invocations=10 (full 0):
 Metaspace       used 44252K, committed 44864K, reserved 1114112K
  class space    used 5228K, committed 5504K, reserved 1048576K
}
Event: 3.383 {metaspace After GC invocations=11 (full 0):
 Metaspace       used 44252K, committed 44864K, reserved 1114112K
  class space    used 5228K, committed 5504K, reserved 1048576K
}

Dll operation events (12 events):
Event: 0.012 Loaded shared library C:\Program Files\Java\jdk-25.0.2\bin\java.dll
Event: 0.014 Loaded shared library C:\Program Files\Java\jdk-25.0.2\bin\zip.dll
Event: 0.139 Loaded shared library C:\Program Files\Java\jdk-25.0.2\bin\instrument.dll
Event: 0.149 Loaded shared library C:\Program Files\Java\jdk-25.0.2\bin\verify.dll
Event: 0.186 Loaded shared library C:\Program Files\Java\jdk-25.0.2\bin\net.dll
Event: 0.187 Loaded shared library C:\Program Files\Java\jdk-25.0.2\bin\nio.dll
Event: 0.199 Loaded shared library C:\Program Files\Java\jdk-25.0.2\bin\zip.dll
Event: 0.232 Loaded shared library C:\Program Files\Java\jdk-25.0.2\bin\extnet.dll
Event: 0.319 Loaded shared library C:\Program Files\Java\jdk-25.0.2\bin\jimage.dll
Event: 1.440 Loaded shared library C:\Program Files\Java\jdk-25.0.2\bin\management.dll
Event: 1.442 Loaded shared library C:\Program Files\Java\jdk-25.0.2\bin\management_ext.dll
Event: 1.533 Loaded shared library C:\Program Files\Java\jdk-25.0.2\bin\sunmscapi.dll

Deoptimization events (20 events):
Event: 3.775 Thread 0x00000255a1ffd160 DEOPT PACKING pc=0x00000255aaff4bce sp=0x00000062d6ef95b0
Event: 3.775 Thread 0x00000255a1ffd160 DEOPT UNPACKING pc=0x00000255b1e01702 sp=0x00000062d6ef89d8 mode 0
Event: 3.775 Thread 0x00000255a1ffd160 DEOPT PACKING pc=0x00000255aaff4bce sp=0x00000062d6ef95b0
Event: 3.775 Thread 0x00000255a1ffd160 DEOPT UNPACKING pc=0x00000255b1e01702 sp=0x00000062d6ef89d8 mode 0
Event: 3.776 Thread 0x00000255a1ffd160 DEOPT PACKING pc=0x00000255aaff4bce sp=0x00000062d6ef95b0
Event: 3.776 Thread 0x00000255a1ffd160 DEOPT UNPACKING pc=0x00000255b1e01702 sp=0x00000062d6ef89d8 mode 0
Event: 3.777 Thread 0x00000255a1ffd160 DEOPT PACKING pc=0x00000255aaff4bce sp=0x00000062d6ef95b0
Event: 3.777 Thread 0x00000255a1ffd160 DEOPT UNPACKING pc=0x00000255b1e01702 sp=0x00000062d6ef89d8 mode 0
Event: 3.778 Thread 0x00000255a1ffd160 DEOPT PACKING pc=0x00000255aaff4bce sp=0x00000062d6ef95b0
Event: 3.778 Thread 0x00000255a1ffd160 DEOPT UNPACKING pc=0x00000255b1e01702 sp=0x00000062d6ef89d8 mode 0
Event: 3.778 Thread 0x00000255a1ffd160 DEOPT PACKING pc=0x00000255aaff4bce sp=0x00000062d6ef95b0
Event: 3.778 Thread 0x00000255a1ffd160 DEOPT UNPACKING pc=0x00000255b1e01702 sp=0x00000062d6ef89d8 mode 0
Event: 3.779 Thread 0x00000255a1ffd160 DEOPT PACKING pc=0x00000255aaff4bce sp=0x00000062d6ef95b0
Event: 3.779 Thread 0x00000255a1ffd160 DEOPT UNPACKING pc=0x00000255b1e01702 sp=0x00000062d6ef89d8 mode 0
Event: 3.780 Thread 0x00000255a1ffd160 DEOPT PACKING pc=0x00000255aaff4bce sp=0x00000062d6ef95b0
Event: 3.780 Thread 0x00000255a1ffd160 DEOPT UNPACKING pc=0x00000255b1e01702 sp=0x00000062d6ef89d8 mode 0
Event: 3.781 Thread 0x00000255a1ffd160 DEOPT PACKING pc=0x00000255aaff4bce sp=0x00000062d6ef95b0
Event: 3.781 Thread 0x00000255a1ffd160 DEOPT UNPACKING pc=0x00000255b1e01702 sp=0x00000062d6ef89d8 mode 0
Event: 3.781 Thread 0x00000255a1ffd160 DEOPT PACKING pc=0x00000255aaff4bce sp=0x00000062d6ef95b0
Event: 3.781 Thread 0x00000255a1ffd160 DEOPT UNPACKING pc=0x00000255b1e01702 sp=0x00000062d6ef89d8 mode 0

Classes loaded (20 events):
Event: 3.898 Loading class sun/security/ssl/Plaintext done
Event: 3.898 Loading class sun/security/ssl/TransportContext$1
Event: 3.898 Loading class sun/security/ssl/TransportContext$1 done
Event: 3.899 Loading class sun/security/util/ByteArrays
Event: 3.899 Loading class sun/security/util/ByteArrays done
Event: 3.899 Loading class sun/security/ssl/HandshakeHash$T12HandshakeHash
Event: 3.899 Loading class sun/security/ssl/HandshakeHash$T12HandshakeHash done
Event: 3.899 Loading class sun/security/ssl/HandshakeHash$CloneableHash
Event: 3.899 Loading class sun/security/ssl/HandshakeHash$CloneableHash done
Event: 3.899 Loading class sun/security/ssl/RenegoInfoExtension$RenegotiationInfoSpec
Event: 3.899 Loading class sun/security/ssl/RenegoInfoExtension$RenegotiationInfoSpec done
Event: 3.899 Loading class sun/security/ssl/ServerNameExtension$SHServerNamesSpec
Event: 3.899 Loading class sun/security/ssl/ServerNameExtension$SHServerNamesSpec done
Event: 3.899 Loading class sun/security/ssl/SessionTicketExtension$SessionTicketSpec
Event: 3.900 Loading class sun/security/ssl/SessionTicketExtension$SessionTicketSpec done
Event: 3.900 Loading class sun/security/ssl/SSLKeyExchange$1
Event: 3.900 Loading class sun/security/ssl/SSLKeyExchange$1 done
Event: 3.900 Loading class sun/security/ssl/SSLKeyExchange$SSLKeyExECDHERSAOrPSS
Event: 3.900 Loading class sun/security/ssl/SSLKeyExchange$SSLKeyExECDHERSAOrPSS done
Event: 3.900 Loading class sun/security/ssl/X509Authentication

Classes unloaded (1 events):
Event: 2.745 Thread 0x00000255bed883a0 Unloading class 0x0000000090043800 'java/lang/invoke/LambdaForm$DMH+0x0000000090043800'

Classes redefined (1 events):
Event: 0.165 Thread 0x00000255bed883a0 redefined class name=java.lang.Throwable, count=1

Internal exceptions (20 events):
Event: 3.527 Thread 0x00000255a1ffd160 Exception <a 'java/lang/ClassNotFoundException'{0x000000071129ec78}: org/apache/http/params/BasicHttpParamsBeanInfo> (0x000000071129ec78) 
thrown [s\open\src\hotspot\share\classfile\systemDictionary.cpp, line 327]
Event: 3.528 Thread 0x00000255a1ffd160 Exception <a 'java/lang/ClassNotFoundException'{0x00000007112a3128}: org/apache/http/params/AbstractHttpParamsBeanInfo> (0x00000007112a3128) 
thrown [s\open\src\hotspot\share\classfile\systemDictionary.cpp, line 327]
Event: 3.528 Thread 0x00000255a1ffd160 Exception <a 'java/lang/ClassNotFoundException'{0x00000007112a75f0}: org/apache/http/params/AbstractHttpParamsCustomizer> (0x00000007112a75f0) 
thrown [s\open\src\hotspot\share\classfile\systemDictionary.cpp, line 327]
Event: 3.528 Thread 0x00000255a1ffd160 Exception <a 'java/lang/ClassNotFoundException'{0x00000007112b2960}: org/apache/http/params/BasicHttpParamsCustomizer> (0x00000007112b2960) 
thrown [s\open\src\hotspot\share\classfile\systemDictionary.cpp, line 327]
Event: 3.529 Thread 0x00000255a1ffd160 Exception <a 'java/lang/ClassNotFoundException'{0x00000007112bfcd0}: org/apache/http/params/SyncBasicHttpParamsCustomizer> (0x00000007112bfcd0) 
thrown [s\open\src\hotspot\share\classfile\systemDictionary.cpp, line 327]
Event: 3.533 Thread 0x00000255a1ffd160 Exception <a 'java/lang/ClassNotFoundException'{0x00000007112fa1b8}: io/restassured/internal/http/StringHashMapBeanInfo> (0x00000007112fa1b8) 
thrown [s\open\src\hotspot\share\classfile\systemDictionary.cpp, line 327]
Event: 3.533 Thread 0x00000255a1ffd160 Exception <a 'java/lang/ClassNotFoundException'{0x00000007112fde88}: io/restassured/internal/http/StringHashMapCustomizer> (0x00000007112fde88) 
thrown [s\open\src\hotspot\share\classfile\systemDictionary.cpp, line 327]
Event: 3.536 Thread 0x00000255a1ffd160 Exception <a 'java/lang/ClassNotFoundException'{0x000000071135f8f0}: io/restassured/internal/RestAssuredResponseImplBeanInfo> (0x000000071135f8f0) 
thrown [s\open\src\hotspot\share\classfile\systemDictionary.cpp, line 327]
Event: 3.536 Thread 0x00000255a1ffd160 Exception <a 'java/lang/ClassNotFoundException'{0x0000000711363198}: io/restassured/internal/RestAssuredResponseOptionsImplBeanInfo> (0x0000000711363198) 
thrown [s\open\src\hotspot\share\classfile\systemDictionary.cpp, line 327]
Event: 3.536 Thread 0x00000255a1ffd160 Exception <a 'java/lang/ClassNotFoundException'{0x00000007113669b8}: io/restassured/internal/RestAssuredResponseOptionsImplCustomizer> (0x00000007113669b8) 
thrown [s\open\src\hotspot\share\classfile\systemDictionary.cpp, line 327]
Event: 3.537 Thread 0x00000255a1ffd160 Exception <a 'java/lang/ClassNotFoundException'{0x00000007113a5460}: io/restassured/internal/RestAssuredResponseImplCustomizer> (0x00000007113a5460) 
thrown [s\open\src\hotspot\share\classfile\systemDictionary.cpp, line 327]
Event: 3.540 Thread 0x00000255a1ffd160 Exception <a 'java/lang/ClassNotFoundException'{0x00000007113d6dc0}: io/restassured/internal/RestAssuredResponseOptionsGroovyImplBeanInfo> (0x00000007113d6dc0) 
thrown [s\open\src\hotspot\share\classfile\systemDictionary.cpp, line 327]
Event: 3.540 Thread 0x00000255a1ffd160 Exception <a 'java/lang/ClassNotFoundException'{0x00000007113dac88}: io/restassured/internal/RestAssuredResponseOptionsGroovyImplCustomizer> (0x00000007113dac88) 
thrown [s\open\src\hotspot\share\classfile\systemDictionary.cpp, line 327]
Event: 3.544 Thread 0x00000255a1ffd160 Exception <a 'java/lang/ClassNotFoundException'{0x000000070c0599b8}: groovy/lang/GroovyObjectBeanInfo> (0x000000070c0599b8) 
thrown [s\open\src\hotspot\share\classfile\systemDictionary.cpp, line 327]
Event: 3.544 Thread 0x00000255a1ffd160 Exception <a 'java/lang/ClassNotFoundException'{0x000000070c05d458}: groovy/lang/GroovyObjectCustomizer> (0x000000070c05d458) 
thrown [s\open\src\hotspot\share\classfile\systemDictionary.cpp, line 327]
Event: 3.545 Thread 0x00000255a1ffd160 Exception <a 'java/lang/NoSuchMethodError'{0x000000070c063160}: 'int java.lang.invoke.DirectMethodHandle$Holder.invokeVirtual(java.lang.Object, java.lang.Object, java.lang.Object, java.lang.Object)'> (0x000000070c063160) 
thrown [s\open\src\hotspot\share\interpreter\linkResolver.cpp, line 804]
Event: 3.547 Thread 0x00000255a1ffd160 Exception <a 'java/lang/ClassNotFoundException'{0x000000070c0ab6a8}: io/restassured/config/SSLConfigBeanInfo> (0x000000070c0ab6a8) 
thrown [s\open\src\hotspot\share\classfile\systemDictionary.cpp, line 327]
Event: 3.547 Thread 0x00000255a1ffd160 Exception <a 'java/lang/ClassNotFoundException'{0x000000070c0af238}: io/restassured/config/SSLConfigCustomizer> (0x000000070c0af238) 
thrown [s\open\src\hotspot\share\classfile\systemDictionary.cpp, line 327]
Event: 3.576 Thread 0x00000255a1ffd160 Exception <a 'java/lang/ClassNotFoundException'{0x000000070be68230}: sun/net/spi/DefaultProxySelectorBeanInfo> (0x000000070be68230) 
thrown [s\open\src\hotspot\share\classfile\systemDictionary.cpp, line 327]
Event: 3.576 Thread 0x00000255a1ffd160 Exception <a 'java/lang/ClassNotFoundException'{0x000000070be69fc8}: sun/net/spi/DefaultProxySelectorCustomizer> (0x000000070be69fc8) 
thrown [s\open\src\hotspot\share\classfile\systemDictionary.cpp, line 327]

VM Operations (20 events):
Event: 2.585 Executing non-safepoint VM operation: HandshakeAllThreads (Deoptimize)
Event: 2.585 Executing non-safepoint VM operation: HandshakeAllThreads (Deoptimize) done
Event: 2.729 Executing safepoint VM operation: CollectForMetadataAllocation (Metadata GC Threshold)
Event: 2.733 Executing safepoint VM operation: CollectForMetadataAllocation (Metadata GC Threshold) done
Event: 2.745 Executing safepoint VM operation: G1PauseRemark
Event: 2.749 Executing safepoint VM operation: G1PauseRemark done
Event: 2.754 Executing safepoint VM operation: G1PauseCleanup
Event: 2.754 Executing safepoint VM operation: G1PauseCleanup done
Event: 2.761 Executing non-safepoint VM operation: HandshakeAllThreads (Deoptimize)
Event: 2.761 Executing non-safepoint VM operation: HandshakeAllThreads (Deoptimize) done
Event: 3.092 Executing safepoint VM operation: G1CollectForAllocation (G1 Evacuation Pause)
Event: 3.103 Executing safepoint VM operation: G1CollectForAllocation (G1 Evacuation Pause) done
Event: 3.301 Executing safepoint VM operation: G1CollectForAllocation (G1 Evacuation Pause)
Event: 3.310 Executing safepoint VM operation: G1CollectForAllocation (G1 Evacuation Pause) done
Event: 3.321 Executing non-safepoint VM operation: HandshakeAllThreads (Deoptimize)
Event: 3.321 Executing non-safepoint VM operation: HandshakeAllThreads (Deoptimize) done
Event: 3.377 Executing safepoint VM operation: G1CollectForAllocation (G1 Evacuation Pause)
Event: 3.383 Executing safepoint VM operation: G1CollectForAllocation (G1 Evacuation Pause) done
Event: 3.734 Executing non-safepoint VM operation: HandshakeAllThreads (Deoptimize)
Event: 3.734 Executing non-safepoint VM operation: HandshakeAllThreads (Deoptimize) done

Memory protections (0 events):
No events

Nmethod flushes (20 events):
Event: 2.749 Thread 0x00000255bed883a0 flushing  nmethod 0x00000255aa9a6d88
Event: 2.749 Thread 0x00000255bed883a0 flushing  nmethod 0x00000255aa9a7388
Event: 2.749 Thread 0x00000255bed883a0 flushing  nmethod 0x00000255aa9b9708
Event: 2.749 Thread 0x00000255bed883a0 flushing  nmethod 0x00000255aa9d3388
Event: 2.749 Thread 0x00000255bed883a0 flushing  nmethod 0x00000255aaa1e908
Event: 2.749 Thread 0x00000255bed883a0 flushing  nmethod 0x00000255aaa1ec08
Event: 2.749 Thread 0x00000255bed883a0 flushing  nmethod 0x00000255aaa1ef08
Event: 2.749 Thread 0x00000255bed883a0 flushing  nmethod 0x00000255aaa6bc88
Event: 2.749 Thread 0x00000255bed883a0 flushing  nmethod 0x00000255aaa98d88
Event: 2.749 Thread 0x00000255bed883a0 flushing  nmethod 0x00000255aaaabf88
Event: 2.749 Thread 0x00000255bed883a0 flushing  nmethod 0x00000255aaac6c88
Event: 2.749 Thread 0x00000255bed883a0 flushing  nmethod 0x00000255aab36588
Event: 2.749 Thread 0x00000255bed883a0 flushing  nmethod 0x00000255aab36c08
Event: 2.749 Thread 0x00000255bed883a0 flushing  nmethod 0x00000255aab36f88
Event: 2.749 Thread 0x00000255bed883a0 flushing  nmethod 0x00000255aab3a508
Event: 2.749 Thread 0x00000255bed883a0 flushing  nmethod 0x00000255aab45508
Event: 2.749 Thread 0x00000255bed883a0 flushing  nmethod 0x00000255aab47208
Event: 2.749 Thread 0x00000255bed883a0 flushing  nmethod 0x00000255aab47588
Event: 2.749 Thread 0x00000255bed883a0 flushing  nmethod 0x00000255aab48308
Event: 2.749 Thread 0x00000255bed883a0 flushing  nmethod 0x00000255aab64808

Events (20 events):
Event: 1.588 Thread 0x00000255a1ffd160 Thread added: 0x00000255c8237160
Event: 1.591 Thread 0x00000255c8737ce0 Thread added: 0x00000255c8233ab0
Event: 1.632 Thread 0x00000255c8233ab0 Thread added: 0x00000255c82361c0
Event: 1.665 Thread 0x00000255a1ffd160 Thread added: 0x00000255c82388d0
Event: 1.666 Thread 0x00000255a1ffd160 Thread added: 0x00000255c82359f0
Event: 1.703 Thread 0x00000255c8731750 Thread added: 0x00000255c823a810
Event: 1.704 Thread 0x00000255c8731750 Thread added: 0x00000255c8c733b0
Event: 1.705 Thread 0x00000255c8731750 Thread added: 0x00000255c8c74350
Event: 2.246 Thread 0x00000255bedca990 Thread exited: 0x00000255bedca990
Event: 2.246 Thread 0x00000255c7845280 Thread exited: 0x00000255c7845280
Event: 2.310 Thread 0x00000255a1ffd160 Thread added: 0x00000255c8c752f0
Event: 2.311 Thread 0x00000255a1ffd160 Thread added: 0x00000255c8c72410
Event: 2.312 Thread 0x00000255c8c752f0 Thread added: 0x00000255c8c781d0
Event: 2.312 Thread 0x00000255c8c752f0 Thread added: 0x00000255c8c77230
Event: 2.312 Thread 0x00000255c8c752f0 Thread added: 0x00000255c8c76a60
Event: 2.484 Thread 0x00000255bedca180 Thread added: 0x00000255c7845280
Event: 2.484 Thread 0x00000255c7845280 Thread added: 0x00000255c78503e0
Event: 3.317 Thread 0x00000255a1ffd160 Thread added: 0x00000255c9ad0570
Event: 3.733 Thread 0x00000255c78503e0 Thread exited: 0x00000255c78503e0
Event: 3.767 Thread 0x00000255bedca180 Thread added: 0x00000255cb42ece0


Dynamic libraries:
0x00007ff6e8850000 - 0x00007ff6e8860000 	C:\Program Files\Java\jdk-25.0.2\bin\java.exe
0x00007ffd8d000000 - 0x00007ffd8d267000 	C:\WINDOWS\SYSTEM32\ntdll.dll
0x00007ffd8c140000 - 0x00007ffd8c209000 	C:\WINDOWS\System32\KERNEL32.DLL
0x00007ffd8a660000 - 0x00007ffd8aa54000 	C:\WINDOWS\System32\KERNELBASE.dll
0x00007ffd8ac40000 - 0x00007ffd8ad8b000 	C:\WINDOWS\System32\ucrtbase.dll
0x00007ffd83e50000 - 0x00007ffd83e6e000 	C:\Program Files\Java\jdk-25.0.2\bin\VCRUNTIME140.dll
0x00007ffd72860000 - 0x00007ffd72877000 	C:\Program Files\Java\jdk-25.0.2\bin\jli.dll
0x00007ffd8c600000 - 0x00007ffd8c7c5000 	C:\WINDOWS\System32\USER32.dll
0x00007ffd88cd0000 - 0x00007ffd88f63000 	C:\WINDOWS\WinSxS\amd64_microsoft.windows.common-controls_6595b64144ccf1df_6.0.26100.8115_none_3e075c82e3354f9c\COMCTL32.dll
0x00007ffd8a4c0000 - 0x00007ffd8a4e7000 	C:\WINDOWS\System32\win32u.dll
0x00007ffd8b0d0000 - 0x00007ffd8b179000 	C:\WINDOWS\System32\msvcrt.dll
0x00007ffd8c5d0000 - 0x00007ffd8c5fb000 	C:\WINDOWS\System32\GDI32.dll
0x00007ffd8aa60000 - 0x00007ffd8ab8b000 	C:\WINDOWS\System32\gdi32full.dll
0x00007ffd8a5b0000 - 0x00007ffd8a653000 	C:\WINDOWS\System32\msvcp_win.dll
0x00007ffd8bd10000 - 0x00007ffd8bd42000 	C:\WINDOWS\System32\IMM32.DLL
0x00007ffd83e40000 - 0x00007ffd83e4c000 	C:\Program Files\Java\jdk-25.0.2\bin\vcruntime140_1.dll
0x00007ffd6c2a0000 - 0x00007ffd6c32d000 	C:\Program Files\Java\jdk-25.0.2\bin\msvcp140.dll
0x00007ffd1ec80000 - 0x00007ffd1fadf000 	C:\Program Files\Java\jdk-25.0.2\bin\server\jvm.dll
0x00007ffd8ada0000 - 0x00007ffd8ae56000 	C:\WINDOWS\System32\ADVAPI32.dll
0x00007ffd8c4d0000 - 0x00007ffd8c577000 	C:\WINDOWS\System32\sechost.dll
0x00007ffd8bbd0000 - 0x00007ffd8bce8000 	C:\WINDOWS\System32\RPCRT4.dll
0x00007ffd8bb40000 - 0x00007ffd8bbc0000 	C:\WINDOWS\System32\WS2_32.dll
0x00007ffd89730000 - 0x00007ffd8978e000 	C:\WINDOWS\SYSTEM32\POWRPROF.dll
0x00007ffd749f0000 - 0x00007ffd74a26000 	C:\WINDOWS\SYSTEM32\WINMM.dll
0x00007ffd7ce70000 - 0x00007ffd7ce7b000 	C:\WINDOWS\SYSTEM32\VERSION.dll
0x00007ffd89710000 - 0x00007ffd89724000 	C:\WINDOWS\SYSTEM32\UMPDC.dll
0x00007ffd87d30000 - 0x00007ffd87d4b000 	C:\WINDOWS\SYSTEM32\kernel.appcore.dll
0x00007ffd72820000 - 0x00007ffd7282a000 	C:\Program Files\Java\jdk-25.0.2\bin\jimage.dll
0x00007ffd89080000 - 0x00007ffd892c2000 	C:\WINDOWS\SYSTEM32\DBGHELP.DLL
0x00007ffd8bd50000 - 0x00007ffd8c0d2000 	C:\WINDOWS\System32\combase.dll
0x00007ffd8c210000 - 0x00007ffd8c2e8000 	C:\WINDOWS\System32\OLEAUT32.dll
0x00007ffd88f70000 - 0x00007ffd88fab000 	C:\WINDOWS\SYSTEM32\dbgcore.DLL
0x00007ffd8ab90000 - 0x00007ffd8ac35000 	C:\WINDOWS\System32\bcryptPrimitives.dll
0x00007ffd6c290000 - 0x00007ffd6c2a0000 	C:\Program Files\Java\jdk-25.0.2\bin\instrument.dll
0x00007ffd72800000 - 0x00007ffd7281f000 	C:\Program Files\Java\jdk-25.0.2\bin\java.dll
0x00007ffd8b2c0000 - 0x00007ffd8b457000 	C:\WINDOWS\System32\ole32.dll
0x00007ffd8c850000 - 0x00007ffd8cfb7000 	C:\WINDOWS\System32\SHELL32.dll
0x00007ffd8a350000 - 0x00007ffd8a4ba000 	C:\WINDOWS\System32\wintypes.dll
0x00007ffd6c000000 - 0x00007ffd6c017000 	C:\Program Files\Java\jdk-25.0.2\bin\zip.dll
0x00007ffd898d0000 - 0x00007ffd8a138000 	C:\WINDOWS\System32\windows.storage.dll
0x00007ffd8b5b0000 - 0x00007ffd8b6a8000 	C:\WINDOWS\System32\SHCORE.dll
0x00007ffd8c7d0000 - 0x00007ffd8c836000 	C:\WINDOWS\System32\shlwapi.dll
0x00007ffd897f0000 - 0x00007ffd89819000 	C:\WINDOWS\SYSTEM32\profapi.dll
0x00007ffd6bfc0000 - 0x00007ffd6bfd0000 	C:\Program Files\Java\jdk-25.0.2\bin\verify.dll
0x00007ffd6c270000 - 0x00007ffd6c282000 	C:\Program Files\Java\jdk-25.0.2\bin\net.dll
0x00007ffd88260000 - 0x00007ffd882cc000 	C:\WINDOWS\system32\mswsock.dll
0x00007ffd6be10000 - 0x00007ffd6be26000 	C:\Program Files\Java\jdk-25.0.2\bin\nio.dll
0x00007ffd69030000 - 0x00007ffd69039000 	C:\Program Files\Java\jdk-25.0.2\bin\extnet.dll
0x00007ffd893f0000 - 0x00007ffd8940b000 	C:\WINDOWS\SYSTEM32\CRYPTSP.dll
0x00007ffd88350000 - 0x00007ffd88389000 	C:\WINDOWS\system32\rsaenh.dll
0x00007ffd88310000 - 0x00007ffd88343000 	C:\WINDOWS\SYSTEM32\USERENV.dll
0x00007ffd897c0000 - 0x00007ffd897ea000 	C:\WINDOWS\SYSTEM32\bcrypt.dll
0x00007ffd88580000 - 0x00007ffd8858c000 	C:\WINDOWS\SYSTEM32\CRYPTBASE.dll
0x00007ffd87780000 - 0x00007ffd877b2000 	C:\WINDOWS\SYSTEM32\IPHLPAPI.DLL
0x00007ffd8b490000 - 0x00007ffd8b49a000 	C:\WINDOWS\System32\NSI.dll
0x00007ffd87820000 - 0x00007ffd87952000 	C:\WINDOWS\SYSTEM32\DNSAPI.dll
0x00007ffd81dd0000 - 0x00007ffd81ddb000 	C:\Windows\System32\rasadhlp.dll
0x00007ffd82db0000 - 0x00007ffd82e36000 	C:\WINDOWS\System32\fwpuclnt.dll
0x00007ffd69020000 - 0x00007ffd6902a000 	C:\Program Files\Java\jdk-25.0.2\bin\management.dll
0x00007ffd68f50000 - 0x00007ffd68f5c000 	C:\Program Files\Java\jdk-25.0.2\bin\management_ext.dll
0x00007ffd8c840000 - 0x00007ffd8c848000 	C:\WINDOWS\System32\PSAPI.DLL
0x00007ffd69040000 - 0x00007ffd6904e000 	C:\Program Files\Java\jdk-25.0.2\bin\sunmscapi.dll
0x00007ffd8a1d0000 - 0x00007ffd8a347000 	C:\WINDOWS\System32\CRYPT32.dll
0x00007ffd888d0000 - 0x00007ffd88900000 	C:\WINDOWS\SYSTEM32\ncrypt.dll
0x00007ffd88880000 - 0x00007ffd888bf000 	C:\WINDOWS\SYSTEM32\NTASN1.dll
0x00007ffcfdf30000 - 0x00007ffcfdf38000 	C:\WINDOWS\system32\wshunix.dll
0x00007ffd1bc70000 - 0x00007ffd1bc88000 	C:\WINDOWS\system32\napinsp.dll
0x00007ffd1bc50000 - 0x00007ffd1bc63000 	C:\WINDOWS\System32\winrnr.dll
0x00007ffd7b010000 - 0x00007ffd7b032000 	C:\WINDOWS\system32\nlansp_c.dll
0x00007ffd57dc0000 - 0x00007ffd57dd6000 	C:\WINDOWS\system32\wshbth.dll

JVMTI agents:
C:\Users\moham\AppData\Local\JetBrains\IntelliJIdea2025.3\captureAgent\debugger-agent.jar path:C:\Program Files\Java\jdk-25.0.2\bin\instrument.dll, loaded, initialized, instrumentlib options:file:///C:/Users/moham/AppData/Local/Temp/capture14274619677191571972.props
D:\JetBrains\IntelliJ IDEA 2025.3.3\lib\idea_rt.jar path:C:\Program Files\Java\jdk-25.0.2\bin\instrument.dll, loaded, initialized, instrumentlib options:58249

dbghelp: loaded successfully - version: 4.0.5 - missing functions: none
symbol engine: initialized successfully - sym options: 0x614 - pdb path: .;C:\Program Files\Java\jdk-25.0.2\bin;C:\WINDOWS\SYSTEM32;C:\WINDOWS\WinSxS\amd64_microsoft.windows.common-controls_6595b64144ccf1df_6.0.26100.8115_none_3e075c82e3354f9c;C:\Program Files\Java\jdk-25.0.2\bin\server

VM Arguments:
jvm_args: -javaagent:C:\Users\moham\AppData\Local\JetBrains\IntelliJIdea2025.3\captureAgent\debugger-agent.jar=file:///C:/Users/moham/AppData/Local/Temp/capture14274619677191571972.props -ea -Didea.test.cyclic.buffer.size=1048576 -javaagent:D:\JetBrains\IntelliJ IDEA 2025.3.3\lib\idea_rt.jar=58249 -Dkotlinx.coroutines.debug.enable.creation.stack.trace=false -Ddebugger.agent.enable.coroutines=true -Dkotlinx.coroutines.debug.enable.flows.stack.trace=true -Dkotlinx.coroutines.debug.enable.mutable.state.flows.stack.trace=true -Ddebugger.async.stack.trace.for.all.threads=true -Dfile.encoding=UTF-8 -Dsun.stdout.encoding=UTF-8 -Dsun.stderr.encoding=UTF-8 
java_command: com.intellij.rt.testng.RemoteTestNGStarter -usedefaultlisteners false -socket58248 @w@C:\Users\moham\AppData\Local\Temp\idea_working_dirs_testng.tmp -temp C:\Users\moham\AppData\Local\Temp\idea_testng.tmp
java_class_path (initial): D:\JetBrains\IntelliJ IDEA 2025.3.3\lib\idea_rt.jar;D:\JetBrains\IntelliJ IDEA 2025.3.3\plugins\testng\lib\testng-rt.jar;D:\JetBrains\Projects\QA_Todo_Project_Testing\target\test-classes;D:\JetBrains\Projects\QA_Todo_Project_Testing\target\classes;C:\Users\moham\.m2\repository\org\seleniumhq\selenium\selenium-java\4.38.0\selenium-java-4.38.0.jar;C:\Users\moham\.m2\repository\org\seleniumhq\selenium\selenium-api\4.38.0\selenium-api-4.38.0.jar;C:\Users\moham\.m2\repository\org\jspecify\jspecify\1.0.0\jspecify-1.0.0.jar;C:\Users\moham\.m2\repository\org\seleniumhq\selenium\selenium-chrome-driver\4.38.0\selenium-chrome-driver-4.38.0.jar;C:\Users\moham\.m2\repository\com\google\auto\service\auto-service-annotations\1.1.1\auto-service-annotations-1.1.1.jar;C:\Users\moham\.m2\repository\org\seleniumhq\selenium\selenium-chromium-driver\4.38.0\selenium-chromium-driver-4.38.0.jar;C:\Users\moham\.m2\repository\org\seleniumhq\selenium\selenium-json\4.38.0\selenium-json-4.38.0.jar;C:\Users\moham\.m2\repository\org\seleniumhq\selenium\selenium-manager\4.38.0\selenium-manager-4.38.0.jar;C:\Users\moham\.m2\repository\org\seleniumhq\selenium\selenium-devtools-v140\4.38.0\selenium-devtools-v140-4.38.0.jar;C:\Users\moham\.m2\repository\org\seleniumhq\selenium\selenium-devtools-v141\4.38.0\selenium-devtools-v141-4.38.0.jar;C:\Users\moham\.m2\repository\org\seleniumhq\selenium\selenium-devtools-v142\4.38.0\selenium-devtools-v142-4.38.0.jar;C:\Users\moham\.m2\repository\org\seleniumhq\selenium\selenium-edge-driver\4.38.0\selenium-edge-driver-4.38.0.jar;C:\Users\moham\.m2\repository\org\seleniumhq\selenium\selenium-firefox-driver\4.38.0\selenium-firefox-driver-4.38.0.jar;C:\Users\moham\.m2\repository\org\seleniumhq\selenium\selenium-http\4.38.0\selenium-http-4.38.0.jar;C:\Users\moham\.m2\repository\org\seleniumhq\selenium\selenium-ie-driver\4.38.0\selenium-ie-driver-4.38.0.jar;C:\Users\moham\.m2\repository\org\seleniumhq\selenium\selenium-remote-driver\4.38.0\selenium-remote-driver-4.38.0.jar;C:\Users\moham\.m2\repository\com\google\guava\guava\33.5.0-jre\guava-33.5.0-jre.jar;C:\Users\moham\.m2\repository\com\google\guava\failureaccess\1.0.3\failureaccess-1.0.3.jar;C:\Users\moham\.m2\repository\com\google\guava\listenablefuture\9999.0-empty-to-avoid-conflict-with-guava\listenablefuture-9999.0-empty-to-avoid-conflict-with-guava.jar;C:\Users\moham\.m2\repository\com\google\j2objc\j2objc-annotations\3.1\j2objc-annotations-3.1.jar;C:\Users\moham\.m2\repository\io\opentelemetry\opentelemetry-api\1.55.0\opentelemetry-api-1.55.0.jar;C:\Users\moham\.m2\repository\io\opentelemetry\opentelemetry-context\1.55.0\opentelemetry-context-1.55.0.jar;C:\Users\moham\.m2\repository\io\opentelemetry\opentelemetry-common\1.55.0\opentelemetry-common-1.55.0.jar;C:\Users\moham\.m2\repository\io\opentelemetry\opentelemetry-exporter-logging\1.55.0\opentelemetry-exporter-logging-1.55.0.jar;C:\Users\moham\.m2\repository\io\opentelemetry\opentelemetry-sdk-common\1.55.0\opentelemetry-sdk-common-1.55.0.jar;C:\Users\moham\.m2\repository\io\opentelemetry\opentelemetry-sdk-extension-autoconfigure-spi\1.55.0\opentelemetry-sdk-extension-autoconfigure-spi-1.55.0.jar;C:\Users\moham\.m2\repository\io\opentelemetry\opentelemetry-sdk-extension-autoconfigure\1.55.0\opentelemetry-sdk-extension-autoconfigure-1.55.0.jar;C:\Users\moham\.m2\repository\io\opentelemetry\opentelemetry-sdk-trace\1.55.0\opentelemetry-sdk-trace-1.55.0.jar;C:\Users\moham\.m2\repository\io\opentelemetry\opentelemetry-sdk\1.55.0\opentelemetry-sdk-1.55.0.jar;C:\Users\moham\.m2\repository\io\opentelemetry\opentelemetry-sdk-metrics\1.55.0\opentelemetry-sdk-metrics-1.55.0.jar;C:\Users\moham\.m2\repository\io\opentelemetry\opentelemetry-sdk-logs\1.55.0\opentelemetry-sdk-logs-1.55.0.jar;C:\Users\moham\.m2\repository\net\bytebuddy\byte-buddy\1.17.8\byte-buddy-1.17.8.jar;C:\Users\moham\.m2\repository\org\seleniumhq\selenium\selenium-os\4.38.0\selenium-os-4.38.0.jar;C:\Users\moham\.m2\repository\org\apache\commons\commons-exec\1.5.0\commons-exec-1.5.0.jar;C:\Users\moham\.m2\repository\org\seleniumhq\selenium\selenium-safari-driver\4.38.0\selenium-safari-driver-4.38.0.jar;C:\Users\moham\.m2\repository\org\seleniumhq\selenium\selenium-support\4.38.0\selenium-support-4.38.0.jar;C:\Users\moham\.m2\repository\io\github\bonigarcia\webdrivermanager\6.3.3\webdrivermanager-6.3.3.jar;C:\Users\moham\.m2\repository\org\slf4j\slf4j-api\2.0.17\slf4j-api-2.0.17.jar;C:\Users\moham\.m2\repository\com\google\code\gson\gson\2.13.2\gson-2.13.2.jar;C:\Users\moham\.m2\repository\com\google\errorprone\error_prone_annotations\2.41.0\error_prone_annotations-2.41.0.jar;C:\Users\moham\.m2\repository\com\github\docker-java\docker-java\3.6.0\docker-java-3.6.0.jar;C:\Users\moham\.m2\repository\com\github\docker-java\docker-java-core\3.6.0\docker-java-core-3.6.0.jar;C:\Users\moham\.m2\repository\com\github\docker-java\docker-java-api\3.6.0\docker-java-api-3.6.0.jar;C:\Users\moham\.m2\repository\com\fasterxml\jackson\core\jackson-annotations\2.19.2\jackson-annotations-2.19.2.jar;C:\Users\moham\.m2\repository\com\fasterxml\jackson\core\jackson-databind\2.19.2\jackson-databind-2.19.2.jar;C:\Users\moham\.m2\repository\com\fasterxml\jackson\core\jackson-core\2.19.2\jackson-core-2.19.2.jar;C:\Users\moham\.m2\repository\org\slf4j\jcl-over-slf4j\1.7.30\jcl-over-slf4j-1.7.30.jar;C:\Users\moham\.m2\repository\com\github\docker-java\docker-java-transport-httpclient5\3.6.0\docker-java-transport-httpclient5-3.6.0.jar;C:\Users\moham\.m2\repository\com\github\docker-java\docker-java-transport\3.6.0\docker-java-transport-3.6.0.jar;C:\Users\moham\.m2\repository\net\java\dev\jna\jna\5.17.0\jna-5.17.0.jar;C:\Users\moham\.m2\repository\org\brotli\dec\0.1.2\dec-0.1.2.jar;C:\Users\moham\.m2\repository\org\apache\commons\commons-lang3\3.19.0\commons-lang3-3.19.0.jar;C:\Users\moham\.m2\repository\org\apache\commons\commons-compress\1.28.0\commons-compress-1.28.0.jar;C:\Users\moham\.m2\repository\commons-codec\commons-codec\1.19.0\commons-codec-1.19.0.jar;C:\Users\moham\.m2\repository\commons-io\commons-io\2.20.0\commons-io-2.20.0.jar;C:\Users\moham\.m2\repository\org\apache\httpcomponents\client5\httpclient5\5.4.3\httpclient5-5.4.3.jar;C:\Users\moham\.m2\repository\org\apache\httpcomponents\core5\httpcore5\5.3.4\httpcore5-5.3.4.jar;C:\Users\moham\.m2\repository\org\apache\httpcomponents\core5\httpcore5-h2\5.3.4\httpcore5-h2-5.3.4.jar;C:\Users\moham\.m2\repository\org\testng\testng\7.12.0\testng-7.12.0.jar;C:\Users\moham\.m2\repository\org\jcommander\jcommander\1.83\jcommander-1.83.jar;C:\Users\moham\.m2\repository\org\webjars\jquery\3.7.1\jquery-3.7.1.jar;C:\Users\moham\.m2\repository\io\rest-assured\rest-assured\5.5.7\rest-assured-5.5.7.jar;C:\Users\moham\.m2\repository\org\apache\groovy\groovy\4.0.22\groovy-4.0.22.jar;C:\Users\moham\.m2\repository\org\apache\groovy\groovy-xml\4.0.22\groovy-xml-4.0.22.jar;C:\Users\moham\.m2\repository\org\apache\httpcomponents\httpclient\4.5.13\httpclient-4.5.13.jar;C:\Users\moham\.m2\repository\org\apache\httpcomponents\httpcore\4.4.13\httpcore-4.4.13.jar;C:\Users\moham\.m2\repository\commons-logging\commons-logging\1.2\commons-logging-1.2.jar;C:\Users\moham\.m2\repository\org\apache\httpcomponents\httpmime\4.5.13\httpmime-4.5.13.jar;C:\Users\moham\.m2\repository\org\hamcrest\hamcrest\2.2\hamcrest-2.2.jar;C:\Users\moham\.m2\repository\org\ccil\cowan\tagsoup\tagsoup\1.2.1\tagsoup-1.2.1.jar;C:\Users\moham\.m2\repository\io\rest-assured\json-path\5.5.7\json-path-5.5.7.jar;C:\Users\moham\.m2\repository\org\apache\groovy\groovy-json\4.0.22\groovy-json-4.0.22.jar;C:\Users\moham\.m2\repository\io\rest-assured\rest-assured-common\5.5.7\rest-assured-common-5.5.7.jar;C:\Users\moham\.m2\repository\io\rest-assured\xml-path\5.5.7\xml-path-5.5.7.jar;C:\Users\moham\.m2\repository\com\jayway\jsonpath\json-path\3.0.0\json-path-3.0.0.jar;C:\Users\moham\.m2\repository\net\minidev\json-smart\2.6.0\json-smart-2.6.0.jar;C:\Users\moham\.m2\repository\net\minidev\accessors-smart\2.6.0\accessors-smart-2.6.0.jar;C:\Users\moham\.m2\repository\org\ow2\asm\asm\9.7.1\asm-9.7.1.jar;C:\Users\moham\.m2\repository\com\github\javafaker\javafaker\1.0.2\javafaker-1.0.2.jar;C:\Users\moham\.m2\repository\org\yaml\snakeyaml\1.23\snakeyaml-1.23-android.jar;C:\Users\moham\.m2\repository\com\github\mifmif\generex\1.0.2\generex-1.0.2.jar;C:\Users\moham\.m2\repository\dk\brics\automaton\automaton\1.11-8\automaton-1.11-8.jar;C:\Users\moham\.m2\repository\io\qameta\allure\allure-testng\2.32.0\allure-testng-2.32.0.jar;C:\Users\moham\.m2\repository\io\qameta\allure\allure-java-commons\2.32.0\allure-java-commons-2.32.0.jar;C:\Users\moham\.m2\repository\io\qameta\allure\allure-model\2.32.0\allure-model-2.32.0.jar;C:\Users\moham\.m2\repository\io\qameta\allure\allure-test-filter\2.32.0\allure-test-filter-2.32.0.jar
Launcher Type: SUN_STANDARD

[Global flags]
     intx CICompilerCount                          = 4                                         {product} {ergonomic}
     uint ConcGCThreads                            = 2                                         {product} {ergonomic}
     uint G1ConcRefinementThreads                  = 8                                         {product} {ergonomic}
   size_t G1HeapRegionSize                         = 2097152                                   {product} {ergonomic}
   size_t InitialHeapSize                          = 266338304                                 {product} {ergonomic}
   size_t MarkStackSize                            = 4194304                                   {product} {ergonomic}
   size_t MarkStackSizeMax                         = 536870912                                 {product} {ergonomic}
   size_t MaxHeapSize                              = 4242538496                                {product} {ergonomic}
   size_t MaxNewSize                               = 2543845376                                {product} {ergonomic}
   size_t MinHeapDeltaBytes                        = 2097152                                   {product} {ergonomic}
   size_t MinHeapSize                              = 8388608                                   {product} {ergonomic}
    uintx NonNMethodCodeHeapSize                   = 5832704                                {pd product} {ergonomic}
    uintx NonProfiledCodeHeapSize                  = 122945536                              {pd product} {ergonomic}
    uintx ProfiledCodeHeapSize                     = 122880000                              {pd product} {ergonomic}
    uintx ReservedCodeCacheSize                    = 251658240                              {pd product} {ergonomic}
     bool SegmentedCodeCache                       = true                                      {product} {ergonomic}
   size_t SoftMaxHeapSize                          = 4242538496                             {manageable} {ergonomic}
     bool UseCompressedOops                        = true                           {product lp64_product} {ergonomic}
     bool UseG1GC                                  = true                                      {product} {ergonomic}
     bool UseLargePagesIndividualAllocation        = false                                  {pd product} {ergonomic}

Logging:
Log output configuration:
 #0: stdout all=warning uptime,level,tags foldmultilines=false
 #1: stderr all=off uptime,level,tags foldmultilines=false

Release file:
IMPLEMENTOR="Oracle Corporation" 
JAVA_RUNTIME_VERSION="25.0.2+10-LTS-69" 
JAVA_VERSION="25.0.2" 
JAVA_VERSION_DATE="2026-01-20" 
LIBC="default" 
MODULES="java.base java.compiler java.datatransfer java.xml java.prefs java.desktop java.instrument java.logging java.management java.security.sasl java.naming java.rmi java.management.rmi java.net.http java.scripting java.security.jgss java.transaction.xa java.sql java.sql.rowset java.xml.crypto java.se java.smartcardio jdk.accessibility jdk.internal.jvmstat jdk.attach jdk.charsets jdk.internal.opt jdk.zipfs jdk.compiler jdk.crypto.cryptoki jdk.crypto.ec jdk.crypto.mscapi jdk.dynalink jdk.internal.ed jdk.editpad jdk.internal.vm.ci jdk.graal.compiler jdk.graal.compiler.management jdk.hotspot.agent jdk.httpserver jdk.incubator.vector jdk.internal.le jdk.internal.md jdk.jartool jdk.javadoc jdk.jcmd jdk.management jdk.management.agent jdk.jconsole jdk.jdeps jdk.jdwp.agent jdk.jdi jdk.jfr jdk.jlink jdk.jpackage jdk.jshell jdk.jsobject jdk.jstatd jdk.localedata jdk.management.jfr jdk.naming.dns jdk.naming.rmi jdk.net jdk.nio.mapmode jdk.sctp jdk.security.auth jdk.security.jgss jdk.unsupported jdk.unsupported.desktop jdk.xml.dom" 
OS_ARCH="x86_64" 
OS_NAME="Windows" 
SOURCE=".:git:b75efb40c93a open:git:405a5699ebd0" 

Environment Variables:
PATH=C:\Program Files\Common Files\Oracle\Java\javapath;C:\WINDOWS\system32;C:\WINDOWS;C:\WINDOWS\System32\Wbem;C:\WINDOWS\System32\WindowsPowerShell\v1.0\;C:\WINDOWS\System32\OpenSSH\;D:\JetBrains\IntelliJ IDEA 2025.3.3\plugins\maven\lib\maven3\bin;C:\Program Files\Git\cmd;C:\Program Files\nodejs\;C:\Users\moham\scoop\shims;C:\Users\moham\AppData\Local\Microsoft\WindowsApps;D:\Microsoft VS Code\bin;D:\JetBrains\IntelliJ IDEA 2025.3.3\bin;C:\Users\moham\AppData\Local\GitHubDesktop\bin;C:\Users\moham\AppData\Roaming\npm
USERNAME=moham
OS=Windows_NT
PROCESSOR_IDENTIFIER=Intel64 Family 6 Model 165 Stepping 2, GenuineIntel
TMP=C:\Users\moham\AppData\Local\Temp
TEMP=C:\Users\moham\AppData\Local\Temp




Compilation memory statistics disabled.

Periodic native trim disabled

---------------  S Y S T E M  ---------------

OS:
 Windows 11 , 64 bit Build 26100 (10.0.26100.8246)
OS uptime: 0 days 1:10 hours
Hyper-V role detected

CPU: total 8 (initial active 8) (4 cores per cpu, 2 threads per core) family 6 model 165 stepping 2 microcode 0xfc, cx8, cmov, fxsr, ht, mmx, 3dnowpref, sse, sse2, sse3, ssse3, sse4.1, sse4.2, popcnt, lzcnt, tsc, tscinvbit, avx, avx2, aes, erms, clmul, bmi1, bmi2, adx, fma, vzeroupper, clflush, clflushopt, hv, rdtscp, f16c
Processor Information for the first 8 processors :
  Max Mhz: 2496, Current Mhz: 2496, Mhz Limit: 2496

Memory: 4k page, system-wide physical 16177M (7201M free)
TotalPageFile size 17201M (AvailPageFile size 7415M)
current process WorkingSet (physical memory assigned to process): 261M, peak: 261M
current process commit charge ("private bytes"): 385M, peak: 398M

vm_info: Java HotSpot(TM) 64-Bit Server VM (25.0.2+10-LTS-69) for windows-amd64 JRE (25.0.2+10-LTS-69), built on 2025-12-18T11:36:35Z with MS VC++ 17.13 (VS2022)

END.
