#
# A fatal error has been detected by the Java Runtime Environment:
#
#  EXCEPTION_ACCESS_VIOLATION (0xc0000005) at pc=0x000001c654cbe569, pid=15584, tid=14420
#
# JRE version: Java(TM) SE Runtime Environment (25.0.2+10) (build 25.0.2+10-LTS-69)
# Java VM: Java HotSpot(TM) 64-Bit Server VM (25.0.2+10-LTS-69, mixed mode, sharing, tiered, compressed oops, compressed class ptrs, g1 gc, windows-amd64)
# Problematic frame:
# J 4118 c1 java.util.Collections$UnmodifiableMap$UnmodifiableEntrySet$UnmodifiableEntry.getValue()Ljava/lang/Object; java.base@25.0.2 (10 bytes) @ 0x000001c654cbe569 [0x000001c654cbe500+0x0000000000000069]
#
# No core dump will be written. Minidumps are not enabled by default on client versions of Windows
#
# If you would like to submit a bug report, please visit:
#   https://bugreport.java.com/bugreport/crash.jsp
#

---------------  S U M M A R Y ------------

Command Line: -javaagent:C:\Users\moham\AppData\Local\JetBrains\IntelliJIdea2025.3\captureAgent\debugger-agent.jar=file:///C:/Users/moham/AppData/Local/Temp/capture1914580932108583255.props -ea -Didea.test.cyclic.buffer.size=1048576 -javaagent:D:\JetBrains\IntelliJ IDEA 2025.3.3\lib\idea_rt.jar=65183 -Dkotlinx.coroutines.debug.enable.creation.stack.trace=false -Ddebugger.agent.enable.coroutines=true -Dkotlinx.coroutines.debug.enable.flows.stack.trace=true -Dkotlinx.coroutines.debug.enable.mutable.state.flows.stack.trace=true -Ddebugger.async.stack.trace.for.all.threads=true -Dfile.encoding=UTF-8 -Dsun.stdout.encoding=UTF-8 -Dsun.stderr.encoding=UTF-8 com.intellij.rt.testng.RemoteTestNGStarter -usedefaultlisteners false -socket65182 @w@C:\Users\moham\AppData\Local\Temp\idea_working_dirs_testng.tmp -temp C:\Users\moham\AppData\Local\Temp\idea_testng.tmp

Host: Intel(R) Core(TM) i5-10300H CPU @ 2.50GHz, 8 cores, 15G,  Windows 11 , 64 bit Build 26100 (10.0.26100.8246)
Time: Tue May  5 17:57:24 2026 Egypt Daylight Time elapsed time: 8.998066 seconds (0d 0h 0m 8s)

---------------  T H R E A D  ---------------

Current thread (0x000001c64be3dae0):  JavaThread "Forwarding findElement on session 5ea3c806bf701e1b5c109e409a2387bc to remote"        [_thread_in_Java, id=14420, stack(0x000000827cd00000,0x000000827ce00000) (1024K)]

Stack: [0x000000827cd00000,0x000000827ce00000],  sp=0x000000827cdfd7b0,  free space=1013k
Native frames: (J=compiled Java code, j=interpreted, Vv=VM code, C=native code)
C  0x000001c654cbe569  (no source info available)

The last pc belongs to nmethod (printed below).

siginfo: EXCEPTION_ACCESS_VIOLATION (0xc0000005), reading address 0x0000000146ba0208


Registers:
RAX=0x000001c66c715450, RBX=0x000001c66c715450, RCX=0xfffffffffffffff4, RDX=0x0000000146ba0208
RSP=0x000000827cdfd7b0, RBP=0x000000827cdfd848, RSI=0x000001c66df35d50, RDI=0x0000000000000612
R8 =0x0000000000000001, R9 =0x000001c649bea8e0, R10=0x0000000018000000, R11=0x000001c654cbe520
R12=0x0000000000000000, R13=0x000000827cdfd7e8, R14=0x000001c66c02b400, R15=0x000001c64be3dae0
RIP=0x000001c654cbe569, EFLAGS=0x0000000000010202

XMM[0]=0x0000000000000000 0x0000000000000000
XMM[1]=0x0000000000000000 0x0000000000000000
XMM[2]=0x0000000000000000 0x000001c654d53f88
XMM[3]=0x000000827cdfdb60 0x0000010000000000
XMM[4]=0x0000000000000000 0x0000000000000000
XMM[5]=0x6a4c293b7463656a 0x624f2f676e616c2f
XMM[6]=0x0000000000000000 0xe94cbc302854230a
XMM[7]=0x0000000000000000 0xcb91ad6dd1a1114c
XMM[8]=0x0000000000000000 0x5d76baf763b7e0da
XMM[9]=0x0000000000000000 0xe118be07a1d904aa
XMM[10]=0x0000000000000000 0x00000000c0c046a3
XMM[11]=0x0000000000000000 0x1b391622bd121acc
XMM[12]=0x0000000000000000 0x00000000a1d904aa
XMM[13]=0x0000000000000000 0x000003f06a1ffc1d
XMM[14]=0x0000000000000000 0x0000000000000000
XMM[15]=0x0000000000000000 0x0000000000000000
  MXCSR=0x00001fa1


Register to memory mapping:

RAX={method} {0x000001c66c715458} 'getValue' '()Ljava/lang/Object;' in 'java/util/Collections$UnmodifiableMap$UnmodifiableEntrySet$UnmodifiableEntry'
RBX={method} {0x000001c66c715458} 'getValue' '()Ljava/lang/Object;' in 'java/util/Collections$UnmodifiableMap$UnmodifiableEntrySet$UnmodifiableEntry'
RCX=0xfffffffffffffff4 is an unknown value
RDX=0x0000000146ba0208 is an unknown value
RSP=0x000000827cdfd7b0 is pointing into the stack for thread: 0x000001c64be3dae0
RBP=0x000000827cdfd848 is pointing into the stack for thread: 0x000001c64be3dae0
RSI=0x000001c66df35d50 is pointing into metadata
RDI=0x0000000000000612 is an unknown value
R8 =0x0000000000000001 is an unknown value
R9 =0x000001c649bea8e0 points into unknown readable memory: 0x0000008000000001 | 01 00 00 00 80 00 00 00
R10=0x0000000018000000 points into nKlass protection zone
R11=0x000001c654cbe520 is at entry_point+14 in (nmethod*)0x000001c654cbe408
Compiled method (c1) 9108 4118       3       java.util.Collections$UnmodifiableMap$UnmodifiableEntrySet$UnmodifiableEntry::getValue (10 bytes)
 total in heap  [0x000001c654cbe408,0x000001c654cbe6d0] = 712
 main code      [0x000001c654cbe500,0x000001c654cbe688] = 392
 stub code      [0x000001c654cbe688,0x000001c654cbe6d0] = 72
 mutable data [0x000001c673cd97a0,0x000001c673cd97e8] = 72
 relocation     [0x000001c673cd97a0,0x000001c673cd97e0] = 64
 metadata       [0x000001c673cd97e0,0x000001c673cd97e8] = 8
 immutable data [0x000001c6745d22f0,0x000001c6745d2370] = 128
 dependencies   [0x000001c6745d22f0,0x000001c6745d22f8] = 8
 nul chk table  [0x000001c6745d22f8,0x000001c6745d2308] = 16
 scopes pcs     [0x000001c6745d2308,0x000001c6745d2358] = 80
 scopes data    [0x000001c6745d2358,0x000001c6745d2370] = 24
R12=0x0 is null
R13=0x000000827cdfd7e8 is pointing into the stack for thread: 0x000001c64be3dae0
R14=0x000001c66c02b400 is pointing into metadata
R15=0x000001c64be3dae0 is a thread

Top of Stack: (sp=0x000000827cdfd7b0)
0x000000827cdfd7b0:   000000827cdfd848 000001c65bc08e71   H..|....q..[....
0x000000827cdfd7c0:   0000000000000050 000000827cdfd7e8   P..........|....
0x000000827cdfd7d0:   000000827cdfd848 000001c65bbf8cb2   H..|.......[....
0x000000827cdfd7e0:   000001c65bbf8cb2 0000000709754d90   ...[.....Mu.....
0x000000827cdfd7f0:   0000000028d76896 0000000709714660   .h.(....`Fq.....
0x000000827cdfd800:   fffffffffffffff7 0000000018ce9e05   ................
0x000000827cdfd810:   000000000000000a 000000001848bc30   ........0.H.....
0x000000827cdfd820:   000001c66c02b400 0000000703596a48   ...l....HjY.....
0x000000827cdfd830:   00000000181d5548 fffffffffffffff4   HU..............
0x000000827cdfd840:   000000827cdfd8a0 000000827cdfdb60   ...|....`..|....
0x000000827cdfd850:   000001c654d5436c deaddeaf28d76896   lC.T.....h.(....
0x000000827cdfd860:   0000000000000000 0000000000000000   ................
0x000000827cdfd870:   0000000000000000 0000000000000000   ................
0x000000827cdfd880:   0000000709714660 0000000000000000   `Fq.............
0x000000827cdfd890:   0000000709754d90 0000000000000000   .Mu.............
0x000000827cdfd8a0:   000000827cdfdc28 00000007045662a8   (..|.....bV.....
0x000000827cdfd8b0:   000000000000000e 00000007045662a8   .........bV.....
0x000000827cdfd8c0:   0000000703e5bb30 00000007045662a8   0........bV.....
0x000000827cdfd8d0:   0000000703e5bb30 00000007045662a8   0........bV.....
0x000000827cdfd8e0:   0000000709754640 00000007045662a8   @Fu......bV.....
0x000000827cdfd8f0:   0000000703400ee8 00007ffcc8be1c0e   ..@.............
0x000000827cdfd900:   000000827cdfdb60 000001c65475a9ec   `..|......uT....
0x000000827cdfd910:   000000827cdfdc28 000001c65475a9ec   (..|......uT....
0x000000827cdfd920:   0000000000000000 0000000709754d90   .........Mu.....
0x000000827cdfd930:   000000070457ff50 0000000709754d70   P.W.....pMu.....
0x000000827cdfd940:   0000000000000048 0000000000000001   H...............
0x000000827cdfd950:   0000000703400ee8 00007ffcc915e2e5   ..@.............
0x000000827cdfd960:   000001c64be3dae0 0000000703e5bac8   ...K............
0x000000827cdfd970:   00000007045662a8 00007ffc0000000e   .bV.............
0x000000827cdfd980:   00000007045662a8 0000000000000000   .bV.............
0x000000827cdfd990:   000000827cdfdb60 000001c654b9ee5c   `..|....\..T....
0x000000827cdfd9a0:   0000000ee1497965 000000070a4bcb28   eyI.....(.K.....

Instructions: (pc=0x000001c654cbe569)
  0x000001c654cbe469:   22 5d 74 c6 01 00 00 70 cd 8a 73 c6 01 00 00 00
  0x000001c654cbe479:   00 00 00 00 00 00 00 00 00 00 00 00 00 00 00 00
  0x000001c654cbe489:   00 00 00 00 00 00 00 20 d5 8a 73 c6 01 00 00 00
  0x000001c654cbe499:   e5 cb 54 c6 01 00 00 12 00 20 00 ff ff ff ff 80
  0x000001c654cbe4a9:   00 00 00 08 00 00 00 80 02 00 00 94 02 00 00 b4
  0x000001c654cbe4b9:   02 00 00 ff ff ff ff 28 00 00 00 00 00 08 00 08
  0x000001c654cbe4c9:   00 18 00 18 00 00 00 68 00 00 00 80 00 00 00 10
  0x000001c654cbe4d9:   00 00 00 16 10 00 00 03 01 06 00 00 00 00 00 00
  0x000001c654cbe4e9:   00 00 00 00 00 00 00 00 00 00 00 00 00 00 00 00
  0x000001c654cbe4f9:   00 00 00 00 00 00 00 66 66 66 0f 1f 84 00 00 00
  0x000001c654cbe509:   00 00 66 66 66 90 66 66 90 44 8b 52 08 44 3b 50
  0x000001c654cbe519:   08 0f 85 c0 05 f8 06 89 84 24 00 80 ff ff 55 48
  0x000001c654cbe529:   83 ec 20 41 81 7f 20 05 00 00 00 74 05 e8 05 5d
  0x000001c654cbe539:   f6 06 48 be 50 5d f3 6d c6 01 00 00 8b be 90 00
  0x000001c654cbe549:   00 00 83 c7 02 89 be 90 00 00 00 81 e7 fe 07 00
  0x000001c654cbe559:   00 85 ff 0f 84 c2 00 00 00 8b 52 0c 48 c1 e2 03
=>0x000001c654cbe569:   48 3b 02 48 8b f2 48 bf 50 5d f3 6d c6 01 00 00
  0x000001c654cbe579:   8b 76 08 41 ba 00 00 00 18 49 03 f2 48 3b b7 e0
  0x000001c654cbe589:   00 00 00 75 0d 48 83 87 e8 00 00 00 01 e9 60 00
  0x000001c654cbe599:   00 00 48 3b b7 f0 00 00 00 75 0d 48 83 87 f8 00
  0x000001c654cbe5a9:   00 00 01 e9 4a 00 00 00 48 83 bf e0 00 00 00 00
  0x000001c654cbe5b9:   75 17 48 89 b7 e0 00 00 00 48 c7 87 e8 00 00 00
  0x000001c654cbe5c9:   01 00 00 00 e9 29 00 00 00 48 83 bf f0 00 00 00
  0x000001c654cbe5d9:   00 75 17 48 89 b7 f0 00 00 00 48 c7 87 f8 00 00
  0x000001c654cbe5e9:   00 01 00 00 00 e9 08 00 00 00 48 83 87 d8 00 00
  0x000001c654cbe5f9:   00 01 66 90 48 b8 20 d5 8a 73 c6 01 00 00 e8 ec
  0x000001c654cbe609:   9a 05 07 0f 1f 84 00 04 02 00 00 48 83 c4 20 5d
  0x000001c654cbe619:   49 3b 67 28 0f 87 27 00 00 00 c3 49 ba 50 54 71
  0x000001c654cbe629:   6c c6 01 00 00 4c 89 54 24 08 48 c7 04 24 ff ff
  0x000001c654cbe639:   ff ff e8 a0 f0 04 07 e9 1d ff ff ff e8 16 92 04
  0x000001c654cbe649:   07 49 ba 19 e6 cb 54 c6 01 00 00 4d 89 97 e0 04
  0x000001c654cbe659:   00 00 e9 00 29 f8 06 49 8b 87 88 05 00 00 49 c7


Stack slot to memory mapping:

stack at sp + 0 slots: 0x000000827cdfd848 is pointing into the stack for thread: 0x000001c64be3dae0
stack at sp + 1 slots: 0x000001c65bc08e71 is at code_begin+177 in an Interpreter codelet
invokevirtual  182 invokevirtual  [0x000001c65bc08dc0, 0x000001c65bc09290]  1232 bytes
stack at sp + 2 slots: 0x0000000000000050 is an unknown value
stack at sp + 3 slots: 0x000000827cdfd7e8 is pointing into the stack for thread: 0x000001c64be3dae0
stack at sp + 4 slots: 0x000000827cdfd848 is pointing into the stack for thread: 0x000001c64be3dae0
stack at sp + 5 slots: 0x000001c65bbf8cb2 is at code_begin+1682 in an Interpreter codelet
return entry points  [0x000001c65bbf8620, 0x000001c65bbf9298]  3192 bytes
stack at sp + 6 slots: 0x000001c65bbf8cb2 is at code_begin+1682 in an Interpreter codelet
return entry points  [0x000001c65bbf8620, 0x000001c65bbf9298]  3192 bytes
stack at sp + 7 slots: 0x0000000709754d90 is an oop: com.intellij.rt.debugger.agent.CaptureStorage$ConcurrentIdentityWeakHashMap$HardKey 
{0x0000000709754d90} - klass: 'com/intellij/rt/debugger/agent/CaptureStorage$ConcurrentIdentityWeakHashMap$HardKey' - flags: 

 - ---- fields (total size 3 words):
 - private final 'myHash' 'I' @12  685195329 (0x28d74041)
 - private final 'myKey' 'Ljava/lang/Object;' @16  a 'java/util/concurrent/CompletableFuture$UniWhenComplete'{0x0000000709754048} (0xe12ea809)

Lock stack of current Java thread (top to bottom):


Compiled method (c1) 9119 4118       3       java.util.Collections$UnmodifiableMap$UnmodifiableEntrySet$UnmodifiableEntry::getValue (10 bytes)
 total in heap  [0x000001c654cbe408,0x000001c654cbe6d0] = 712
 main code      [0x000001c654cbe500,0x000001c654cbe688] = 392
 stub code      [0x000001c654cbe688,0x000001c654cbe6d0] = 72
 mutable data [0x000001c673cd97a0,0x000001c673cd97e8] = 72
 relocation     [0x000001c673cd97a0,0x000001c673cd97e0] = 64
 metadata       [0x000001c673cd97e0,0x000001c673cd97e8] = 8
 immutable data [0x000001c6745d22f0,0x000001c6745d2370] = 128
 dependencies   [0x000001c6745d22f0,0x000001c6745d22f8] = 8
 nul chk table  [0x000001c6745d22f8,0x000001c6745d2308] = 16
 scopes pcs     [0x000001c6745d2308,0x000001c6745d2358] = 80
 scopes data    [0x000001c6745d2358,0x000001c6745d2370] = 24

[Constant Pool (empty)]

[MachCode]
[Instructions begin]
  0x000001c654cbe500: 6666 660f | 1f84 0000 | 0000 0066 | 6666 9066 | 6690 448b | 5208 443b 

  0x000001c654cbe518: ;   {runtime_call Shared Runtime ic_miss_blob}
  0x000001c654cbe518: 5008 0f85 | c005 f806 
[Verified Entry Point]
  0x000001c654cbe520: 8984 2400 | 80ff ff55 | 4883 ec20 | 4181 7f20 | 0500 0000 

  0x000001c654cbe534: ;   {runtime_call Stub::method_entry_barrier}
  0x000001c654cbe534: 7405 e805 

  0x000001c654cbe538: ;   {metadata(method data for {method} {0x000001c66c715458} 'getValue' '()Ljava/lang/Object;' in 'java/util/Collections$UnmodifiableMap$UnmodifiableEntrySet$UnmodifiableEntry')}
  0x000001c654cbe538: 5df6 0648 | be50 5df3 | 6dc6 0100 | 008b be90 | 0000 0083 | c702 89be | 9000 0000 | 81e7 fe07 
  0x000001c654cbe558: 0000 85ff | 0f84 c200 | 0000 8b52 | 0c48 c1e2 | 0348 3b02 

  0x000001c654cbe56c: ;   {metadata(method data for {method} {0x000001c66c715458} 'getValue' '()Ljava/lang/Object;' in 'java/util/Collections$UnmodifiableMap$UnmodifiableEntrySet$UnmodifiableEntry')}
  0x000001c654cbe56c: 488b f248 | bf50 5df3 | 6dc6 0100 | 008b 7608 | 41ba 0000 | 0018 4903 | f248 3bb7 | e000 0000 
  0x000001c654cbe58c: 750d 4883 | 87e8 0000 | 0001 e960 | 0000 0048 | 3bb7 f000 | 0000 750d | 4883 87f8 | 0000 0001 
  0x000001c654cbe5ac: e94a 0000 | 0048 83bf | e000 0000 | 0075 1748 | 89b7 e000 | 0000 48c7 | 87e8 0000 | 0001 0000 
  0x000001c654cbe5cc: 00e9 2900 | 0000 4883 | bff0 0000 | 0000 7517 | 4889 b7f0 | 0000 0048 | c787 f800 | 0000 0100 
  0x000001c654cbe5ec: 0000 e908 | 0000 0048 | 8387 d800 | 0000 0166 | 9048 b820 | d58a 73c6 

  0x000001c654cbe604: ;   {virtual_call}
  0x000001c654cbe604: 0100 00e8 

  0x000001c654cbe608: ; ImmutableOopMap {}
                      ;*invokeinterface getValue {reexecute=0 rethrow=0 return_oop=0}
                      ; - java.util.Collections$UnmodifiableMap$UnmodifiableEntrySet$UnmodifiableEntry::getValue@4 (line 1956)
  0x000001c654cbe608: ec9a 0507 

  0x000001c654cbe60c: ;   {post_call_nop}
  0x000001c654cbe60c: 0f1f 8400 | 0402 0000 | 4883 c420 

  0x000001c654cbe618: ;   {poll_return}
  0x000001c654cbe618: 5d49 3b67 | 280f 8727 | 0000 00c3 

  0x000001c654cbe624: ;   {metadata({method} {0x000001c66c715458} 'getValue' '()Ljava/lang/Object;' in 'java/util/Collections$UnmodifiableMap$UnmodifiableEntrySet$UnmodifiableEntry')}
  0x000001c654cbe624: 49ba 5054 | 716c c601 | 0000 4c89 | 5424 0848 | c704 24ff 

  0x000001c654cbe638: ;   {runtime_call C1 Runtime counter_overflow_blob}
  0x000001c654cbe638: ffff ffe8 

  0x000001c654cbe63c: ; ImmutableOopMap {rdx=Oop }
                      ;*synchronization entry
                      ; - java.util.Collections$UnmodifiableMap$UnmodifiableEntrySet$UnmodifiableEntry::getValue@-1 (line 1956)
  0x000001c654cbe63c: a0f0 0407 | e91d ffff 

  0x000001c654cbe644: ;   {runtime_call C1 Runtime throw_null_pointer_exception_blob}
  0x000001c654cbe644: ffe8 1692 

  0x000001c654cbe648: ; ImmutableOopMap {rdx=Oop }
                      ;*invokeinterface getValue {reexecute=0 rethrow=0 return_oop=0}
                      ; - java.util.Collections$UnmodifiableMap$UnmodifiableEntrySet$UnmodifiableEntry::getValue@4 (line 1956)
                      ;   {internal_word}
  0x000001c654cbe648: 0407 49ba | 19e6 cb54 | c601 0000 | 4d89 97e0 

  0x000001c654cbe658: ;   {runtime_call SafepointBlob}
  0x000001c654cbe658: 0400 00e9 | 0029 f806 | 498b 8788 | 0500 0049 | c787 8805 | 0000 0000 | 0000 49c7 | 8790 0500 
  0x000001c654cbe678: 0000 0000 | 0048 83c4 

  0x000001c654cbe680: ;   {runtime_call C1 Runtime unwind_exception_blob}
  0x000001c654cbe680: 205d e9d9 | 7b04 07f4 
[Stub Code]
  0x000001c654cbe688: ;   {other}
  0x000001c654cbe688: 0f1f 4400 

  0x000001c654cbe68c: ;   {static_stub}
  0x000001c654cbe68c: 0048 bb00 | 0000 0000 

  0x000001c654cbe694: ;   {runtime_call nmethod}
  0x000001c654cbe694: 0000 00e9 | fbff ffff 
[Exception Handler]
  0x000001c654cbe69c: ;   {runtime_call C1 Runtime handle_exception_from_callee_blob}
  0x000001c654cbe69c: e83f ba04 

  0x000001c654cbe6a0: ;   {external_word}
  0x000001c654cbe6a0: 0748 b968 | 082e c9fc | 7f00 0048 

  0x000001c654cbe6ac: ;   {runtime_call}
  0x000001c654cbe6ac: 83e4 f048 | b800 91f1 | c8fc 7f00 | 00ff d0f4 
[Deopt Handler Code]
  0x000001c654cbe6bc: ;   {section_word}
  0x000001c654cbe6bc: 49ba bce6 | cb54 c601 | 0000 4152 

  0x000001c654cbe6c8: ;   {runtime_call DeoptimizationBlob}
  0x000001c654cbe6c8: e993 2bf8 | 06f4 f4f4 
[/MachCode]


---------------  P R O C E S S  ---------------

Threads class SMR info:
_java_thread_list=0x000001c67518bd50, length=31, elements={
0x000001c64be3dae0, 0x000001c66b2afa30, 0x000001c66b2b0340, 0x000001c66b2b61e0,
0x000001c66b2b7040, 0x000001c66b2bad80, 0x000001c66b2bc1e0, 0x000001c66b2be340,
0x000001c66b2c4550, 0x000001c66b6fff00, 0x000001c67001d6b0, 0x000001c66b2e54b0,
0x000001c66b2e3570, 0x000001c671a2da40, 0x000001c671a2e210, 0x000001c671a33800,
0x000001c671a347a0, 0x000001c672435a50, 0x000001c672436220, 0x000001c6724369f0,
0x000001c672439100, 0x000001c67243cf80, 0x000001c6724398d0, 0x000001c672695970,
0x000001c672696910, 0x000001c6726978b0, 0x000001c6726949d0, 0x000001c672699020,
0x000001c67269af60, 0x000001c6726997f0, 0x000001c67387bca0
}

Java Threads: ( => current thread )
=>0x000001c64be3dae0 JavaThread "Forwarding findElement on session 5ea3c806bf701e1b5c109e409a2387bc to remote"        [_thread_in_Java, id=14420, stack(0x000000827cd00000,0x000000827ce00000) (1024K)]
  0x000001c66b2afa30 JavaThread "Reference Handler"          daemon [_thread_blocked, id=4848, stack(0x000000827d500000,0x000000827d600000) (1024K)]
  0x000001c66b2b0340 JavaThread "Finalizer"                  daemon [_thread_blocked, id=15336, stack(0x000000827d600000,0x000000827d700000) (1024K)]
  0x000001c66b2b61e0 JavaThread "Signal Dispatcher"          daemon [_thread_blocked, id=16256, stack(0x000000827d700000,0x000000827d800000) (1024K)]
  0x000001c66b2b7040 JavaThread "Attach Listener"            daemon [_thread_blocked, id=9524, stack(0x000000827d800000,0x000000827d900000) (1024K)]
  0x000001c66b2bad80 JavaThread "Service Thread"             daemon [_thread_blocked, id=15880, stack(0x000000827d900000,0x000000827da00000) (1024K)]
  0x000001c66b2bc1e0 JavaThread "Monitor Deflation Thread"   daemon [_thread_blocked, id=15764, stack(0x000000827da00000,0x000000827db00000) (1024K)]
  0x000001c66b2be340 JavaThread "C2 CompilerThread0"         daemon [_thread_blocked, id=6556, stack(0x000000827db00000,0x000000827dc00000) (1024K)]
  0x000001c66b2c4550 JavaThread "C1 CompilerThread0"         daemon [_thread_blocked, id=16036, stack(0x000000827dc00000,0x000000827dd00000) (1024K)]
  0x000001c66b6fff00 JavaThread "Common-Cleaner"             daemon [_thread_blocked, id=7948, stack(0x000000827de00000,0x000000827df00000) (1024K)]
  0x000001c67001d6b0 JavaThread "IntelliJ Suspend Helper"    daemon [_thread_blocked, id=13428, stack(0x000000827df00000,0x000000827e000000) (1024K)]
  0x000001c66b2e54b0 JavaThread "Monitor Ctrl-Break"         daemon [_thread_in_native, id=4392, stack(0x000000827e000000,0x000000827e100000) (1024K)]
  0x000001c66b2e3570 JavaThread "Notification Thread"        daemon [_thread_blocked, id=4864, stack(0x000000827e100000,0x000000827e200000) (1024K)]
  0x000001c671a2da40 JavaThread "ForkJoinPool.commonPool-worker-1" daemon [_thread_blocked, id=2996, stack(0x000000827eb00000,0x000000827ec00000) (1024K)]
  0x000001c671a2e210 JavaThread "HttpClient-1-SelectorManager" daemon [_thread_in_native, id=15168, stack(0x000000827ec00000,0x000000827ed00000) (1024K)]
  0x000001c671a33800 JavaThread "External Process Output Forwarder - C:\Users\moham\.cache\selenium\chromedriver\win64\147.0.7727.117\chromedriver.exe" daemon [_thread_in_native, id=15896, stack(0x000000827ed00000,0x000000827ee00000) (1024K)]
  0x000001c671a347a0 JavaThread "Driver Service Executor"    daemon [_thread_blocked, id=7752, stack(0x000000827ee00000,0x000000827ef00000) (1024K)]
  0x000001c672435a50 JavaThread "Driver Service Executor"    daemon [_thread_in_native, id=13480, stack(0x000000827ef00000,0x000000827f000000) (1024K)]
  0x000001c672436220 JavaThread "UrlChecker-2"               daemon [_thread_blocked, id=1792, stack(0x000000827f000000,0x000000827f100000) (1024K)]
  0x000001c6724369f0 JavaThread "Keep-Alive-Timer"           daemon [_thread_blocked, id=15216, stack(0x000000827f200000,0x000000827f300000) (1024K)]
  0x000001c672439100 JavaThread "JdkHttpClient-0-0"          daemon [_thread_blocked, id=12844, stack(0x000000827f300000,0x000000827f400000) (1024K)]
  0x000001c67243cf80 JavaThread "ForkJoinPool.commonPool-delayScheduler" daemon [_thread_blocked, id=13160, stack(0x000000827f400000,0x000000827f500000) (1024K)]
  0x000001c6724398d0 JavaThread "JdkHttpClient-0-1"          daemon [_thread_blocked, id=16112, stack(0x000000827f500000,0x000000827f600000) (1024K)]
  0x000001c672695970 JavaThread "JdkHttpClient-0-2"          daemon [_thread_blocked, id=11688, stack(0x000000827f600000,0x000000827f700000) (1024K)]
  0x000001c672696910 JavaThread "JdkHttpClient-0-3"          daemon [_thread_blocked, id=15788, stack(0x000000827f700000,0x000000827f800000) (1024K)]
  0x000001c6726978b0 JavaThread "HttpClient-2-SelectorManager" daemon [_thread_in_native, id=16408, stack(0x000000827dd00000,0x000000827de00000) (1024K)]
  0x000001c6726949d0 JavaThread "JdkHttpClient-1-0"          daemon [_thread_blocked, id=16412, stack(0x000000827ea00000,0x000000827eb00000) (1024K)]
  0x000001c672699020 JavaThread "JdkHttpClient-1-1"          daemon [_thread_blocked, id=16416, stack(0x000000827f800000,0x000000827f900000) (1024K)]
  0x000001c67269af60 JavaThread "JdkHttpClient-1-2"          daemon [_thread_blocked, id=16420, stack(0x000000827f900000,0x000000827fa00000) (1024K)]
  0x000001c6726997f0 JavaThread "JdkHttpClient-1-3"          daemon [_thread_blocked, id=16424, stack(0x000000827fa00000,0x000000827fb00000) (1024K)]
  0x000001c67387bca0 JavaThread "ForkJoinPool.commonPool-worker-2" daemon [_thread_blocked, id=16436, stack(0x000000827fd00000,0x000000827fe00000) (1024K)]
Total: 31

Other Threads:
  0x000001c66b293880 VMThread "VM Thread"                           [id=10204, stack(0x000000827d400000,0x000000827d500000) (1024K)]
  0x000001c66b285cf0 WatcherThread "VM Periodic Task Thread"        [id=14584, stack(0x000000827d300000,0x000000827d400000) (1024K)]
  0x000001c64bea77e0 WorkerThread "GC Thread#0"                     [id=144, stack(0x000000827ce00000,0x000000827cf00000) (1024K)]
  0x000001c67121e030 WorkerThread "GC Thread#1"                     [id=12504, stack(0x000000827e200000,0x000000827e300000) (1024K)]
  0x000001c67121e480 WorkerThread "GC Thread#2"                     [id=15620, stack(0x000000827e300000,0x000000827e400000) (1024K)]
  0x000001c67121d340 WorkerThread "GC Thread#3"                     [id=3984, stack(0x000000827e400000,0x000000827e500000) (1024K)]
  0x000001c67121e8d0 WorkerThread "GC Thread#4"                     [id=2292, stack(0x000000827e500000,0x000000827e600000) (1024K)]
  0x000001c67121f170 WorkerThread "GC Thread#5"                     [id=7452, stack(0x000000827e600000,0x000000827e700000) (1024K)]
  0x000001c671221c90 WorkerThread "GC Thread#6"                     [id=8372, stack(0x000000827e700000,0x000000827e800000) (1024K)]
  0x000001c671220fa0 WorkerThread "GC Thread#7"                     [id=15404, stack(0x000000827e800000,0x000000827e900000) (1024K)]
  0x000001c64bec1af0 ConcurrentGCThread "G1 Main Marker"            [id=2028, stack(0x000000827cf00000,0x000000827d000000) (1024K)]
  0x000001c64bec2e30 WorkerThread "G1 Conc#0"                       [id=1212, stack(0x000000827d000000,0x000000827d100000) (1024K)]
  0x000001c6712220e0 WorkerThread "G1 Conc#1"                       [id=12712, stack(0x000000827e900000,0x000000827ea00000) (1024K)]
  0x000001c64beee710 ConcurrentGCThread "G1 Refine#0"               [id=2192, stack(0x000000827d100000,0x000000827d200000) (1024K)]
  0x000001c66b156830 ConcurrentGCThread "G1 Service"                [id=4652, stack(0x000000827d200000,0x000000827d300000) (1024K)]
Total: 15

Threads with active compile tasks:
Total: 0

VM state: not at safepoint (normal execution)

VM Mutex/Monitor currently owned by a thread: None

Heap address: 0x0000000703200000, size: 4046 MB, Compressed Oops mode: Zero based, Oop shift amount: 3

CDS archive(s) mapped at: [0x0000000018000000-0x0000000018dd0000-0x0000000018dd0000), size 14483456, SharedBaseAddress: 0x0000000018000000, ArchiveRelocationMode: 1.
Compressed class space mapped at: 0x0000000019000000-0x0000000059000000, reserved size: 1073741824
UseCompressedClassPointers 1, UseCompactObjectHeaders 0
Narrow klass pointer bits 32, Max shift 3
Narrow klass base: 0x0000000018000000, Narrow klass shift: 0
Encoding Range: [0x0000000018000000 - 0x0000000118000000), (4294967296 bytes)
Klass Range:    [0x0000000018010000 - 0x0000000059000000), (1090453504 bytes)
Klass ID Range:  [65536 - 1090519033) (1090453497)
Protection zone: [0x0000000018000000 - 0x0000000018010000), (65536 bytes)

GC Precious Log:
 CardTable entry size: 512
 Card Set container configuration: InlinePtr #cards 4 size 8 Array Of Cards #cards 16 size 48 Howl #buckets 8 coarsen threshold 3686 Howl Bitmap #cards 512 size 80 coarsen threshold 460 Card regions per heap region 1 cards per card region 4096
 CPUs: 8 total, 8 available
 Memory: 16177M
 Large Page Support: Disabled
 NUMA Support: Disabled
 Compressed Oops: Enabled (Zero based)
 Heap Region Size: 2M
 Heap Min Capacity: 8M
 Heap Initial Capacity: 254M
 Heap Max Capacity: 4046M
 Pre-touch: Disabled
 Parallel Workers: 8
 Concurrent Workers: 2
 Concurrent Refinement Workers: 8
 Periodic GC: Disabled

Heap:
 garbage-first heap   total reserved 4143104K, committed 161792K, used 88611K [0x0000000703200000, 0x0000000800000000)
  region size 2048K, 32 young (65536K), 2 survivors (4096K)

Heap Regions: E=young(eden), S=young(survivor), O=old, HS=humongous(starts), HC=humongous(continues), CS=collection set, F=free, TAMS=top-at-mark-start, PB=parsable bottom
|   0|0x0000000703200000, 0x0000000703200000, 0x0000000703400000|  0%| F|  |TAMS 0x0000000703200000| PB 0x0000000703200000| Untracked |  0
|   1|0x0000000703400000, 0x0000000703600000, 0x0000000703600000|100%| O|  |TAMS 0x0000000703400000| PB 0x0000000703400000| Untracked |  0
|   2|0x0000000703600000, 0x0000000703800000, 0x0000000703800000|100%| O|  |TAMS 0x0000000703600000| PB 0x0000000703600000| Untracked |  0
|   3|0x0000000703800000, 0x0000000703a00000, 0x0000000703a00000|100%| O|  |TAMS 0x0000000703800000| PB 0x0000000703800000| Untracked |  0
|   4|0x0000000703a00000, 0x0000000703c00000, 0x0000000703c00000|100%| O|  |TAMS 0x0000000703a00000| PB 0x0000000703a00000| Untracked |  0
|   5|0x0000000703c00000, 0x0000000703e00000, 0x0000000703e00000|100%| O|  |TAMS 0x0000000703c00000| PB 0x0000000703c00000| Untracked |  0
|   6|0x0000000703e00000, 0x0000000704000000, 0x0000000704000000|100%| O|  |TAMS 0x0000000703e00000| PB 0x0000000703e00000| Untracked |  0
|   7|0x0000000704000000, 0x0000000704200000, 0x0000000704200000|100%| O|  |TAMS 0x0000000704000000| PB 0x0000000704000000| Untracked |  0
|   8|0x0000000704200000, 0x0000000704400000, 0x0000000704400000|100%| O|  |TAMS 0x0000000704200000| PB 0x0000000704200000| Untracked |  0
|   9|0x0000000704400000, 0x0000000704600000, 0x0000000704600000|100%| O|  |TAMS 0x0000000704400000| PB 0x0000000704400000| Untracked |  0
|  10|0x0000000704600000, 0x0000000704800000, 0x0000000704800000|100%| O|  |TAMS 0x0000000704600000| PB 0x0000000704600000| Untracked |  0
|  11|0x0000000704800000, 0x0000000704a00000, 0x0000000704a00000|100%| O|  |TAMS 0x0000000704800000| PB 0x0000000704800000| Untracked |  0
|  12|0x0000000704a00000, 0x0000000704c00000, 0x0000000704c00000|100%| O|  |TAMS 0x0000000704a00000| PB 0x0000000704a00000| Untracked |  0
|  13|0x0000000704c00000, 0x0000000704c00000, 0x0000000704e00000|  0%| F|  |TAMS 0x0000000704c00000| PB 0x0000000704c00000| Untracked |  0
|  14|0x0000000704e00000, 0x0000000704e00000, 0x0000000705000000|  0%| F|  |TAMS 0x0000000704e00000| PB 0x0000000704e00000| Untracked |  0
|  15|0x0000000705000000, 0x0000000705088f80, 0x0000000705200000| 26%| O|  |TAMS 0x0000000705000000| PB 0x0000000705000000| Untracked |  0
|  16|0x0000000705200000, 0x0000000705200000, 0x0000000705400000|  0%| F|  |TAMS 0x0000000705200000| PB 0x0000000705200000| Untracked |  0
|  17|0x0000000705400000, 0x0000000705600000, 0x0000000705600000|100%| S|CS|TAMS 0x0000000705400000| PB 0x0000000705400000| Complete |  0
|  18|0x0000000705600000, 0x0000000705800000, 0x0000000705800000|100%| S|CS|TAMS 0x0000000705600000| PB 0x0000000705600000| Complete |  0
|  19|0x0000000705800000, 0x0000000705800000, 0x0000000705a00000|  0%| F|  |TAMS 0x0000000705800000| PB 0x0000000705800000| Untracked |  0
|  20|0x0000000705a00000, 0x0000000705a00000, 0x0000000705c00000|  0%| F|  |TAMS 0x0000000705a00000| PB 0x0000000705a00000| Untracked |  0
|  21|0x0000000705c00000, 0x0000000705c00000, 0x0000000705e00000|  0%| F|  |TAMS 0x0000000705c00000| PB 0x0000000705c00000| Untracked |  0
|  22|0x0000000705e00000, 0x0000000705e00000, 0x0000000706000000|  0%| F|  |TAMS 0x0000000705e00000| PB 0x0000000705e00000| Untracked |  0
|  23|0x0000000706000000, 0x0000000706000000, 0x0000000706200000|  0%| F|  |TAMS 0x0000000706000000| PB 0x0000000706000000| Untracked |  0
|  24|0x0000000706200000, 0x0000000706200000, 0x0000000706400000|  0%| F|  |TAMS 0x0000000706200000| PB 0x0000000706200000| Untracked |  0
|  25|0x0000000706400000, 0x0000000706400000, 0x0000000706600000|  0%| F|  |TAMS 0x0000000706400000| PB 0x0000000706400000| Untracked |  0
|  26|0x0000000706600000, 0x0000000706600000, 0x0000000706800000|  0%| F|  |TAMS 0x0000000706600000| PB 0x0000000706600000| Untracked |  0
|  27|0x0000000706800000, 0x0000000706800000, 0x0000000706a00000|  0%| F|  |TAMS 0x0000000706800000| PB 0x0000000706800000| Untracked |  0
|  28|0x0000000706a00000, 0x0000000706a00000, 0x0000000706c00000|  0%| F|  |TAMS 0x0000000706a00000| PB 0x0000000706a00000| Untracked |  0
|  29|0x0000000706c00000, 0x0000000706c00000, 0x0000000706e00000|  0%| F|  |TAMS 0x0000000706c00000| PB 0x0000000706c00000| Untracked |  0
|  30|0x0000000706e00000, 0x0000000706e00000, 0x0000000707000000|  0%| F|  |TAMS 0x0000000706e00000| PB 0x0000000706e00000| Untracked |  0
|  31|0x0000000707000000, 0x0000000707000000, 0x0000000707200000|  0%| F|  |TAMS 0x0000000707000000| PB 0x0000000707000000| Untracked |  0
|  32|0x0000000707200000, 0x0000000707200000, 0x0000000707400000|  0%| F|  |TAMS 0x0000000707200000| PB 0x0000000707200000| Untracked |  0
|  33|0x0000000707400000, 0x0000000707400000, 0x0000000707600000|  0%| F|  |TAMS 0x0000000707400000| PB 0x0000000707400000| Untracked |  0
|  34|0x0000000707600000, 0x0000000707600000, 0x0000000707800000|  0%| F|  |TAMS 0x0000000707600000| PB 0x0000000707600000| Untracked |  0
|  35|0x0000000707800000, 0x0000000707800000, 0x0000000707a00000|  0%| F|  |TAMS 0x0000000707800000| PB 0x0000000707800000| Untracked |  0
|  36|0x0000000707a00000, 0x0000000707a00000, 0x0000000707c00000|  0%| F|  |TAMS 0x0000000707a00000| PB 0x0000000707a00000| Untracked |  0
|  37|0x0000000707c00000, 0x0000000707c00000, 0x0000000707e00000|  0%| F|  |TAMS 0x0000000707c00000| PB 0x0000000707c00000| Untracked |  0
|  38|0x0000000707e00000, 0x0000000707e00000, 0x0000000708000000|  0%| F|  |TAMS 0x0000000707e00000| PB 0x0000000707e00000| Untracked |  0
|  39|0x0000000708000000, 0x0000000708000000, 0x0000000708200000|  0%| F|  |TAMS 0x0000000708000000| PB 0x0000000708000000| Untracked |  0
|  40|0x0000000708200000, 0x0000000708200000, 0x0000000708400000|  0%| F|  |TAMS 0x0000000708200000| PB 0x0000000708200000| Untracked |  0
|  41|0x0000000708400000, 0x0000000708400000, 0x0000000708600000|  0%| F|  |TAMS 0x0000000708400000| PB 0x0000000708400000| Untracked |  0
|  42|0x0000000708600000, 0x0000000708600000, 0x0000000708800000|  0%| F|  |TAMS 0x0000000708600000| PB 0x0000000708600000| Untracked |  0
|  43|0x0000000708800000, 0x0000000708800000, 0x0000000708a00000|  0%| F|  |TAMS 0x0000000708800000| PB 0x0000000708800000| Untracked |  0
|  44|0x0000000708a00000, 0x0000000708a00000, 0x0000000708c00000|  0%| F|  |TAMS 0x0000000708a00000| PB 0x0000000708a00000| Untracked |  0
|  45|0x0000000708c00000, 0x0000000708c00000, 0x0000000708e00000|  0%| F|  |TAMS 0x0000000708c00000| PB 0x0000000708c00000| Untracked |  0
|  46|0x0000000708e00000, 0x0000000708e00000, 0x0000000709000000|  0%| F|  |TAMS 0x0000000708e00000| PB 0x0000000708e00000| Untracked |  0
|  47|0x0000000709000000, 0x0000000709000000, 0x0000000709200000|  0%| F|  |TAMS 0x0000000709000000| PB 0x0000000709000000| Untracked |  0
|  48|0x0000000709200000, 0x0000000709200000, 0x0000000709400000|  0%| F|  |TAMS 0x0000000709200000| PB 0x0000000709200000| Untracked |  0
|  49|0x0000000709400000, 0x0000000709412918, 0x0000000709600000|  3%| E|  |TAMS 0x0000000709400000| PB 0x0000000709400000| Complete |  0
|  50|0x0000000709600000, 0x0000000709800000, 0x0000000709800000|100%| E|CS|TAMS 0x0000000709600000| PB 0x0000000709600000| Complete |  0
|  51|0x0000000709800000, 0x0000000709a00000, 0x0000000709a00000|100%| E|CS|TAMS 0x0000000709800000| PB 0x0000000709800000| Complete |  0
|  52|0x0000000709a00000, 0x0000000709c00000, 0x0000000709c00000|100%| E|CS|TAMS 0x0000000709a00000| PB 0x0000000709a00000| Complete |  0
|  53|0x0000000709c00000, 0x0000000709e00000, 0x0000000709e00000|100%| E|CS|TAMS 0x0000000709c00000| PB 0x0000000709c00000| Complete |  0
|  54|0x0000000709e00000, 0x000000070a000000, 0x000000070a000000|100%| E|CS|TAMS 0x0000000709e00000| PB 0x0000000709e00000| Complete |  0
|  55|0x000000070a000000, 0x000000070a200000, 0x000000070a200000|100%| E|CS|TAMS 0x000000070a000000| PB 0x000000070a000000| Complete |  0
|  56|0x000000070a200000, 0x000000070a400000, 0x000000070a400000|100%| E|CS|TAMS 0x000000070a200000| PB 0x000000070a200000| Complete |  0
|  57|0x000000070a400000, 0x000000070a600000, 0x000000070a600000|100%| E|CS|TAMS 0x000000070a400000| PB 0x000000070a400000| Complete |  0
|  58|0x000000070a600000, 0x000000070a800000, 0x000000070a800000|100%| E|CS|TAMS 0x000000070a600000| PB 0x000000070a600000| Complete |  0
|  59|0x000000070a800000, 0x000000070aa00000, 0x000000070aa00000|100%| E|CS|TAMS 0x000000070a800000| PB 0x000000070a800000| Complete |  0
|  60|0x000000070aa00000, 0x000000070ac00000, 0x000000070ac00000|100%| E|CS|TAMS 0x000000070aa00000| PB 0x000000070aa00000| Complete |  0
|  61|0x000000070ac00000, 0x000000070ae00000, 0x000000070ae00000|100%| E|CS|TAMS 0x000000070ac00000| PB 0x000000070ac00000| Complete |  0
|  62|0x000000070ae00000, 0x000000070b000000, 0x000000070b000000|100%| E|CS|TAMS 0x000000070ae00000| PB 0x000000070ae00000| Complete |  0
|  63|0x000000070b000000, 0x000000070b200000, 0x000000070b200000|100%| E|CS|TAMS 0x000000070b000000| PB 0x000000070b000000| Complete |  0
|  64|0x000000070b200000, 0x000000070b400000, 0x000000070b400000|100%| E|CS|TAMS 0x000000070b200000| PB 0x000000070b200000| Complete |  0
|  65|0x000000070b400000, 0x000000070b600000, 0x000000070b600000|100%| E|CS|TAMS 0x000000070b400000| PB 0x000000070b400000| Complete |  0
|  66|0x000000070b600000, 0x000000070b800000, 0x000000070b800000|100%| E|CS|TAMS 0x000000070b600000| PB 0x000000070b600000| Complete |  0
|  67|0x000000070b800000, 0x000000070ba00000, 0x000000070ba00000|100%| E|CS|TAMS 0x000000070b800000| PB 0x000000070b800000| Complete |  0
|  68|0x000000070ba00000, 0x000000070bc00000, 0x000000070bc00000|100%| E|CS|TAMS 0x000000070ba00000| PB 0x000000070ba00000| Complete |  0
|  69|0x000000070bc00000, 0x000000070be00000, 0x000000070be00000|100%| E|CS|TAMS 0x000000070bc00000| PB 0x000000070bc00000| Complete |  0
|  70|0x000000070be00000, 0x000000070c000000, 0x000000070c000000|100%| E|CS|TAMS 0x000000070be00000| PB 0x000000070be00000| Complete |  0
|  71|0x000000070c000000, 0x000000070c200000, 0x000000070c200000|100%| E|CS|TAMS 0x000000070c000000| PB 0x000000070c000000| Complete |  0
| 112|0x0000000711200000, 0x0000000711400000, 0x0000000711400000|100%| E|CS|TAMS 0x0000000711200000| PB 0x0000000711200000| Complete |  0
| 113|0x0000000711400000, 0x0000000711600000, 0x0000000711600000|100%| E|CS|TAMS 0x0000000711400000| PB 0x0000000711400000| Complete |  0
| 114|0x0000000711600000, 0x0000000711800000, 0x0000000711800000|100%| E|CS|TAMS 0x0000000711600000| PB 0x0000000711600000| Complete |  0
| 115|0x0000000711800000, 0x0000000711a00000, 0x0000000711a00000|100%| E|CS|TAMS 0x0000000711800000| PB 0x0000000711800000| Complete |  0
| 116|0x0000000711a00000, 0x0000000711c00000, 0x0000000711c00000|100%| E|CS|TAMS 0x0000000711a00000| PB 0x0000000711a00000| Complete |  0
| 126|0x0000000712e00000, 0x0000000713000000, 0x0000000713000000|100%| E|CS|TAMS 0x0000000712e00000| PB 0x0000000712e00000| Complete |  0
|2022|0x00000007ffe00000, 0x0000000800000000, 0x0000000800000000|100%| E|CS|TAMS 0x00000007ffe00000| PB 0x00000007ffe00000| Complete |  0

Card table byte_map: [0x000001c664300000,0x000001c664af0000] _byte_map_base: 0x000001c660ae7000

Marking Bits: (CMBitMap*) 0x000001c64bea8780
 Bits: [0x000001c664af0000, 0x000001c668a28000)

Polling page: 0x000001c649da0000

Metaspace:
Metaspace        used 49321K, committed 50048K, reserved 1114112K
 class space     used 5993K, committed 6272K, reserved 1048576K

Usage:
  Non-class:     42.31 MB used.
      Class:      5.85 MB used.
       Both:     48.17 MB used.

Virtual space:
  Non-class space:       64.00 MB reserved,      42.75 MB ( 67%) committed,  1 nodes.
      Class space:        1.00 GB reserved,       6.12 MB ( <1%) committed,  1 nodes.
             Both:        1.06 GB reserved,      48.88 MB (  4%) committed. 

Chunk freelists:
   Non-Class:  5.04 MB
       Class:  9.89 MB
        Both:  14.93 MB

MaxMetaspaceSize: unlimited
CompressedClassSpaceSize: 1.00 GB
Initial GC threshold: 21.00 MB
Current GC threshold: 59.62 MB
CDS: on
 - commit_granule_bytes: 65536.
 - commit_granule_words: 8192.
 - virtual_space_node_default_size: 8388608.
 - enlarge_chunks_in_place: 1.
UseCompressedClassPointers 1, UseCompactObjectHeaders 0
Narrow klass pointer bits 32, Max shift 3
Narrow klass base: 0x0000000018000000, Narrow klass shift: 0
Encoding Range: [0x0000000018000000 - 0x0000000118000000), (4294967296 bytes)
Klass Range:    [0x0000000018010000 - 0x0000000059000000), (1090453504 bytes)
Klass ID Range:  [65536 - 1090519033) (1090453497)
Protection zone: [0x0000000018000000 - 0x0000000018010000), (65536 bytes)


Internal statistics:

num_allocs_failed_limit: 11.
num_arena_births: 690.
num_arena_deaths: 2.
num_vsnodes_births: 2.
num_vsnodes_deaths: 0.
num_space_committed: 782.
num_space_uncommitted: 0.
num_chunks_returned_to_freelist: 14.
num_chunks_taken_from_freelist: 1987.
num_chunk_merges: 8.
num_chunk_splits: 1312.
num_chunks_enlarged: 915.
num_inconsistent_stats: 0.

CodeHeap 'non-profiled nmethods': size=120064Kb used=2397Kb max_used=2397Kb free=117666Kb
 bounds [0x000001c65c180000, 0x000001c65c3f0000, 0x000001c6636c0000]
CodeHeap 'profiled nmethods': size=120000Kb used=8595Kb max_used=8595Kb free=111404Kb
 bounds [0x000001c6546c0000, 0x000001c654f30000, 0x000001c65bbf0000]
CodeHeap 'non-nmethods': size=5696Kb used=2680Kb max_used=2739Kb free=3015Kb
 bounds [0x000001c65bbf0000, 0x000001c65beb0000, 0x000001c65c180000]
CodeCache: size=245760Kb, used=13672Kb, max_used=13731Kb, free=232085Kb
 total_blobs=6191, nmethods=5259, adapters=835, full_count=0
Compilation: enabled, stopped_count=0, restarted_count=0

Compilation events (20 events):
Event: 8.942 Thread 0x000001c66b2c4550 nmethod 5517 0x000001c654f21b08 code [0x000001c654f21c00, 0x000001c654f226f0]
Event: 8.942 Thread 0x000001c66b2c4550 5518       3       java.nio.Buffer::nextPutIndex (32 bytes)
Event: 8.942 Thread 0x000001c66b2c4550 nmethod 5518 0x000001c654f22708 code [0x000001c654f22800, 0x000001c654f22a18]
Event: 8.942 Thread 0x000001c66b2c4550 5519       3       jdk.internal.net.http.common.SequentialScheduler::runOrSchedule (10 bytes)
Event: 8.943 Thread 0x000001c66b2c4550 nmethod 5519 0x000001c654f22a88 code [0x000001c654f22b80, 0x000001c654f22cc8]
Event: 8.971 Thread 0x000001c66b2c4550 5520   !   3       jdk.internal.net.http.common.SequentialScheduler$LockingRestartableTask::run (72 bytes)
Event: 8.971 Thread 0x000001c66b2be340 5523   !   4       org.openqa.selenium.json.Input::fill (125 bytes)
Event: 8.971 Thread 0x000001c66b2c4550 nmethod 5520 0x000001c654f22d88 code [0x000001c654f22e80, 0x000001c654f23480]
Event: 8.971 Thread 0x000001c66b2c4550 5521       3       jdk.internal.misc.VM::isBooted (13 bytes)
Event: 8.972 Thread 0x000001c66b2c4550 nmethod 5521 0x000001c654f23508 code [0x000001c654f23600, 0x000001c654f23748]
Event: 8.972 Thread 0x000001c66b2c4550 5522       1       java.util.stream.ForEachOps$ForEachOp::get (2 bytes)
Event: 8.972 Thread 0x000001c66b2c4550 nmethod 5522 0x000001c65c3d7008 code [0x000001c65c3d7100, 0x000001c65c3d71d0]
Event: 8.974 Thread 0x000001c66b2c4550 5524       3       java.util.concurrent.ConcurrentLinkedDeque::isEmpty (13 bytes)
Event: 8.974 Thread 0x000001c66b2c4550 nmethod 5524 0x000001c654f23808 code [0x000001c654f23900, 0x000001c654f23aa0]
Event: 8.974 Thread 0x000001c66b2c4550 5525       3       java.util.concurrent.CompletableFuture::whenComplete (7 bytes)
Event: 8.974 Thread 0x000001c66b2c4550 nmethod 5525 0x000001c654f23b08 code [0x000001c654f23c00, 0x000001c654f23d40]
Event: 8.980 Thread 0x000001c66b2be340 nmethod 5523 0x000001c65c3d7308 code [0x000001c65c3d7400, 0x000001c65c3d76d8]
Event: 8.992 Thread 0x000001c66b2c4550 5526       3       java.util.concurrent.ThreadPoolExecutor::runStateAtLeast (11 bytes)
Event: 8.993 Thread 0x000001c66b2c4550 nmethod 5526 0x000001c654f23e08 code [0x000001c654f23f00, 0x000001c654f24038]
Event: 8.994 Thread 0x000001c66b2c4550 5527       3       java.util.concurrent.CompletableFuture::internalComplete (10 bytes)

GC Heap Usage History (16 events):
Event: 1.169 {heap Before GC invocations=0 (full 0):
 garbage-first heap   total reserved 4143104K, committed 262144K, used 48277K [0x0000000703200000, 0x0000000800000000)
  region size 2048K, 24 young (49152K), 0 survivors (0K)
}
Event: 1.174 {heap After GC invocations=1 (full 0):
 garbage-first heap   total reserved 4143104K, committed 262144K, used 8311K [0x0000000703200000, 0x0000000800000000)
  region size 2048K, 3 young (6144K), 3 survivors (6144K)
}
Event: 1.413 {heap Before GC invocations=1 (full 0):
 garbage-first heap   total reserved 4143104K, committed 262144K, used 26743K [0x0000000703200000, 0x0000000800000000)
  region size 2048K, 13 young (26624K), 3 survivors (6144K)
}
Event: 1.417 {heap After GC invocations=2 (full 0):
 garbage-first heap   total reserved 4143104K, committed 262144K, used 10988K [0x0000000703200000, 0x0000000800000000)
  region size 2048K, 5 young (10240K), 5 survivors (10240K)
}
Event: 1.718 {heap Before GC invocations=3 (full 0):
 garbage-first heap   total reserved 4143104K, committed 49152K, used 45804K [0x0000000703200000, 0x0000000800000000)
  region size 2048K, 22 young (45056K), 5 survivors (10240K)
}
Event: 1.728 {heap After GC invocations=4 (full 0):
 garbage-first heap   total reserved 4143104K, committed 63488K, used 16304K [0x0000000703200000, 0x0000000800000000)
  region size 2048K, 7 young (14336K), 7 survivors (14336K)
}
Event: 2.639 {heap Before GC invocations=4 (full 0):
 garbage-first heap   total reserved 4143104K, committed 63488K, used 36784K [0x0000000703200000, 0x0000000800000000)
  region size 2048K, 18 young (36864K), 7 survivors (14336K)
}
Event: 2.652 {heap After GC invocations=5 (full 0):
 garbage-first heap   total reserved 4143104K, committed 63488K, used 17644K [0x0000000703200000, 0x0000000800000000)
  region size 2048K, 1 young (2048K), 1 survivors (2048K)
}
Event: 2.946 {heap Before GC invocations=5 (full 0):
 garbage-first heap   total reserved 4143104K, committed 63488K, used 44268K [0x0000000703200000, 0x0000000800000000)
  region size 2048K, 14 young (28672K), 1 survivors (2048K)
}
Event: 2.950 {heap After GC invocations=6 (full 0):
 garbage-first heap   total reserved 4143104K, committed 63488K, used 18435K [0x0000000703200000, 0x0000000800000000)
  region size 2048K, 2 young (4096K), 2 survivors (4096K)
}
Event: 3.175 {heap Before GC invocations=6 (full 0):
 garbage-first heap   total reserved 4143104K, committed 63488K, used 34819K [0x0000000703200000, 0x0000000800000000)
  region size 2048K, 12 young (24576K), 2 survivors (4096K)
}
Event: 3.180 {heap After GC invocations=7 (full 0):
 garbage-first heap   total reserved 4143104K, committed 63488K, used 20446K [0x0000000703200000, 0x0000000800000000)
  region size 2048K, 2 young (4096K), 2 survivors (4096K)
}
Event: 3.547 {heap Before GC invocations=8 (full 0):
 garbage-first heap   total reserved 4143104K, committed 63488K, used 51166K [0x0000000703200000, 0x0000000800000000)
  region size 2048K, 16 young (32768K), 2 survivors (4096K)
}
Event: 3.556 {heap After GC invocations=9 (full 0):
 garbage-first heap   total reserved 4143104K, committed 63488K, used 24762K [0x0000000703200000, 0x0000000800000000)
  region size 2048K, 2 young (4096K), 2 survivors (4096K)
}
Event: 3.748 {heap Before GC invocations=9 (full 0):
 garbage-first heap   total reserved 4143104K, committed 63488K, used 49338K [0x0000000703200000, 0x0000000800000000)
  region size 2048K, 14 young (28672K), 2 survivors (4096K)
}
Event: 3.759 {heap After GC invocations=10 (full 0):
 garbage-first heap   total reserved 4143104K, committed 161792K, used 29219K [0x0000000703200000, 0x0000000800000000)
  region size 2048K, 2 young (4096K), 2 survivors (4096K)
}

Metaspace Usage History (16 events):
Event: 1.169 {metaspace Before GC invocations=0 (full 0):
 Metaspace       used 16476K, committed 16704K, reserved 1114112K
  class space    used 1766K, committed 1856K, reserved 1048576K
}
Event: 1.174 {metaspace After GC invocations=1 (full 0):
 Metaspace       used 16476K, committed 16704K, reserved 1114112K
  class space    used 1766K, committed 1856K, reserved 1048576K
}
Event: 1.413 {metaspace Before GC invocations=1 (full 0):
 Metaspace       used 21281K, committed 21504K, reserved 1114112K
  class space    used 2309K, committed 2432K, reserved 1048576K
}
Event: 1.417 {metaspace After GC invocations=2 (full 0):
 Metaspace       used 21281K, committed 21504K, reserved 1114112K
  class space    used 2309K, committed 2432K, reserved 1048576K
}
Event: 1.718 {metaspace Before GC invocations=3 (full 0):
 Metaspace       used 24054K, committed 24320K, reserved 1114112K
  class space    used 2660K, committed 2752K, reserved 1048576K
}
Event: 1.728 {metaspace After GC invocations=4 (full 0):
 Metaspace       used 24054K, committed 24320K, reserved 1114112K
  class space    used 2660K, committed 2752K, reserved 1048576K
}
Event: 2.639 {metaspace Before GC invocations=4 (full 0):
 Metaspace       used 28755K, committed 29056K, reserved 1114112K
  class space    used 3317K, committed 3456K, reserved 1048576K
}
Event: 2.652 {metaspace After GC invocations=5 (full 0):
 Metaspace       used 28755K, committed 29056K, reserved 1114112K
  class space    used 3317K, committed 3456K, reserved 1048576K
}
Event: 2.946 {metaspace Before GC invocations=5 (full 0):
 Metaspace       used 31512K, committed 31808K, reserved 1114112K
  class space    used 3736K, committed 3904K, reserved 1048576K
}
Event: 2.950 {metaspace After GC invocations=6 (full 0):
 Metaspace       used 31512K, committed 31808K, reserved 1114112K
  class space    used 3736K, committed 3904K, reserved 1048576K
}
Event: 3.175 {metaspace Before GC invocations=6 (full 0):
 Metaspace       used 35675K, committed 35968K, reserved 1114112K
  class space    used 4185K, committed 4288K, reserved 1048576K
}
Event: 3.180 {metaspace After GC invocations=7 (full 0):
 Metaspace       used 35675K, committed 35968K, reserved 1114112K
  class space    used 4185K, committed 4288K, reserved 1048576K
}
Event: 3.547 {metaspace Before GC invocations=8 (full 0):
 Metaspace       used 40478K, committed 40960K, reserved 1114112K
  class space    used 4713K, committed 4928K, reserved 1048576K
}
Event: 3.556 {metaspace After GC invocations=9 (full 0):
 Metaspace       used 40478K, committed 40960K, reserved 1114112K
  class space    used 4713K, committed 4928K, reserved 1048576K
}
Event: 3.748 {metaspace Before GC invocations=9 (full 0):
 Metaspace       used 43545K, committed 44096K, reserved 1114112K
  class space    used 5148K, committed 5376K, reserved 1048576K
}
Event: 3.759 {metaspace After GC invocations=10 (full 0):
 Metaspace       used 43545K, committed 44096K, reserved 1114112K
  class space    used 5148K, committed 5376K, reserved 1048576K
}

Dll operation events (12 events):
Event: 0.014 Loaded shared library C:\Program Files\Java\jdk-25.0.2\bin\java.dll
Event: 0.016 Loaded shared library C:\Program Files\Java\jdk-25.0.2\bin\zip.dll
Event: 0.152 Loaded shared library C:\Program Files\Java\jdk-25.0.2\bin\instrument.dll
Event: 0.167 Loaded shared library C:\Program Files\Java\jdk-25.0.2\bin\verify.dll
Event: 0.206 Loaded shared library C:\Program Files\Java\jdk-25.0.2\bin\net.dll
Event: 0.208 Loaded shared library C:\Program Files\Java\jdk-25.0.2\bin\nio.dll
Event: 0.220 Loaded shared library C:\Program Files\Java\jdk-25.0.2\bin\zip.dll
Event: 0.256 Loaded shared library C:\Program Files\Java\jdk-25.0.2\bin\extnet.dll
Event: 0.388 Loaded shared library C:\Program Files\Java\jdk-25.0.2\bin\jimage.dll
Event: 1.687 Loaded shared library C:\Program Files\Java\jdk-25.0.2\bin\management.dll
Event: 1.689 Loaded shared library C:\Program Files\Java\jdk-25.0.2\bin\management_ext.dll
Event: 1.805 Loaded shared library C:\Program Files\Java\jdk-25.0.2\bin\sunmscapi.dll

Deoptimization events (20 events):
Event: 7.345 Thread 0x000001c64be3dae0 Uncommon trap: trap_request=0xffffffde fr.pc=0x000001c65c38b770 relative=0x0000000000000170
Event: 7.345 Thread 0x000001c64be3dae0 Uncommon trap: reason=class_check action=maybe_recompile pc=0x000001c65c38b770 method=sun.security.util.math.intpoly.IntegerPolynomial.multByInt([JJ)V @ 26 c2
Event: 7.345 Thread 0x000001c64be3dae0 DEOPT PACKING pc=0x000001c65c38b770 sp=0x000000827cdfa410
Event: 7.345 Thread 0x000001c64be3dae0 DEOPT UNPACKING pc=0x000001c65bd0f882 sp=0x000000827cdfa3b0 mode 2
Event: 7.345 Thread 0x000001c64be3dae0 Uncommon trap: trap_request=0xffffffde fr.pc=0x000001c65c38b770 relative=0x0000000000000170
Event: 7.345 Thread 0x000001c64be3dae0 Uncommon trap: reason=class_check action=maybe_recompile pc=0x000001c65c38b770 method=sun.security.util.math.intpoly.IntegerPolynomial.multByInt([JJ)V @ 26 c2
Event: 7.345 Thread 0x000001c64be3dae0 DEOPT PACKING pc=0x000001c65c38b770 sp=0x000000827cdfa410
Event: 7.345 Thread 0x000001c64be3dae0 DEOPT UNPACKING pc=0x000001c65bd0f882 sp=0x000000827cdfa3b0 mode 2
Event: 7.599 Thread 0x000001c64be3dae0 Uncommon trap: trap_request=0xffffffde fr.pc=0x000001c65c39c298 relative=0x0000000000000198
Event: 7.599 Thread 0x000001c64be3dae0 Uncommon trap: reason=class_check action=maybe_recompile pc=0x000001c65c39c298 method=java.util.regex.Pattern$Branch.match(Ljava/util/regex/Matcher;ILjava/lang/CharSequence;)Z @ 32 c2
Event: 7.599 Thread 0x000001c64be3dae0 DEOPT PACKING pc=0x000001c65c39c298 sp=0x000000827cdfabf0
Event: 7.599 Thread 0x000001c64be3dae0 DEOPT UNPACKING pc=0x000001c65bd0f882 sp=0x000000827cdfab80 mode 2
Event: 7.852 Thread 0x000001c64be3dae0 Uncommon trap: trap_request=0xffffffde fr.pc=0x000001c65c39b54c relative=0x00000000000000cc
Event: 7.852 Thread 0x000001c64be3dae0 Uncommon trap: reason=class_check action=maybe_recompile pc=0x000001c65c39b54c method=java.lang.Character.isWhitespace(I)Z @ 5 c2
Event: 7.852 Thread 0x000001c64be3dae0 DEOPT PACKING pc=0x000001c65c39b54c sp=0x000000827cdfd600
Event: 7.852 Thread 0x000001c64be3dae0 DEOPT UNPACKING pc=0x000001c65bd0f882 sp=0x000000827cdfd538 mode 2
Event: 8.994 Thread 0x000001c64be3dae0 Uncommon trap: trap_request=0xffffff45 fr.pc=0x000001c65c1d9500 relative=0x0000000000000280
Event: 8.994 Thread 0x000001c64be3dae0 Uncommon trap: reason=unstable_if action=reinterpret pc=0x000001c65c1d9500 method=java.util.concurrent.ConcurrentHashMap.get(Ljava/lang/Object;)Ljava/lang/Object; @ 86 c2
Event: 8.994 Thread 0x000001c64be3dae0 DEOPT PACKING pc=0x000001c65c1d9500 sp=0x000000827cdfd860
Event: 8.995 Thread 0x000001c64be3dae0 DEOPT UNPACKING pc=0x000001c65bd0f882 sp=0x000000827cdfd7c8 mode 2

Classes loaded (20 events):
Event: 7.213 Loading class io/qameta/allure/internal/shadowed/jackson/databind/ser/impl/PropertySerializerMap$Double
Event: 7.213 Loading class io/qameta/allure/internal/shadowed/jackson/databind/ser/impl/PropertySerializerMap$Double done
Event: 7.216 Loading class io/qameta/allure/internal/shadowed/jackson/core/io/NumberOutput
Event: 7.216 Loading class io/qameta/allure/internal/shadowed/jackson/core/io/NumberOutput done
Event: 7.217 Loading class java/io/FileOutputStream$1
Event: 7.217 Loading class java/io/FileOutputStream$1 done
Event: 7.217 Loading class io/qameta/allure/model/TestResult
Event: 7.217 Loading class io/qameta/allure/model/TestResult done
Event: 7.217 Loading class com/intellij/rt/execution/junit/ComparisonFailureData
Event: 7.217 Loading class com/intellij/rt/execution/junit/ComparisonFailureData done
Event: 7.218 Loading class junit/framework/ComparisonFailure
Event: 7.218 Loading class junit/framework/ComparisonFailure done
Event: 7.218 Loading class com/intellij/rt/execution/junit/FileComparisonData
Event: 7.218 Loading class com/intellij/rt/execution/junit/FileComparisonData done
Event: 7.218 Loading class com/intellij/rt/testng/TestNGExpectedPatterns
Event: 7.218 Loading class com/intellij/rt/testng/TestNGExpectedPatterns done
Event: 7.218 Loading class com/intellij/rt/execution/testFrameworks/AbstractExpectedPatterns
Event: 7.218 Loading class com/intellij/rt/execution/testFrameworks/AbstractExpectedPatterns done
Event: 7.250 Loading class org/codehaus/groovy/runtime/ArrayUtil
Event: 7.250 Loading class org/codehaus/groovy/runtime/ArrayUtil done

Classes unloaded (1 events):
Event: 3.197 Thread 0x000001c66b293880 Unloading class 0x0000000019043800 'java/lang/invoke/LambdaForm$DMH+0x0000000019043800'

Classes redefined (1 events):
Event: 0.182 Thread 0x000001c66b293880 redefined class name=java.lang.Throwable, count=1

Internal exceptions (20 events):
Event: 4.789 Thread 0x000001c64be3dae0 Exception <a 'java/lang/ClassNotFoundException'{0x000000070a82eb70}: [BCustomizer> (0x000000070a82eb70) 
thrown [s\open\src\hotspot\share\prims\jni.cpp, line 534]
Event: 4.789 Thread 0x000001c64be3dae0 Exception <a 'java/lang/ClassNotFoundException'{0x000000070a82f418}: [BCustomizer> (0x000000070a82f418) 
thrown [s\open\src\hotspot\share\prims\jni.cpp, line 534]
Event: 4.790 Thread 0x000001c64be3dae0 Exception <a 'java/lang/ClassNotFoundException'{0x000000070a83fcd8}: org/apache/http/conn/EofSensorInputStreamBeanInfo> (0x000000070a83fcd8) 
thrown [s\open\src\hotspot\share\classfile\systemDictionary.cpp, line 327]
Event: 4.790 Thread 0x000001c64be3dae0 Exception <a 'java/lang/ClassNotFoundException'{0x000000070a840fa8}: java/io/InputStreamBeanInfo> (0x000000070a840fa8) 
thrown [s\open\src\hotspot\share\classfile\systemDictionary.cpp, line 327]
Event: 4.790 Thread 0x000001c64be3dae0 Exception <a 'java/lang/ClassNotFoundException'{0x000000070a842240}: java/io/InputStreamCustomizer> (0x000000070a842240) 
thrown [s\open\src\hotspot\share\classfile\systemDictionary.cpp, line 327]
Event: 4.790 Thread 0x000001c64be3dae0 Exception <a 'java/lang/ClassNotFoundException'{0x000000070a84bd68}: org/apache/http/conn/EofSensorInputStreamCustomizer> (0x000000070a84bd68) 
thrown [s\open\src\hotspot\share\classfile\systemDictionary.cpp, line 327]
Event: 4.795 Thread 0x000001c64be3dae0 Exception <a 'java/lang/ClassNotFoundException'{0x000000070a8ad5e8}: io/restassured/parsing/ParserBeanInfo> (0x000000070a8ad5e8) 
thrown [s\open\src\hotspot\share\classfile\systemDictionary.cpp, line 327]
Event: 4.795 Thread 0x000001c64be3dae0 Exception <a 'java/lang/ClassNotFoundException'{0x000000070a8b00f0}: io/restassured/parsing/ParserCustomizer> (0x000000070a8b00f0) 
thrown [s\open\src\hotspot\share\classfile\systemDictionary.cpp, line 327]
Event: 4.796 Thread 0x000001c64be3dae0 Exception <a 'java/lang/ClassNotFoundException'{0x000000070a8c1650}: io/restassured/internal/path/json/JsonPrettifierBeanInfo> (0x000000070a8c1650) 
thrown [s\open\src\hotspot\share\classfile\systemDictionary.cpp, line 327]
Event: 4.796 Thread 0x000001c64be3dae0 Exception <a 'java/lang/ClassNotFoundException'{0x000000070a8c43d0}: io/restassured/internal/path/json/JsonPrettifierCustomizer> (0x000000070a8c43d0) 
thrown [s\open\src\hotspot\share\classfile\systemDictionary.cpp, line 327]
Event: 4.802 Thread 0x000001c64be3dae0 Exception <a 'java/lang/ClassNotFoundException'{0x000000070a92c8a8}: groovy/json/JsonTokenType$1BeanInfo> (0x000000070a92c8a8) 
thrown [s\open\src\hotspot\share\classfile\systemDictionary.cpp, line 327]
Event: 4.803 Thread 0x000001c64be3dae0 Exception <a 'java/lang/ClassNotFoundException'{0x000000070a92f378}: groovy/json/JsonTokenType$1Customizer> (0x000000070a92f378) 
thrown [s\open\src\hotspot\share\classfile\systemDictionary.cpp, line 327]
Event: 7.176 Thread 0x000001c64be3dae0 Exception <a 'java/lang/IncompatibleClassChangeError'{0x000000070a483de8}: Found class java.lang.Object, but interface was expected> (0x000000070a483de8) 
thrown [s\open\src\hotspot\share\interpreter\linkResolver.cpp, line 871]
Event: 7.176 Thread 0x000001c64be3dae0 Exception <a 'java/lang/IncompatibleClassChangeError'{0x000000070a48ba98}: Found class java.lang.Object, but interface was expected> (0x000000070a48ba98) 
thrown [s\open\src\hotspot\share\interpreter\linkResolver.cpp, line 871]
Event: 7.176 Thread 0x000001c64be3dae0 Exception <a 'java/lang/IncompatibleClassChangeError'{0x000000070a493788}: Found class java.lang.Object, but interface was expected> (0x000000070a493788) 
thrown [s\open\src\hotspot\share\interpreter\linkResolver.cpp, line 871]
Event: 7.176 Thread 0x000001c64be3dae0 Exception <a 'java/lang/IncompatibleClassChangeError'{0x000000070a49b450}: Found class java.lang.Object, but interface was expected> (0x000000070a49b450) 
thrown [s\open\src\hotspot\share\interpreter\linkResolver.cpp, line 871]
Event: 7.176 Thread 0x000001c64be3dae0 Exception <a 'java/lang/IncompatibleClassChangeError'{0x000000070a4a34e0}: Found class java.lang.Object, but interface was expected> (0x000000070a4a34e0) 
thrown [s\open\src\hotspot\share\interpreter\linkResolver.cpp, line 871]
Event: 7.177 Thread 0x000001c64be3dae0 Exception <a 'sun/nio/fs/WindowsException'{0x000000070a4ab228}> (0x000000070a4ab228) 
thrown [s\open\src\hotspot\share\prims\jni.cpp, line 516]
Event: 7.217 Thread 0x000001c64be3dae0 Exception <a 'java/lang/IncompatibleClassChangeError'{0x000000070a37a1d0}: Found class java.lang.Object, but interface was expected> (0x000000070a37a1d0) 
thrown [s\open\src\hotspot\share\interpreter\linkResolver.cpp, line 871]
Event: 7.259 Thread 0x000001c64be3dae0 Exception <a 'java/lang/ClassCastException'{0x000000070964e3f8}: class io.restassured.filter.time.TimingFilter cannot be cast to class groovy.lang.GroovyObject (io.restassured.filter.time.TimingFilter and groovy.lang.GroovyObject are in unnamed module of loader 'app')> (0x000000070964e3f8) 
thrown [s\open\src\hotspot\share\interpreter\interpreterRuntime.cpp, line 436]

VM Operations (20 events):
Event: 3.547 Executing safepoint VM operation: G1CollectForAllocation (G1 Evacuation Pause)
Event: 3.556 Executing safepoint VM operation: G1CollectForAllocation (G1 Evacuation Pause) done
Event: 3.622 Executing non-safepoint VM operation: HandshakeAllThreads (Deoptimize)
Event: 3.622 Executing non-safepoint VM operation: HandshakeAllThreads (Deoptimize) done
Event: 3.722 Executing non-safepoint VM operation: HandshakeAllThreads (Deoptimize)
Event: 3.722 Executing non-safepoint VM operation: HandshakeAllThreads (Deoptimize) done
Event: 3.748 Executing safepoint VM operation: G1CollectForAllocation (G1 Evacuation Pause)
Event: 3.759 Executing safepoint VM operation: G1CollectForAllocation (G1 Evacuation Pause) done
Event: 4.151 Executing non-safepoint VM operation: HandshakeAllThreads (Deoptimize)
Event: 4.151 Executing non-safepoint VM operation: HandshakeAllThreads (Deoptimize) done
Event: 4.763 Executing non-safepoint VM operation: HandshakeAllThreads (Deoptimize)
Event: 4.763 Executing non-safepoint VM operation: HandshakeAllThreads (Deoptimize) done
Event: 4.801 Executing non-safepoint VM operation: HandshakeAllThreads (Deoptimize)
Event: 4.801 Executing non-safepoint VM operation: HandshakeAllThreads (Deoptimize) done
Event: 4.801 Executing non-safepoint VM operation: HandshakeAllThreads (Deoptimize)
Event: 4.801 Executing non-safepoint VM operation: HandshakeAllThreads (Deoptimize) done
Event: 7.175 Executing non-safepoint VM operation: HandshakeAllThreads (Deoptimize)
Event: 7.175 Executing non-safepoint VM operation: HandshakeAllThreads (Deoptimize) done
Event: 7.177 Executing non-safepoint VM operation: HandshakeAllThreads (Deoptimize)
Event: 7.177 Executing non-safepoint VM operation: HandshakeAllThreads (Deoptimize) done

Memory protections (0 events):
No events

Nmethod flushes (20 events):
Event: 3.203 Thread 0x000001c66b293880 flushing  nmethod 0x000001c654810a88
Event: 3.203 Thread 0x000001c66b293880 flushing  nmethod 0x000001c654812108
Event: 3.203 Thread 0x000001c66b293880 flushing  nmethod 0x000001c654813e08
Event: 3.203 Thread 0x000001c66b293880 flushing  nmethod 0x000001c654814388
Event: 3.203 Thread 0x000001c66b293880 flushing  nmethod 0x000001c654824088
Event: 3.203 Thread 0x000001c66b293880 flushing  nmethod 0x000001c65482d988
Event: 3.203 Thread 0x000001c66b293880 flushing  nmethod 0x000001c654853808
Event: 3.203 Thread 0x000001c66b293880 flushing  nmethod 0x000001c6548e7508
Event: 3.203 Thread 0x000001c66b293880 flushing  nmethod 0x000001c654931c88
Event: 3.203 Thread 0x000001c66b293880 flushing  nmethod 0x000001c654984b08
Event: 3.203 Thread 0x000001c66b293880 flushing  nmethod 0x000001c654985188
Event: 3.203 Thread 0x000001c66b293880 flushing  nmethod 0x000001c654985508
Event: 3.203 Thread 0x000001c66b293880 flushing  nmethod 0x000001c654988a88
Event: 3.203 Thread 0x000001c66b293880 flushing  nmethod 0x000001c654994308
Event: 3.203 Thread 0x000001c66b293880 flushing  nmethod 0x000001c654994908
Event: 3.203 Thread 0x000001c66b293880 flushing  nmethod 0x000001c654995808
Event: 3.203 Thread 0x000001c66b293880 flushing  nmethod 0x000001c654997508
Event: 3.203 Thread 0x000001c66b293880 flushing  nmethod 0x000001c654998388
Event: 3.203 Thread 0x000001c66b293880 flushing  nmethod 0x000001c654998688
Event: 3.203 Thread 0x000001c66b293880 flushing  nmethod 0x000001c6549b4f08

Events (20 events):
Event: 2.625 Thread 0x000001c66b595120 Thread exited: 0x000001c66b595120
Event: 2.627 Thread 0x000001c66b594100 Thread exited: 0x000001c66b594100
Event: 2.708 Thread 0x000001c64be3dae0 Thread added: 0x000001c6726978b0
Event: 2.709 Thread 0x000001c64be3dae0 Thread added: 0x000001c6726949d0
Event: 2.711 Thread 0x000001c6726978b0 Thread added: 0x000001c672699020
Event: 2.711 Thread 0x000001c6726978b0 Thread added: 0x000001c67269af60
Event: 2.711 Thread 0x000001c6726978b0 Thread added: 0x000001c6726997f0
Event: 2.896 Thread 0x000001c66b2be340 Thread added: 0x000001c6719bf1e0
Event: 2.898 Thread 0x000001c6719bf1e0 Thread added: 0x000001c6719c7af0
Event: 3.719 Thread 0x000001c64be3dae0 Thread added: 0x000001c67387bca0
Event: 4.149 Thread 0x000001c6719c7af0 Thread exited: 0x000001c6719c7af0
Event: 4.149 Thread 0x000001c6719bf1e0 Thread exited: 0x000001c6719bf1e0
Event: 4.170 Thread 0x000001c66b2c4550 Thread added: 0x000001c675063660
Event: 4.184 Thread 0x000001c66b2c4550 Thread added: 0x000001c675068700
Event: 4.509 Thread 0x000001c675068700 Thread exited: 0x000001c675068700
Event: 4.509 Thread 0x000001c675063660 Thread exited: 0x000001c675063660
Event: 7.225 Thread 0x000001c66b2c4550 Thread added: 0x000001c675063660
Event: 7.227 Thread 0x000001c66b2c4550 Thread added: 0x000001c675069f30
Event: 7.599 Thread 0x000001c675069f30 Thread exited: 0x000001c675069f30
Event: 7.842 Thread 0x000001c675063660 Thread exited: 0x000001c675063660


Dynamic libraries:
0x00007ff7f60e0000 - 0x00007ff7f60f0000 	C:\Program Files\Java\jdk-25.0.2\bin\java.exe
0x00007ffcfce40000 - 0x00007ffcfd0a7000 	C:\WINDOWS\SYSTEM32\ntdll.dll
0x00007ffcfc0c0000 - 0x00007ffcfc189000 	C:\WINDOWS\System32\KERNEL32.DLL
0x00007ffcf9910000 - 0x00007ffcf9d04000 	C:\WINDOWS\System32\KERNELBASE.dll
0x00007ffcf9710000 - 0x00007ffcf985b000 	C:\WINDOWS\System32\ucrtbase.dll
0x00007ffce7050000 - 0x00007ffce7067000 	C:\Program Files\Java\jdk-25.0.2\bin\jli.dll
0x00007ffce7070000 - 0x00007ffce708e000 	C:\Program Files\Java\jdk-25.0.2\bin\VCRUNTIME140.dll
0x00007ffcfc4b0000 - 0x00007ffcfc675000 	C:\WINDOWS\System32\USER32.dll
0x00007ffcfa1f0000 - 0x00007ffcfa217000 	C:\WINDOWS\System32\win32u.dll
0x00007ffcf8b10000 - 0x00007ffcf8da3000 	C:\WINDOWS\WinSxS\amd64_microsoft.windows.common-controls_6595b64144ccf1df_6.0.26100.8115_none_3e075c82e3354f9c\COMCTL32.dll
0x00007ffcfb6f0000 - 0x00007ffcfb799000 	C:\WINDOWS\System32\msvcrt.dll
0x00007ffcfcb90000 - 0x00007ffcfcbbb000 	C:\WINDOWS\System32\GDI32.dll
0x00007ffcf9d10000 - 0x00007ffcf9e3b000 	C:\WINDOWS\System32\gdi32full.dll
0x00007ffcf9860000 - 0x00007ffcf9903000 	C:\WINDOWS\System32\msvcp_win.dll
0x00007ffcfbf80000 - 0x00007ffcfbfb2000 	C:\WINDOWS\System32\IMM32.DLL
0x00007ffcf3d70000 - 0x00007ffcf3d7c000 	C:\Program Files\Java\jdk-25.0.2\bin\vcruntime140_1.dll
0x00007ffce6fc0000 - 0x00007ffce704d000 	C:\Program Files\Java\jdk-25.0.2\bin\msvcp140.dll
0x00007ffcc8830000 - 0x00007ffcc968f000 	C:\Program Files\Java\jdk-25.0.2\bin\server\jvm.dll
0x00007ffcfcd20000 - 0x00007ffcfcdd6000 	C:\WINDOWS\System32\ADVAPI32.dll
0x00007ffcfbec0000 - 0x00007ffcfbf67000 	C:\WINDOWS\System32\sechost.dll
0x00007ffcfbd20000 - 0x00007ffcfbe38000 	C:\WINDOWS\System32\RPCRT4.dll
0x00007ffcfb940000 - 0x00007ffcfb9c0000 	C:\WINDOWS\System32\WS2_32.dll
0x00007ffcf9570000 - 0x00007ffcf95ce000 	C:\WINDOWS\SYSTEM32\POWRPROF.dll
0x00007ffce7250000 - 0x00007ffce7286000 	C:\WINDOWS\SYSTEM32\WINMM.dll
0x00007ffcebec0000 - 0x00007ffcebecb000 	C:\WINDOWS\SYSTEM32\VERSION.dll
0x00007ffcf9550000 - 0x00007ffcf9564000 	C:\WINDOWS\SYSTEM32\UMPDC.dll
0x00007ffcf7b70000 - 0x00007ffcf7b8b000 	C:\WINDOWS\SYSTEM32\kernel.appcore.dll
0x00007ffcead40000 - 0x00007ffcead4a000 	C:\Program Files\Java\jdk-25.0.2\bin\jimage.dll
0x00007ffcf8ec0000 - 0x00007ffcf9102000 	C:\WINDOWS\SYSTEM32\DBGHELP.DLL
0x00007ffcfabe0000 - 0x00007ffcfaf62000 	C:\WINDOWS\System32\combase.dll
0x00007ffcfbb40000 - 0x00007ffcfbc18000 	C:\WINDOWS\System32\OLEAUT32.dll
0x00007ffcf8db0000 - 0x00007ffcf8deb000 	C:\WINDOWS\SYSTEM32\dbgcore.DLL
0x00007ffcfaa90000 - 0x00007ffcfab35000 	C:\WINDOWS\System32\bcryptPrimitives.dll
0x00007ffce6f90000 - 0x00007ffce6fa0000 	C:\Program Files\Java\jdk-25.0.2\bin\instrument.dll
0x00007ffce6fa0000 - 0x00007ffce6fbf000 	C:\Program Files\Java\jdk-25.0.2\bin\java.dll
0x00007ffcfb7a0000 - 0x00007ffcfb937000 	C:\WINDOWS\System32\ole32.dll
0x00007ffcfaf80000 - 0x00007ffcfb6e7000 	C:\WINDOWS\System32\SHELL32.dll
0x00007ffcfa080000 - 0x00007ffcfa1ea000 	C:\WINDOWS\System32\wintypes.dll
0x00007ffce6f70000 - 0x00007ffce6f87000 	C:\Program Files\Java\jdk-25.0.2\bin\zip.dll
0x00007ffcfa220000 - 0x00007ffcfaa88000 	C:\WINDOWS\System32\windows.storage.dll
0x00007ffcfbc20000 - 0x00007ffcfbd18000 	C:\WINDOWS\System32\SHCORE.dll
0x00007ffcfc050000 - 0x00007ffcfc0b6000 	C:\WINDOWS\System32\shlwapi.dll
0x00007ffcf9630000 - 0x00007ffcf9659000 	C:\WINDOWS\SYSTEM32\profapi.dll
0x00007ffce6f60000 - 0x00007ffce6f70000 	C:\Program Files\Java\jdk-25.0.2\bin\verify.dll
0x00007ffce6f20000 - 0x00007ffce6f32000 	C:\Program Files\Java\jdk-25.0.2\bin\net.dll
0x00007ffcf80a0000 - 0x00007ffcf810c000 	C:\WINDOWS\system32\mswsock.dll
0x00007ffce6ef0000 - 0x00007ffce6f06000 	C:\Program Files\Java\jdk-25.0.2\bin\nio.dll
0x00007ffce6ee0000 - 0x00007ffce6ee9000 	C:\Program Files\Java\jdk-25.0.2\bin\extnet.dll
0x00007ffcf9230000 - 0x00007ffcf924b000 	C:\WINDOWS\SYSTEM32\CRYPTSP.dll
0x00007ffcf8210000 - 0x00007ffcf8249000 	C:\WINDOWS\system32\rsaenh.dll
0x00007ffcf8150000 - 0x00007ffcf8183000 	C:\WINDOWS\SYSTEM32\USERENV.dll
0x00007ffcf9600000 - 0x00007ffcf962a000 	C:\WINDOWS\SYSTEM32\bcrypt.dll
0x00007ffcf83c0000 - 0x00007ffcf83cc000 	C:\WINDOWS\SYSTEM32\CRYPTBASE.dll
0x00007ffcf75c0000 - 0x00007ffcf75f2000 	C:\WINDOWS\SYSTEM32\IPHLPAPI.DLL
0x00007ffcfabd0000 - 0x00007ffcfabda000 	C:\WINDOWS\System32\NSI.dll
0x00007ffcf7660000 - 0x00007ffcf7792000 	C:\WINDOWS\SYSTEM32\DNSAPI.dll
0x00007ffcedd30000 - 0x00007ffcedd3b000 	C:\Windows\System32\rasadhlp.dll
0x00007ffcf3150000 - 0x00007ffcf31d6000 	C:\WINDOWS\System32\fwpuclnt.dll
0x00007ffce6e80000 - 0x00007ffce6e8a000 	C:\Program Files\Java\jdk-25.0.2\bin\management.dll
0x00007ffce6d10000 - 0x00007ffce6d1c000 	C:\Program Files\Java\jdk-25.0.2\bin\management_ext.dll
0x00007ffcfbf70000 - 0x00007ffcfbf78000 	C:\WINDOWS\System32\PSAPI.DLL
0x00007ffce6ed0000 - 0x00007ffce6ede000 	C:\Program Files\Java\jdk-25.0.2\bin\sunmscapi.dll
0x00007ffcf9e40000 - 0x00007ffcf9fb7000 	C:\WINDOWS\System32\CRYPT32.dll
0x00007ffcf87d0000 - 0x00007ffcf8800000 	C:\WINDOWS\SYSTEM32\ncrypt.dll
0x00007ffcf8740000 - 0x00007ffcf877f000 	C:\WINDOWS\SYSTEM32\NTASN1.dll
0x00007ffcbcff0000 - 0x00007ffcbcff8000 	C:\WINDOWS\system32\wshunix.dll
0x00007ffcf41b0000 - 0x00007ffcf41c8000 	C:\WINDOWS\system32\napinsp.dll
0x00007ffce5a40000 - 0x00007ffce5a53000 	C:\WINDOWS\System32\winrnr.dll
0x00007ffcead50000 - 0x00007ffcead72000 	C:\WINDOWS\system32\nlansp_c.dll
0x00007ffcf3c70000 - 0x00007ffcf3c86000 	C:\WINDOWS\system32\wshbth.dll

JVMTI agents:
C:\Users\moham\AppData\Local\JetBrains\IntelliJIdea2025.3\captureAgent\debugger-agent.jar path:C:\Program Files\Java\jdk-25.0.2\bin\instrument.dll, loaded, initialized, instrumentlib options:file:///C:/Users/moham/AppData/Local/Temp/capture1914580932108583255.props
D:\JetBrains\IntelliJ IDEA 2025.3.3\lib\idea_rt.jar path:C:\Program Files\Java\jdk-25.0.2\bin\instrument.dll, loaded, initialized, instrumentlib options:65183

dbghelp: loaded successfully - version: 4.0.5 - missing functions: none
symbol engine: initialized successfully - sym options: 0x614 - pdb path: .;C:\Program Files\Java\jdk-25.0.2\bin;C:\WINDOWS\SYSTEM32;C:\WINDOWS\WinSxS\amd64_microsoft.windows.common-controls_6595b64144ccf1df_6.0.26100.8115_none_3e075c82e3354f9c;C:\Program Files\Java\jdk-25.0.2\bin\server

VM Arguments:
jvm_args: -javaagent:C:\Users\moham\AppData\Local\JetBrains\IntelliJIdea2025.3\captureAgent\debugger-agent.jar=file:///C:/Users/moham/AppData/Local/Temp/capture1914580932108583255.props -ea -Didea.test.cyclic.buffer.size=1048576 -javaagent:D:\JetBrains\IntelliJ IDEA 2025.3.3\lib\idea_rt.jar=65183 -Dkotlinx.coroutines.debug.enable.creation.stack.trace=false -Ddebugger.agent.enable.coroutines=true -Dkotlinx.coroutines.debug.enable.flows.stack.trace=true -Dkotlinx.coroutines.debug.enable.mutable.state.flows.stack.trace=true -Ddebugger.async.stack.trace.for.all.threads=true -Dfile.encoding=UTF-8 -Dsun.stdout.encoding=UTF-8 -Dsun.stderr.encoding=UTF-8 
java_command: com.intellij.rt.testng.RemoteTestNGStarter -usedefaultlisteners false -socket65182 @w@C:\Users\moham\AppData\Local\Temp\idea_working_dirs_testng.tmp -temp C:\Users\moham\AppData\Local\Temp\idea_testng.tmp
java_class_path (initial): D:\JetBrains\IntelliJ IDEA 2025.3.3\lib\idea_rt.jar;D:\JetBrains\IntelliJ IDEA 2025.3.3\plugins\testng\lib\testng-rt.jar;D:\JetBrains\Projects\QA_Todo_Project_Testing\target\test-classes;D:\JetBrains\Projects\QA_Todo_Project_Testing\target\classes;C:\Users\moham\.m2\repository\org\seleniumhq\selenium\selenium-java\4.38.0\selenium-java-4.38.0.jar;C:\Users\moham\.m2\repository\org\seleniumhq\selenium\selenium-api\4.38.0\selenium-api-4.38.0.jar;C:\Users\moham\.m2\repository\org\jspecify\jspecify\1.0.0\jspecify-1.0.0.jar;C:\Users\moham\.m2\repository\org\seleniumhq\selenium\selenium-chrome-driver\4.38.0\selenium-chrome-driver-4.38.0.jar;C:\Users\moham\.m2\repository\com\google\auto\service\auto-service-annotations\1.1.1\auto-service-annotations-1.1.1.jar;C:\Users\moham\.m2\repository\org\seleniumhq\selenium\selenium-chromium-driver\4.38.0\selenium-chromium-driver-4.38.0.jar;C:\Users\moham\.m2\repository\org\seleniumhq\selenium\selenium-json\4.38.0\selenium-json-4.38.0.jar;C:\Users\moham\.m2\repository\org\seleniumhq\selenium\selenium-manager\4.38.0\selenium-manager-4.38.0.jar;C:\Users\moham\.m2\repository\org\seleniumhq\selenium\selenium-devtools-v140\4.38.0\selenium-devtools-v140-4.38.0.jar;C:\Users\moham\.m2\repository\org\seleniumhq\selenium\selenium-devtools-v141\4.38.0\selenium-devtools-v141-4.38.0.jar;C:\Users\moham\.m2\repository\org\seleniumhq\selenium\selenium-devtools-v142\4.38.0\selenium-devtools-v142-4.38.0.jar;C:\Users\moham\.m2\repository\org\seleniumhq\selenium\selenium-edge-driver\4.38.0\selenium-edge-driver-4.38.0.jar;C:\Users\moham\.m2\repository\org\seleniumhq\selenium\selenium-firefox-driver\4.38.0\selenium-firefox-driver-4.38.0.jar;C:\Users\moham\.m2\repository\org\seleniumhq\selenium\selenium-http\4.38.0\selenium-http-4.38.0.jar;C:\Users\moham\.m2\repository\org\seleniumhq\selenium\selenium-ie-driver\4.38.0\selenium-ie-driver-4.38.0.jar;C:\Users\moham\.m2\repository\org\seleniumhq\selenium\selenium-remote-driver\4.38.0\selenium-remote-driver-4.38.0.jar;C:\Users\moham\.m2\repository\com\google\guava\guava\33.5.0-jre\guava-33.5.0-jre.jar;C:\Users\moham\.m2\repository\com\google\guava\failureaccess\1.0.3\failureaccess-1.0.3.jar;C:\Users\moham\.m2\repository\com\google\guava\listenablefuture\9999.0-empty-to-avoid-conflict-with-guava\listenablefuture-9999.0-empty-to-avoid-conflict-with-guava.jar;C:\Users\moham\.m2\repository\com\google\j2objc\j2objc-annotations\3.1\j2objc-annotations-3.1.jar;C:\Users\moham\.m2\repository\io\opentelemetry\opentelemetry-api\1.55.0\opentelemetry-api-1.55.0.jar;C:\Users\moham\.m2\repository\io\opentelemetry\opentelemetry-context\1.55.0\opentelemetry-context-1.55.0.jar;C:\Users\moham\.m2\repository\io\opentelemetry\opentelemetry-common\1.55.0\opentelemetry-common-1.55.0.jar;C:\Users\moham\.m2\repository\io\opentelemetry\opentelemetry-exporter-logging\1.55.0\opentelemetry-exporter-logging-1.55.0.jar;C:\Users\moham\.m2\repository\io\opentelemetry\opentelemetry-sdk-common\1.55.0\opentelemetry-sdk-common-1.55.0.jar;C:\Users\moham\.m2\repository\io\opentelemetry\opentelemetry-sdk-extension-autoconfigure-spi\1.55.0\opentelemetry-sdk-extension-autoconfigure-spi-1.55.0.jar;C:\Users\moham\.m2\repository\io\opentelemetry\opentelemetry-sdk-extension-autoconfigure\1.55.0\opentelemetry-sdk-extension-autoconfigure-1.55.0.jar;C:\Users\moham\.m2\repository\io\opentelemetry\opentelemetry-sdk-trace\1.55.0\opentelemetry-sdk-trace-1.55.0.jar;C:\Users\moham\.m2\repository\io\opentelemetry\opentelemetry-sdk\1.55.0\opentelemetry-sdk-1.55.0.jar;C:\Users\moham\.m2\repository\io\opentelemetry\opentelemetry-sdk-metrics\1.55.0\opentelemetry-sdk-metrics-1.55.0.jar;C:\Users\moham\.m2\repository\io\opentelemetry\opentelemetry-sdk-logs\1.55.0\opentelemetry-sdk-logs-1.55.0.jar;C:\Users\moham\.m2\repository\net\bytebuddy\byte-buddy\1.17.8\byte-buddy-1.17.8.jar;C:\Users\moham\.m2\repository\org\seleniumhq\selenium\selenium-os\4.38.0\selenium-os-4.38.0.jar;C:\Users\moham\.m2\repository\org\apache\commons\commons-exec\1.5.0\commons-exec-1.5.0.jar;C:\Users\moham\.m2\repository\org\seleniumhq\selenium\selenium-safari-driver\4.38.0\selenium-safari-driver-4.38.0.jar;C:\Users\moham\.m2\repository\org\seleniumhq\selenium\selenium-support\4.38.0\selenium-support-4.38.0.jar;C:\Users\moham\.m2\repository\io\github\bonigarcia\webdrivermanager\6.3.3\webdrivermanager-6.3.3.jar;C:\Users\moham\.m2\repository\org\slf4j\slf4j-api\2.0.17\slf4j-api-2.0.17.jar;C:\Users\moham\.m2\repository\com\google\code\gson\gson\2.13.2\gson-2.13.2.jar;C:\Users\moham\.m2\repository\com\google\errorprone\error_prone_annotations\2.41.0\error_prone_annotations-2.41.0.jar;C:\Users\moham\.m2\repository\com\github\docker-java\docker-java\3.6.0\docker-java-3.6.0.jar;C:\Users\moham\.m2\repository\com\github\docker-java\docker-java-core\3.6.0\docker-java-core-3.6.0.jar;C:\Users\moham\.m2\repository\com\github\docker-java\docker-java-api\3.6.0\docker-java-api-3.6.0.jar;C:\Users\moham\.m2\repository\com\fasterxml\jackson\core\jackson-annotations\2.19.2\jackson-annotations-2.19.2.jar;C:\Users\moham\.m2\repository\com\fasterxml\jackson\core\jackson-databind\2.19.2\jackson-databind-2.19.2.jar;C:\Users\moham\.m2\repository\com\fasterxml\jackson\core\jackson-core\2.19.2\jackson-core-2.19.2.jar;C:\Users\moham\.m2\repository\org\slf4j\jcl-over-slf4j\1.7.30\jcl-over-slf4j-1.7.30.jar;C:\Users\moham\.m2\repository\com\github\docker-java\docker-java-transport-httpclient5\3.6.0\docker-java-transport-httpclient5-3.6.0.jar;C:\Users\moham\.m2\repository\com\github\docker-java\docker-java-transport\3.6.0\docker-java-transport-3.6.0.jar;C:\Users\moham\.m2\repository\net\java\dev\jna\jna\5.17.0\jna-5.17.0.jar;C:\Users\moham\.m2\repository\org\brotli\dec\0.1.2\dec-0.1.2.jar;C:\Users\moham\.m2\repository\org\apache\commons\commons-lang3\3.19.0\commons-lang3-3.19.0.jar;C:\Users\moham\.m2\repository\org\apache\commons\commons-compress\1.28.0\commons-compress-1.28.0.jar;C:\Users\moham\.m2\repository\commons-codec\commons-codec\1.19.0\commons-codec-1.19.0.jar;C:\Users\moham\.m2\repository\commons-io\commons-io\2.20.0\commons-io-2.20.0.jar;C:\Users\moham\.m2\repository\org\apache\httpcomponents\client5\httpclient5\5.4.3\httpclient5-5.4.3.jar;C:\Users\moham\.m2\repository\org\apache\httpcomponents\core5\httpcore5\5.3.4\httpcore5-5.3.4.jar;C:\Users\moham\.m2\repository\org\apache\httpcomponents\core5\httpcore5-h2\5.3.4\httpcore5-h2-5.3.4.jar;C:\Users\moham\.m2\repository\org\testng\testng\7.12.0\testng-7.12.0.jar;C:\Users\moham\.m2\repository\org\jcommander\jcommander\1.83\jcommander-1.83.jar;C:\Users\moham\.m2\repository\org\webjars\jquery\3.7.1\jquery-3.7.1.jar;C:\Users\moham\.m2\repository\io\rest-assured\rest-assured\5.5.7\rest-assured-5.5.7.jar;C:\Users\moham\.m2\repository\org\apache\groovy\groovy\4.0.22\groovy-4.0.22.jar;C:\Users\moham\.m2\repository\org\apache\groovy\groovy-xml\4.0.22\groovy-xml-4.0.22.jar;C:\Users\moham\.m2\repository\org\apache\httpcomponents\httpclient\4.5.13\httpclient-4.5.13.jar;C:\Users\moham\.m2\repository\org\apache\httpcomponents\httpcore\4.4.13\httpcore-4.4.13.jar;C:\Users\moham\.m2\repository\commons-logging\commons-logging\1.2\commons-logging-1.2.jar;C:\Users\moham\.m2\repository\org\apache\httpcomponents\httpmime\4.5.13\httpmime-4.5.13.jar;C:\Users\moham\.m2\repository\org\hamcrest\hamcrest\2.2\hamcrest-2.2.jar;C:\Users\moham\.m2\repository\org\ccil\cowan\tagsoup\tagsoup\1.2.1\tagsoup-1.2.1.jar;C:\Users\moham\.m2\repository\io\rest-assured\json-path\5.5.7\json-path-5.5.7.jar;C:\Users\moham\.m2\repository\org\apache\groovy\groovy-json\4.0.22\groovy-json-4.0.22.jar;C:\Users\moham\.m2\repository\io\rest-assured\rest-assured-common\5.5.7\rest-assured-common-5.5.7.jar;C:\Users\moham\.m2\repository\io\rest-assured\xml-path\5.5.7\xml-path-5.5.7.jar;C:\Users\moham\.m2\repository\com\jayway\jsonpath\json-path\3.0.0\json-path-3.0.0.jar;C:\Users\moham\.m2\repository\net\minidev\json-smart\2.6.0\json-smart-2.6.0.jar;C:\Users\moham\.m2\repository\net\minidev\accessors-smart\2.6.0\accessors-smart-2.6.0.jar;C:\Users\moham\.m2\repository\org\ow2\asm\asm\9.7.1\asm-9.7.1.jar;C:\Users\moham\.m2\repository\com\github\javafaker\javafaker\1.0.2\javafaker-1.0.2.jar;C:\Users\moham\.m2\repository\org\yaml\snakeyaml\1.23\snakeyaml-1.23-android.jar;C:\Users\moham\.m2\repository\com\github\mifmif\generex\1.0.2\generex-1.0.2.jar;C:\Users\moham\.m2\repository\dk\brics\automaton\automaton\1.11-8\automaton-1.11-8.jar;C:\Users\moham\.m2\repository\io\qameta\allure\allure-testng\2.32.0\allure-testng-2.32.0.jar;C:\Users\moham\.m2\repository\io\qameta\allure\allure-java-commons\2.32.0\allure-java-commons-2.32.0.jar;C:\Users\moham\.m2\repository\io\qameta\allure\allure-model\2.32.0\allure-model-2.32.0.jar;C:\Users\moham\.m2\repository\io\qameta\allure\allure-test-filter\2.32.0\allure-test-filter-2.32.0.jar
Launcher Type: SUN_STANDARD

[Global flags]
     intx CICompilerCount                          = 4                                         {product} {ergonomic}
     uint ConcGCThreads                            = 2                                         {product} {ergonomic}
     uint G1ConcRefinementThreads                  = 8                                         {product} {ergonomic}
   size_t G1HeapRegionSize                         = 2097152                                   {product} {ergonomic}
   size_t InitialHeapSize                          = 266338304                                 {product} {ergonomic}
   size_t MarkStackSize                            = 4194304                                   {product} {ergonomic}
   size_t MarkStackSizeMax                         = 536870912                                 {product} {ergonomic}
   size_t MaxHeapSize                              = 4242538496                                {product} {ergonomic}
   size_t MaxNewSize                               = 2543845376                                {product} {ergonomic}
   size_t MinHeapDeltaBytes                        = 2097152                                   {product} {ergonomic}
   size_t MinHeapSize                              = 8388608                                   {product} {ergonomic}
    uintx NonNMethodCodeHeapSize                   = 5832704                                {pd product} {ergonomic}
    uintx NonProfiledCodeHeapSize                  = 122945536                              {pd product} {ergonomic}
    uintx ProfiledCodeHeapSize                     = 122880000                              {pd product} {ergonomic}
    uintx ReservedCodeCacheSize                    = 251658240                              {pd product} {ergonomic}
     bool SegmentedCodeCache                       = true                                      {product} {ergonomic}
   size_t SoftMaxHeapSize                          = 4242538496                             {manageable} {ergonomic}
     bool UseCompressedOops                        = true                           {product lp64_product} {ergonomic}
     bool UseG1GC                                  = true                                      {product} {ergonomic}
     bool UseLargePagesIndividualAllocation        = false                                  {pd product} {ergonomic}

Logging:
Log output configuration:
 #0: stdout all=warning uptime,level,tags foldmultilines=false
 #1: stderr all=off uptime,level,tags foldmultilines=false

Release file:
IMPLEMENTOR="Oracle Corporation" 
JAVA_RUNTIME_VERSION="25.0.2+10-LTS-69" 
JAVA_VERSION="25.0.2" 
JAVA_VERSION_DATE="2026-01-20" 
LIBC="default" 
MODULES="java.base java.compiler java.datatransfer java.xml java.prefs java.desktop java.instrument java.logging java.management java.security.sasl java.naming java.rmi java.management.rmi java.net.http java.scripting java.security.jgss java.transaction.xa java.sql java.sql.rowset java.xml.crypto java.se java.smartcardio jdk.accessibility jdk.internal.jvmstat jdk.attach jdk.charsets jdk.internal.opt jdk.zipfs jdk.compiler jdk.crypto.cryptoki jdk.crypto.ec jdk.crypto.mscapi jdk.dynalink jdk.internal.ed jdk.editpad jdk.internal.vm.ci jdk.graal.compiler jdk.graal.compiler.management jdk.hotspot.agent jdk.httpserver jdk.incubator.vector jdk.internal.le jdk.internal.md jdk.jartool jdk.javadoc jdk.jcmd jdk.management jdk.management.agent jdk.jconsole jdk.jdeps jdk.jdwp.agent jdk.jdi jdk.jfr jdk.jlink jdk.jpackage jdk.jshell jdk.jsobject jdk.jstatd jdk.localedata jdk.management.jfr jdk.naming.dns jdk.naming.rmi jdk.net jdk.nio.mapmode jdk.sctp jdk.security.auth jdk.security.jgss jdk.unsupported jdk.unsupported.desktop jdk.xml.dom" 
OS_ARCH="x86_64" 
OS_NAME="Windows" 
SOURCE=".:git:b75efb40c93a open:git:405a5699ebd0" 

Environment Variables:
PATH=C:\Program Files\Common Files\Oracle\Java\javapath;C:\WINDOWS\system32;C:\WINDOWS;C:\WINDOWS\System32\Wbem;C:\WINDOWS\System32\WindowsPowerShell\v1.0\;C:\WINDOWS\System32\OpenSSH\;D:\JetBrains\IntelliJ IDEA 2025.3.3\plugins\maven\lib\maven3\bin;C:\Program Files\Git\cmd;C:\Program Files\nodejs\;C:\Users\moham\scoop\shims;C:\Users\moham\AppData\Local\Microsoft\WindowsApps;D:\Microsoft VS Code\bin;D:\JetBrains\IntelliJ IDEA 2025.3.3\bin;C:\Users\moham\AppData\Local\GitHubDesktop\bin;C:\Users\moham\AppData\Roaming\npm
USERNAME=moham
OS=Windows_NT
PROCESSOR_IDENTIFIER=Intel64 Family 6 Model 165 Stepping 2, GenuineIntel
TMP=C:\Users\moham\AppData\Local\Temp
TEMP=C:\Users\moham\AppData\Local\Temp




Compilation memory statistics disabled.

Periodic native trim disabled

---------------  S Y S T E M  ---------------

OS:
 Windows 11 , 64 bit Build 26100 (10.0.26100.8246)
OS uptime: 0 days 5:08 hours
Hyper-V role detected

CPU: total 8 (initial active 8) (4 cores per cpu, 2 threads per core) family 6 model 165 stepping 2 microcode 0xfc, cx8, cmov, fxsr, ht, mmx, 3dnowpref, sse, sse2, sse3, ssse3, sse4.1, sse4.2, popcnt, lzcnt, tsc, tscinvbit, avx, avx2, aes, erms, clmul, bmi1, bmi2, adx, fma, vzeroupper, clflush, clflushopt, hv, rdtscp, f16c
Processor Information for the first 8 processors :
  Max Mhz: 2496, Current Mhz: 2496, Mhz Limit: 2496

Memory: 4k page, system-wide physical 16177M (5334M free)
TotalPageFile size 17201M (AvailPageFile size 4750M)
current process WorkingSet (physical memory assigned to process): 291M, peak: 304M
current process commit charge ("private bytes"): 377M, peak: 401M

vm_info: Java HotSpot(TM) 64-Bit Server VM (25.0.2+10-LTS-69) for windows-amd64 JRE (25.0.2+10-LTS-69), built on 2025-12-18T11:36:35Z with MS VC++ 17.13 (VS2022)

END.
