#
# A fatal error has been detected by the Java Runtime Environment:
#
#  EXCEPTION_ACCESS_VIOLATION (0xc0000005) at pc=0x0000000000b20208, pid=13944, tid=13108
#
# JRE version: Java(TM) SE Runtime Environment (25.0.2+10) (build 25.0.2+10-LTS-69)
# Java VM: Java HotSpot(TM) 64-Bit Server VM (25.0.2+10-LTS-69, mixed mode, sharing, tiered, compressed oops, compressed class ptrs, g1 gc, windows-amd64)
# Problematic frame:
# V  [jvm.dll+0x3f6b0e]
#
# No core dump will be written. Minidumps are not enabled by default on client versions of Windows
#
# If you would like to submit a bug report, please visit:
#   https://bugreport.java.com/bugreport/crash.jsp
#

---------------  S U M M A R Y ------------

Command Line: -javaagent:C:\Users\moham\AppData\Local\JetBrains\IntelliJIdea2025.3\captureAgent\debugger-agent.jar=file:///C:/Users/moham/AppData/Local/Temp/capture14421972718651439042.props -ea -Didea.test.cyclic.buffer.size=1048576 -javaagent:D:\JetBrains\IntelliJ IDEA 2025.3.3\lib\idea_rt.jar=64398 -Dkotlinx.coroutines.debug.enable.creation.stack.trace=false -Ddebugger.agent.enable.coroutines=true -Dkotlinx.coroutines.debug.enable.flows.stack.trace=true -Dkotlinx.coroutines.debug.enable.mutable.state.flows.stack.trace=true -Ddebugger.async.stack.trace.for.all.threads=true -Dfile.encoding=UTF-8 -Dsun.stdout.encoding=UTF-8 -Dsun.stderr.encoding=UTF-8 com.intellij.rt.testng.RemoteTestNGStarter -usedefaultlisteners false -socket64397 @w@C:\Users\moham\AppData\Local\Temp\idea_working_dirs_testng.tmp -temp C:\Users\moham\AppData\Local\Temp\idea_testng.tmp

Host: Intel(R) Core(TM) i5-10300H CPU @ 2.50GHz, 8 cores, 15G,  Windows 11 , 64 bit Build 26100 (10.0.26100.8246)
Time: Tue May  5 18:40:27 2026 Egypt Daylight Time elapsed time: 2.676890 seconds (0d 0h 0m 2s)

---------------  T H R E A D  ---------------

Current thread (0x000001c59a3bdde0):  WorkerThread "GC Thread#5"    [id=13108, stack(0x000000494ee00000,0x000000494ef00000) (1024K)]

Stack: [0x000000494ee00000,0x000000494ef00000],  sp=0x000000494eeff8c0,  free space=1022k
Native frames: (J=compiled Java code, j=interpreted, Vv=VM code, C=native code)
C  0x0000000000b20208  (no source info available)


siginfo: EXCEPTION_ACCESS_VIOLATION (0xc0000005), data execution prevention violation at address 0x0000000000b20208


Registers:
RAX=0x000001c5954ee910, RBX=0x0000000000000001, RCX=0x000000000e09dd60, RDX=0x0000000710a29240
RSP=0x000000494eeff8b8, RBP=0x000000494eeff940, RSI=0x000001c5f584a870, RDI=0x000000000e09dd60
R8 =0x000000000e09dd60, R9 =0x0000000000000000, R10=0x0000000000000000, R11=0x000000000000000c
R12=0x000000494eeff9a0, R13=0x000001c59b61c8b0, R14=0x00000000000008a5, R15=0x0000000710a29240
RIP=0x0000000000b20208, EFLAGS=0x0000000000010246

XMM[0]=0x0000004d001853b8 0x0000000000000001
XMM[1]=0x776f646168732e6c 0x616e7265746e692e
XMM[2]=0x0000000000000000 0x0000000000000000
XMM[3]=0x0000000000000000 0x0000000000000000
XMM[4]=0x0000000000000000 0x0000000000000000
XMM[5]=0x4a2e6e6f69746174 0x6f6e6e612e646e69
XMM[6]=0x0000000000000000 0x0000000000000000
XMM[7]=0x0000000000000000 0x0000000000000000
XMM[8]=0x0000000000000000 0x0000000000000000
XMM[9]=0x0000000000000000 0x0000000000000000
XMM[10]=0x0000000000000000 0x0000000000000000
XMM[11]=0x0000000000000000 0x0000000000000000
XMM[12]=0x0000000000000000 0x0000000000000000
XMM[13]=0x0000000000000000 0x0000000000000000
XMM[14]=0x0000000000000000 0x0000000000000000
XMM[15]=0x0000000000000000 0x0000000000000000
  MXCSR=0x00001fa0


Register to memory mapping:

RAX=0x000001c5954ee910 is pointing into metadata
RBX=0x0000000000000001 is an unknown value
RCX=0x000000000e09dd60 is pointing into metadata
RDX=
[error occurred during error reporting (printing register info), id 0xc0000005, EXCEPTION_ACCESS_VIOLATION (0xc0000005) at pc=0x0000000000b20208]
RSP=0x000000494eeff8b8 points into unknown readable memory: 0x00007ffcc8c26b0e | 0e 6b c2 c8 fc 7f 00 00
RBP=0x000000494eeff940 points into unknown readable memory: 0x0000000000000040 | 40 00 00 00 00 00 00 00
RSI=0x000001c5f584a870 points into unknown readable memory: 0x0000000000000000 | 00 00 00 00 00 00 00 00
RDI=0x000000000e09dd60 is pointing into metadata
R8 =0x000000000e09dd60 is pointing into metadata
R9 =0x0 is null
R10=0x0 is null
R11=0x000000000000000c is an unknown value
R12=0x000000494eeff9a0 points into unknown readable memory: 0x0000000000000001 | 01 00 00 00 00 00 00 00
R13=0x000001c59b61c8b0 points into unknown readable memory: 0x00007ffcc93199f8 | f8 99 31 c9 fc 7f 00 00
R14=0x00000000000008a5 is an unknown value
R15=
[error occurred during error reporting (printing register info, attempt 2), id 0xc0000005, EXCEPTION_ACCESS_VIOLATION (0xc0000005) at pc=0x0000000000b20208]

Top of Stack: (sp=0x000000494eeff8b8)
0x000000494eeff8b8:   00007ffcc8c26b0e 0000000000000000   .k..............
0x000000494eeff8c8:   0000000705426070 0000000000000000   p`B.............
0x000000494eeff8d8:   000000000e088e18 000001c5fecf722f   ......../r......
0x000000494eeff8e8:   0000000000000000 0000000000000000   ................
0x000000494eeff8f8:   0000000000000000 000001c59b000001   ................
0x000000494eeff908:   00007ffcc901dc9f 0000000000000000   ................
0x000000494eeff918:   0000000000000003 0000000000000001   ................
0x000000494eeff928:   0000000000000018 000001c5ffbeb320   ........ .......
0x000000494eeff938:   00007ffcc8c2c171 0000000000000040   q.......@.......
0x000000494eeff948:   000001c5f5841900 0000000000000000   ................
0x000000494eeff958:   000001c59b61c8b0 000000494eeffa00   ..a........NI...
0x000000494eeff968:   00007ffcc8c24f98 000001c5f584a870   .O......p.......
0x000000494eeff978:   000001c5f584a800 00000000000008a5   ................
0x000000494eeff988:   0000000705426080 0000000705426081   .`B......`B.....
0x000000494eeff998:   00007ffcc8c28078 0000000000000001   x...............
0x000000494eeff9a8:   000001c59b61c8b0 000000000000ff00   ..a.............
0x000000494eeff9b8:   00007ffcc8c2d344 0000000703a7ea58   D.......X.......
0x000000494eeff9c8:   00007ffcc8c2d344 0000000703a7ec20   D....... .......
0x000000494eeff9d8:   00007ffcc8fcf02f 000000494eeffa60   /.......`..NI...
0x000000494eeff9e8:   00007ffcc8c2e28d 0000000703a7ebd8   ................
0x000000494eeff9f8:   00007ffcc8c2ff00 000000494eeffc40   ........@..NI...
0x000000494eeffa08:   000000494eeffc40 0000000000000004   @..NI...........
0x000000494eeffa18:   0000000703a7ec20 0000000000000003    ...............
0x000000494eeffa28:   000001c59b61c8b0 000000494eeffb40   ..a.....@..NI...
0x000000494eeffa38:   00007ffcc8c2437e 0000000703a7ec00   ~C..............
0x000000494eeffa48:   0000000703a7ec00 0000000703a19600   ................
0x000000494eeffa58:   0000000000000040 000000000197b2d8   @...............
0x000000494eeffa68:   000000018af5bc13 0000000000000004   ................
0x000000494eeffa78:   000001c5fecf43f6 000001c5ffbe36b0   .C.......6......
0x000000494eeffa88:   00007ffcc8c334a9 000000494eeffc40   .4......@..NI...
0x000000494eeffa98:   000001c5ffbe36b0 000000494eeffb40   .6......@..NI...
0x000000494eeffaa8:   0000000000000000 0000000703a7e600   ................

Instructions: (pc=0x00007ffcc8c26b0e)
  0x00007ffcc8c26a0e:   bf e8 01 00 00 33 c0 eb 32 48 8b 4f 08 4c 8d 04
  0x00007ffcc8c26a1e:   ed 00 00 00 00 80 7c 24 41 01 49 8b d5 44 8b 8c
  0x00007ffcc8c26a2e:   24 b0 00 00 00 0f 94 c0 48 8b 89 28 04 00 00 88
  0x00007ffcc8c26a3e:   44 24 20 e8 9a e0 01 00 48 8b c3 48 8b 9c 24 90
  0x00007ffcc8c26a4e:   00 00 00 4c 8b bc 24 a0 00 00 00 48 8b ac 24 a8
  0x00007ffcc8c26a5e:   00 00 00 48 83 c4 60 41 5e 41 5d 41 5c 5f 5e c3
  0x00007ffcc8c26a6e:   cc cc 48 83 ec 38 0f b7 02 66 89 44 24 20 0f b6
  0x00007ffcc8c26a7e:   42 02 48 8d 54 24 20 88 44 24 22 e8 12 00 00 00
  0x00007ffcc8c26a8e:   48 83 c4 38 c3 cc cc cc cc cc cc cc cc cc cc cc
  0x00007ffcc8c26a9e:   cc cc 48 89 5c 24 20 55 57 41 54 41 55 41 57 48
  0x00007ffcc8c26aae:   8b ec 48 81 ec 80 00 00 00 80 3d ca 56 95 00 00
  0x00007ffcc8c26abe:   49 8b d9 4d 8b f8 4c 8b e2 4c 8b e9 74 05 48 8b
  0x00007ffcc8c26ace:   fb eb 1e 8b 0d e9 b7 8f 00 85 c9 74 11 83 f9 01
  0x00007ffcc8c26ade:   74 06 49 8b 78 08 eb 1d 41 8b 78 08 eb 07 49 8b
  0x00007ffcc8c26aee:   38 48 c1 ef 2a 8b 0d e7 d9 8e 00 48 d3 e7 48 03
  0x00007ffcc8c26afe:   3d d5 d9 8e 00 48 8b d7 49 8b cf e8 72 88 fb ff
=>0x00007ffcc8c26b0e:   41 80 7c 24 02 00 4c 8b c8 48 89 45 d8 74 42 66
  0x00007ffcc8c26b1e:   83 7f 0c 05 75 3b 41 0f b7 0c 24 4c 8b cf 66 89
  0x00007ffcc8c26b2e:   4d c0 4c 8b c3 41 0f b6 4c 24 02 49 8b d7 c6 44
  0x00007ffcc8c26b3e:   24 30 01 48 89 44 24 28 48 8d 45 c0 88 4d c2 49
  0x00007ffcc8c26b4e:   8b cd 48 89 44 24 20 e8 06 09 00 00 e9 99 04 00
  0x00007ffcc8c26b5e:   00 41 0f b7 04 24 66 89 45 c0 41 0f b6 44 24 02
  0x00007ffcc8c26b6e:   48 89 b4 24 b0 00 00 00 4c 89 b4 24 c0 00 00 00
  0x00007ffcc8c26b7e:   45 33 f6 88 45 c2 48 89 5d e8 44 38 75 c1 75 64
  0x00007ffcc8c26b8e:   48 8b c3 83 e0 03 83 3d 5d f4 8e 00 02 75 4a 44
  0x00007ffcc8c26b9e:   38 35 6c 57 95 00 75 47 48 83 f8 02 75 41 48 8d
  0x00007ffcc8c26bae:   55 38 48 8d 4d e8 e8 c7 64 32 00 4c 8b 4d d8 4c
  0x00007ffcc8c26bbe:   8b 30 49 c1 ee 03 41 83 e6 0f 45 3b b5 78 01 00
  0x00007ffcc8c26bce:   00 73 21 41 0f b7 04 24 45 0f b6 54 24 02 66 89
  0x00007ffcc8c26bde:   45 c0 44 0f b6 5d c1 eb 17 f6 d0 24 01 75 bf 4c
  0x00007ffcc8c26bee:   8b f3 eb ce 66 c7 45 c0 00 01 41 b3 01 45 32 d2
  0x00007ffcc8c26bfe:   4d 8b 45 08 49 8b d7 44 88 55 c2 44 88 55 38 41


Stack slot to memory mapping:

stack at sp + 0 slots: 0x0 is null
stack at sp + 1 slots: 0x0000000705426070 is an oop: [Lsun.reflect.generics.tree.TypeArgument; 
{0x0000000705426070} - klass: 'sun/reflect/generics/tree/TypeArgument'[] - flags: is_cloneable_fast 

 - length: 1
stack at sp + 2 slots: 0x0 is null
stack at sp + 3 slots: 0x000000000e088e18 is a pointer to class: 
stack at sp + 4 slots: 0x000001c5fecf722f points into unknown readable memory: ff
stack at sp + 5 slots: 0x0 is null
stack at sp + 6 slots: 0x0 is null
stack at sp + 7 slots: 0x0 is null


---------------  P R O C E S S  ---------------

Threads class SMR info:
_java_thread_list=0x000001c59bfb85b0, length=38, elements={
0x000001c5f582e490, 0x000001c5ffd4e460, 0x000001c5ffd4ed70, 0x000001c5ffd520b0,
0x000001c5ffd56c30, 0x000001c5ffd58c70, 0x000001c5ffd5a7a0, 0x000001c5ffd5bab0,
0x000001c5ffd61280, 0x000001c5991b7c30, 0x000001c5991ee0e0, 0x000001c5993c8110,
0x000001c5993ca110, 0x000001c59a30b7f0, 0x000001c59a308910, 0x000001c59a30c790,
0x000001c59a30d730, 0x000001c59a30e6d0, 0x000001c599166540, 0x000001c59b07ec30,
0x000001c59b7ae8d0, 0x000001c59b7af870, 0x000001c59b7b0040, 0x000001c59b7ae100,
0x000001c59bd32270, 0x000001c59bd35150, 0x000001c59bd360f0, 0x000001c59bd368c0,
0x000001c59bd37090, 0x000001c59bd38800, 0x000001c59bd38fd0, 0x000001c59be42ec0,
0x000001c59be41f20, 0x000001c59be426f0, 0x000001c59be41750, 0x000001c59be46d40,
0x000001c59b56f7d0, 0x000001c59b56bf60
}

Java Threads: ( => current thread )
  0x000001c5f582e490 JavaThread "main"                              [_thread_blocked, id=12036, stack(0x000000494d500000,0x000000494d600000) (1024K)]
  0x000001c5ffd4e460 JavaThread "Reference Handler"          daemon [_thread_blocked, id=2644, stack(0x000000494dd00000,0x000000494de00000) (1024K)]
  0x000001c5ffd4ed70 JavaThread "Finalizer"                  daemon [_thread_blocked, id=2500, stack(0x000000494de00000,0x000000494df00000) (1024K)]
  0x000001c5ffd520b0 JavaThread "Signal Dispatcher"          daemon [_thread_blocked, id=17532, stack(0x000000494df00000,0x000000494e000000) (1024K)]
  0x000001c5ffd56c30 JavaThread "Attach Listener"            daemon [_thread_blocked, id=10608, stack(0x000000494e000000,0x000000494e100000) (1024K)]
  0x000001c5ffd58c70 JavaThread "Service Thread"             daemon [_thread_blocked, id=2420, stack(0x000000494e100000,0x000000494e200000) (1024K)]
  0x000001c5ffd5a7a0 JavaThread "Monitor Deflation Thread"   daemon [_thread_blocked, id=7112, stack(0x000000494e200000,0x000000494e300000) (1024K)]
  0x000001c5ffd5bab0 JavaThread "C2 CompilerThread0"         daemon [_thread_blocked, id=5664, stack(0x000000494e300000,0x000000494e400000) (1024K)]
  0x000001c5ffd61280 JavaThread "C1 CompilerThread0"         daemon [_thread_blocked, id=17480, stack(0x000000494e400000,0x000000494e500000) (1024K)]
  0x000001c5991b7c30 JavaThread "Common-Cleaner"             daemon [_thread_blocked, id=16888, stack(0x000000494e600000,0x000000494e700000) (1024K)]
  0x000001c5991ee0e0 JavaThread "IntelliJ Suspend Helper"    daemon [_thread_blocked, id=14888, stack(0x000000494e700000,0x000000494e800000) (1024K)]
  0x000001c5993c8110 JavaThread "Monitor Ctrl-Break"         daemon [_thread_in_native, id=17556, stack(0x000000494e800000,0x000000494e900000) (1024K)]
  0x000001c5993ca110 JavaThread "Notification Thread"        daemon [_thread_blocked, id=8728, stack(0x000000494e900000,0x000000494ea00000) (1024K)]
  0x000001c59a30b7f0 JavaThread "ForkJoinPool.commonPool-worker-1" daemon [_thread_blocked, id=6176, stack(0x000000494ef00000,0x000000494f000000) (1024K)]
  0x000001c59a308910 JavaThread "ForkJoinPool.commonPool-worker-2" daemon [_thread_blocked, id=16308, stack(0x000000494f000000,0x000000494f100000) (1024K)]
  0x000001c59a30c790 JavaThread "ForkJoinPool.commonPool-worker-3" daemon [_thread_blocked, id=5600, stack(0x000000494f100000,0x000000494f200000) (1024K)]
  0x000001c59a30d730 JavaThread "ForkJoinPool.commonPool-worker-4" daemon [_thread_blocked, id=9956, stack(0x000000494f200000,0x000000494f300000) (1024K)]
  0x000001c59a30e6d0 JavaThread "ForkJoinPool.commonPool-worker-6" daemon [_thread_blocked, id=5220, stack(0x000000494f300000,0x000000494f400000) (1024K)]
  0x000001c599166540 JavaThread "ForkJoinPool.commonPool-worker-5" daemon [_thread_blocked, id=16100, stack(0x000000494f400000,0x000000494f500000) (1024K)]
  0x000001c59b07ec30 JavaThread "ForkJoinPool.commonPool-worker-7" daemon [_thread_blocked, id=12268, stack(0x000000494f500000,0x000000494f600000) (1024K)]
  0x000001c59b7ae8d0 JavaThread "HttpClient-1-SelectorManager" daemon [_thread_in_native, id=1012, stack(0x000000494fa00000,0x000000494fb00000) (1024K)]
  0x000001c59b7af870 JavaThread "External Process Output Forwarder - C:\Users\moham\.cache\selenium\chromedriver\win64\147.0.7727.117\chromedriver.exe" daemon [_thread_in_native, id=14732, stack(0x000000494fb00000,0x000000494fc00000) (1024K)]
  0x000001c59b7b0040 JavaThread "Driver Service Executor"    daemon [_thread_blocked, id=17452, stack(0x000000494fc00000,0x000000494fd00000) (1024K)]
  0x000001c59b7ae100 JavaThread "Driver Service Executor"    daemon [_thread_in_native, id=18032, stack(0x000000494fd00000,0x000000494fe00000) (1024K)]
  0x000001c59bd32270 JavaThread "UrlChecker-2"               daemon [_thread_blocked, id=15096, stack(0x000000494fe00000,0x000000494ff00000) (1024K)]
  0x000001c59bd35150 JavaThread "Keep-Alive-Timer"           daemon [_thread_blocked, id=13760, stack(0x000000494f900000,0x000000494fa00000) (1024K)]
  0x000001c59bd360f0 JavaThread "JdkHttpClient-0-0"          daemon [_thread_blocked, id=6000, stack(0x0000004950000000,0x0000004950100000) (1024K)]
  0x000001c59bd368c0 JavaThread "ForkJoinPool.commonPool-delayScheduler" daemon [_thread_blocked, id=17064, stack(0x0000004950100000,0x0000004950200000) (1024K)]
  0x000001c59bd37090 JavaThread "JdkHttpClient-0-1"          daemon [_thread_blocked, id=9196, stack(0x0000004950200000,0x0000004950300000) (1024K)]
  0x000001c59bd38800 JavaThread "JdkHttpClient-0-2"          daemon [_thread_blocked, id=11844, stack(0x0000004950300000,0x0000004950400000) (1024K)]
  0x000001c59bd38fd0 JavaThread "JdkHttpClient-0-3"          daemon [_thread_blocked, id=16560, stack(0x0000004950400000,0x0000004950500000) (1024K)]
  0x000001c59be42ec0 JavaThread "HttpClient-2-SelectorManager" daemon [_thread_in_native, id=18264, stack(0x000000494e500000,0x000000494e600000) (1024K)]
  0x000001c59be41f20 JavaThread "JdkHttpClient-1-0"          daemon [_thread_blocked, id=15924, stack(0x0000004950500000,0x0000004950600000) (1024K)]
  0x000001c59be426f0 JavaThread "JdkHttpClient-1-1"          daemon [_thread_blocked, id=11180, stack(0x0000004950600000,0x0000004950700000) (1024K)]
  0x000001c59be41750 JavaThread "JdkHttpClient-1-2"          daemon [_thread_blocked, id=11496, stack(0x0000004950700000,0x0000004950800000) (1024K)]
  0x000001c59be46d40 JavaThread "JdkHttpClient-1-3"          daemon [_thread_blocked, id=16088, stack(0x0000004950800000,0x0000004950900000) (1024K)]
  0x000001c59b56f7d0 JavaThread "C2 CompilerThread1"         daemon [_thread_blocked, id=16488, stack(0x0000004950900000,0x0000004950a00000) (1024K)]
  0x000001c59b56bf60 JavaThread "C2 CompilerThread2"         daemon [_thread_blocked, id=3340, stack(0x0000004950a00000,0x0000004950b00000) (1024K)]
Total: 38

Other Threads:
  0x000001c5ffd3db70 VMThread "VM Thread"                           [id=16900, stack(0x000000494dc00000,0x000000494dd00000) (1024K)]
  0x000001c5ffd30c70 WatcherThread "VM Periodic Task Thread"        [id=12500, stack(0x000000494db00000,0x000000494dc00000) (1024K)]
  0x000001c5f5897b80 WorkerThread "GC Thread#0"                     [id=14116, stack(0x000000494d600000,0x000000494d700000) (1024K)]
  0x000001c59a3bd990 WorkerThread "GC Thread#1"                     [id=12912, stack(0x000000494ea00000,0x000000494eb00000) (1024K)]
  0x000001c59a3bd0f0 WorkerThread "GC Thread#2"                     [id=7480, stack(0x000000494eb00000,0x000000494ec00000) (1024K)]
  0x000001c59a3bc400 WorkerThread "GC Thread#3"                     [id=17920, stack(0x000000494ec00000,0x000000494ed00000) (1024K)]
  0x000001c59a3bd540 WorkerThread "GC Thread#4"                     [id=17388, stack(0x000000494ed00000,0x000000494ee00000) (1024K)]
=>0x000001c59a3bdde0 WorkerThread "GC Thread#5"                     [id=13108, stack(0x000000494ee00000,0x000000494ef00000) (1024K)]
  0x000001c59b302120 WorkerThread "GC Thread#6"                     [id=1696, stack(0x000000494f600000,0x000000494f700000) (1024K)]
  0x000001c59b302570 WorkerThread "GC Thread#7"                     [id=17224, stack(0x000000494f700000,0x000000494f800000) (1024K)]
  0x000001c5f58b1e90 ConcurrentGCThread "G1 Main Marker"            [id=9852, stack(0x000000494d700000,0x000000494d800000) (1024K)]
  0x000001c5f58b2a30 WorkerThread "G1 Conc#0"                       [id=2804, stack(0x000000494d800000,0x000000494d900000) (1024K)]
  0x000001c59b2fed60 WorkerThread "G1 Conc#1"                       [id=18252, stack(0x000000494f800000,0x000000494f900000) (1024K)]
  0x000001c5ffbf2ec0 ConcurrentGCThread "G1 Refine#0"               [id=9668, stack(0x000000494d900000,0x000000494da00000) (1024K)]
  0x000001c5ffbf94f0 ConcurrentGCThread "G1 Service"                [id=10156, stack(0x000000494da00000,0x000000494db00000) (1024K)]
Total: 15

Threads with active compile tasks:
C2 CompilerThread0  2771 3613       4       java.util.HashMap::containsKey (14 bytes)
C2 CompilerThread1  2771 3589       4       org.yaml.snakeyaml.scanner.ScannerImpl::scanPlain (248 bytes)
C2 CompilerThread2  2771 3590       4       org.yaml.snakeyaml.scanner.ScannerImpl::checkToken (75 bytes)
Total: 3

VM state: at safepoint (normal execution)

VM Mutex/Monitor currently owned by a thread:  ([mutex/lock_event])
[0x00007ffcc95a95e8] Threads_lock - owner thread: 0x000001c5ffd3db70
[0x00007ffcc95a9768] Heap_lock - owner thread: 0x000001c5f582e490

Heap address: 0x0000000703200000, size: 4046 MB, Compressed Oops mode: Zero based, Oop shift amount: 3

CDS archive(s) mapped at: [0x000000000d000000-0x000000000ddd0000-0x000000000ddd0000), size 14483456, SharedBaseAddress: 0x000000000d000000, ArchiveRelocationMode: 1.
Compressed class space mapped at: 0x000000000e000000-0x000000004e000000, reserved size: 1073741824
UseCompressedClassPointers 1, UseCompactObjectHeaders 0
Narrow klass pointer bits 32, Max shift 3
Narrow klass base: 0x000000000d000000, Narrow klass shift: 0
Encoding Range: [0x000000000d000000 - 0x000000010d000000), (4294967296 bytes)
Klass Range:    [0x000000000d010000 - 0x000000004e000000), (1090453504 bytes)
Klass ID Range:  [65536 - 1090519033) (1090453497)
Protection zone: [0x000000000d000000 - 0x000000000d010000), (65536 bytes)

GC Precious Log:
 CardTable entry size: 512
 Card Set container configuration: InlinePtr #cards 4 size 8 Array Of Cards #cards 16 size 48 Howl #buckets 8 coarsen threshold 3686 Howl Bitmap #cards 512 size 80 coarsen threshold 460 Card regions per heap region 1 cards per card region 4096
 CPUs: 8 total, 8 available
 Memory: 16177M
 Large Page Support: Disabled
 NUMA Support: Disabled
 Compressed Oops: Enabled (Zero based)
 Heap Region Size: 2M
 Heap Min Capacity: 8M
 Heap Initial Capacity: 254M
 Heap Max Capacity: 4046M
 Pre-touch: Disabled
 Parallel Workers: 8
 Concurrent Workers: 2
 Concurrent Refinement Workers: 8
 Periodic GC: Disabled

Heap:
 garbage-first heap   total reserved 4143104K, committed 63488K, used 44708K [0x0000000703200000, 0x0000000800000000)
  region size 2048K, 15 young (30720K), 2 survivors (4096K)

Heap Regions: E=young(eden), S=young(survivor), O=old, HS=humongous(starts), HC=humongous(continues), CS=collection set, F=free, TAMS=top-at-mark-start, PB=parsable bottom
|   0|0x0000000703200000, 0x00000007032e7b50, 0x0000000703400000| 45%| O|  |TAMS 0x0000000703200000| PB 0x0000000703200000| Untracked |  0
|   1|0x0000000703400000, 0x0000000703600000, 0x0000000703600000|100%| O|  |TAMS 0x0000000703400000| PB 0x0000000703400000| Untracked |  0
|   2|0x0000000703600000, 0x0000000703800000, 0x0000000703800000|100%| O|  |TAMS 0x0000000703600000| PB 0x0000000703600000| Untracked |  0
|   3|0x0000000703800000, 0x0000000703a00000, 0x0000000703a00000|100%| O|  |TAMS 0x0000000703800000| PB 0x0000000703800000| Untracked |  0
|   4|0x0000000703a00000, 0x0000000703c00000, 0x0000000703c00000|100%| O|  |TAMS 0x0000000703a00000| PB 0x0000000703a00000| Untracked |  0
|   5|0x0000000703c00000, 0x0000000703e00000, 0x0000000703e00000|100%| O|  |TAMS 0x0000000703c00000| PB 0x0000000703c00000| Untracked |  0
|   6|0x0000000703e00000, 0x0000000704000000, 0x0000000704000000|100%| O|  |TAMS 0x0000000703e00000| PB 0x0000000703e00000| Untracked |  0
|   7|0x0000000704000000, 0x0000000704200000, 0x0000000704200000|100%| O|  |TAMS 0x0000000704000000| PB 0x0000000704000000| Untracked |  0
|   8|0x0000000704200000, 0x0000000704400000, 0x0000000704400000|100%| O|  |TAMS 0x0000000704200000| PB 0x0000000704200000| Untracked |  0
|   9|0x0000000704400000, 0x0000000704400000, 0x0000000704600000|  0%| O|  |TAMS 0x0000000704400000| PB 0x0000000704400000| Untracked |  0
|  10|0x0000000704600000, 0x0000000704600000, 0x0000000704800000|  0%| F|  |TAMS 0x0000000704600000| PB 0x0000000704600000| Untracked |  0
|  11|0x0000000704800000, 0x0000000704a00000, 0x0000000704a00000|100%| E|CS|TAMS 0x0000000704800000| PB 0x0000000704800000| Complete |  0
|  12|0x0000000704a00000, 0x0000000704a00000, 0x0000000704c00000|  0%| F|  |TAMS 0x0000000704a00000| PB 0x0000000704a00000| Untracked |  0
|  13|0x0000000704c00000, 0x0000000704c00000, 0x0000000704e00000|  0%| F|  |TAMS 0x0000000704c00000| PB 0x0000000704c00000| Untracked |  0
|  14|0x0000000704e00000, 0x0000000704e00000, 0x0000000705000000|  0%| F|  |TAMS 0x0000000704e00000| PB 0x0000000704e00000| Untracked |  0
|  15|0x0000000705000000, 0x0000000705000000, 0x0000000705200000|  0%| F|  |TAMS 0x0000000705000000| PB 0x0000000705000000| Untracked |  0
|  16|0x0000000705200000, 0x00000007053a6710, 0x0000000705400000| 82%| S|  |TAMS 0x0000000705200000| PB 0x0000000705200000| Complete |  0
|  17|0x0000000705400000, 0x0000000705600000, 0x0000000705600000|100%| S|  |TAMS 0x0000000705400000| PB 0x0000000705400000| Complete |  0
|  18|0x0000000705600000, 0x0000000705800000, 0x0000000705800000|100%| E|CS|TAMS 0x0000000705600000| PB 0x0000000705600000| Complete |  0
|  19|0x0000000705800000, 0x0000000705a00000, 0x0000000705a00000|100%| E|CS|TAMS 0x0000000705800000| PB 0x0000000705800000| Complete |  0
|  20|0x0000000705a00000, 0x0000000705c00000, 0x0000000705c00000|100%| E|CS|TAMS 0x0000000705a00000| PB 0x0000000705a00000| Complete |  0
|  21|0x0000000705c00000, 0x0000000705e00000, 0x0000000705e00000|100%| E|CS|TAMS 0x0000000705c00000| PB 0x0000000705c00000| Complete |  0
|  22|0x0000000705e00000, 0x0000000706000000, 0x0000000706000000|100%| E|CS|TAMS 0x0000000705e00000| PB 0x0000000705e00000| Complete |  0
|  23|0x0000000706000000, 0x0000000706200000, 0x0000000706200000|100%| E|CS|TAMS 0x0000000706000000| PB 0x0000000706000000| Complete |  0
| 108|0x0000000710a00000, 0x0000000710c00000, 0x0000000710c00000|100%| E|CS|TAMS 0x0000000710a00000| PB 0x0000000710a00000| Complete |  0
| 109|0x0000000710c00000, 0x0000000710e00000, 0x0000000710e00000|100%| E|CS|TAMS 0x0000000710c00000| PB 0x0000000710c00000| Complete |  0
| 110|0x0000000710e00000, 0x0000000711000000, 0x0000000711000000|100%| E|CS|TAMS 0x0000000710e00000| PB 0x0000000710e00000| Complete |  0
| 111|0x0000000711000000, 0x0000000711200000, 0x0000000711200000|100%| E|CS|TAMS 0x0000000711000000| PB 0x0000000711000000| Complete |  0
| 112|0x0000000711200000, 0x0000000711400000, 0x0000000711400000|100%| E|CS|TAMS 0x0000000711200000| PB 0x0000000711200000| Complete |  0
| 126|0x0000000712e00000, 0x0000000713000000, 0x0000000713000000|100%| E|CS|TAMS 0x0000000712e00000| PB 0x0000000712e00000| Complete |  0
|2022|0x00000007ffe00000, 0x0000000800000000, 0x0000000800000000|100%| E|CS|TAMS 0x00000007ffe00000| PB 0x00000007ffe00000| Complete |  0

Card table byte_map: [0x000001c5fecf0000,0x000001c5ff4e0000] _byte_map_base: 0x000001c5fb4d7000

Marking Bits: (CMBitMap*) 0x000001c5f5898b20
 Bits: [0x000001c58f000000, 0x000001c592f38000)

Polling page: 0x000001c5f3a10000

Metaspace:
Metaspace        used 32201K, committed 32512K, reserved 1114112K
 class space     used 3810K, committed 3904K, reserved 1048576K

Usage:
  Non-class:     27.73 MB used.
      Class:      3.72 MB used.
       Both:     31.45 MB used.

Virtual space:
  Non-class space:       64.00 MB reserved,      27.94 MB ( 44%) committed,  1 nodes.
      Class space:        1.00 GB reserved,       3.81 MB ( <1%) committed,  1 nodes.
             Both:        1.06 GB reserved,      31.75 MB (  3%) committed. 

Chunk freelists:
   Non-Class:  3.84 MB
       Class:  12.06 MB
        Both:  15.91 MB

MaxMetaspaceSize: unlimited
CompressedClassSpaceSize: 1.00 GB
Initial GC threshold: 21.00 MB
Current GC threshold: 35.12 MB
CDS: on
 - commit_granule_bytes: 65536.
 - commit_granule_words: 8192.
 - virtual_space_node_default_size: 8388608.
 - enlarge_chunks_in_place: 1.
UseCompressedClassPointers 1, UseCompactObjectHeaders 0
Narrow klass pointer bits 32, Max shift 3
Narrow klass base: 0x000000000d000000, Narrow klass shift: 0
Encoding Range: [0x000000000d000000 - 0x000000010d000000), (4294967296 bytes)
Klass Range:    [0x000000000d010000 - 0x000000004e000000), (1090453504 bytes)
Klass ID Range:  [65536 - 1090519033) (1090453497)
Protection zone: [0x000000000d000000 - 0x000000000d010000), (65536 bytes)


Internal statistics:

num_allocs_failed_limit: 3.
num_arena_births: 282.
num_arena_deaths: 0.
num_vsnodes_births: 2.
num_vsnodes_deaths: 0.
num_space_committed: 508.
num_space_uncommitted: 0.
num_chunks_returned_to_freelist: 3.
num_chunks_taken_from_freelist: 955.
num_chunk_merges: 0.
num_chunk_splits: 618.
num_chunks_enlarged: 454.
num_inconsistent_stats: 0.

CodeHeap 'non-profiled nmethods': size=120064Kb used=1326Kb max_used=1326Kb free=118737Kb
 bounds [0x000001c587ac0000, 0x000001c587d30000, 0x000001c58f000000]
CodeHeap 'profiled nmethods': size=120000Kb used=5704Kb max_used=5704Kb free=114295Kb
 bounds [0x000001c580000000, 0x000001c5805a0000, 0x000001c587530000]
CodeHeap 'non-nmethods': size=5696Kb used=1511Kb max_used=1598Kb free=4184Kb
 bounds [0x000001c587530000, 0x000001c5877a0000, 0x000001c587ac0000]
CodeCache: size=245760Kb, used=8541Kb, max_used=8628Kb, free=237216Kb
 total_blobs=4235, nmethods=3595, adapters=543, full_count=0
Compilation: enabled, stopped_count=0, restarted_count=0

Compilation events (20 events):
Event: 2.668 Thread 0x000001c5ffd61280 3604       3       org.yaml.snakeyaml.constructor.BaseConstructor::constructObject (30 bytes)
Event: 2.668 Thread 0x000001c5ffd61280 nmethod 3604 0x000001c58058d708 code [0x000001c58058d800, 0x000001c58058dbc8]
Event: 2.668 Thread 0x000001c5ffd61280 3606       3       org.yaml.snakeyaml.constructor.BaseConstructor::getConstructor (126 bytes)
Event: 2.669 Thread 0x000001c5ffd61280 nmethod 3606 0x000001c58058dc08 code [0x000001c58058dd00, 0x000001c58058efe0]
Event: 2.669 Thread 0x000001c5ffd61280 3607       3       org.yaml.snakeyaml.nodes.Node::useClassConstructor (77 bytes)
Event: 2.669 Thread 0x000001c5ffd61280 nmethod 3607 0x000001c58058f008 code [0x000001c58058f100, 0x000001c58058fec0]
Event: 2.669 Thread 0x000001c5ffd61280 3605       3       org.yaml.snakeyaml.constructor.BaseConstructor::constructObjectNoCheck (127 bytes)
Event: 2.670 Thread 0x000001c5ffd61280 nmethod 3605 0x000001c58058ff08 code [0x000001c580590000, 0x000001c580590c30]
Event: 2.670 Thread 0x000001c5ffd61280 3608       3       org.yaml.snakeyaml.nodes.Tag::isCompatible (27 bytes)
Event: 2.670 Thread 0x000001c5ffd61280 nmethod 3608 0x000001c580590c88 code [0x000001c580590d80, 0x000001c580591288]
Event: 2.670 Thread 0x000001c5ffd61280 3611       3       org.yaml.snakeyaml.constructor.BaseConstructor::finalizeConstruction (38 bytes)
Event: 2.670 Thread 0x000001c5ffd61280 nmethod 3611 0x000001c580591308 code [0x000001c580591400, 0x000001c5805918e0]
Event: 2.670 Thread 0x000001c5ffd61280 3609       3       org.yaml.snakeyaml.constructor.SafeConstructor$ConstructYamlStr::construct (12 bytes)
Event: 2.670 Thread 0x000001c5ffd5bab0 nmethod 3596 0x000001c587c0b488 code [0x000001c587c0b580, 0x000001c587c0b988]
Event: 2.670 Thread 0x000001c5ffd5bab0 3613       4       java.util.HashMap::containsKey (14 bytes)
Event: 2.670 Thread 0x000001c5ffd61280 nmethod 3609 0x000001c580591908 code [0x000001c580591a00, 0x000001c580591ce0]
Event: 2.670 Thread 0x000001c5ffd61280 3612       3       org.yaml.snakeyaml.TypeDescription::finalizeConstruction (2 bytes)
Event: 2.670 Thread 0x000001c5ffd61280 nmethod 3612 0x000001c580591d08 code [0x000001c580591e00, 0x000001c580591f08]
Event: 2.670 Thread 0x000001c5ffd61280 3610       3       org.yaml.snakeyaml.constructor.BaseConstructor::constructScalar (5 bytes)
Event: 2.670 Thread 0x000001c5ffd61280 nmethod 3610 0x000001c580592008 code [0x000001c580592100, 0x000001c580592230]

GC Heap Usage History (9 events):
Event: 0.942 {heap Before GC invocations=0 (full 0):
 garbage-first heap   total reserved 4143104K, committed 262144K, used 48277K [0x0000000703200000, 0x0000000800000000)
  region size 2048K, 24 young (49152K), 0 survivors (0K)
}
Event: 0.946 {heap After GC invocations=1 (full 0):
 garbage-first heap   total reserved 4143104K, committed 262144K, used 8244K [0x0000000703200000, 0x0000000800000000)
  region size 2048K, 3 young (6144K), 3 survivors (6144K)
}
Event: 1.189 {heap Before GC invocations=1 (full 0):
 garbage-first heap   total reserved 4143104K, committed 262144K, used 34868K [0x0000000703200000, 0x0000000800000000)
  region size 2048K, 17 young (34816K), 3 survivors (6144K)
}
Event: 1.193 {heap After GC invocations=2 (full 0):
 garbage-first heap   total reserved 4143104K, committed 262144K, used 11106K [0x0000000703200000, 0x0000000800000000)
  region size 2048K, 5 young (10240K), 5 survivors (10240K)
}
Event: 1.491 {heap Before GC invocations=3 (full 0):
 garbage-first heap   total reserved 4143104K, committed 49152K, used 45922K [0x0000000703200000, 0x0000000800000000)
  region size 2048K, 22 young (45056K), 5 survivors (10240K)
}
Event: 1.500 {heap After GC invocations=4 (full 0):
 garbage-first heap   total reserved 4143104K, committed 63488K, used 16436K [0x0000000703200000, 0x0000000800000000)
  region size 2048K, 7 young (14336K), 7 survivors (14336K)
}
Event: 2.402 {heap Before GC invocations=4 (full 0):
 garbage-first heap   total reserved 4143104K, committed 63488K, used 36916K [0x0000000703200000, 0x0000000800000000)
  region size 2048K, 18 young (36864K), 7 survivors (14336K)
}
Event: 2.411 {heap After GC invocations=5 (full 0):
 garbage-first heap   total reserved 4143104K, committed 63488K, used 18084K [0x0000000703200000, 0x0000000800000000)
  region size 2048K, 1 young (2048K), 1 survivors (2048K)
}
Event: 2.671 {heap Before GC invocations=5 (full 0):
 garbage-first heap   total reserved 4143104K, committed 63488K, used 44708K [0x0000000703200000, 0x0000000800000000)
  region size 2048K, 14 young (28672K), 1 survivors (2048K)
}

Metaspace Usage History (9 events):
Event: 0.942 {metaspace Before GC invocations=0 (full 0):
 Metaspace       used 16314K, committed 16512K, reserved 1114112K
  class space    used 1747K, committed 1856K, reserved 1048576K
}
Event: 0.946 {metaspace After GC invocations=1 (full 0):
 Metaspace       used 16314K, committed 16512K, reserved 1114112K
  class space    used 1747K, committed 1856K, reserved 1048576K
}
Event: 1.189 {metaspace Before GC invocations=1 (full 0):
 Metaspace       used 21275K, committed 21504K, reserved 1114112K
  class space    used 2303K, committed 2432K, reserved 1048576K
}
Event: 1.193 {metaspace After GC invocations=2 (full 0):
 Metaspace       used 21275K, committed 21504K, reserved 1114112K
  class space    used 2303K, committed 2432K, reserved 1048576K
}
Event: 1.491 {metaspace Before GC invocations=3 (full 0):
 Metaspace       used 24142K, committed 24384K, reserved 1114112K
  class space    used 2663K, committed 2816K, reserved 1048576K
}
Event: 1.500 {metaspace After GC invocations=4 (full 0):
 Metaspace       used 24142K, committed 24384K, reserved 1114112K
  class space    used 2663K, committed 2816K, reserved 1048576K
}
Event: 2.402 {metaspace Before GC invocations=4 (full 0):
 Metaspace       used 28915K, committed 29248K, reserved 1114112K
  class space    used 3334K, committed 3456K, reserved 1048576K
}
Event: 2.411 {metaspace After GC invocations=5 (full 0):
 Metaspace       used 28915K, committed 29248K, reserved 1114112K
  class space    used 3334K, committed 3456K, reserved 1048576K
}
Event: 2.671 {metaspace Before GC invocations=5 (full 0):
 Metaspace       used 32201K, committed 32512K, reserved 1114112K
  class space    used 3810K, committed 3904K, reserved 1048576K
}

Dll operation events (12 events):
Event: 0.014 Loaded shared library C:\Program Files\Java\jdk-25.0.2\bin\java.dll
Event: 0.016 Loaded shared library C:\Program Files\Java\jdk-25.0.2\bin\zip.dll
Event: 0.158 Loaded shared library C:\Program Files\Java\jdk-25.0.2\bin\instrument.dll
Event: 0.169 Loaded shared library C:\Program Files\Java\jdk-25.0.2\bin\verify.dll
Event: 0.204 Loaded shared library C:\Program Files\Java\jdk-25.0.2\bin\net.dll
Event: 0.206 Loaded shared library C:\Program Files\Java\jdk-25.0.2\bin\nio.dll
Event: 0.217 Loaded shared library C:\Program Files\Java\jdk-25.0.2\bin\zip.dll
Event: 0.248 Loaded shared library C:\Program Files\Java\jdk-25.0.2\bin\extnet.dll
Event: 0.340 Loaded shared library C:\Program Files\Java\jdk-25.0.2\bin\jimage.dll
Event: 1.484 Loaded shared library C:\Program Files\Java\jdk-25.0.2\bin\management.dll
Event: 1.485 Loaded shared library C:\Program Files\Java\jdk-25.0.2\bin\management_ext.dll
Event: 1.573 Loaded shared library C:\Program Files\Java\jdk-25.0.2\bin\sunmscapi.dll

Deoptimization events (20 events):
Event: 2.662 Thread 0x000001c5f582e490 Uncommon trap: trap_request=0xffffffc6 fr.pc=0x000001c587c08484 relative=0x0000000000000604
Event: 2.662 Thread 0x000001c5f582e490 Uncommon trap: reason=bimorphic_or_optimized_type_check action=maybe_recompile pc=0x000001c587c08484 method=org.yaml.snakeyaml.scanner.ScannerImpl.checkToken([Lorg/yaml/snakeyaml/tokens/Token$ID;)Z @ 46 c2
Event: 2.662 Thread 0x000001c5f582e490 DEOPT PACKING pc=0x000001c587c08484 sp=0x000000494d5fd0a0
Event: 2.662 Thread 0x000001c5f582e490 DEOPT UNPACKING pc=0x000001c58764f882 sp=0x000000494d5fd060 mode 2
Event: 2.663 Thread 0x000001c5f582e490 Uncommon trap: trap_request=0xffffffc6 fr.pc=0x000001c587c08484 relative=0x0000000000000604
Event: 2.663 Thread 0x000001c5f582e490 Uncommon trap: reason=bimorphic_or_optimized_type_check action=maybe_recompile pc=0x000001c587c08484 method=org.yaml.snakeyaml.scanner.ScannerImpl.checkToken([Lorg/yaml/snakeyaml/tokens/Token$ID;)Z @ 46 c2
Event: 2.663 Thread 0x000001c5f582e490 DEOPT PACKING pc=0x000001c587c08484 sp=0x000000494d5fd0a0
Event: 2.663 Thread 0x000001c5f582e490 DEOPT UNPACKING pc=0x000001c58764f882 sp=0x000000494d5fd060 mode 2
Event: 2.663 Thread 0x000001c5f582e490 Uncommon trap: trap_request=0xffffffc6 fr.pc=0x000001c587c08484 relative=0x0000000000000604
Event: 2.663 Thread 0x000001c5f582e490 Uncommon trap: reason=bimorphic_or_optimized_type_check action=maybe_recompile pc=0x000001c587c08484 method=org.yaml.snakeyaml.scanner.ScannerImpl.checkToken([Lorg/yaml/snakeyaml/tokens/Token$ID;)Z @ 46 c2
Event: 2.663 Thread 0x000001c5f582e490 DEOPT PACKING pc=0x000001c587c08484 sp=0x000000494d5fd0a0
Event: 2.663 Thread 0x000001c5f582e490 DEOPT UNPACKING pc=0x000001c58764f882 sp=0x000000494d5fd060 mode 2
Event: 2.665 Thread 0x000001c5f582e490 Uncommon trap: trap_request=0xffffff45 fr.pc=0x000001c587c00d3c relative=0x00000000000000bc
Event: 2.665 Thread 0x000001c5f582e490 Uncommon trap: reason=unstable_if action=reinterpret pc=0x000001c587c00d3c method=org.yaml.snakeyaml.reader.StreamReader.ensureEnoughData(I)Z @ 34 c2
Event: 2.665 Thread 0x000001c5f582e490 DEOPT PACKING pc=0x000001c587c00d3c sp=0x000000494d5fd100
Event: 2.666 Thread 0x000001c5f582e490 DEOPT UNPACKING pc=0x000001c58764f882 sp=0x000000494d5fd088 mode 2
Event: 2.666 Thread 0x000001c5f582e490 Uncommon trap: trap_request=0xffffff45 fr.pc=0x000001c587c03914 relative=0x0000000000000214
Event: 2.666 Thread 0x000001c5f582e490 Uncommon trap: reason=unstable_if action=reinterpret pc=0x000001c587c03914 method=org.yaml.snakeyaml.scanner.ScannerImpl.needMoreTokens()Z @ 4 c2
Event: 2.666 Thread 0x000001c5f582e490 DEOPT PACKING pc=0x000001c587c03914 sp=0x000000494d5fd2f0
Event: 2.666 Thread 0x000001c5f582e490 DEOPT UNPACKING pc=0x000001c58764f882 sp=0x000000494d5fd2b0 mode 2

Classes loaded (20 events):
Event: 2.666 Loading class org/yaml/snakeyaml/parser/ParserImpl$ParseDocumentStart
Event: 2.666 Loading class org/yaml/snakeyaml/parser/ParserImpl$ParseDocumentStart done
Event: 2.666 Loading class org/yaml/snakeyaml/events/StreamEndEvent
Event: 2.666 Loading class org/yaml/snakeyaml/events/StreamEndEvent done
Event: 2.666 Loading class java/net/URLDecoder
Event: 2.667 Loading class java/net/URLDecoder done
Event: 2.667 Loading class java/util/TreeMap$DescendingSubMap
Event: 2.667 Loading class java/util/TreeMap$NavigableSubMap
Event: 2.667 Loading class java/util/TreeMap$NavigableSubMap done
Event: 2.667 Loading class java/util/TreeMap$DescendingSubMap done
Event: 2.667 Loading class java/util/TreeMap$NavigableSubMap$EntrySetView
Event: 2.667 Loading class java/util/TreeMap$NavigableSubMap$EntrySetView done
Event: 2.667 Loading class java/util/TreeMap$DescendingSubMap$DescendingEntrySetView
Event: 2.667 Loading class java/util/TreeMap$DescendingSubMap$DescendingEntrySetView done
Event: 2.667 Loading class java/util/Collections$ReverseComparator
Event: 2.667 Loading class java/util/Collections$ReverseComparator done
Event: 2.667 Loading class java/util/TreeMap$NavigableSubMap$DescendingSubMapKeyIterator
Event: 2.667 Loading class java/util/TreeMap$NavigableSubMap$SubMapIterator
Event: 2.668 Loading class java/util/TreeMap$NavigableSubMap$SubMapIterator done
Event: 2.668 Loading class java/util/TreeMap$NavigableSubMap$DescendingSubMapKeyIterator done

Classes unloaded (0 events):
No events

Classes redefined (1 events):
Event: 0.181 Thread 0x000001c5ffd3db70 redefined class name=java.lang.Throwable, count=1

Internal exceptions (20 events):
Event: 2.434 Thread 0x000001c5f582e490 Exception <a 'java/lang/NoSuchMethodError'{0x0000000712fea1e8}: 'java.lang.Object java.lang.invoke.DirectMethodHandle$Holder.invokeSpecialIFC(java.lang.Object, java.lang.Object, java.lang.Object)'> (0x0000000712fea1e8) 
thrown [s\open\src\hotspot\share\interpreter\linkResolver.cpp, line 804]
Event: 2.498 Thread 0x000001c5f582e490 Exception <a 'java/lang/NoSuchMethodError'{0x0000000710e32630}: 'java.lang.Object java.lang.invoke.DirectMethodHandle$Holder.invokeStatic(java.lang.Object, int, java.lang.Object)'> (0x0000000710e32630) 
thrown [s\open\src\hotspot\share\interpreter\linkResolver.cpp, line 804]
Event: 2.502 Thread 0x000001c5f582e490 Exception <a 'java/lang/ClassNotFoundException'{0x0000000710e65350}: sun/util/logging/resources/spi/loggingProvider> (0x0000000710e65350) 
thrown [s\open\src\hotspot\share\classfile\systemDictionary.cpp, line 327]
Event: 2.508 Thread 0x000001c5f582e490 Exception <a 'java/lang/IncompatibleClassChangeError'{0x0000000710ed34b0}: Found class java.lang.Object, but interface was expected> (0x0000000710ed34b0) 
thrown [s\open\src\hotspot\share\interpreter\linkResolver.cpp, line 871]
Event: 2.508 Thread 0x000001c5f582e490 Exception <a 'java/lang/IncompatibleClassChangeError'{0x0000000710edb4f8}: Found class java.lang.Object, but interface was expected> (0x0000000710edb4f8) 
thrown [s\open\src\hotspot\share\interpreter\linkResolver.cpp, line 871]
Event: 2.509 Thread 0x000001c5f582e490 Exception <a 'java/lang/IncompatibleClassChangeError'{0x0000000710ee32b8}: Found class java.lang.Object, but interface was expected> (0x0000000710ee32b8) 
thrown [s\open\src\hotspot\share\interpreter\linkResolver.cpp, line 871]
Event: 2.509 Thread 0x000001c5f582e490 Exception <a 'java/lang/IncompatibleClassChangeError'{0x0000000710eeb0a8}: Found class java.lang.Object, but interface was expected> (0x0000000710eeb0a8) 
thrown [s\open\src\hotspot\share\interpreter\linkResolver.cpp, line 871]
Event: 2.509 Thread 0x000001c5f582e490 Exception <a 'java/lang/IncompatibleClassChangeError'{0x0000000710ef2f88}: Found class java.lang.Object, but interface was expected> (0x0000000710ef2f88) 
thrown [s\open\src\hotspot\share\interpreter\linkResolver.cpp, line 871]
Event: 2.509 Thread 0x000001c5f582e490 Exception <a 'java/lang/IncompatibleClassChangeError'{0x0000000710efad58}: Found class java.lang.Object, but interface was expected> (0x0000000710efad58) 
thrown [s\open\src\hotspot\share\interpreter\linkResolver.cpp, line 871]
Event: 2.509 Thread 0x000001c5f582e490 Exception <a 'java/lang/IncompatibleClassChangeError'{0x0000000710f02b50}: Found class java.lang.Object, but interface was expected> (0x0000000710f02b50) 
thrown [s\open\src\hotspot\share\interpreter\linkResolver.cpp, line 871]
Event: 2.509 Thread 0x000001c5f582e490 Exception <a 'sun/nio/fs/WindowsException'{0x0000000710f0a958}> (0x0000000710f0a958) 
thrown [s\open\src\hotspot\share\prims\jni.cpp, line 516]
Event: 2.559 Thread 0x000001c5f582e490 Exception <a 'java/lang/IncompatibleClassChangeError'{0x0000000710a49aa8}: Found class java.lang.Object, but interface was expected> (0x0000000710a49aa8) 
thrown [s\open\src\hotspot\share\interpreter\linkResolver.cpp, line 871]
Event: 2.578 Thread 0x000001c5f582e490 Exception <a 'java/lang/IncompatibleClassChangeError'{0x000000070609d9e8}: Found class java.lang.Object, but interface was expected> (0x000000070609d9e8) 
thrown [s\open\src\hotspot\share\interpreter\linkResolver.cpp, line 871]
Event: 2.579 Thread 0x000001c5f582e490 Exception <a 'java/lang/IncompatibleClassChangeError'{0x00000007060a57a8}: Found class java.lang.Object, but interface was expected> (0x00000007060a57a8) 
thrown [s\open\src\hotspot\share\interpreter\linkResolver.cpp, line 871]
Event: 2.579 Thread 0x000001c5f582e490 Exception <a 'java/lang/IncompatibleClassChangeError'{0x00000007060ad530}: Found class java.lang.Object, but interface was expected> (0x00000007060ad530) 
thrown [s\open\src\hotspot\share\interpreter\linkResolver.cpp, line 871]
Event: 2.579 Thread 0x000001c5f582e490 Exception <a 'java/lang/IncompatibleClassChangeError'{0x00000007060b52e0}: Found class java.lang.Object, but interface was expected> (0x00000007060b52e0) 
thrown [s\open\src\hotspot\share\interpreter\linkResolver.cpp, line 871]
Event: 2.580 Thread 0x000001c5f582e490 Exception <a 'java/lang/IncompatibleClassChangeError'{0x00000007060da6b8}: Found class java.lang.Object, but interface was expected> (0x00000007060da6b8) 
thrown [s\open\src\hotspot\share\interpreter\linkResolver.cpp, line 871]
Event: 2.617 Thread 0x000001c5f582e490 Implicit null exception at 0x000001c587b2144d to 0x000001c587b216f4
Event: 2.617 Thread 0x000001c5f582e490 Implicit null exception at 0x000001c587b659cf to 0x000001c587b65bac
Event: 2.628 Thread 0x000001c5f582e490 Implicit null exception at 0x000001c587b5954f to 0x000001c587b59764

VM Operations (20 events):
Event: 1.199 Executing safepoint VM operation: G1PauseCleanup done
Event: 1.327 Executing non-safepoint VM operation: HandshakeAllThreads (Deoptimize)
Event: 1.327 Executing non-safepoint VM operation: HandshakeAllThreads (Deoptimize) done
Event: 1.435 Executing non-safepoint VM operation: HandshakeAllThreads (Deoptimize)
Event: 1.435 Executing non-safepoint VM operation: HandshakeAllThreads (Deoptimize) done
Event: 1.491 Executing safepoint VM operation: G1CollectForAllocation (G1 Evacuation Pause)
Event: 1.500 Executing safepoint VM operation: G1CollectForAllocation (G1 Evacuation Pause) done
Event: 1.543 Executing non-safepoint VM operation: HandshakeAllThreads (Deoptimize)
Event: 1.543 Executing non-safepoint VM operation: HandshakeAllThreads (Deoptimize) done
Event: 1.687 Executing non-safepoint VM operation: HandshakeAllThreads (Deoptimize)
Event: 1.687 Executing non-safepoint VM operation: HandshakeAllThreads (Deoptimize) done
Event: 2.401 Executing non-safepoint VM operation: HandshakeAllThreads (Deoptimize)
Event: 2.401 Executing non-safepoint VM operation: HandshakeAllThreads (Deoptimize) done
Event: 2.402 Executing safepoint VM operation: G1CollectForAllocation (G1 Evacuation Pause)
Event: 2.411 Executing safepoint VM operation: G1CollectForAllocation (G1 Evacuation Pause) done
Event: 2.510 Executing non-safepoint VM operation: HandshakeAllThreads (Deoptimize)
Event: 2.510 Executing non-safepoint VM operation: HandshakeAllThreads (Deoptimize) done
Event: 2.528 Executing non-safepoint VM operation: HandshakeAllThreads (Deoptimize)
Event: 2.528 Executing non-safepoint VM operation: HandshakeAllThreads (Deoptimize) done
Event: 2.671 Executing safepoint VM operation: G1CollectForAllocation (G1 Evacuation Pause)

Memory protections (0 events):
No events

Nmethod flushes (0 events):
No events

Events (20 events):
Event: 1.600 Thread 0x000001c5f582e490 Thread added: 0x000001c59b7ae8d0
Event: 1.626 Thread 0x000001c5f582e490 Thread added: 0x000001c59b7af870
Event: 1.627 Thread 0x000001c5f582e490 Thread added: 0x000001c59b7b0040
Event: 1.628 Thread 0x000001c5f582e490 Thread added: 0x000001c59b7ae100
Event: 1.630 Thread 0x000001c59b7b0040 Thread added: 0x000001c59bd32270
Event: 1.682 Thread 0x000001c59b567ee0 Thread exited: 0x000001c59b567ee0
Event: 1.686 Thread 0x000001c59bd32270 Thread added: 0x000001c59bd35150
Event: 1.771 Thread 0x000001c5f582e490 Thread added: 0x000001c59bd360f0
Event: 1.772 Thread 0x000001c5f582e490 Thread added: 0x000001c59bd368c0
Event: 1.815 Thread 0x000001c59b7ae8d0 Thread added: 0x000001c59bd37090
Event: 1.821 Thread 0x000001c59b7ae8d0 Thread added: 0x000001c59bd38800
Event: 1.822 Thread 0x000001c59b7ae8d0 Thread added: 0x000001c59bd38fd0
Event: 2.400 Thread 0x000001c5ffd642e0 Thread exited: 0x000001c5ffd642e0
Event: 2.459 Thread 0x000001c5f582e490 Thread added: 0x000001c59be42ec0
Event: 2.459 Thread 0x000001c5f582e490 Thread added: 0x000001c59be41f20
Event: 2.462 Thread 0x000001c59be42ec0 Thread added: 0x000001c59be426f0
Event: 2.463 Thread 0x000001c59be42ec0 Thread added: 0x000001c59be41750
Event: 2.463 Thread 0x000001c59be42ec0 Thread added: 0x000001c59be46d40
Event: 2.588 Thread 0x000001c5ffd61280 Thread added: 0x000001c59b56f7d0
Event: 2.648 Thread 0x000001c5ffd61280 Thread added: 0x000001c59b56bf60


Dynamic libraries:
0x00007ff7f60e0000 - 0x00007ff7f60f0000 	C:\Program Files\Java\jdk-25.0.2\bin\java.exe
0x00007ffcfce40000 - 0x00007ffcfd0a7000 	C:\WINDOWS\SYSTEM32\ntdll.dll
0x00007ffcfc0c0000 - 0x00007ffcfc189000 	C:\WINDOWS\System32\KERNEL32.DLL
0x00007ffcf9910000 - 0x00007ffcf9d04000 	C:\WINDOWS\System32\KERNELBASE.dll
0x00007ffcf9710000 - 0x00007ffcf985b000 	C:\WINDOWS\System32\ucrtbase.dll
0x00007ffce6f50000 - 0x00007ffce6f67000 	C:\Program Files\Java\jdk-25.0.2\bin\jli.dll
0x00007ffce6e60000 - 0x00007ffce6e7e000 	C:\Program Files\Java\jdk-25.0.2\bin\VCRUNTIME140.dll
0x00007ffcfc4b0000 - 0x00007ffcfc675000 	C:\WINDOWS\System32\USER32.dll
0x00007ffcfa1f0000 - 0x00007ffcfa217000 	C:\WINDOWS\System32\win32u.dll
0x00007ffcf8b10000 - 0x00007ffcf8da3000 	C:\WINDOWS\WinSxS\amd64_microsoft.windows.common-controls_6595b64144ccf1df_6.0.26100.8115_none_3e075c82e3354f9c\COMCTL32.dll
0x00007ffcfb6f0000 - 0x00007ffcfb799000 	C:\WINDOWS\System32\msvcrt.dll
0x00007ffcfcb90000 - 0x00007ffcfcbbb000 	C:\WINDOWS\System32\GDI32.dll
0x00007ffcf9d10000 - 0x00007ffcf9e3b000 	C:\WINDOWS\System32\gdi32full.dll
0x00007ffcf9860000 - 0x00007ffcf9903000 	C:\WINDOWS\System32\msvcp_win.dll
0x00007ffcfbf80000 - 0x00007ffcfbfb2000 	C:\WINDOWS\System32\IMM32.DLL
0x00007ffce7300000 - 0x00007ffce730c000 	C:\Program Files\Java\jdk-25.0.2\bin\vcruntime140_1.dll
0x00007ffce6da0000 - 0x00007ffce6e2d000 	C:\Program Files\Java\jdk-25.0.2\bin\msvcp140.dll
0x00007ffcc8830000 - 0x00007ffcc968f000 	C:\Program Files\Java\jdk-25.0.2\bin\server\jvm.dll
0x00007ffcfcd20000 - 0x00007ffcfcdd6000 	C:\WINDOWS\System32\ADVAPI32.dll
0x00007ffcfbec0000 - 0x00007ffcfbf67000 	C:\WINDOWS\System32\sechost.dll
0x00007ffcfbd20000 - 0x00007ffcfbe38000 	C:\WINDOWS\System32\RPCRT4.dll
0x00007ffcfb940000 - 0x00007ffcfb9c0000 	C:\WINDOWS\System32\WS2_32.dll
0x00007ffcf9570000 - 0x00007ffcf95ce000 	C:\WINDOWS\SYSTEM32\POWRPROF.dll
0x00007ffce7250000 - 0x00007ffce7286000 	C:\WINDOWS\SYSTEM32\WINMM.dll
0x00007ffcebec0000 - 0x00007ffcebecb000 	C:\WINDOWS\SYSTEM32\VERSION.dll
0x00007ffcf9550000 - 0x00007ffcf9564000 	C:\WINDOWS\SYSTEM32\UMPDC.dll
0x00007ffcf7b70000 - 0x00007ffcf7b8b000 	C:\WINDOWS\SYSTEM32\kernel.appcore.dll
0x00007ffce6e50000 - 0x00007ffce6e5a000 	C:\Program Files\Java\jdk-25.0.2\bin\jimage.dll
0x00007ffcf8ec0000 - 0x00007ffcf9102000 	C:\WINDOWS\SYSTEM32\DBGHELP.DLL
0x00007ffcfabe0000 - 0x00007ffcfaf62000 	C:\WINDOWS\System32\combase.dll
0x00007ffcfbb40000 - 0x00007ffcfbc18000 	C:\WINDOWS\System32\OLEAUT32.dll
0x00007ffcf8db0000 - 0x00007ffcf8deb000 	C:\WINDOWS\SYSTEM32\dbgcore.DLL
0x00007ffcfaa90000 - 0x00007ffcfab35000 	C:\WINDOWS\System32\bcryptPrimitives.dll
0x00007ffce6c70000 - 0x00007ffce6c80000 	C:\Program Files\Java\jdk-25.0.2\bin\instrument.dll
0x00007ffce6d40000 - 0x00007ffce6d5f000 	C:\Program Files\Java\jdk-25.0.2\bin\java.dll
0x00007ffcfb7a0000 - 0x00007ffcfb937000 	C:\WINDOWS\System32\ole32.dll
0x00007ffcfaf80000 - 0x00007ffcfb6e7000 	C:\WINDOWS\System32\SHELL32.dll
0x00007ffcfa080000 - 0x00007ffcfa1ea000 	C:\WINDOWS\System32\wintypes.dll
0x00007ffce6cb0000 - 0x00007ffce6cc7000 	C:\Program Files\Java\jdk-25.0.2\bin\zip.dll
0x00007ffcfa220000 - 0x00007ffcfaa88000 	C:\WINDOWS\System32\windows.storage.dll
0x00007ffcfbc20000 - 0x00007ffcfbd18000 	C:\WINDOWS\System32\SHCORE.dll
0x00007ffcfc050000 - 0x00007ffcfc0b6000 	C:\WINDOWS\System32\shlwapi.dll
0x00007ffcf9630000 - 0x00007ffcf9659000 	C:\WINDOWS\SYSTEM32\profapi.dll
0x00007ffce6c60000 - 0x00007ffce6c70000 	C:\Program Files\Java\jdk-25.0.2\bin\verify.dll
0x00007ffce6cf0000 - 0x00007ffce6d02000 	C:\Program Files\Java\jdk-25.0.2\bin\net.dll
0x00007ffcf80a0000 - 0x00007ffcf810c000 	C:\WINDOWS\system32\mswsock.dll
0x00007ffce6cd0000 - 0x00007ffce6ce6000 	C:\Program Files\Java\jdk-25.0.2\bin\nio.dll
0x00007ffce6c40000 - 0x00007ffce6c49000 	C:\Program Files\Java\jdk-25.0.2\bin\extnet.dll
0x00007ffcf9230000 - 0x00007ffcf924b000 	C:\WINDOWS\SYSTEM32\CRYPTSP.dll
0x00007ffcf8210000 - 0x00007ffcf8249000 	C:\WINDOWS\system32\rsaenh.dll
0x00007ffcf8150000 - 0x00007ffcf8183000 	C:\WINDOWS\SYSTEM32\USERENV.dll
0x00007ffcf9600000 - 0x00007ffcf962a000 	C:\WINDOWS\SYSTEM32\bcrypt.dll
0x00007ffcf83c0000 - 0x00007ffcf83cc000 	C:\WINDOWS\SYSTEM32\CRYPTBASE.dll
0x00007ffcf75c0000 - 0x00007ffcf75f2000 	C:\WINDOWS\SYSTEM32\IPHLPAPI.DLL
0x00007ffcfabd0000 - 0x00007ffcfabda000 	C:\WINDOWS\System32\NSI.dll
0x00007ffcf7660000 - 0x00007ffcf7792000 	C:\WINDOWS\SYSTEM32\DNSAPI.dll
0x00007ffcedd30000 - 0x00007ffcedd3b000 	C:\Windows\System32\rasadhlp.dll
0x00007ffcf3150000 - 0x00007ffcf31d6000 	C:\WINDOWS\System32\fwpuclnt.dll
0x00007ffce6bf0000 - 0x00007ffce6bfa000 	C:\Program Files\Java\jdk-25.0.2\bin\management.dll
0x00007ffce4d10000 - 0x00007ffce4d1c000 	C:\Program Files\Java\jdk-25.0.2\bin\management_ext.dll
0x00007ffcfbf70000 - 0x00007ffcfbf78000 	C:\WINDOWS\System32\PSAPI.DLL
0x00007ffce6c50000 - 0x00007ffce6c5e000 	C:\Program Files\Java\jdk-25.0.2\bin\sunmscapi.dll
0x00007ffcf9e40000 - 0x00007ffcf9fb7000 	C:\WINDOWS\System32\CRYPT32.dll
0x00007ffcf87d0000 - 0x00007ffcf8800000 	C:\WINDOWS\SYSTEM32\ncrypt.dll
0x00007ffcf8740000 - 0x00007ffcf877f000 	C:\WINDOWS\SYSTEM32\NTASN1.dll
0x00007ffcbcff0000 - 0x00007ffcbcff8000 	C:\WINDOWS\system32\wshunix.dll
0x00007ffcf41b0000 - 0x00007ffcf41c8000 	C:\WINDOWS\system32\napinsp.dll
0x00007ffce5a40000 - 0x00007ffce5a53000 	C:\WINDOWS\System32\winrnr.dll
0x00007ffcead50000 - 0x00007ffcead72000 	C:\WINDOWS\system32\nlansp_c.dll
0x00007ffcf3c70000 - 0x00007ffcf3c86000 	C:\WINDOWS\system32\wshbth.dll

JVMTI agents:
C:\Users\moham\AppData\Local\JetBrains\IntelliJIdea2025.3\captureAgent\debugger-agent.jar path:C:\Program Files\Java\jdk-25.0.2\bin\instrument.dll, loaded, initialized, instrumentlib options:file:///C:/Users/moham/AppData/Local/Temp/capture14421972718651439042.props
D:\JetBrains\IntelliJ IDEA 2025.3.3\lib\idea_rt.jar path:C:\Program Files\Java\jdk-25.0.2\bin\instrument.dll, loaded, initialized, instrumentlib options:64398

dbghelp: loaded successfully - version: 4.0.5 - missing functions: none
symbol engine: initialized successfully - sym options: 0x614 - pdb path: .;C:\Program Files\Java\jdk-25.0.2\bin;C:\WINDOWS\SYSTEM32;C:\WINDOWS\WinSxS\amd64_microsoft.windows.common-controls_6595b64144ccf1df_6.0.26100.8115_none_3e075c82e3354f9c;C:\Program Files\Java\jdk-25.0.2\bin\server

VM Arguments:
jvm_args: -javaagent:C:\Users\moham\AppData\Local\JetBrains\IntelliJIdea2025.3\captureAgent\debugger-agent.jar=file:///C:/Users/moham/AppData/Local/Temp/capture14421972718651439042.props -ea -Didea.test.cyclic.buffer.size=1048576 -javaagent:D:\JetBrains\IntelliJ IDEA 2025.3.3\lib\idea_rt.jar=64398 -Dkotlinx.coroutines.debug.enable.creation.stack.trace=false -Ddebugger.agent.enable.coroutines=true -Dkotlinx.coroutines.debug.enable.flows.stack.trace=true -Dkotlinx.coroutines.debug.enable.mutable.state.flows.stack.trace=true -Ddebugger.async.stack.trace.for.all.threads=true -Dfile.encoding=UTF-8 -Dsun.stdout.encoding=UTF-8 -Dsun.stderr.encoding=UTF-8 
java_command: com.intellij.rt.testng.RemoteTestNGStarter -usedefaultlisteners false -socket64397 @w@C:\Users\moham\AppData\Local\Temp\idea_working_dirs_testng.tmp -temp C:\Users\moham\AppData\Local\Temp\idea_testng.tmp
java_class_path (initial): D:\JetBrains\IntelliJ IDEA 2025.3.3\lib\idea_rt.jar;D:\JetBrains\IntelliJ IDEA 2025.3.3\plugins\testng\lib\testng-rt.jar;D:\JetBrains\Projects\QA_Todo_Project_Testing\target\test-classes;D:\JetBrains\Projects\QA_Todo_Project_Testing\target\classes;C:\Users\moham\.m2\repository\org\seleniumhq\selenium\selenium-java\4.38.0\selenium-java-4.38.0.jar;C:\Users\moham\.m2\repository\org\seleniumhq\selenium\selenium-api\4.38.0\selenium-api-4.38.0.jar;C:\Users\moham\.m2\repository\org\jspecify\jspecify\1.0.0\jspecify-1.0.0.jar;C:\Users\moham\.m2\repository\org\seleniumhq\selenium\selenium-chrome-driver\4.38.0\selenium-chrome-driver-4.38.0.jar;C:\Users\moham\.m2\repository\com\google\auto\service\auto-service-annotations\1.1.1\auto-service-annotations-1.1.1.jar;C:\Users\moham\.m2\repository\org\seleniumhq\selenium\selenium-chromium-driver\4.38.0\selenium-chromium-driver-4.38.0.jar;C:\Users\moham\.m2\repository\org\seleniumhq\selenium\selenium-json\4.38.0\selenium-json-4.38.0.jar;C:\Users\moham\.m2\repository\org\seleniumhq\selenium\selenium-manager\4.38.0\selenium-manager-4.38.0.jar;C:\Users\moham\.m2\repository\org\seleniumhq\selenium\selenium-devtools-v140\4.38.0\selenium-devtools-v140-4.38.0.jar;C:\Users\moham\.m2\repository\org\seleniumhq\selenium\selenium-devtools-v141\4.38.0\selenium-devtools-v141-4.38.0.jar;C:\Users\moham\.m2\repository\org\seleniumhq\selenium\selenium-devtools-v142\4.38.0\selenium-devtools-v142-4.38.0.jar;C:\Users\moham\.m2\repository\org\seleniumhq\selenium\selenium-edge-driver\4.38.0\selenium-edge-driver-4.38.0.jar;C:\Users\moham\.m2\repository\org\seleniumhq\selenium\selenium-firefox-driver\4.38.0\selenium-firefox-driver-4.38.0.jar;C:\Users\moham\.m2\repository\org\seleniumhq\selenium\selenium-http\4.38.0\selenium-http-4.38.0.jar;C:\Users\moham\.m2\repository\org\seleniumhq\selenium\selenium-ie-driver\4.38.0\selenium-ie-driver-4.38.0.jar;C:\Users\moham\.m2\repository\org\seleniumhq\selenium\selenium-remote-driver\4.38.0\selenium-remote-driver-4.38.0.jar;C:\Users\moham\.m2\repository\com\google\guava\guava\33.5.0-jre\guava-33.5.0-jre.jar;C:\Users\moham\.m2\repository\com\google\guava\failureaccess\1.0.3\failureaccess-1.0.3.jar;C:\Users\moham\.m2\repository\com\google\guava\listenablefuture\9999.0-empty-to-avoid-conflict-with-guava\listenablefuture-9999.0-empty-to-avoid-conflict-with-guava.jar;C:\Users\moham\.m2\repository\com\google\j2objc\j2objc-annotations\3.1\j2objc-annotations-3.1.jar;C:\Users\moham\.m2\repository\io\opentelemetry\opentelemetry-api\1.55.0\opentelemetry-api-1.55.0.jar;C:\Users\moham\.m2\repository\io\opentelemetry\opentelemetry-context\1.55.0\opentelemetry-context-1.55.0.jar;C:\Users\moham\.m2\repository\io\opentelemetry\opentelemetry-common\1.55.0\opentelemetry-common-1.55.0.jar;C:\Users\moham\.m2\repository\io\opentelemetry\opentelemetry-exporter-logging\1.55.0\opentelemetry-exporter-logging-1.55.0.jar;C:\Users\moham\.m2\repository\io\opentelemetry\opentelemetry-sdk-common\1.55.0\opentelemetry-sdk-common-1.55.0.jar;C:\Users\moham\.m2\repository\io\opentelemetry\opentelemetry-sdk-extension-autoconfigure-spi\1.55.0\opentelemetry-sdk-extension-autoconfigure-spi-1.55.0.jar;C:\Users\moham\.m2\repository\io\opentelemetry\opentelemetry-sdk-extension-autoconfigure\1.55.0\opentelemetry-sdk-extension-autoconfigure-1.55.0.jar;C:\Users\moham\.m2\repository\io\opentelemetry\opentelemetry-sdk-trace\1.55.0\opentelemetry-sdk-trace-1.55.0.jar;C:\Users\moham\.m2\repository\io\opentelemetry\opentelemetry-sdk\1.55.0\opentelemetry-sdk-1.55.0.jar;C:\Users\moham\.m2\repository\io\opentelemetry\opentelemetry-sdk-metrics\1.55.0\opentelemetry-sdk-metrics-1.55.0.jar;C:\Users\moham\.m2\repository\io\opentelemetry\opentelemetry-sdk-logs\1.55.0\opentelemetry-sdk-logs-1.55.0.jar;C:\Users\moham\.m2\repository\net\bytebuddy\byte-buddy\1.17.8\byte-buddy-1.17.8.jar;C:\Users\moham\.m2\repository\org\seleniumhq\selenium\selenium-os\4.38.0\selenium-os-4.38.0.jar;C:\Users\moham\.m2\repository\org\apache\commons\commons-exec\1.5.0\commons-exec-1.5.0.jar;C:\Users\moham\.m2\repository\org\seleniumhq\selenium\selenium-safari-driver\4.38.0\selenium-safari-driver-4.38.0.jar;C:\Users\moham\.m2\repository\org\seleniumhq\selenium\selenium-support\4.38.0\selenium-support-4.38.0.jar;C:\Users\moham\.m2\repository\io\github\bonigarcia\webdrivermanager\6.3.3\webdrivermanager-6.3.3.jar;C:\Users\moham\.m2\repository\org\slf4j\slf4j-api\2.0.17\slf4j-api-2.0.17.jar;C:\Users\moham\.m2\repository\com\google\code\gson\gson\2.13.2\gson-2.13.2.jar;C:\Users\moham\.m2\repository\com\google\errorprone\error_prone_annotations\2.41.0\error_prone_annotations-2.41.0.jar;C:\Users\moham\.m2\repository\com\github\docker-java\docker-java\3.6.0\docker-java-3.6.0.jar;C:\Users\moham\.m2\repository\com\github\docker-java\docker-java-core\3.6.0\docker-java-core-3.6.0.jar;C:\Users\moham\.m2\repository\com\github\docker-java\docker-java-api\3.6.0\docker-java-api-3.6.0.jar;C:\Users\moham\.m2\repository\com\fasterxml\jackson\core\jackson-annotations\2.19.2\jackson-annotations-2.19.2.jar;C:\Users\moham\.m2\repository\com\fasterxml\jackson\core\jackson-databind\2.19.2\jackson-databind-2.19.2.jar;C:\Users\moham\.m2\repository\com\fasterxml\jackson\core\jackson-core\2.19.2\jackson-core-2.19.2.jar;C:\Users\moham\.m2\repository\org\slf4j\jcl-over-slf4j\1.7.30\jcl-over-slf4j-1.7.30.jar;C:\Users\moham\.m2\repository\com\github\docker-java\docker-java-transport-httpclient5\3.6.0\docker-java-transport-httpclient5-3.6.0.jar;C:\Users\moham\.m2\repository\com\github\docker-java\docker-java-transport\3.6.0\docker-java-transport-3.6.0.jar;C:\Users\moham\.m2\repository\net\java\dev\jna\jna\5.17.0\jna-5.17.0.jar;C:\Users\moham\.m2\repository\org\brotli\dec\0.1.2\dec-0.1.2.jar;C:\Users\moham\.m2\repository\org\apache\commons\commons-lang3\3.19.0\commons-lang3-3.19.0.jar;C:\Users\moham\.m2\repository\org\apache\commons\commons-compress\1.28.0\commons-compress-1.28.0.jar;C:\Users\moham\.m2\repository\commons-codec\commons-codec\1.19.0\commons-codec-1.19.0.jar;C:\Users\moham\.m2\repository\commons-io\commons-io\2.20.0\commons-io-2.20.0.jar;C:\Users\moham\.m2\repository\org\apache\httpcomponents\client5\httpclient5\5.4.3\httpclient5-5.4.3.jar;C:\Users\moham\.m2\repository\org\apache\httpcomponents\core5\httpcore5\5.3.4\httpcore5-5.3.4.jar;C:\Users\moham\.m2\repository\org\apache\httpcomponents\core5\httpcore5-h2\5.3.4\httpcore5-h2-5.3.4.jar;C:\Users\moham\.m2\repository\org\testng\testng\7.12.0\testng-7.12.0.jar;C:\Users\moham\.m2\repository\org\jcommander\jcommander\1.83\jcommander-1.83.jar;C:\Users\moham\.m2\repository\org\webjars\jquery\3.7.1\jquery-3.7.1.jar;C:\Users\moham\.m2\repository\io\rest-assured\rest-assured\5.5.7\rest-assured-5.5.7.jar;C:\Users\moham\.m2\repository\org\apache\groovy\groovy\4.0.22\groovy-4.0.22.jar;C:\Users\moham\.m2\repository\org\apache\groovy\groovy-xml\4.0.22\groovy-xml-4.0.22.jar;C:\Users\moham\.m2\repository\org\apache\httpcomponents\httpclient\4.5.13\httpclient-4.5.13.jar;C:\Users\moham\.m2\repository\org\apache\httpcomponents\httpcore\4.4.13\httpcore-4.4.13.jar;C:\Users\moham\.m2\repository\commons-logging\commons-logging\1.2\commons-logging-1.2.jar;C:\Users\moham\.m2\repository\org\apache\httpcomponents\httpmime\4.5.13\httpmime-4.5.13.jar;C:\Users\moham\.m2\repository\org\hamcrest\hamcrest\2.2\hamcrest-2.2.jar;C:\Users\moham\.m2\repository\org\ccil\cowan\tagsoup\tagsoup\1.2.1\tagsoup-1.2.1.jar;C:\Users\moham\.m2\repository\io\rest-assured\json-path\5.5.7\json-path-5.5.7.jar;C:\Users\moham\.m2\repository\org\apache\groovy\groovy-json\4.0.22\groovy-json-4.0.22.jar;C:\Users\moham\.m2\repository\io\rest-assured\rest-assured-common\5.5.7\rest-assured-common-5.5.7.jar;C:\Users\moham\.m2\repository\io\rest-assured\xml-path\5.5.7\xml-path-5.5.7.jar;C:\Users\moham\.m2\repository\com\jayway\jsonpath\json-path\3.0.0\json-path-3.0.0.jar;C:\Users\moham\.m2\repository\net\minidev\json-smart\2.6.0\json-smart-2.6.0.jar;C:\Users\moham\.m2\repository\net\minidev\accessors-smart\2.6.0\accessors-smart-2.6.0.jar;C:\Users\moham\.m2\repository\org\ow2\asm\asm\9.7.1\asm-9.7.1.jar;C:\Users\moham\.m2\repository\com\github\javafaker\javafaker\1.0.2\javafaker-1.0.2.jar;C:\Users\moham\.m2\repository\org\yaml\snakeyaml\1.23\snakeyaml-1.23-android.jar;C:\Users\moham\.m2\repository\com\github\mifmif\generex\1.0.2\generex-1.0.2.jar;C:\Users\moham\.m2\repository\dk\brics\automaton\automaton\1.11-8\automaton-1.11-8.jar;C:\Users\moham\.m2\repository\io\qameta\allure\allure-testng\2.32.0\allure-testng-2.32.0.jar;C:\Users\moham\.m2\repository\io\qameta\allure\allure-java-commons\2.32.0\allure-java-commons-2.32.0.jar;C:\Users\moham\.m2\repository\io\qameta\allure\allure-model\2.32.0\allure-model-2.32.0.jar;C:\Users\moham\.m2\repository\io\qameta\allure\allure-test-filter\2.32.0\allure-test-filter-2.32.0.jar
Launcher Type: SUN_STANDARD

[Global flags]
     intx CICompilerCount                          = 4                                         {product} {ergonomic}
     uint ConcGCThreads                            = 2                                         {product} {ergonomic}
     uint G1ConcRefinementThreads                  = 8                                         {product} {ergonomic}
   size_t G1HeapRegionSize                         = 2097152                                   {product} {ergonomic}
   size_t InitialHeapSize                          = 266338304                                 {product} {ergonomic}
   size_t MarkStackSize                            = 4194304                                   {product} {ergonomic}
   size_t MarkStackSizeMax                         = 536870912                                 {product} {ergonomic}
   size_t MaxHeapSize                              = 4242538496                                {product} {ergonomic}
   size_t MaxNewSize                               = 2543845376                                {product} {ergonomic}
   size_t MinHeapDeltaBytes                        = 2097152                                   {product} {ergonomic}
   size_t MinHeapSize                              = 8388608                                   {product} {ergonomic}
    uintx NonNMethodCodeHeapSize                   = 5832704                                {pd product} {ergonomic}
    uintx NonProfiledCodeHeapSize                  = 122945536                              {pd product} {ergonomic}
    uintx ProfiledCodeHeapSize                     = 122880000                              {pd product} {ergonomic}
    uintx ReservedCodeCacheSize                    = 251658240                              {pd product} {ergonomic}
     bool SegmentedCodeCache                       = true                                      {product} {ergonomic}
   size_t SoftMaxHeapSize                          = 4242538496                             {manageable} {ergonomic}
     bool UseCompressedOops                        = true                           {product lp64_product} {ergonomic}
     bool UseG1GC                                  = true                                      {product} {ergonomic}
     bool UseLargePagesIndividualAllocation        = false                                  {pd product} {ergonomic}

Logging:
Log output configuration:
 #0: stdout all=warning uptime,level,tags foldmultilines=false
 #1: stderr all=off uptime,level,tags foldmultilines=false

Release file:
IMPLEMENTOR="Oracle Corporation" 
JAVA_RUNTIME_VERSION="25.0.2+10-LTS-69" 
JAVA_VERSION="25.0.2" 
JAVA_VERSION_DATE="2026-01-20" 
LIBC="default" 
MODULES="java.base java.compiler java.datatransfer java.xml java.prefs java.desktop java.instrument java.logging java.management java.security.sasl java.naming java.rmi java.management.rmi java.net.http java.scripting java.security.jgss java.transaction.xa java.sql java.sql.rowset java.xml.crypto java.se java.smartcardio jdk.accessibility jdk.internal.jvmstat jdk.attach jdk.charsets jdk.internal.opt jdk.zipfs jdk.compiler jdk.crypto.cryptoki jdk.crypto.ec jdk.crypto.mscapi jdk.dynalink jdk.internal.ed jdk.editpad jdk.internal.vm.ci jdk.graal.compiler jdk.graal.compiler.management jdk.hotspot.agent jdk.httpserver jdk.incubator.vector jdk.internal.le jdk.internal.md jdk.jartool jdk.javadoc jdk.jcmd jdk.management jdk.management.agent jdk.jconsole jdk.jdeps jdk.jdwp.agent jdk.jdi jdk.jfr jdk.jlink jdk.jpackage jdk.jshell jdk.jsobject jdk.jstatd jdk.localedata jdk.management.jfr jdk.naming.dns jdk.naming.rmi jdk.net jdk.nio.mapmode jdk.sctp jdk.security.auth jdk.security.jgss jdk.unsupported jdk.unsupported.desktop jdk.xml.dom" 
OS_ARCH="x86_64" 
OS_NAME="Windows" 
SOURCE=".:git:b75efb40c93a open:git:405a5699ebd0" 

Environment Variables:
PATH=C:\Program Files\Common Files\Oracle\Java\javapath;C:\WINDOWS\system32;C:\WINDOWS;C:\WINDOWS\System32\Wbem;C:\WINDOWS\System32\WindowsPowerShell\v1.0\;C:\WINDOWS\System32\OpenSSH\;D:\JetBrains\IntelliJ IDEA 2025.3.3\plugins\maven\lib\maven3\bin;C:\Program Files\Git\cmd;C:\Program Files\nodejs\;C:\Users\moham\scoop\shims;C:\Users\moham\AppData\Local\Microsoft\WindowsApps;D:\Microsoft VS Code\bin;D:\JetBrains\IntelliJ IDEA 2025.3.3\bin;C:\Users\moham\AppData\Local\GitHubDesktop\bin;C:\Users\moham\AppData\Roaming\npm
USERNAME=moham
OS=Windows_NT
PROCESSOR_IDENTIFIER=Intel64 Family 6 Model 165 Stepping 2, GenuineIntel
TMP=C:\Users\moham\AppData\Local\Temp
TEMP=C:\Users\moham\AppData\Local\Temp




Compilation memory statistics disabled.

Periodic native trim disabled

---------------  S Y S T E M  ---------------

OS:
 Windows 11 , 64 bit Build 26100 (10.0.26100.8246)
OS uptime: 0 days 5:51 hours
Hyper-V role detected

CPU: total 8 (initial active 8) (4 cores per cpu, 2 threads per core) family 6 model 165 stepping 2 microcode 0xfc, cx8, cmov, fxsr, ht, mmx, 3dnowpref, sse, sse2, sse3, ssse3, sse4.1, sse4.2, popcnt, lzcnt, tsc, tscinvbit, avx, avx2, aes, erms, clmul, bmi1, bmi2, adx, fma, vzeroupper, clflush, clflushopt, hv, rdtscp, f16c
Processor Information for the first 8 processors :
  Max Mhz: 2496, Current Mhz: 2496, Mhz Limit: 2496

Memory: 4k page, system-wide physical 16177M (7382M free)
TotalPageFile size 17201M (AvailPageFile size 7500M)
current process WorkingSet (physical memory assigned to process): 204M, peak: 204M
current process commit charge ("private bytes"): 239M, peak: 403M

vm_info: Java HotSpot(TM) 64-Bit Server VM (25.0.2+10-LTS-69) for windows-amd64 JRE (25.0.2+10-LTS-69), built on 2025-12-18T11:36:35Z with MS VC++ 17.13 (VS2022)

END.
