#
# A fatal error has been detected by the Java Runtime Environment:
#
#  EXCEPTION_ACCESS_VIOLATION (0xc0000005) at pc=0x00007ffd1eed5956, pid=7668, tid=8224
#
# JRE version: Java(TM) SE Runtime Environment (25.0.2+10) (build 25.0.2+10-LTS-69)
# Java VM: Java HotSpot(TM) 64-Bit Server VM (25.0.2+10-LTS-69, mixed mode, sharing, tiered, compressed oops, compressed class ptrs, g1 gc, windows-amd64)
# Problematic frame:
# V  [jvm.dll+0x255956]
#
# No core dump will be written. Minidumps are not enabled by default on client versions of Windows
#
# If you would like to submit a bug report, please visit:
#   https://bugreport.java.com/bugreport/crash.jsp
#

---------------  S U M M A R Y ------------

Command Line: -javaagent:C:\Users\moham\AppData\Local\JetBrains\IntelliJIdea2025.3\captureAgent\debugger-agent.jar=file:///C:/Users/moham/AppData/Local/Temp/capture5321510788781076687.props -ea -Didea.test.cyclic.buffer.size=1048576 -javaagent:D:\JetBrains\IntelliJ IDEA 2025.3.3\lib\idea_rt.jar=58349 -Dkotlinx.coroutines.debug.enable.creation.stack.trace=false -Ddebugger.agent.enable.coroutines=true -Dkotlinx.coroutines.debug.enable.flows.stack.trace=true -Dkotlinx.coroutines.debug.enable.mutable.state.flows.stack.trace=true -Ddebugger.async.stack.trace.for.all.threads=true -Dfile.encoding=UTF-8 -Dsun.stdout.encoding=UTF-8 -Dsun.stderr.encoding=UTF-8 com.intellij.rt.testng.RemoteTestNGStarter -usedefaultlisteners false -socket58348 @w@C:\Users\moham\AppData\Local\Temp\idea_working_dirs_testng.tmp -temp C:\Users\moham\AppData\Local\Temp\idea_testng.tmp

Host: Intel(R) Core(TM) i5-10300H CPU @ 2.50GHz, 8 cores, 15G,  Windows 11 , 64 bit Build 26100 (10.0.26100.8246)
Time: Wed May  6 00:06:38 2026 Egypt Daylight Time elapsed time: 1.530878 seconds (0d 0h 0m 1s)

---------------  T H R E A D  ---------------

Current thread (0x000001e57cc4dcf0):  JavaThread "C2 CompilerThread0" daemon [_thread_in_native, id=8224, stack(0x00000074e7900000,0x00000074e7a00000) (1024K)]


Current CompileTask:
C2:1530 2679 %     4       java.time.zone.ZoneRules::readExternal @ 169 (276 bytes)

Stack: [0x00000074e7900000,0x00000074e7a00000],  sp=0x00000074e79fc770,  free space=1009k
Native frames: (J=compiled Java code, j=interpreted, Vv=VM code, C=native code)
V  [jvm.dll+0x255956]  (no source info available)
V  [jvm.dll+0x2550bb]  (no source info available)
V  [jvm.dll+0x2548a2]  (no source info available)
V  [jvm.dll+0x2c0a0c]  (no source info available)
V  [jvm.dll+0x2bfb5f]  (no source info available)
V  [jvm.dll+0x2379a0]  (no source info available)
V  [jvm.dll+0x2cfc86]  (no source info available)
V  [jvm.dll+0x2cdf05]  (no source info available)
V  [jvm.dll+0x48e9d1]  (no source info available)
V  [jvm.dll+0x906fcd]  (no source info available)
V  [jvm.dll+0x7a56d5]  (no source info available)
C  [ucrtbase.dll+0x37b0]  (no source info available)
C  [KERNEL32.DLL+0x2e8d7]  (no source info available)
C  [ntdll.dll+0x8c3fc]  (no source info available)


siginfo: EXCEPTION_ACCESS_VIOLATION (0xc0000005), reading address 0x000001e6f84611a8


Registers:
RAX=0x000000007d0c4608, RBX=0x000001e504686780, RCX=0x000000007d0c4608, RDX=0x0000000000008000
RSP=0x00000074e79fc770, RBP=0x00000074e79fc870, RSI=0x0000000000000011, RDI=0x00000074e79fce00
R8 =0x000001e50414f988, R9 =0x000000007d0c4608, R10=0x0000000000000001, R11=0x000001e5046867b8
R12=0x0000000000000000, R13=0x00000000000cba48, R14=0x0000000000000000, R15=0x00000074e79fce00
RIP=0x00007ffd1eed5956, EFLAGS=0x0000000000010202

XMM[0]=0x0000000000000000 0x0000000000000000
XMM[1]=0x0000000000000000 0x0000000000000000
XMM[2]=0x0000000000000000 0x4071b53144b0a2a2
XMM[3]=0x0000000000000000 0x40479c41b0eb8381
XMM[4]=0x0000000000000000 0x40579c41b0eb8382
XMM[5]=0x0000000000000000 0x40579c41b0eb8382
XMM[6]=0x0000000000000000 0x0000000000000000
XMM[7]=0x0000000000000000 0x0000000000000000
XMM[8]=0x0000000000000000 0x0000000000000000
XMM[9]=0x0000000000000000 0x0000000000000000
XMM[10]=0x0000000000000000 0x0000000000000000
XMM[11]=0x0000000000000000 0x0000000000000000
XMM[12]=0x0000000000000000 0x0000000000000000
XMM[13]=0x0000000000000000 0x0000000000000000
XMM[14]=0x0000000000000000 0x0000000000000000
XMM[15]=0x0000000000000000 0x0000000000000000
  MXCSR=0x00001fa0


Register to memory mapping:

RAX=0x000000007d0c4608 is an unknown value
RBX=0x000001e504686780 points into unknown readable memory: 0x40072a95c855730d | 0d 73 55 c8 95 2a 07 40
RCX=0x000000007d0c4608 is an unknown value
RDX=0x0000000000008000 is an unknown value
RSP=0x00000074e79fc770 is pointing into the stack for thread: 0x000001e57cc4dcf0
RBP=0x00000074e79fc870 is pointing into the stack for thread: 0x000001e57cc4dcf0
RSI=0x0000000000000011 is an unknown value
RDI=0x00000074e79fce00 is pointing into the stack for thread: 0x000001e57cc4dcf0
R8 =0x000001e50414f988 points into unknown readable memory: 0x0000000100000000 | 00 00 00 00 01 00 00 00
R9 =0x000000007d0c4608 is an unknown value
R10=0x0000000000000001 is an unknown value
R11=0x000001e5046867b8 points into unknown readable memory: 0x000000000f3cfcfc | fc fc 3c 0f 00 00 00 00
R12=0x0 is null
R13=0x00000000000cba48 is an unknown value
R14=0x0 is null
R15=0x00000074e79fce00 is pointing into the stack for thread: 0x000001e57cc4dcf0

Top of Stack: (sp=0x00000074e79fc770)
0x00000074e79fc770:   000001e504663b30 00000074e79fce00   0;f.........t...
0x00000074e79fc780:   00007ffd1f9ccc40 0000000000000004   @...............
0x00000074e79fc790:   0000000000000000 000000010000031f   ................
0x00000074e79fc7a0:   0000000d00000004 000001e57f7bb400   ..........{.....
0x00000074e79fc7b0:   000001e57f7bc058 000001e504556c90   X.{......lU.....
0x00000074e79fc7c0:   0000000000030000 0000000000000000   ................
0x00000074e79fc7d0:   0000000000000000 0000000000000000   ................
0x00000074e79fc7e0:   0000000000000000 0000000000000000   ................
0x00000074e79fc7f0:   0000000000000000 0000000000000000   ................
0x00000074e79fc800:   0000000000000000 0000000000000000   ................
0x00000074e79fc810:   0000000000001365 00007ffd1f0d8134   e.......4.......
0x00000074e79fc820:   0000000000000000 00000004000006cd   ................
0x00000074e79fc830:   000000000ffffcfc 0000000000000000   ................
0x00000074e79fc840:   000001e50458a230 00007ffd1f0d2dc5   0.X......-......
0x00000074e79fc850:   0000000000007538 0000000000001365   8u......e.......
0x00000074e79fc860:   0000000000000000 0000000000000000   ................
0x00000074e79fc870:   0000000000000000 00000003000010b9   ................
0x00000074e79fc880:   0000001100000011 000001e57d49d560   ........`.I}....
0x00000074e79fc890:   000001e57d49db08 000001e5045a6310   ..I}.....cZ.....
0x00000074e79fc8a0:   0000000000000000 0000000000000003   ................
0x00000074e79fc8b0:   0000000000000000 00007ffd1eed50bb   .........P......
0x00000074e79fc8c0:   000001e504686780 0000000000000003   .gh.............
0x00000074e79fc8d0:   000001e504686780 00000074e79fce00   .gh.........t...
0x00000074e79fc8e0:   0000000000000000 00000003000010b9   ................
0x00000074e79fc8f0:   0000001100000011 000001e57d49d560   ........`.I}....
0x00000074e79fc900:   000001e57d49db08 000001e5045a6310   ..I}.....cZ.....
0x00000074e79fc910:   0000000000000000 0000000000000000   ................
0x00000074e79fc920:   0000000000000000 0000000000000000   ................
0x00000074e79fc930:   0000000000000000 00007ffd1f7c91d8   ..........|.....
0x00000074e79fc940:   0000000000000000 00000074e79fe2c0   ............t...
0x00000074e79fc950:   0000000000000000 0000000000000000   ................
0x00000074e79fc960:   0000000000000000 000001e57d13f3d0   ...........}....

Instructions: (pc=0x00007ffd1eed5956)
  0x00007ffd1eed5856:   00 49 63 ca 44 8b 14 88 44 89 04 88 45 3b d0 75
  0x00007ffd1eed5866:   e9 48 63 4a 28 45 8b c2 49 8b 83 08 01 00 00 44
  0x00007ffd1eed5876:   89 14 88 49 8b 83 08 01 00 00 48 63 4b 28 4d 8b
  0x00007ffd1eed5886:   93 f0 00 00 00 4c 63 0c 88 43 8b 04 8a 41 3b c1
  0x00007ffd1eed5896:   74 42 0f 1f 84 00 00 00 00 00 8b d0 48 63 c8 41
  0x00007ffd1eed58a6:   8b 04 8a 3b c2 75 f3 44 3b c8 74 16 49 8b 8b f0
  0x00007ffd1eed58b6:   00 00 00 49 63 d1 44 8b 0c 91 89 04 91 44 3b c8
  0x00007ffd1eed58c6:   75 ea 49 8b 83 08 01 00 00 48 63 4b 28 44 89 0c
  0x00007ffd1eed58d6:   88 41 8b c1 48 8b 5c 24 08 48 63 c8 49 8b 83 f0
  0x00007ffd1eed58e6:   00 00 00 44 89 04 88 c3 cc cc 49 63 40 28 4c 8b
  0x00007ffd1eed58f6:   81 08 01 00 00 48 81 c1 e0 00 00 00 8b 52 28 45
  0x00007ffd1eed5906:   8b 04 80 e9 12 09 00 00 cc cc 48 89 5c 24 18 55
  0x00007ffd1eed5916:   57 41 56 48 8d 6c 24 d0 48 81 ec 30 01 00 00 45
  0x00007ffd1eed5926:   8b f0 48 8b da 48 63 52 20 48 8b f9 4c 8b 81 f0
  0x00007ffd1eed5936:   00 00 00 45 8b 0c 90 44 3b ca 74 47 0f 1f 40 00
  0x00007ffd1eed5946:   66 66 0f 1f 84 00 00 00 00 00 41 8b c9 49 63 c1
=>0x00007ffd1eed5956:   45 8b 0c 80 44 3b c9 75 f1 41 3b d1 74 22 0f 1f
  0x00007ffd1eed5966:   40 00 0f 1f 84 00 00 00 00 00 48 8b 87 f0 00 00
  0x00007ffd1eed5976:   00 48 63 ca 8b 14 88 44 89 0c 88 41 3b d1 75 ea
  0x00007ffd1eed5986:   44 8b ca 48 89 b4 24 50 01 00 00 4c 89 bc 24 58
  0x00007ffd1eed5996:   01 00 00 45 85 c9 0f 84 1c 01 00 00 41 8b c1 4c
  0x00007ffd1eed59a6:   69 c8 a8 00 00 00 48 8b 47 70 4c 03 48 10 41 83
  0x00007ffd1eed59b6:   39 00 0f 84 00 01 00 00 45 33 c0 41 bb 04 00 00
  0x00007ffd1eed59c6:   00 4c 89 44 24 20 45 8b d0 44 89 44 24 28 41 8b
  0x00007ffd1eed59d6:   f0 4c 89 5c 24 2c 45 8b 79 04 44 89 7c 24 34 4c
  0x00007ffd1eed59e6:   89 44 24 38 49 8b 41 08 48 89 44 24 40 4c 89 4c
  0x00007ffd1eed59f6:   24 48 4d 85 c0 74 1e 49 0f bc c0 8b c8 49 d3 e8
  0x00007ffd1eed5a06:   49 ff c8 44 03 d0 4c 89 44 24 20 44 89 54 24 28
  0x00007ffd1eed5a16:   41 8b c2 eb 31 41 83 fb 04 72 09 41 3b f7 0f 83
  0x00007ffd1eed5a26:   94 00 00 00 48 8d 4c 24 20 e8 3c 25 20 00 44 8b
  0x00007ffd1eed5a36:   5c 24 2c 44 8b 54 24 28 4c 8b 44 24 20 44 8b 7c
  0x00007ffd1eed5a46:   24 34 8b 74 24 30 85 c0 74 6e 8b c0 48 69 d0 b8


Stack slot to memory mapping:

stack at sp + 0 slots: 0x000001e504663b30 points into unknown readable memory: 0x40215ff2be12d52e | 2e d5 12 be f2 5f 21 40
stack at sp + 1 slots: 0x00000074e79fce00 is pointing into the stack for thread: 0x000001e57cc4dcf0
stack at sp + 2 slots: 0x00007ffd1f9ccc40 jvm.dll
stack at sp + 3 slots: 0x0000000000000004 is an unknown value
stack at sp + 4 slots: 0x0 is null
stack at sp + 5 slots: 0x000000010000031f is an unknown value
stack at sp + 6 slots: 0x0000000d00000004 is an unknown value
stack at sp + 7 slots: 0x000001e57f7bb400 points into unknown readable memory: 0x0000000080000000 | 00 00 00 80 00 00 00 00

Lock stack of current Java thread (top to bottom):


---------------  P R O C E S S  ---------------

Threads class SMR info:
_java_thread_list=0x000001e57eb6d890, length=23, elements={
0x000001e55d8cd210, 0x000001e57cc06d50, 0x000001e57cc08330, 0x000001e57cc0fac0,
0x000001e57cc137f0, 0x000001e57cc15080, 0x000001e57cc1e920, 0x000001e57cc4dcf0,
0x000001e57cc4f070, 0x000001e57d0258f0, 0x000001e57d1c5150, 0x000001e57d2e6390,
0x000001e57d5c4500, 0x000001e57d5fae60, 0x000001e57eb24790, 0x000001e57eb28610,
0x000001e57eb24f60, 0x000001e57ea2c220, 0x000001e57f8305a0, 0x000001e57f8324e0,
0x000001e504bb9420, 0x000001e504bb6d10, 0x000001e504bb7cb0
}

Java Threads: ( => current thread )
  0x000001e55d8cd210 JavaThread "Forwarding newSession on session null to remote"        [_thread_blocked, id=720, stack(0x00000074e6b00000,0x00000074e6c00000) (1024K)]
  0x000001e57cc06d50 JavaThread "Reference Handler"          daemon [_thread_blocked, id=1396, stack(0x00000074e7300000,0x00000074e7400000) (1024K)]
  0x000001e57cc08330 JavaThread "Finalizer"                  daemon [_thread_blocked, id=2444, stack(0x00000074e7400000,0x00000074e7500000) (1024K)]
  0x000001e57cc0fac0 JavaThread "Signal Dispatcher"          daemon [_thread_blocked, id=7004, stack(0x00000074e7500000,0x00000074e7600000) (1024K)]
  0x000001e57cc137f0 JavaThread "Attach Listener"            daemon [_thread_blocked, id=8212, stack(0x00000074e7600000,0x00000074e7700000) (1024K)]
  0x000001e57cc15080 JavaThread "Service Thread"             daemon [_thread_blocked, id=5748, stack(0x00000074e7700000,0x00000074e7800000) (1024K)]
  0x000001e57cc1e920 JavaThread "Monitor Deflation Thread"   daemon [_thread_blocked, id=14256, stack(0x00000074e7800000,0x00000074e7900000) (1024K)]
=>0x000001e57cc4dcf0 JavaThread "C2 CompilerThread0"         daemon [_thread_in_native, id=8224, stack(0x00000074e7900000,0x00000074e7a00000) (1024K)]
  0x000001e57cc4f070 JavaThread "C1 CompilerThread0"         daemon [_thread_blocked, id=5208, stack(0x00000074e7a00000,0x00000074e7b00000) (1024K)]
  0x000001e57d0258f0 JavaThread "C2 CompilerThread1"         daemon [_thread_blocked, id=5612, stack(0x00000074e7b00000,0x00000074e7c00000) (1024K)]
  0x000001e57d1c5150 JavaThread "Common-Cleaner"             daemon [_thread_blocked, id=9384, stack(0x00000074e7c00000,0x00000074e7d00000) (1024K)]
  0x000001e57d2e6390 JavaThread "IntelliJ Suspend Helper"    daemon [_thread_blocked, id=4852, stack(0x00000074e7d00000,0x00000074e7e00000) (1024K)]
  0x000001e57d5c4500 JavaThread "Monitor Ctrl-Break"         daemon [_thread_in_native, id=7884, stack(0x00000074e7e00000,0x00000074e7f00000) (1024K)]
  0x000001e57d5fae60 JavaThread "Notification Thread"        daemon [_thread_blocked, id=4384, stack(0x00000074e7f00000,0x00000074e8000000) (1024K)]
  0x000001e57eb24790 JavaThread "ForkJoinPool.commonPool-worker-1" daemon [_thread_blocked, id=3480, stack(0x00000074e8500000,0x00000074e8600000) (1024K)]
  0x000001e57eb28610 JavaThread "ForkJoinPool.commonPool-worker-2" daemon [_thread_blocked, id=11420, stack(0x00000074e8600000,0x00000074e8700000) (1024K)]
  0x000001e57eb24f60 JavaThread "ForkJoinPool.commonPool-worker-3" daemon [_thread_blocked, id=1900, stack(0x00000074e8700000,0x00000074e8800000) (1024K)]
  0x000001e57ea2c220 JavaThread "C2 CompilerThread2"         daemon [_thread_blocked, id=5356, stack(0x00000074e8b00000,0x00000074e8c00000) (1024K)]
  0x000001e57f8305a0 JavaThread "HttpClient-1-SelectorManager" daemon [_thread_in_native, id=11216, stack(0x00000074e8c00000,0x00000074e8d00000) (1024K)]
  0x000001e57f8324e0 JavaThread "External Process Output Forwarder - C:\Users\moham\.cache\selenium\chromedriver\win64\147.0.7727.117\chromedriver.exe" daemon [_thread_in_native, id=7544, stack(0x00000074e8d00000,0x00000074e8e00000) (1024K)]
  0x000001e504bb9420 JavaThread "Driver Service Executor"    daemon [_thread_blocked, id=7432, stack(0x00000074e8e00000,0x00000074e8f00000) (1024K)]
  0x000001e504bb6d10 JavaThread "Driver Service Executor"    daemon [_thread_in_native, id=10584, stack(0x00000074e8f00000,0x00000074e9000000) (1024K)]
  0x000001e504bb7cb0 JavaThread "UrlChecker-2"               daemon [_thread_in_vm, id=4504, stack(0x00000074e9000000,0x00000074e9100000) (1024K)]
Total: 23

Other Threads:
  0x000001e57cbf5f30 VMThread "VM Thread"                           [id=8848, stack(0x00000074e7200000,0x00000074e7300000) (1024K)]
  0x000001e57cbe8b00 WatcherThread "VM Periodic Task Thread"        [id=6816, stack(0x00000074e7100000,0x00000074e7200000) (1024K)]
  0x000001e55d9383d0 WorkerThread "GC Thread#0"                     [id=4624, stack(0x00000074e6c00000,0x00000074e6d00000) (1024K)]
  0x000001e57e5877e0 WorkerThread "GC Thread#1"                     [id=9948, stack(0x00000074e8000000,0x00000074e8100000) (1024K)]
  0x000001e57e585110 WorkerThread "GC Thread#2"                     [id=13332, stack(0x00000074e8100000,0x00000074e8200000) (1024K)]
  0x000001e57e5859b0 WorkerThread "GC Thread#3"                     [id=9336, stack(0x00000074e8200000,0x00000074e8300000) (1024K)]
  0x000001e57e5891c0 WorkerThread "GC Thread#4"                     [id=13336, stack(0x00000074e8300000,0x00000074e8400000) (1024K)]
  0x000001e57e587c30 WorkerThread "GC Thread#5"                     [id=6936, stack(0x00000074e8400000,0x00000074e8500000) (1024K)]
  0x000001e57e58aba0 WorkerThread "GC Thread#6"                     [id=2448, stack(0x00000074e8800000,0x00000074e8900000) (1024K)]
  0x000001e57d752ce0 WorkerThread "GC Thread#7"                     [id=3076, stack(0x00000074e8900000,0x00000074e8a00000) (1024K)]
  0x000001e55d951ed0 ConcurrentGCThread "G1 Main Marker"            [id=5176, stack(0x00000074e6d00000,0x00000074e6e00000) (1024K)]
  0x000001e55d953210 WorkerThread "G1 Conc#0"                       [id=5572, stack(0x00000074e6e00000,0x00000074e6f00000) (1024K)]
  0x000001e57f5101a0 WorkerThread "G1 Conc#1"                       [id=10416, stack(0x00000074e8a00000,0x00000074e8b00000) (1024K)]
  0x000001e55d97e760 ConcurrentGCThread "G1 Refine#0"               [id=2772, stack(0x00000074e6f00000,0x00000074e7000000) (1024K)]
  0x000001e57cab9170 ConcurrentGCThread "G1 Service"                [id=8812, stack(0x00000074e7000000,0x00000074e7100000) (1024K)]
Total: 15

Threads with active compile tasks:
C2 CompilerThread0  1652 2679 %     4       java.time.zone.ZoneRules::readExternal @ 169 (276 bytes)
Total: 1

VM state: not at safepoint (normal execution)

VM Mutex/Monitor currently owned by a thread: None

Heap address: 0x0000000703200000, size: 4046 MB, Compressed Oops mode: Zero based, Oop shift amount: 3

CDS archive(s) mapped at: [0x0000000025000000-0x0000000025dd0000-0x0000000025dd0000), size 14483456, SharedBaseAddress: 0x0000000025000000, ArchiveRelocationMode: 1.
Compressed class space mapped at: 0x0000000026000000-0x0000000066000000, reserved size: 1073741824
UseCompressedClassPointers 1, UseCompactObjectHeaders 0
Narrow klass pointer bits 32, Max shift 3
Narrow klass base: 0x0000000025000000, Narrow klass shift: 0
Encoding Range: [0x0000000025000000 - 0x0000000125000000), (4294967296 bytes)
Klass Range:    [0x0000000025010000 - 0x0000000066000000), (1090453504 bytes)
Klass ID Range:  [65536 - 1090519033) (1090453497)
Protection zone: [0x0000000025000000 - 0x0000000025010000), (65536 bytes)

GC Precious Log:
 CardTable entry size: 512
 Card Set container configuration: InlinePtr #cards 4 size 8 Array Of Cards #cards 16 size 48 Howl #buckets 8 coarsen threshold 3686 Howl Bitmap #cards 512 size 80 coarsen threshold 460 Card regions per heap region 1 cards per card region 4096
 CPUs: 8 total, 8 available
 Memory: 16177M
 Large Page Support: Disabled
 NUMA Support: Disabled
 Compressed Oops: Enabled (Zero based)
 Heap Region Size: 2M
 Heap Min Capacity: 8M
 Heap Initial Capacity: 254M
 Heap Max Capacity: 4046M
 Pre-touch: Disabled
 Parallel Workers: 8
 Concurrent Workers: 2
 Concurrent Refinement Workers: 8
 Periodic GC: Disabled

Heap:
 garbage-first heap   total reserved 4143104K, committed 55296K, used 30755K [0x0000000703200000, 0x0000000800000000)
  region size 2048K, 15 young (30720K), 7 survivors (14336K)

Heap Regions: E=young(eden), S=young(survivor), O=old, HS=humongous(starts), HC=humongous(continues), CS=collection set, F=free, TAMS=top-at-mark-start, PB=parsable bottom
|   0|0x0000000703200000, 0x00000007032e3708, 0x0000000703400000| 44%| O|  |TAMS 0x0000000703200000| PB 0x0000000703200000| Untracked |  0
|   1|0x0000000703400000, 0x0000000703400000, 0x0000000703600000|  0%| F|  |TAMS 0x0000000703400000| PB 0x0000000703400000| Untracked |  0
|   2|0x0000000703600000, 0x0000000703600000, 0x0000000703800000|  0%| F|  |TAMS 0x0000000703600000| PB 0x0000000703600000| Untracked |  0
|   3|0x0000000703800000, 0x0000000703800000, 0x0000000703a00000|  0%| F|  |TAMS 0x0000000703800000| PB 0x0000000703800000| Untracked |  0
|   4|0x0000000703a00000, 0x0000000703a00000, 0x0000000703c00000|  0%| F|  |TAMS 0x0000000703a00000| PB 0x0000000703a00000| Untracked |  0
|   5|0x0000000703c00000, 0x0000000703c00000, 0x0000000703e00000|  0%| F|  |TAMS 0x0000000703c00000| PB 0x0000000703c00000| Untracked |  0
|   6|0x0000000703e00000, 0x0000000703e00000, 0x0000000704000000|  0%| F|  |TAMS 0x0000000703e00000| PB 0x0000000703e00000| Untracked |  0
|   7|0x0000000704000000, 0x0000000704000000, 0x0000000704200000|  0%| F|  |TAMS 0x0000000704000000| PB 0x0000000704000000| Untracked |  0
|   8|0x0000000704200000, 0x0000000704200000, 0x0000000704400000|  0%| F|  |TAMS 0x0000000704200000| PB 0x0000000704200000| Untracked |  0
|   9|0x0000000704400000, 0x0000000704400000, 0x0000000704600000|  0%| F|  |TAMS 0x0000000704400000| PB 0x0000000704400000| Untracked |  0
|  10|0x0000000704600000, 0x0000000704600000, 0x0000000704800000|  0%| F|  |TAMS 0x0000000704600000| PB 0x0000000704600000| Untracked |  0
|  11|0x0000000704800000, 0x00000007049da138, 0x0000000704a00000| 92%| E|  |TAMS 0x0000000704800000| PB 0x0000000704800000| Complete |  0
|  12|0x0000000704a00000, 0x0000000704c00000, 0x0000000704c00000|100%| E|CS|TAMS 0x0000000704a00000| PB 0x0000000704a00000| Complete |  0
|  13|0x0000000704c00000, 0x0000000704e00000, 0x0000000704e00000|100%| E|CS|TAMS 0x0000000704c00000| PB 0x0000000704c00000| Complete |  0
|  14|0x0000000704e00000, 0x0000000705000000, 0x0000000705000000|100%| S|CS|TAMS 0x0000000704e00000| PB 0x0000000704e00000| Complete |  0
|  15|0x0000000705000000, 0x0000000705200000, 0x0000000705200000|100%| S|CS|TAMS 0x0000000705000000| PB 0x0000000705000000| Complete |  0
|  16|0x0000000705200000, 0x0000000705400000, 0x0000000705400000|100%| S|CS|TAMS 0x0000000705200000| PB 0x0000000705200000| Complete |  0
|  17|0x0000000705400000, 0x0000000705600000, 0x0000000705600000|100%| S|CS|TAMS 0x0000000705400000| PB 0x0000000705400000| Complete |  0
|  18|0x0000000705600000, 0x0000000705800000, 0x0000000705800000|100%| S|CS|TAMS 0x0000000705600000| PB 0x0000000705600000| Complete |  0
|  19|0x0000000705800000, 0x0000000705a00000, 0x0000000705a00000|100%| S|CS|TAMS 0x0000000705800000| PB 0x0000000705800000| Complete |  0
|  20|0x0000000705a00000, 0x0000000705c00000, 0x0000000705c00000|100%| S|CS|TAMS 0x0000000705a00000| PB 0x0000000705a00000| Complete |  0
| 112|0x0000000711200000, 0x0000000711400000, 0x0000000711400000|100%| E|CS|TAMS 0x0000000711200000| PB 0x0000000711200000| Complete |  0
| 113|0x0000000711400000, 0x0000000711600000, 0x0000000711600000|100%| E|CS|TAMS 0x0000000711400000| PB 0x0000000711400000| Complete |  0
| 114|0x0000000711600000, 0x0000000711800000, 0x0000000711800000|100%| E|CS|TAMS 0x0000000711600000| PB 0x0000000711600000| Complete |  0
| 115|0x0000000711800000, 0x0000000711a00000, 0x0000000711a00000|100%| E|CS|TAMS 0x0000000711800000| PB 0x0000000711800000| Complete |  0
| 126|0x0000000712e00000, 0x0000000713000000, 0x0000000713000000|100%| E|CS|TAMS 0x0000000712e00000| PB 0x0000000712e00000| Complete |  0
|2022|0x00000007ffe00000, 0x00000007fff257b8, 0x0000000800000000| 57%| O|Cm|TAMS 0x00000007ffe00000| PB 0x00000007ffe00000| Complete |  0

Card table byte_map: [0x000001e575d80000,0x000001e576570000] _byte_map_base: 0x000001e572567000

Marking Bits: (CMBitMap*) 0x000001e55d938b60
 Bits: [0x000001e576570000, 0x000001e57a4a8000)

Polling page: 0x000001e55b8c0000

Metaspace:
Metaspace        used 27275K, committed 27520K, reserved 1114112K
 class space     used 3084K, committed 3200K, reserved 1048576K

Usage:
  Non-class:     23.62 MB used.
      Class:      3.01 MB used.
       Both:     26.64 MB used.

Virtual space:
  Non-class space:       64.00 MB reserved,      23.75 MB ( 37%) committed,  1 nodes.
      Class space:        1.00 GB reserved,       3.12 MB ( <1%) committed,  1 nodes.
             Both:        1.06 GB reserved,      26.88 MB (  2%) committed. 

Chunk freelists:
   Non-Class:  8.13 MB
       Class:  12.70 MB
        Both:  20.83 MB

MaxMetaspaceSize: unlimited
CompressedClassSpaceSize: 1.00 GB
Initial GC threshold: 21.00 MB
Current GC threshold: 35.12 MB
CDS: on
 - commit_granule_bytes: 65536.
 - commit_granule_words: 8192.
 - virtual_space_node_default_size: 8388608.
 - enlarge_chunks_in_place: 1.
UseCompressedClassPointers 1, UseCompactObjectHeaders 0
Narrow klass pointer bits 32, Max shift 3
Narrow klass base: 0x0000000025000000, Narrow klass shift: 0
Encoding Range: [0x0000000025000000 - 0x0000000125000000), (4294967296 bytes)
Klass Range:    [0x0000000025010000 - 0x0000000066000000), (1090453504 bytes)
Klass ID Range:  [65536 - 1090519033) (1090453497)
Protection zone: [0x0000000025000000 - 0x0000000025010000), (65536 bytes)


Internal statistics:

num_allocs_failed_limit: 3.
num_arena_births: 220.
num_arena_deaths: 0.
num_vsnodes_births: 2.
num_vsnodes_deaths: 0.
num_space_committed: 430.
num_space_uncommitted: 0.
num_chunks_returned_to_freelist: 3.
num_chunks_taken_from_freelist: 703.
num_chunk_merges: 3.
num_chunk_splits: 446.
num_chunks_enlarged: 321.
num_inconsistent_stats: 0.

CodeHeap 'non-profiled nmethods': size=120064Kb used=972Kb max_used=972Kb free=119091Kb
 bounds [0x000001e56dc10000, 0x000001e56de80000, 0x000001e575150000]
CodeHeap 'profiled nmethods': size=120000Kb used=4689Kb max_used=4689Kb free=115310Kb
 bounds [0x000001e566150000, 0x000001e5665f0000, 0x000001e56d680000]
CodeHeap 'non-nmethods': size=5696Kb used=1487Kb max_used=1510Kb free=4208Kb
 bounds [0x000001e56d680000, 0x000001e56d8f0000, 0x000001e56dc10000]
CodeCache: size=245760Kb, used=7148Kb, max_used=7171Kb, free=238609Kb
 total_blobs=3509, nmethods=2901, adapters=511, full_count=0
Compilation: enabled, stopped_count=0, restarted_count=0

Compilation events (20 events):
Event: 1.501 Thread 0x000001e57ea2c220 2772       4       java.util.Arrays::fill (21 bytes)
Event: 1.501 Thread 0x000001e57cc4f070 nmethod 2771 0x000001e566582988 code [0x000001e566582a80, 0x000001e566583388]
Event: 1.503 Thread 0x000001e57ea2c220 nmethod 2772 0x000001e56dcf1488 code [0x000001e56dcf1580, 0x000001e56dcf1800]
Event: 1.503 Thread 0x000001e57ea2c220 2773       4       java.lang.ClassLoader::checkName (37 bytes)
Event: 1.504 Thread 0x000001e57ea2c220 nmethod 2773 0x000001e56dcf1808 code [0x000001e56dcf1900, 0x000001e56dcf1b10]
Event: 1.505 Thread 0x000001e57cc4f070 2774       3       java.lang.Module::allows (60 bytes)
Event: 1.505 Thread 0x000001e57cc4f070 nmethod 2774 0x000001e566583408 code [0x000001e566583500, 0x000001e566583b48]
Event: 1.505 Thread 0x000001e57ea2c220 2775       4       java.lang.Class::getPackageName (81 bytes)
Event: 1.514 Thread 0x000001e57ea2c220 nmethod 2775 0x000001e56dcf1e88 code [0x000001e56dcf1f80, 0x000001e56dcf29a0]
Event: 1.514 Thread 0x000001e57ea2c220 2777       4       java.lang.String::getChars (55 bytes)
Event: 1.514 Thread 0x000001e57cc4f070 2778       3       java.lang.invoke.InvokerBytecodeGenerator::methodDesc (45 bytes)
Event: 1.514 Thread 0x000001e57cc4f070 nmethod 2778 0x000001e566583b88 code [0x000001e566583c80, 0x000001e566584788]
Event: 1.515 Thread 0x000001e57ea2c220 nmethod 2777 0x000001e56dcf2a08 code [0x000001e56dcf2b00, 0x000001e56dcf2e70]
Event: 1.516 Thread 0x000001e57cc4f070 2779       3       jdk.internal.classfile.impl.StackMapGenerator$Frame::initializeObject (90 bytes)
Event: 1.517 Thread 0x000001e57cc4f070 nmethod 2779 0x000001e566584808 code [0x000001e566584900, 0x000001e566585108]
Event: 1.520 Thread 0x000001e57ea2c220 2780       4       java.util.AbstractCollection::<init> (5 bytes)
Event: 1.520 Thread 0x000001e57cc4f070 2782       3       jdk.internal.classfile.impl.StackCounter::<init> (2420 bytes)
Event: 1.520 Thread 0x000001e57ea2c220 nmethod 2780 0x000001e56dcf2e88 code [0x000001e56dcf2f80, 0x000001e56dcf2ff8]
Event: 1.520 Thread 0x000001e57ea2c220 2781       4       java.util.BitSet::set (58 bytes)
Event: 1.522 Thread 0x000001e57ea2c220 nmethod 2781 0x000001e56dcf3188 code [0x000001e56dcf3280, 0x000001e56dcf33e0]

GC Heap Usage History (6 events):
Event: 0.986 {heap Before GC invocations=0 (full 0):
 garbage-first heap   total reserved 4143104K, committed 262144K, used 50325K [0x0000000703200000, 0x0000000800000000)
  region size 2048K, 24 young (49152K), 0 survivors (0K)
}
Event: 0.991 {heap After GC invocations=1 (full 0):
 garbage-first heap   total reserved 4143104K, committed 262144K, used 8227K [0x0000000703200000, 0x0000000800000000)
  region size 2048K, 3 young (6144K), 3 survivors (6144K)
}
Event: 1.200 {heap Before GC invocations=1 (full 0):
 garbage-first heap   total reserved 4143104K, committed 262144K, used 28707K [0x0000000703200000, 0x0000000800000000)
  region size 2048K, 14 young (28672K), 3 survivors (6144K)
}
Event: 1.204 {heap After GC invocations=2 (full 0):
 garbage-first heap   total reserved 4143104K, committed 262144K, used 10275K [0x0000000703200000, 0x0000000800000000)
  region size 2048K, 4 young (8192K), 4 survivors (8192K)
}
Event: 1.414 {heap Before GC invocations=3 (full 0):
 garbage-first heap   total reserved 4143104K, committed 40960K, used 38947K [0x0000000703200000, 0x0000000800000000)
  region size 2048K, 18 young (36864K), 4 survivors (8192K)
}
Event: 1.422 {heap After GC invocations=4 (full 0):
 garbage-first heap   total reserved 4143104K, committed 55296K, used 16419K [0x0000000703200000, 0x0000000800000000)
  region size 2048K, 7 young (14336K), 7 survivors (14336K)
}

Metaspace Usage History (6 events):
Event: 0.986 {metaspace Before GC invocations=0 (full 0):
 Metaspace       used 16484K, committed 16704K, reserved 1114112K
  class space    used 1768K, committed 1856K, reserved 1048576K
}
Event: 0.991 {metaspace After GC invocations=1 (full 0):
 Metaspace       used 16484K, committed 16704K, reserved 1114112K
  class space    used 1768K, committed 1856K, reserved 1048576K
}
Event: 1.200 {metaspace Before GC invocations=1 (full 0):
 Metaspace       used 21298K, committed 21504K, reserved 1114112K
  class space    used 2314K, committed 2432K, reserved 1048576K
}
Event: 1.204 {metaspace After GC invocations=2 (full 0):
 Metaspace       used 21298K, committed 21504K, reserved 1114112K
  class space    used 2314K, committed 2432K, reserved 1048576K
}
Event: 1.414 {metaspace Before GC invocations=3 (full 0):
 Metaspace       used 23002K, committed 23232K, reserved 1114112K
  class space    used 2504K, committed 2624K, reserved 1048576K
}
Event: 1.422 {metaspace After GC invocations=4 (full 0):
 Metaspace       used 23002K, committed 23232K, reserved 1114112K
  class space    used 2504K, committed 2624K, reserved 1048576K
}

Dll operation events (11 events):
Event: 0.012 Loaded shared library C:\Program Files\Java\jdk-25.0.2\bin\java.dll
Event: 0.014 Loaded shared library C:\Program Files\Java\jdk-25.0.2\bin\zip.dll
Event: 0.162 Loaded shared library C:\Program Files\Java\jdk-25.0.2\bin\instrument.dll
Event: 0.174 Loaded shared library C:\Program Files\Java\jdk-25.0.2\bin\verify.dll
Event: 0.208 Loaded shared library C:\Program Files\Java\jdk-25.0.2\bin\net.dll
Event: 0.210 Loaded shared library C:\Program Files\Java\jdk-25.0.2\bin\nio.dll
Event: 0.222 Loaded shared library C:\Program Files\Java\jdk-25.0.2\bin\zip.dll
Event: 0.256 Loaded shared library C:\Program Files\Java\jdk-25.0.2\bin\extnet.dll
Event: 0.353 Loaded shared library C:\Program Files\Java\jdk-25.0.2\bin\jimage.dll
Event: 1.491 Loaded shared library C:\Program Files\Java\jdk-25.0.2\bin\management.dll
Event: 1.494 Loaded shared library C:\Program Files\Java\jdk-25.0.2\bin\management_ext.dll

Deoptimization events (20 events):
Event: 1.438 Thread 0x000001e55d8cd210 DEOPT PACKING pc=0x000001e5661a2fa5 sp=0x00000074e6bfdbd0
Event: 1.438 Thread 0x000001e55d8cd210 DEOPT UNPACKING pc=0x000001e56d6d1702 sp=0x00000074e6bfd0c8 mode 0
Event: 1.448 Thread 0x000001e55d8cd210 DEOPT PACKING pc=0x000001e5661a2fa5 sp=0x00000074e6bfdc60
Event: 1.448 Thread 0x000001e55d8cd210 DEOPT UNPACKING pc=0x000001e56d6d1702 sp=0x00000074e6bfd158 mode 0
Event: 1.474 Thread 0x000001e55d8cd210 Uncommon trap: trap_request=0xffffffc6 fr.pc=0x000001e56dce7874 relative=0x00000000000003f4
Event: 1.474 Thread 0x000001e55d8cd210 Uncommon trap: reason=bimorphic_or_optimized_type_check action=maybe_recompile pc=0x000001e56dce7874 method=java.util.regex.Pattern$BmpCharPropertyGreedy.match(Ljava/util/regex/Matcher;ILjava/lang/CharSequence;)Z @ 26 c2
Event: 1.474 Thread 0x000001e55d8cd210 DEOPT PACKING pc=0x000001e56dce7874 sp=0x00000074e6bfd4f0
Event: 1.474 Thread 0x000001e55d8cd210 DEOPT UNPACKING pc=0x000001e56d79d382 sp=0x00000074e6bfd488 mode 2
Event: 1.474 Thread 0x000001e55d8cd210 Uncommon trap: trap_request=0xffffffc6 fr.pc=0x000001e56dce7874 relative=0x00000000000003f4
Event: 1.474 Thread 0x000001e55d8cd210 Uncommon trap: reason=bimorphic_or_optimized_type_check action=maybe_recompile pc=0x000001e56dce7874 method=java.util.regex.Pattern$BmpCharPropertyGreedy.match(Ljava/util/regex/Matcher;ILjava/lang/CharSequence;)Z @ 26 c2
Event: 1.474 Thread 0x000001e55d8cd210 DEOPT PACKING pc=0x000001e56dce7874 sp=0x00000074e6bfd2e0
Event: 1.474 Thread 0x000001e55d8cd210 DEOPT UNPACKING pc=0x000001e56d79d382 sp=0x00000074e6bfd278 mode 2
Event: 1.505 Thread 0x000001e55d8cd210 Uncommon trap: trap_request=0xffffff6e fr.pc=0x000001e56dcf167c relative=0x00000000000000fc
Event: 1.505 Thread 0x000001e55d8cd210 Uncommon trap: reason=predicate action=maybe_recompile pc=0x000001e56dcf167c method=java.util.Arrays.fill([Ljava/lang/Object;Ljava/lang/Object;)V @ 7 c2
Event: 1.505 Thread 0x000001e55d8cd210 DEOPT PACKING pc=0x000001e56dcf167c sp=0x00000074e6bfc5b0
Event: 1.505 Thread 0x000001e55d8cd210 DEOPT UNPACKING pc=0x000001e56d79d382 sp=0x00000074e6bfc528 mode 2
Event: 1.519 Thread 0x000001e55d8cd210 Uncommon trap: trap_request=0xffffff45 fr.pc=0x000001e56dcbbda0 relative=0x0000000000000ba0
Event: 1.519 Thread 0x000001e55d8cd210 Uncommon trap: reason=unstable_if action=reinterpret pc=0x000001e56dcbbda0 method=java.io.BufferedReader.readLine(Z[Z)Ljava/lang/String; @ 63 c2
Event: 1.519 Thread 0x000001e55d8cd210 DEOPT PACKING pc=0x000001e56dcbbda0 sp=0x00000074e6bfcac0
Event: 1.519 Thread 0x000001e55d8cd210 DEOPT UNPACKING pc=0x000001e56d79d382 sp=0x00000074e6bfca68 mode 2

Classes loaded (20 events):
Event: 1.525 Loading class java/util/concurrent/Flow$Publisher
Event: 1.525 Loading class java/util/concurrent/Flow$Publisher done
Event: 1.525 Loading class org/openqa/selenium/remote/http/jdk/JdkHttpClient
Event: 1.525 Loading class org/openqa/selenium/remote/http/jdk/JdkHttpClient done
Event: 1.525 Loading class org/openqa/selenium/remote/http/HttpRequest
Event: 1.525 Loading class org/openqa/selenium/remote/http/HttpRequest done
Event: 1.525 Loading class org/openqa/selenium/remote/http/HttpRequest
Event: 1.525 Loading class org/openqa/selenium/remote/http/HttpRequest done
Event: 1.525 Loading class org/openqa/selenium/remote/http/HttpMessage
Event: 1.525 Loading class org/openqa/selenium/remote/http/HttpMessage done
Event: 1.525 Loading class org/openqa/selenium/remote/http/HttpResponse
Event: 1.525 Loading class org/openqa/selenium/remote/http/HttpResponse done
Event: 1.526 Loading class org/openqa/selenium/remote/http/HttpRequest
Event: 1.526 Loading class org/openqa/selenium/remote/http/HttpRequest done
Event: 1.526 Loading class org/openqa/selenium/remote/http/Filter
Event: 1.526 Loading class org/openqa/selenium/remote/http/Filter done
Event: 1.526 Loading class org/openqa/selenium/remote/http/HttpRequest
Event: 1.526 Loading class org/openqa/selenium/remote/http/HttpRequest done
Event: 1.526 Loading class org/openqa/selenium/remote/http/HttpHandler
Event: 1.526 Loading class org/openqa/selenium/remote/http/HttpHandler done

Classes unloaded (0 events):
No events

Classes redefined (1 events):
Event: 0.186 Thread 0x000001e57cbf5f30 redefined class name=java.lang.Throwable, count=1

Internal exceptions (20 events):
Event: 1.025 Thread 0x000001e55d8cd210 Exception <a 'java/lang/IncompatibleClassChangeError'{0x0000000712a355e8}: Found class java.lang.Object, but interface was expected> (0x0000000712a355e8) 
thrown [s\open\src\hotspot\share\interpreter\linkResolver.cpp, line 871]
Event: 1.027 Thread 0x000001e55d8cd210 Exception <a 'java/lang/NoSuchMethodError'{0x0000000712a760b0}: 'java.lang.Object java.lang.invoke.DelegatingMethodHandle$Holder.reinvoke_L(java.lang.Object, java.lang.Object, java.lang.Object, int, java.lang.Object, java.lang.Object)'> (0x0000000712a760b0) 
thrown [s\open\src\hotspot\share\interpreter\linkResolver.cpp, line 804]
Event: 1.030 Thread 0x000001e55d8cd210 Exception <a 'java/lang/NoSuchMethodError'{0x0000000712abbb60}: 'int java.lang.invoke.DirectMethodHandle$Holder.invokeVirtual(java.lang.Object, java.lang.Object, java.lang.Object)'> (0x0000000712abbb60) 
thrown [s\open\src\hotspot\share\interpreter\linkResolver.cpp, line 804]
Event: 1.032 Thread 0x000001e55d8cd210 Exception <a 'java/lang/NoSuchMethodError'{0x0000000712af8600}: 'int java.lang.invoke.DirectMethodHandle$Holder.invokeStatic(java.lang.Object, java.lang.Object, java.lang.Object, java.lang.Object, java.lang.Object)'> (0x0000000712af8600) 
thrown [s\open\src\hotspot\share\interpreter\linkResolver.cpp, line 804]
Event: 1.043 Thread 0x000001e55d8cd210 Exception <a 'java/lang/IncompatibleClassChangeError'{0x0000000712bd7698}: Found class java.lang.Object, but interface was expected> (0x0000000712bd7698) 
thrown [s\open\src\hotspot\share\interpreter\linkResolver.cpp, line 871]
Event: 1.043 Thread 0x000001e55d8cd210 Exception <a 'java/lang/NoSuchMethodError'{0x0000000712be0948}: 'void java.lang.invoke.DirectMethodHandle$Holder.invokeInterface(java.lang.Object, java.lang.Object)'> (0x0000000712be0948) 
thrown [s\open\src\hotspot\share\interpreter\linkResolver.cpp, line 804]
Event: 1.056 Thread 0x000001e55d8cd210 Exception <a 'java/lang/IncompatibleClassChangeError'{0x00000007128ec278}: Found class java.lang.Object, but interface was expected> (0x00000007128ec278) 
thrown [s\open\src\hotspot\share\interpreter\linkResolver.cpp, line 871]
Event: 1.057 Thread 0x000001e55d8cd210 Exception <a 'java/lang/NoSuchMethodError'{0x00000007128f51d0}: 'int java.lang.invoke.DirectMethodHandle$Holder.invokeSpecial(java.lang.Object, java.lang.Object, java.lang.Object, java.lang.Object, java.lang.Object)'> (0x00000007128f51d0) 
thrown [s\open\src\hotspot\share\interpreter\linkResolver.cpp, line 804]
Event: 1.063 Thread 0x000001e55d8cd210 Exception <a 'java/lang/NoSuchMethodError'{0x00000007129788f8}: 'java.lang.Object java.lang.invoke.DirectMethodHandle$Holder.invokeVirtual(java.lang.Object, java.lang.Object, java.lang.Object)'> (0x00000007129788f8) 
thrown [s\open\src\hotspot\share\interpreter\linkResolver.cpp, line 804]
Event: 1.064 Thread 0x000001e55d8cd210 Exception <a 'java/lang/IncompatibleClassChangeError'{0x0000000712999768}: Found class java.lang.Object, but interface was expected> (0x0000000712999768) 
thrown [s\open\src\hotspot\share\interpreter\linkResolver.cpp, line 871]
Event: 1.064 Thread 0x000001e55d8cd210 Exception <a 'java/lang/IncompatibleClassChangeError'{0x00000007129a45f0}: Found class java.lang.Object, but interface was expected> (0x00000007129a45f0) 
thrown [s\open\src\hotspot\share\interpreter\linkResolver.cpp, line 871]
Event: 1.175 Thread 0x000001e55d8cd210 Exception <a 'sun/nio/fs/WindowsException'{0x0000000711ce1e80}> (0x0000000711ce1e80) 
thrown [s\open\src\hotspot\share\prims\jni.cpp, line 516]
Event: 1.238 Thread 0x000001e55d8cd210 Exception <a 'java/lang/NoSuchMethodError'{0x0000000704c081a0}: 'int java.lang.invoke.DirectMethodHandle$Holder.invokeStatic(java.lang.Object, int, int, int, int)'> (0x0000000704c081a0) 
thrown [s\open\src\hotspot\share\interpreter\linkResolver.cpp, line 804]
Event: 1.304 Thread 0x000001e55d8cd210 Implicit null exception at 0x000001e56dca3939 to 0x000001e56dca4120
Event: 1.305 Thread 0x000001e55d8cd210 Implicit null exception at 0x000001e56dc30da0 to 0x000001e56dc30e1d
Event: 1.311 Thread 0x000001e55d8cd210 Exception <a 'java/lang/NoSuchMethodError'{0x00000007046a9658}: 'java.lang.Object java.lang.invoke.DirectMethodHandle$Holder.newInvokeSpecial(java.lang.Object, java.lang.Object, java.lang.Object, int)'> (0x00000007046a9658) 
thrown [s\open\src\hotspot\share\interpreter\linkResolver.cpp, line 804]
Event: 1.311 Thread 0x000001e55d8cd210 Exception <a 'java/lang/NoSuchMethodError'{0x00000007046b1bc8}: 'java.lang.Object java.lang.invoke.Invokers$Holder.linkToTargetMethod(java.lang.Object, java.lang.Object, int, java.lang.Object)'> (0x00000007046b1bc8) 
thrown [s\open\src\hotspot\share\interpreter\linkResolver.cpp, line 804]
Event: 1.316 Thread 0x000001e55d8cd210 Exception <a 'java/lang/NoSuchMethodError'{0x0000000704736578}: 'long java.lang.invoke.DirectMethodHandle$Holder.invokeSpecial(java.lang.Object, java.lang.Object)'> (0x0000000704736578) 
thrown [s\open\src\hotspot\share\interpreter\linkResolver.cpp, line 804]
Event: 1.426 Thread 0x000001e55d8cd210 Exception <a 'java/lang/NoSuchMethodError'{0x0000000712f2bc10}: 'java.lang.Object java.lang.invoke.DirectMethodHandle$Holder.invokeStaticInit(java.lang.Object, int)'> (0x0000000712f2bc10) 
thrown [s\open\src\hotspot\share\interpreter\linkResolver.cpp, line 804]
Event: 1.514 Thread 0x000001e55d8cd210 Exception <a 'java/lang/NoSuchMethodError'{0x000000071123c770}: 'java.lang.Object java.lang.invoke.DirectMethodHandle$Holder.invokeSpecialIFC(java.lang.Object, java.lang.Object, java.lang.Object, java.lang.Object)'> (0x000000071123c770) 
thrown [s\open\src\hotspot\share\interpreter\linkResolver.cpp, line 804]

VM Operations (20 events):
Event: 1.108 Executing non-safepoint VM operation: HandshakeAllThreads (Deoptimize)
Event: 1.108 Executing non-safepoint VM operation: HandshakeAllThreads (Deoptimize) done
Event: 1.121 Executing non-safepoint VM operation: HandshakeAllThreads (Deoptimize)
Event: 1.122 Executing non-safepoint VM operation: HandshakeAllThreads (Deoptimize) done
Event: 1.126 Executing non-safepoint VM operation: HandshakeAllThreads (Deoptimize)
Event: 1.126 Executing non-safepoint VM operation: HandshakeAllThreads (Deoptimize) done
Event: 1.176 Executing non-safepoint VM operation: HandshakeAllThreads (Deoptimize)
Event: 1.176 Executing non-safepoint VM operation: HandshakeAllThreads (Deoptimize) done
Event: 1.200 Executing safepoint VM operation: CollectForMetadataAllocation (Metadata GC Threshold)
Event: 1.204 Executing safepoint VM operation: CollectForMetadataAllocation (Metadata GC Threshold) done
Event: 1.207 Executing safepoint VM operation: G1PauseRemark
Event: 1.209 Executing safepoint VM operation: G1PauseRemark done
Event: 1.210 Executing safepoint VM operation: G1PauseCleanup
Event: 1.210 Executing safepoint VM operation: G1PauseCleanup done
Event: 1.316 Executing non-safepoint VM operation: HandshakeAllThreads (Deoptimize)
Event: 1.316 Executing non-safepoint VM operation: HandshakeAllThreads (Deoptimize) done
Event: 1.414 Executing safepoint VM operation: G1CollectForAllocation (G1 Evacuation Pause)
Event: 1.422 Executing safepoint VM operation: G1CollectForAllocation (G1 Evacuation Pause) done
Event: 1.431 Executing non-safepoint VM operation: HandshakeAllThreads (Deoptimize)
Event: 1.431 Executing non-safepoint VM operation: HandshakeAllThreads (Deoptimize) done

Memory protections (0 events):
No events

Nmethod flushes (0 events):
No events

Events (18 events):
Event: 0.027 Thread 0x000001e55d8cd210 Thread added: 0x000001e55d8cd210
Event: 0.039 Thread 0x000001e55d8cd210 Thread added: 0x000001e57cc06d50
Event: 0.040 Thread 0x000001e55d8cd210 Thread added: 0x000001e57cc08330
Event: 0.040 Thread 0x000001e55d8cd210 Thread added: 0x000001e57cc0fac0
Event: 0.040 Thread 0x000001e55d8cd210 Thread added: 0x000001e57cc137f0
Event: 0.040 Thread 0x000001e55d8cd210 Thread added: 0x000001e57cc15080
Event: 0.040 Thread 0x000001e55d8cd210 Thread added: 0x000001e57cc1e920
Event: 0.040 Thread 0x000001e55d8cd210 Thread added: 0x000001e57cc4dcf0
Event: 0.040 Thread 0x000001e55d8cd210 Thread added: 0x000001e57cc4f070
Event: 0.158 Thread 0x000001e57cc4f070 Thread added: 0x000001e57d0258f0
Event: 0.170 Thread 0x000001e55d8cd210 Thread added: 0x000001e57d1c5150
Event: 0.188 Thread 0x000001e55d8cd210 Thread added: 0x000001e57d2e6390
Event: 0.224 Thread 0x000001e55d8cd210 Thread added: 0x000001e57d5c4500
Event: 0.224 Thread 0x000001e55d8cd210 Thread added: 0x000001e57d5fae60
Event: 1.012 Thread 0x000001e55d8cd210 Thread added: 0x000001e57eb24790
Event: 1.017 Thread 0x000001e57eb24790 Thread added: 0x000001e57eb28610
Event: 1.017 Thread 0x000001e57eb24790 Thread added: 0x000001e57eb24f60
Event: 1.253 Thread 0x000001e57cc4dcf0 Thread added: 0x000001e57ea2c220


Dynamic libraries:
0x00007ff6e8850000 - 0x00007ff6e8860000 	C:\Program Files\Java\jdk-25.0.2\bin\java.exe
0x00007ffd8d000000 - 0x00007ffd8d267000 	C:\WINDOWS\SYSTEM32\ntdll.dll
0x00007ffd8c140000 - 0x00007ffd8c209000 	C:\WINDOWS\System32\KERNEL32.DLL
0x00007ffd8a660000 - 0x00007ffd8aa54000 	C:\WINDOWS\System32\KERNELBASE.dll
0x00007ffd8ac40000 - 0x00007ffd8ad8b000 	C:\WINDOWS\System32\ucrtbase.dll
0x00007ffd74400000 - 0x00007ffd7441e000 	C:\Program Files\Java\jdk-25.0.2\bin\VCRUNTIME140.dll
0x00007ffd74370000 - 0x00007ffd74387000 	C:\Program Files\Java\jdk-25.0.2\bin\jli.dll
0x00007ffd8c600000 - 0x00007ffd8c7c5000 	C:\WINDOWS\System32\USER32.dll
0x00007ffd88cd0000 - 0x00007ffd88f63000 	C:\WINDOWS\WinSxS\amd64_microsoft.windows.common-controls_6595b64144ccf1df_6.0.26100.8115_none_3e075c82e3354f9c\COMCTL32.dll
0x00007ffd8a4c0000 - 0x00007ffd8a4e7000 	C:\WINDOWS\System32\win32u.dll
0x00007ffd8b0d0000 - 0x00007ffd8b179000 	C:\WINDOWS\System32\msvcrt.dll
0x00007ffd8c5d0000 - 0x00007ffd8c5fb000 	C:\WINDOWS\System32\GDI32.dll
0x00007ffd8aa60000 - 0x00007ffd8ab8b000 	C:\WINDOWS\System32\gdi32full.dll
0x00007ffd8a5b0000 - 0x00007ffd8a653000 	C:\WINDOWS\System32\msvcp_win.dll
0x00007ffd8bd10000 - 0x00007ffd8bd42000 	C:\WINDOWS\System32\IMM32.DLL
0x00007ffd83e60000 - 0x00007ffd83e6c000 	C:\Program Files\Java\jdk-25.0.2\bin\vcruntime140_1.dll
0x00007ffd6c2a0000 - 0x00007ffd6c32d000 	C:\Program Files\Java\jdk-25.0.2\bin\msvcp140.dll
0x00007ffd1ec80000 - 0x00007ffd1fadf000 	C:\Program Files\Java\jdk-25.0.2\bin\server\jvm.dll
0x00007ffd8ada0000 - 0x00007ffd8ae56000 	C:\WINDOWS\System32\ADVAPI32.dll
0x00007ffd8c4d0000 - 0x00007ffd8c577000 	C:\WINDOWS\System32\sechost.dll
0x00007ffd8bbd0000 - 0x00007ffd8bce8000 	C:\WINDOWS\System32\RPCRT4.dll
0x00007ffd8bb40000 - 0x00007ffd8bbc0000 	C:\WINDOWS\System32\WS2_32.dll
0x00007ffd749f0000 - 0x00007ffd74a26000 	C:\WINDOWS\SYSTEM32\WINMM.dll
0x00007ffd89730000 - 0x00007ffd8978e000 	C:\WINDOWS\SYSTEM32\POWRPROF.dll
0x00007ffd7ce70000 - 0x00007ffd7ce7b000 	C:\WINDOWS\SYSTEM32\VERSION.dll
0x00007ffd89710000 - 0x00007ffd89724000 	C:\WINDOWS\SYSTEM32\UMPDC.dll
0x00007ffd87d30000 - 0x00007ffd87d4b000 	C:\WINDOWS\SYSTEM32\kernel.appcore.dll
0x00007ffd83e50000 - 0x00007ffd83e5a000 	C:\Program Files\Java\jdk-25.0.2\bin\jimage.dll
0x00007ffd89080000 - 0x00007ffd892c2000 	C:\WINDOWS\SYSTEM32\DBGHELP.DLL
0x00007ffd8bd50000 - 0x00007ffd8c0d2000 	C:\WINDOWS\System32\combase.dll
0x00007ffd8c210000 - 0x00007ffd8c2e8000 	C:\WINDOWS\System32\OLEAUT32.dll
0x00007ffd88f70000 - 0x00007ffd88fab000 	C:\WINDOWS\SYSTEM32\dbgcore.DLL
0x00007ffd8ab90000 - 0x00007ffd8ac35000 	C:\WINDOWS\System32\bcryptPrimitives.dll
0x00007ffd83e40000 - 0x00007ffd83e50000 	C:\Program Files\Java\jdk-25.0.2\bin\instrument.dll
0x00007ffd74430000 - 0x00007ffd7444f000 	C:\Program Files\Java\jdk-25.0.2\bin\java.dll
0x00007ffd8b2c0000 - 0x00007ffd8b457000 	C:\WINDOWS\System32\ole32.dll
0x00007ffd8c850000 - 0x00007ffd8cfb7000 	C:\WINDOWS\System32\SHELL32.dll
0x00007ffd8a350000 - 0x00007ffd8a4ba000 	C:\WINDOWS\System32\wintypes.dll
0x00007ffd72810000 - 0x00007ffd72827000 	C:\Program Files\Java\jdk-25.0.2\bin\zip.dll
0x00007ffd898d0000 - 0x00007ffd8a138000 	C:\WINDOWS\System32\windows.storage.dll
0x00007ffd8b5b0000 - 0x00007ffd8b6a8000 	C:\WINDOWS\System32\SHCORE.dll
0x00007ffd8c7d0000 - 0x00007ffd8c836000 	C:\WINDOWS\System32\shlwapi.dll
0x00007ffd897f0000 - 0x00007ffd89819000 	C:\WINDOWS\SYSTEM32\profapi.dll
0x00007ffd74420000 - 0x00007ffd74430000 	C:\Program Files\Java\jdk-25.0.2\bin\verify.dll
0x00007ffd74350000 - 0x00007ffd74362000 	C:\Program Files\Java\jdk-25.0.2\bin\net.dll
0x00007ffd88260000 - 0x00007ffd882cc000 	C:\WINDOWS\system32\mswsock.dll
0x00007ffd72860000 - 0x00007ffd72876000 	C:\Program Files\Java\jdk-25.0.2\bin\nio.dll
0x00007ffd72800000 - 0x00007ffd72809000 	C:\Program Files\Java\jdk-25.0.2\bin\extnet.dll
0x00007ffd893f0000 - 0x00007ffd8940b000 	C:\WINDOWS\SYSTEM32\CRYPTSP.dll
0x00007ffd88350000 - 0x00007ffd88389000 	C:\WINDOWS\system32\rsaenh.dll
0x00007ffd88310000 - 0x00007ffd88343000 	C:\WINDOWS\SYSTEM32\USERENV.dll
0x00007ffd897c0000 - 0x00007ffd897ea000 	C:\WINDOWS\SYSTEM32\bcrypt.dll
0x00007ffd88580000 - 0x00007ffd8858c000 	C:\WINDOWS\SYSTEM32\CRYPTBASE.dll
0x00007ffd87780000 - 0x00007ffd877b2000 	C:\WINDOWS\SYSTEM32\IPHLPAPI.DLL
0x00007ffd8b490000 - 0x00007ffd8b49a000 	C:\WINDOWS\System32\NSI.dll
0x00007ffd87820000 - 0x00007ffd87952000 	C:\WINDOWS\SYSTEM32\DNSAPI.dll
0x00007ffd81dd0000 - 0x00007ffd81ddb000 	C:\Windows\System32\rasadhlp.dll
0x00007ffd82db0000 - 0x00007ffd82e36000 	C:\WINDOWS\System32\fwpuclnt.dll
0x00007ffd6c290000 - 0x00007ffd6c29a000 	C:\Program Files\Java\jdk-25.0.2\bin\management.dll
0x00007ffd6c280000 - 0x00007ffd6c28c000 	C:\Program Files\Java\jdk-25.0.2\bin\management_ext.dll
0x00007ffd8c840000 - 0x00007ffd8c848000 	C:\WINDOWS\System32\PSAPI.DLL
0x00007ffd74340000 - 0x00007ffd7434e000 	C:\Program Files\Java\jdk-25.0.2\bin\sunmscapi.dll
0x00007ffd8a1d0000 - 0x00007ffd8a347000 	C:\WINDOWS\System32\CRYPT32.dll
0x00007ffd888d0000 - 0x00007ffd88900000 	C:\WINDOWS\SYSTEM32\ncrypt.dll
0x00007ffd88880000 - 0x00007ffd888bf000 	C:\WINDOWS\SYSTEM32\NTASN1.dll
0x00007ffcfdf30000 - 0x00007ffcfdf38000 	C:\WINDOWS\system32\wshunix.dll

JVMTI agents:
C:\Users\moham\AppData\Local\JetBrains\IntelliJIdea2025.3\captureAgent\debugger-agent.jar path:C:\Program Files\Java\jdk-25.0.2\bin\instrument.dll, loaded, initialized, instrumentlib options:file:///C:/Users/moham/AppData/Local/Temp/capture5321510788781076687.props
D:\JetBrains\IntelliJ IDEA 2025.3.3\lib\idea_rt.jar path:C:\Program Files\Java\jdk-25.0.2\bin\instrument.dll, loaded, initialized, instrumentlib options:58349

dbghelp: loaded successfully - version: 4.0.5 - missing functions: none
symbol engine: initialized successfully - sym options: 0x614 - pdb path: .;C:\Program Files\Java\jdk-25.0.2\bin;C:\WINDOWS\SYSTEM32;C:\WINDOWS\WinSxS\amd64_microsoft.windows.common-controls_6595b64144ccf1df_6.0.26100.8115_none_3e075c82e3354f9c;C:\Program Files\Java\jdk-25.0.2\bin\server

VM Arguments:
jvm_args: -javaagent:C:\Users\moham\AppData\Local\JetBrains\IntelliJIdea2025.3\captureAgent\debugger-agent.jar=file:///C:/Users/moham/AppData/Local/Temp/capture5321510788781076687.props -ea -Didea.test.cyclic.buffer.size=1048576 -javaagent:D:\JetBrains\IntelliJ IDEA 2025.3.3\lib\idea_rt.jar=58349 -Dkotlinx.coroutines.debug.enable.creation.stack.trace=false -Ddebugger.agent.enable.coroutines=true -Dkotlinx.coroutines.debug.enable.flows.stack.trace=true -Dkotlinx.coroutines.debug.enable.mutable.state.flows.stack.trace=true -Ddebugger.async.stack.trace.for.all.threads=true -Dfile.encoding=UTF-8 -Dsun.stdout.encoding=UTF-8 -Dsun.stderr.encoding=UTF-8 
java_command: com.intellij.rt.testng.RemoteTestNGStarter -usedefaultlisteners false -socket58348 @w@C:\Users\moham\AppData\Local\Temp\idea_working_dirs_testng.tmp -temp C:\Users\moham\AppData\Local\Temp\idea_testng.tmp
java_class_path (initial): D:\JetBrains\IntelliJ IDEA 2025.3.3\lib\idea_rt.jar;D:\JetBrains\IntelliJ IDEA 2025.3.3\plugins\testng\lib\testng-rt.jar;D:\JetBrains\Projects\QA_Todo_Project_Testing\target\test-classes;D:\JetBrains\Projects\QA_Todo_Project_Testing\target\classes;C:\Users\moham\.m2\repository\org\seleniumhq\selenium\selenium-java\4.38.0\selenium-java-4.38.0.jar;C:\Users\moham\.m2\repository\org\seleniumhq\selenium\selenium-api\4.38.0\selenium-api-4.38.0.jar;C:\Users\moham\.m2\repository\org\jspecify\jspecify\1.0.0\jspecify-1.0.0.jar;C:\Users\moham\.m2\repository\org\seleniumhq\selenium\selenium-chrome-driver\4.38.0\selenium-chrome-driver-4.38.0.jar;C:\Users\moham\.m2\repository\com\google\auto\service\auto-service-annotations\1.1.1\auto-service-annotations-1.1.1.jar;C:\Users\moham\.m2\repository\org\seleniumhq\selenium\selenium-chromium-driver\4.38.0\selenium-chromium-driver-4.38.0.jar;C:\Users\moham\.m2\repository\org\seleniumhq\selenium\selenium-json\4.38.0\selenium-json-4.38.0.jar;C:\Users\moham\.m2\repository\org\seleniumhq\selenium\selenium-manager\4.38.0\selenium-manager-4.38.0.jar;C:\Users\moham\.m2\repository\org\seleniumhq\selenium\selenium-devtools-v140\4.38.0\selenium-devtools-v140-4.38.0.jar;C:\Users\moham\.m2\repository\org\seleniumhq\selenium\selenium-devtools-v141\4.38.0\selenium-devtools-v141-4.38.0.jar;C:\Users\moham\.m2\repository\org\seleniumhq\selenium\selenium-devtools-v142\4.38.0\selenium-devtools-v142-4.38.0.jar;C:\Users\moham\.m2\repository\org\seleniumhq\selenium\selenium-edge-driver\4.38.0\selenium-edge-driver-4.38.0.jar;C:\Users\moham\.m2\repository\org\seleniumhq\selenium\selenium-firefox-driver\4.38.0\selenium-firefox-driver-4.38.0.jar;C:\Users\moham\.m2\repository\org\seleniumhq\selenium\selenium-http\4.38.0\selenium-http-4.38.0.jar;C:\Users\moham\.m2\repository\org\seleniumhq\selenium\selenium-ie-driver\4.38.0\selenium-ie-driver-4.38.0.jar;C:\Users\moham\.m2\repository\org\seleniumhq\selenium\selenium-remote-driver\4.38.0\selenium-remote-driver-4.38.0.jar;C:\Users\moham\.m2\repository\com\google\guava\guava\33.5.0-jre\guava-33.5.0-jre.jar;C:\Users\moham\.m2\repository\com\google\guava\failureaccess\1.0.3\failureaccess-1.0.3.jar;C:\Users\moham\.m2\repository\com\google\guava\listenablefuture\9999.0-empty-to-avoid-conflict-with-guava\listenablefuture-9999.0-empty-to-avoid-conflict-with-guava.jar;C:\Users\moham\.m2\repository\com\google\j2objc\j2objc-annotations\3.1\j2objc-annotations-3.1.jar;C:\Users\moham\.m2\repository\io\opentelemetry\opentelemetry-api\1.55.0\opentelemetry-api-1.55.0.jar;C:\Users\moham\.m2\repository\io\opentelemetry\opentelemetry-context\1.55.0\opentelemetry-context-1.55.0.jar;C:\Users\moham\.m2\repository\io\opentelemetry\opentelemetry-common\1.55.0\opentelemetry-common-1.55.0.jar;C:\Users\moham\.m2\repository\io\opentelemetry\opentelemetry-exporter-logging\1.55.0\opentelemetry-exporter-logging-1.55.0.jar;C:\Users\moham\.m2\repository\io\opentelemetry\opentelemetry-sdk-common\1.55.0\opentelemetry-sdk-common-1.55.0.jar;C:\Users\moham\.m2\repository\io\opentelemetry\opentelemetry-sdk-extension-autoconfigure-spi\1.55.0\opentelemetry-sdk-extension-autoconfigure-spi-1.55.0.jar;C:\Users\moham\.m2\repository\io\opentelemetry\opentelemetry-sdk-extension-autoconfigure\1.55.0\opentelemetry-sdk-extension-autoconfigure-1.55.0.jar;C:\Users\moham\.m2\repository\io\opentelemetry\opentelemetry-sdk-trace\1.55.0\opentelemetry-sdk-trace-1.55.0.jar;C:\Users\moham\.m2\repository\io\opentelemetry\opentelemetry-sdk\1.55.0\opentelemetry-sdk-1.55.0.jar;C:\Users\moham\.m2\repository\io\opentelemetry\opentelemetry-sdk-metrics\1.55.0\opentelemetry-sdk-metrics-1.55.0.jar;C:\Users\moham\.m2\repository\io\opentelemetry\opentelemetry-sdk-logs\1.55.0\opentelemetry-sdk-logs-1.55.0.jar;C:\Users\moham\.m2\repository\net\bytebuddy\byte-buddy\1.17.8\byte-buddy-1.17.8.jar;C:\Users\moham\.m2\repository\org\seleniumhq\selenium\selenium-os\4.38.0\selenium-os-4.38.0.jar;C:\Users\moham\.m2\repository\org\apache\commons\commons-exec\1.5.0\commons-exec-1.5.0.jar;C:\Users\moham\.m2\repository\org\seleniumhq\selenium\selenium-safari-driver\4.38.0\selenium-safari-driver-4.38.0.jar;C:\Users\moham\.m2\repository\org\seleniumhq\selenium\selenium-support\4.38.0\selenium-support-4.38.0.jar;C:\Users\moham\.m2\repository\io\github\bonigarcia\webdrivermanager\6.3.3\webdrivermanager-6.3.3.jar;C:\Users\moham\.m2\repository\org\slf4j\slf4j-api\2.0.17\slf4j-api-2.0.17.jar;C:\Users\moham\.m2\repository\com\google\code\gson\gson\2.13.2\gson-2.13.2.jar;C:\Users\moham\.m2\repository\com\google\errorprone\error_prone_annotations\2.41.0\error_prone_annotations-2.41.0.jar;C:\Users\moham\.m2\repository\com\github\docker-java\docker-java\3.6.0\docker-java-3.6.0.jar;C:\Users\moham\.m2\repository\com\github\docker-java\docker-java-core\3.6.0\docker-java-core-3.6.0.jar;C:\Users\moham\.m2\repository\com\github\docker-java\docker-java-api\3.6.0\docker-java-api-3.6.0.jar;C:\Users\moham\.m2\repository\com\fasterxml\jackson\core\jackson-annotations\2.19.2\jackson-annotations-2.19.2.jar;C:\Users\moham\.m2\repository\com\fasterxml\jackson\core\jackson-databind\2.19.2\jackson-databind-2.19.2.jar;C:\Users\moham\.m2\repository\com\fasterxml\jackson\core\jackson-core\2.19.2\jackson-core-2.19.2.jar;C:\Users\moham\.m2\repository\org\slf4j\jcl-over-slf4j\1.7.30\jcl-over-slf4j-1.7.30.jar;C:\Users\moham\.m2\repository\com\github\docker-java\docker-java-transport-httpclient5\3.6.0\docker-java-transport-httpclient5-3.6.0.jar;C:\Users\moham\.m2\repository\com\github\docker-java\docker-java-transport\3.6.0\docker-java-transport-3.6.0.jar;C:\Users\moham\.m2\repository\net\java\dev\jna\jna\5.17.0\jna-5.17.0.jar;C:\Users\moham\.m2\repository\org\brotli\dec\0.1.2\dec-0.1.2.jar;C:\Users\moham\.m2\repository\org\apache\commons\commons-lang3\3.19.0\commons-lang3-3.19.0.jar;C:\Users\moham\.m2\repository\org\apache\commons\commons-compress\1.28.0\commons-compress-1.28.0.jar;C:\Users\moham\.m2\repository\commons-codec\commons-codec\1.19.0\commons-codec-1.19.0.jar;C:\Users\moham\.m2\repository\commons-io\commons-io\2.20.0\commons-io-2.20.0.jar;C:\Users\moham\.m2\repository\org\apache\httpcomponents\client5\httpclient5\5.4.3\httpclient5-5.4.3.jar;C:\Users\moham\.m2\repository\org\apache\httpcomponents\core5\httpcore5\5.3.4\httpcore5-5.3.4.jar;C:\Users\moham\.m2\repository\org\apache\httpcomponents\core5\httpcore5-h2\5.3.4\httpcore5-h2-5.3.4.jar;C:\Users\moham\.m2\repository\org\testng\testng\7.12.0\testng-7.12.0.jar;C:\Users\moham\.m2\repository\org\jcommander\jcommander\1.83\jcommander-1.83.jar;C:\Users\moham\.m2\repository\org\webjars\jquery\3.7.1\jquery-3.7.1.jar;C:\Users\moham\.m2\repository\io\rest-assured\rest-assured\5.5.7\rest-assured-5.5.7.jar;C:\Users\moham\.m2\repository\org\apache\groovy\groovy\4.0.22\groovy-4.0.22.jar;C:\Users\moham\.m2\repository\org\apache\groovy\groovy-xml\4.0.22\groovy-xml-4.0.22.jar;C:\Users\moham\.m2\repository\org\apache\httpcomponents\httpclient\4.5.13\httpclient-4.5.13.jar;C:\Users\moham\.m2\repository\org\apache\httpcomponents\httpcore\4.4.13\httpcore-4.4.13.jar;C:\Users\moham\.m2\repository\commons-logging\commons-logging\1.2\commons-logging-1.2.jar;C:\Users\moham\.m2\repository\org\apache\httpcomponents\httpmime\4.5.13\httpmime-4.5.13.jar;C:\Users\moham\.m2\repository\org\hamcrest\hamcrest\2.2\hamcrest-2.2.jar;C:\Users\moham\.m2\repository\org\ccil\cowan\tagsoup\tagsoup\1.2.1\tagsoup-1.2.1.jar;C:\Users\moham\.m2\repository\io\rest-assured\json-path\5.5.7\json-path-5.5.7.jar;C:\Users\moham\.m2\repository\org\apache\groovy\groovy-json\4.0.22\groovy-json-4.0.22.jar;C:\Users\moham\.m2\repository\io\rest-assured\rest-assured-common\5.5.7\rest-assured-common-5.5.7.jar;C:\Users\moham\.m2\repository\io\rest-assured\xml-path\5.5.7\xml-path-5.5.7.jar;C:\Users\moham\.m2\repository\com\jayway\jsonpath\json-path\3.0.0\json-path-3.0.0.jar;C:\Users\moham\.m2\repository\net\minidev\json-smart\2.6.0\json-smart-2.6.0.jar;C:\Users\moham\.m2\repository\net\minidev\accessors-smart\2.6.0\accessors-smart-2.6.0.jar;C:\Users\moham\.m2\repository\org\ow2\asm\asm\9.7.1\asm-9.7.1.jar;C:\Users\moham\.m2\repository\com\github\javafaker\javafaker\1.0.2\javafaker-1.0.2.jar;C:\Users\moham\.m2\repository\org\yaml\snakeyaml\1.23\snakeyaml-1.23-android.jar;C:\Users\moham\.m2\repository\com\github\mifmif\generex\1.0.2\generex-1.0.2.jar;C:\Users\moham\.m2\repository\dk\brics\automaton\automaton\1.11-8\automaton-1.11-8.jar;C:\Users\moham\.m2\repository\io\qameta\allure\allure-testng\2.32.0\allure-testng-2.32.0.jar;C:\Users\moham\.m2\repository\io\qameta\allure\allure-java-commons\2.32.0\allure-java-commons-2.32.0.jar;C:\Users\moham\.m2\repository\io\qameta\allure\allure-model\2.32.0\allure-model-2.32.0.jar;C:\Users\moham\.m2\repository\io\qameta\allure\allure-test-filter\2.32.0\allure-test-filter-2.32.0.jar
Launcher Type: SUN_STANDARD

[Global flags]
     intx CICompilerCount                          = 4                                         {product} {ergonomic}
     uint ConcGCThreads                            = 2                                         {product} {ergonomic}
     uint G1ConcRefinementThreads                  = 8                                         {product} {ergonomic}
   size_t G1HeapRegionSize                         = 2097152                                   {product} {ergonomic}
   size_t InitialHeapSize                          = 266338304                                 {product} {ergonomic}
   size_t MarkStackSize                            = 4194304                                   {product} {ergonomic}
   size_t MarkStackSizeMax                         = 536870912                                 {product} {ergonomic}
   size_t MaxHeapSize                              = 4242538496                                {product} {ergonomic}
   size_t MaxNewSize                               = 2543845376                                {product} {ergonomic}
   size_t MinHeapDeltaBytes                        = 2097152                                   {product} {ergonomic}
   size_t MinHeapSize                              = 8388608                                   {product} {ergonomic}
    uintx NonNMethodCodeHeapSize                   = 5832704                                {pd product} {ergonomic}
    uintx NonProfiledCodeHeapSize                  = 122945536                              {pd product} {ergonomic}
    uintx ProfiledCodeHeapSize                     = 122880000                              {pd product} {ergonomic}
    uintx ReservedCodeCacheSize                    = 251658240                              {pd product} {ergonomic}
     bool SegmentedCodeCache                       = true                                      {product} {ergonomic}
   size_t SoftMaxHeapSize                          = 4242538496                             {manageable} {ergonomic}
     bool UseCompressedOops                        = true                           {product lp64_product} {ergonomic}
     bool UseG1GC                                  = true                                      {product} {ergonomic}
     bool UseLargePagesIndividualAllocation        = false                                  {pd product} {ergonomic}

Logging:
Log output configuration:
 #0: stdout all=warning uptime,level,tags foldmultilines=false
 #1: stderr all=off uptime,level,tags foldmultilines=false

Release file:
IMPLEMENTOR="Oracle Corporation" 
JAVA_RUNTIME_VERSION="25.0.2+10-LTS-69" 
JAVA_VERSION="25.0.2" 
JAVA_VERSION_DATE="2026-01-20" 
LIBC="default" 
MODULES="java.base java.compiler java.datatransfer java.xml java.prefs java.desktop java.instrument java.logging java.management java.security.sasl java.naming java.rmi java.management.rmi java.net.http java.scripting java.security.jgss java.transaction.xa java.sql java.sql.rowset java.xml.crypto java.se java.smartcardio jdk.accessibility jdk.internal.jvmstat jdk.attach jdk.charsets jdk.internal.opt jdk.zipfs jdk.compiler jdk.crypto.cryptoki jdk.crypto.ec jdk.crypto.mscapi jdk.dynalink jdk.internal.ed jdk.editpad jdk.internal.vm.ci jdk.graal.compiler jdk.graal.compiler.management jdk.hotspot.agent jdk.httpserver jdk.incubator.vector jdk.internal.le jdk.internal.md jdk.jartool jdk.javadoc jdk.jcmd jdk.management jdk.management.agent jdk.jconsole jdk.jdeps jdk.jdwp.agent jdk.jdi jdk.jfr jdk.jlink jdk.jpackage jdk.jshell jdk.jsobject jdk.jstatd jdk.localedata jdk.management.jfr jdk.naming.dns jdk.naming.rmi jdk.net jdk.nio.mapmode jdk.sctp jdk.security.auth jdk.security.jgss jdk.unsupported jdk.unsupported.desktop jdk.xml.dom" 
OS_ARCH="x86_64" 
OS_NAME="Windows" 
SOURCE=".:git:b75efb40c93a open:git:405a5699ebd0" 

Environment Variables:
PATH=C:\Program Files\Common Files\Oracle\Java\javapath;C:\WINDOWS\system32;C:\WINDOWS;C:\WINDOWS\System32\Wbem;C:\WINDOWS\System32\WindowsPowerShell\v1.0\;C:\WINDOWS\System32\OpenSSH\;D:\JetBrains\IntelliJ IDEA 2025.3.3\plugins\maven\lib\maven3\bin;C:\Program Files\Git\cmd;C:\Program Files\nodejs\;C:\Users\moham\scoop\shims;C:\Users\moham\AppData\Local\Microsoft\WindowsApps;D:\Microsoft VS Code\bin;D:\JetBrains\IntelliJ IDEA 2025.3.3\bin;C:\Users\moham\AppData\Local\GitHubDesktop\bin;C:\Users\moham\AppData\Roaming\npm
USERNAME=moham
OS=Windows_NT
PROCESSOR_IDENTIFIER=Intel64 Family 6 Model 165 Stepping 2, GenuineIntel
TMP=C:\Users\moham\AppData\Local\Temp
TEMP=C:\Users\moham\AppData\Local\Temp




Compilation memory statistics disabled.

Periodic native trim disabled

---------------  S Y S T E M  ---------------

OS:
 Windows 11 , 64 bit Build 26100 (10.0.26100.8246)
OS uptime: 0 days 1:14 hours
Hyper-V role detected

CPU: total 8 (initial active 8) (4 cores per cpu, 2 threads per core) family 6 model 165 stepping 2 microcode 0xfc, cx8, cmov, fxsr, ht, mmx, 3dnowpref, sse, sse2, sse3, ssse3, sse4.1, sse4.2, popcnt, lzcnt, tsc, tscinvbit, avx, avx2, aes, erms, clmul, bmi1, bmi2, adx, fma, vzeroupper, clflush, clflushopt, hv, rdtscp, f16c
Processor Information for the first 8 processors :
  Max Mhz: 2496, Current Mhz: 2496, Mhz Limit: 2496

Memory: 4k page, system-wide physical 16177M (7316M free)
TotalPageFile size 17201M (AvailPageFile size 7674M)
current process WorkingSet (physical memory assigned to process): 182M, peak: 182M
current process commit charge ("private bytes"): 219M, peak: 397M

vm_info: Java HotSpot(TM) 64-Bit Server VM (25.0.2+10-LTS-69) for windows-amd64 JRE (25.0.2+10-LTS-69), built on 2025-12-18T11:36:35Z with MS VC++ 17.13 (VS2022)

END.
