#
# A fatal error has been detected by the Java Runtime Environment:
#
#  EXCEPTION_ACCESS_VIOLATION (0xc0000005) at pc=0x00000186d5a30e10, pid=17540, tid=14460
#
# JRE version: Java(TM) SE Runtime Environment (25.0.2+10) (build 25.0.2+10-LTS-69)
# Java VM: Java HotSpot(TM) 64-Bit Server VM (25.0.2+10-LTS-69, mixed mode, sharing, tiered, compressed oops, compressed class ptrs, g1 gc, windows-amd64)
# Problematic frame:
# C  0x00000186d5a30e10
#
# No core dump will be written. Minidumps are not enabled by default on client versions of Windows
#
# If you would like to submit a bug report, please visit:
#   https://bugreport.java.com/bugreport/crash.jsp
#

---------------  S U M M A R Y ------------

Command Line: -javaagent:C:\Users\moham\AppData\Local\JetBrains\IntelliJIdea2025.3\captureAgent\debugger-agent.jar=file:///C:/Users/moham/AppData/Local/Temp/capture11050850099226004675.props -ea -Didea.test.cyclic.buffer.size=1048576 -javaagent:D:\JetBrains\IntelliJ IDEA 2025.3.3\lib\idea_rt.jar=49674 -Dkotlinx.coroutines.debug.enable.creation.stack.trace=false -Ddebugger.agent.enable.coroutines=true -Dkotlinx.coroutines.debug.enable.flows.stack.trace=true -Dkotlinx.coroutines.debug.enable.mutable.state.flows.stack.trace=true -Ddebugger.async.stack.trace.for.all.threads=true -Dfile.encoding=UTF-8 -Dsun.stdout.encoding=UTF-8 -Dsun.stderr.encoding=UTF-8 com.intellij.rt.testng.RemoteTestNGStarter -usedefaultlisteners false -socket49673 @w@C:\Users\moham\AppData\Local\Temp\idea_working_dirs_testng.tmp -temp C:\Users\moham\AppData\Local\Temp\idea_testng.tmp

Host: Intel(R) Core(TM) i5-10300H CPU @ 2.50GHz, 8 cores, 15G,  Windows 11 , 64 bit Build 26100 (10.0.26100.8246)
Time: Tue May  5 18:41:03 2026 Egypt Daylight Time elapsed time: 24.502574 seconds (0d 0h 0m 24s)

---------------  T H R E A D  ---------------

Current thread (0x00000186d3ab3cd0):  WorkerThread "GC Thread#7"    [id=14460, stack(0x0000003a50100000,0x0000003a50200000) (1024K)]

Stack: [0x0000003a50100000,0x0000003a50200000],  sp=0x0000003a501ff918,  free space=1022k
Native frames: (J=compiled Java code, j=interpreted, Vv=VM code, C=native code)
C  0x00000186d5a30e10  (no source info available)


siginfo: EXCEPTION_ACCESS_VIOLATION (0xc0000005), data execution prevention violation at address 0x00000186d5a30e10


Registers:
RAX=0x00000186d5821560, RBX=0x0000000000000009, RCX=0x0000000091404340, RDX=0x0000000706ca11d0
RSP=0x0000003a501ff918, RBP=0x0000003a501ff9a0, RSI=0x00000186aeaa9ec0, RDI=0x0000000091404340
R8 =0x0000000091404340, R9 =0x0000000000000000, R10=0x0000000000000000, R11=0x00007ffce6f60601
R12=0x0000003a501ffa00, R13=0x00000186d346b8b0, R14=0x000000000000024c, R15=0x0000000706ca11d0
RIP=0x00000186d5a30e10, EFLAGS=0x0000000000010246

XMM[0]=0x00000000001baf00 0x0000000000000009
XMM[1]=0xe08cfbb2e08cfbaf 0xe0680031e08cfba9
XMM[2]=0x0000000000000000 0xe0e1a33d00000000
XMM[3]=0x0000000000000000 0xe0e1a31f00000000
XMM[4]=0x0000000000000000 0xe0e1a27fe0e1a3a6
XMM[5]=0x00000000e08cfb9e 0x0000000000000000
XMM[6]=0x0000000000000000 0x0000000000000000
XMM[7]=0x0000000000000000 0x0000000000000000
XMM[8]=0x0000000000000000 0x0000000000000000
XMM[9]=0x0000000000000000 0x0000000000000000
XMM[10]=0x0000000000000000 0x0000000000000000
XMM[11]=0x0000000000000000 0x0000000000000000
XMM[12]=0x0000000000000000 0x0000000000000000
XMM[13]=0x0000000000000000 0x0000000000000000
XMM[14]=0x0000000000000000 0x0000000000000000
XMM[15]=0x0000000000000000 0x0000000000000000
  MXCSR=0x00001fa0


Register to memory mapping:

RAX=0x00000186d5821560 points into unknown readable memory: 0x00000186d5820828 | 28 08 82 d5 86 01 00 00
RBX=0x0000000000000009 is an unknown value
RCX=0x0000000091404340 is pointing into metadata
RDX=
[error occurred during error reporting (printing register info), id 0xc0000005, EXCEPTION_ACCESS_VIOLATION (0xc0000005) at pc=0x00007ffcc8bdf380]
RSP=0x0000003a501ff918 points into unknown readable memory: 0x00007ffcc8c26b0e | 0e 6b c2 c8 fc 7f 00 00
RBP=0x0000003a501ff9a0 points into unknown readable memory: 0x0000000000000040 | 40 00 00 00 00 00 00 00
RSI=0x00000186aeaa9ec0 points into unknown readable memory: 0x0000000000000000 | 00 00 00 00 00 00 00 00
RDI=0x0000000091404340 is pointing into metadata
R8 =0x0000000091404340 is pointing into metadata
R9 =0x0 is null
R10=0x0 is null
R11=0x00007ffce6f60601 VCRUNTIME140.dll
R12=0x0000003a501ffa00 points into unknown readable memory: 0x00000186d3000001 | 01 00 00 d3 86 01 00 00
R13=0x00000186d346b8b0 points into unknown readable memory: 0x00007ffcc93199f8 | f8 99 31 c9 fc 7f 00 00
R14=0x000000000000024c is an unknown value
R15=
[error occurred during error reporting (printing register info, attempt 2), id 0xc0000005, EXCEPTION_ACCESS_VIOLATION (0xc0000005) at pc=0x00007ffcc8bdf380]

Top of Stack: (sp=0x0000003a501ff918)
0x0000003a501ff918:   00007ffcc8c26b0e 0000000000000001   .k..............
0x0000003a501ff928:   0000000091405268 0000003a501ff9a0   hR@........P:...
0x0000003a501ff938:   0000000090197780 0000018600000001   .w..............
0x0000003a501ff948:   0000000000000000 00000186ac5f8640   ........@._.....
0x0000003a501ff958:   00000186ac5f03a0 00000186d3000001   .._.............
0x0000003a501ff968:   00007ffcc901dc9f 0000000000000000   ................
0x0000003a501ff978:   0000000000000008 0000000000000040   ........@.......
0x0000003a501ff988:   0000000000000040 00000186cdb73e50   @.......P>......
0x0000003a501ff998:   00007ffcc8c2717e 0000000000000040   ~q......@.......
0x0000003a501ff9a8:   00000186aeaa0f30 0000000000000000   0...............
0x0000003a501ff9b8:   00000186d346b8b0 0000003a501ffa60   ..F.....`..P:...
0x0000003a501ff9c8:   00007ffcc8c24f98 00000186aeaa9ec0   .O..............
0x0000003a501ff9d8:   0000000000000000 000000000000024a   ........J.......
0x0000003a501ff9e8:   00000007032b3328 00000007032b3329   (3+.....)3+.....
0x0000003a501ff9f8:   00007ffcc8c28078 00000186d3000001   x...............
0x0000003a501ffa08:   00000186d346b8b0 0000003a501ffa60   ..F.....`..P:...
0x0000003a501ffa18:   00007ffcc8c2d344 0000003a501ffb20   D....... ..P:...
0x0000003a501ffa28:   00007ffcc8c2d2fc 0000000704690420   ........ .i.....
0x0000003a501ffa38:   00007ffcc8fcf02f 0000003a501ffac0   /..........P:...
0x0000003a501ffa48:   00007ffcc8c2e28d 00000007046903f8   ..........i.....
0x0000003a501ffa58:   00007ffcc8c2ff00 0000003a501ffca0   ...........P:...
0x0000003a501ffa68:   0000003a501ffca0 000000000000000a   ...P:...........
0x0000003a501ffa78:   0000000704690420 0000000000000001    .i.............
0x0000003a501ffa88:   00000186d346b8b0 0000003a501ffba0   ..F........P:...
0x0000003a501ffa98:   00007ffcc8c2437e 0000000704690400   ~C........i.....
0x0000003a501ffaa8:   0000000704690400 000000070468e400   ..i.......h.....
0x0000003a501ffab8:   0000000000000040 000000000e98866e   @.......n.......
0x0000003a501ffac8:   0000000e38c332ac 000000000000000a   .2.8............
0x0000003a501ffad8:   00000186c6f4a482 00000186aeb17750   ........Pw......
0x0000003a501ffae8:   00007ffcc8c334a9 0000003a501ffca0   .4.........P:...
0x0000003a501ffaf8:   00000186aeb17750 0000003a501ffba0   Pw.........P:...
0x0000003a501ffb08:   0000000000000000 0000000704690200   ..........i.....

Instructions: (pc=0x00000186d5a30e10)
  0x00000186d5a30d10:   74 65 72 78 6d 6c 24 6a 61 63 6b 73 6f 6e 24 61
  0x00000186d5a30d20:   6e 6e 6f 74 61 74 69 6f 6e 24 4a 73 6f 6e 43 72
  0x00000186d5a30d30:   65 61 74 6f 72 24 4d 6f 64 65 00 00 00 00 00 00
  0x00000186d5a30d40:   00 00 00 00 00 00 00 00 f2 ee 84 3d 00 a8 01 90
  0x00000186d5a30d50:   60 a8 8c d3 86 01 00 00 02 00 1e c9 42 00 73 75
  0x00000186d5a30d60:   6e 2f 72 65 66 6c 65 63 74 2f 61 6e 6e 6f 74 61
  0x00000186d5a30d70:   74 69 6f 6e 2f 41 6e 6e 6f 74 61 74 69 6f 6e 50
  0x00000186d5a30d80:   61 72 73 65 72 24 24 4c 61 6d 62 64 61 2b 30 78
  0x00000186d5a30d90:   30 30 30 30 30 30 30 30 39 31 33 35 36 37 65 38
  0x00000186d5a30da0:   00 00 00 00 00 00 00 00 fc ee 82 3d 00 a9 01 90
  0x00000186d5a30db0:   16 31 05 60 27 60 50 08 0f 58 0b 60 10 08 0f 58
  0x00000186d5a30dc0:   0b 60 10 08 0f 58 0b 60 17 31 80 78 0a 40 11 31
  0x00000186d5a30dd0:   6c 78 05 40 11 31 58 78 05 40 11 31 27 31 0b 00
  0x00000186d5a30de0:   00 31 02 7c 00 00 01 00 05 38 0e 30 01 7c 82 ff
  0x00000186d5a30df0:   0d 48 0c 31 00 00 00 00 48 12 48 90 00 00 00 00
  0x00000186d5a30e00:   00 00 00 00 00 00 00 00 c6 ee 78 3e 00 aa 01 8a
=>0x00000186d5a30e10:   c0 b4 79 d3 86 01 00 00 01 00 45 80 48 00 4c 69
  0x00000186d5a30e20:   6f 2f 71 61 6d 65 74 61 2f 61 6c 6c 75 72 65 2f
  0x00000186d5a30e30:   69 6e 74 65 72 6e 61 6c 2f 73 68 61 64 6f 77 65
  0x00000186d5a30e40:   64 2f 6a 61 63 6b 73 6f 6e 2f 64 61 74 61 62 69
  0x00000186d5a30e50:   6e 64 2f 75 74 69 6c 2f 41 72 72 61 79 49 74 65
  0x00000186d5a30e60:   72 61 74 6f 72 3b 00 00 c0 ee 76 3e 00 ab 01 8a
  0x00000186d5a30e70:   50 f0 1f d3 86 01 00 00 05 00 33 7c 48 00 69 6f
  0x00000186d5a30e80:   2f 71 61 6d 65 74 61 2f 61 6c 6c 75 72 65 2f 69
  0x00000186d5a30e90:   6e 74 65 72 6e 61 6c 2f 73 68 61 64 6f 77 65 64
  0x00000186d5a30ea0:   2f 6a 61 63 6b 73 6f 6e 2f 64 61 74 61 62 69 6e
  0x00000186d5a30eb0:   64 2f 69 6e 74 72 6f 73 70 65 63 74 2f 4d 65 6d
  0x00000186d5a30ec0:   62 65 72 4b 65 79 00 00 ca ee 6c 3e 00 ac 01 88
  0x00000186d5a30ed0:   e0 b3 14 d5 86 01 00 00 03 00 2a 48 4a 00 4c 69
  0x00000186d5a30ee0:   6f 2f 71 61 6d 65 74 61 2f 61 6c 6c 75 72 65 2f
  0x00000186d5a30ef0:   69 6e 74 65 72 6e 61 6c 2f 73 68 61 64 6f 77 65
  0x00000186d5a30f00:   64 2f 6a 61 63 6b 73 6f 6e 2f 64 61 74 61 62 69


Stack slot to memory mapping:

stack at sp + 0 slots: 0x00007ffcc8c26b0e jvm.dll
stack at sp + 1 slots: 0x0000000000000001 is an unknown value
stack at sp + 2 slots: 0x0000000091405268 is a pointer to class: 
org.codehaus.groovy.reflection.CachedMethod {0x0000000091405270}
 - instance size:     8
 - klass size:        107
 - access:            public synchronized 
 - flags:             rewritten has_nonstatic_fields should_verify_class defined_by_app_loader has_localvariable_table has_final_method has_resolved_methods 
 - state:             fully_initialized
 - name:              'org/codehaus/groovy/reflection/CachedMethod'
 - super:             'groovy/lang/MetaMethod'
 - sub:               
 - arrays:            'org/codehaus/groovy/reflection/CachedMethod'[]
 - methods:           Array<T>(0x00000186d0cc2628)
 - method ordering:   Array<T>(0x00000000907207e8)
 - local interfaces:  Array<T>(0x00000186d0cc2618)
 - trans. interfaces: Array<T>(0x00000186d0cc4718)
 - secondary supers: Array<T>(0x00000186d0cc4790)
 - hash_slot:         22
 - secondary bitmap: 0x0000000000001001
 - constants:         constant pool [399]/operands[7] {0x00000186d0cc1808} for 'org/codehaus/groovy/reflection/CachedMethod' cache=0x00000186d0dcebe0
 - class loader data:  loader data: 0x00000186cdb84f10 for instance a 'jdk/internal/loader/ClassLoaders$AppClassLoader'{0x0000000703400028}
 - source file:       'CachedMethod.java'
 - inner classes:     Array<T>(0x00000186d0cc46e8)
 - nest members:     Array<T>(0x00000000906a0a78)
 - permitted subclasses:     Array<T>(0x00000000906a0a78)
 - java mirror:       a 'java/lang/Class'{0x0000000704494778} = 'org/codehaus/groovy/reflection/CachedMethod'
 - vtable length      42  (start addr: 0x0000000091405440)
 - itable length      5 (start addr: 0x0000000091405590)
 - ---- static fields (1 words):
 - public static final 'EMPTY_ARRAY' '[Lorg/codehaus/groovy/reflection/CachedMethod;' @120 
 - ---- non-static fields (12 words):
 - protected 'isVargsMethod' 'Z' @12 
 - protected volatile 'parameterTypes' '[Lorg/codehaus/groovy/reflection/CachedClass;' @16 
 - protected volatile 'nativeParamTypes' '[Ljava/lang/Class;' @20 
 - private 'signature' 'Ljava/lang/String;' @24 
 - private 'mopName' 'Ljava/lang/String;' @28 
 - private 'skipCompiled' 'Z' @13 
 - private 'accessAllowed' 'Z' @14 
 - private 'makeAccessibleDone' 'Z' @15 
 - public final 'cachedClass' 'Lorg/codehaus/groovy/reflection/CachedClass;' @32 
 - private final 'cachedMethod' 'Ljava/lang/reflect/Method;' @36 
 - private 'transformedMethod' 'Lorg/codehaus/groovy/reflection/CachedMethod;' @40 
 - private 'pogoCallSiteConstructor' 'Ljava/lang/ref/SoftReference;' @44 
 - private 'pojoCallSiteConstructor' 'Ljava/lang/ref/SoftReference;' @48 
 - private 'staticCallSiteConstructor' 'Ljava/lang/ref/SoftReference;' @52 
 - private 'hashCode' 'I' @56 
 - non-static oop maps (1 entries): 16-52 
stack at sp + 3 slots: 0x0000003a501ff9a0 points into unknown readable memory: 0x0000000000000040 | 40 00 00 00 00 00 00 00
stack at sp + 4 slots: 0x0000000090197780 is a pointer to class: 
stack at sp + 5 slots: 0x0000018600000001 is an unknown value
stack at sp + 6 slots: 0x0 is null
stack at sp + 7 slots: 0x00000186ac5f8640 points into unknown readable memory: 0x00000186ac5f0e10 | 10 0e 5f ac 86 01 00 00


---------------  P R O C E S S  ---------------

Threads class SMR info:
_java_thread_list=0x00000186ceceb4b0, length=36, elements={
0x00000186aea8da70, 0x00000186cdccd780, 0x00000186cdccdf40, 0x00000186cdcd5560,
0x00000186cdcdac60, 0x00000186cdcd8550, 0x00000186cdcdb430, 0x00000186cdce02d0,
0x00000186cdcf8220, 0x00000186cdcd94f0, 0x00000186cdcd9cc0, 0x00000186cdcddb40,
0x00000186cdcde310, 0x00000186d45745b0, 0x00000186d4575550, 0x00000186d4572e40,
0x00000186d4572670, 0x00000186d4577490, 0x00000186d45764f0, 0x00000186d4577c60,
0x00000186d4fdfb20, 0x00000186d4fe4940, 0x00000186d57c86c0, 0x00000186d79efc20,
0x00000186d79edce0, 0x00000186d79f1b60, 0x00000186d79eec80, 0x00000186d79f5210,
0x00000186d79f32d0, 0x00000186d79f61b0, 0x00000186d79f4a40, 0x00000186d79f3aa0,
0x00000186d6a97000, 0x00000186d6a9ae80, 0x00000186d31140a0, 0x00000186d31160e0
}

Java Threads: ( => current thread )
  0x00000186aea8da70 JavaThread "main"                              [_thread_blocked, id=3776, stack(0x0000003a4df00000,0x0000003a4e000000) (1024K)]
  0x00000186cdccd780 JavaThread "Reference Handler"          daemon [_thread_blocked, id=16684, stack(0x0000003a4e700000,0x0000003a4e800000) (1024K)]
  0x00000186cdccdf40 JavaThread "Finalizer"                  daemon [_thread_blocked, id=8248, stack(0x0000003a4e800000,0x0000003a4e900000) (1024K)]
  0x00000186cdcd5560 JavaThread "Signal Dispatcher"          daemon [_thread_blocked, id=8008, stack(0x0000003a4e900000,0x0000003a4ea00000) (1024K)]
  0x00000186cdcdac60 JavaThread "Attach Listener"            daemon [_thread_blocked, id=15264, stack(0x0000003a4ea00000,0x0000003a4eb00000) (1024K)]
  0x00000186cdcd8550 JavaThread "Service Thread"             daemon [_thread_blocked, id=9404, stack(0x0000003a4eb00000,0x0000003a4ec00000) (1024K)]
  0x00000186cdcdb430 JavaThread "Monitor Deflation Thread"   daemon [_thread_blocked, id=10540, stack(0x0000003a4ec00000,0x0000003a4ed00000) (1024K)]
  0x00000186cdce02d0 JavaThread "C2 CompilerThread0"         daemon [_thread_blocked, id=14508, stack(0x0000003a4ed00000,0x0000003a4ee00000) (1024K)]
  0x00000186cdcf8220 JavaThread "C1 CompilerThread0"         daemon [_thread_blocked, id=13992, stack(0x0000003a4ee00000,0x0000003a4ef00000) (1024K)]
  0x00000186cdcd94f0 JavaThread "Common-Cleaner"             daemon [_thread_blocked, id=7124, stack(0x0000003a4ef00000,0x0000003a4f000000) (1024K)]
  0x00000186cdcd9cc0 JavaThread "IntelliJ Suspend Helper"    daemon [_thread_blocked, id=15284, stack(0x0000003a4f000000,0x0000003a4f100000) (1024K)]
  0x00000186cdcddb40 JavaThread "Monitor Ctrl-Break"         daemon [_thread_in_native, id=15676, stack(0x0000003a4f100000,0x0000003a4f200000) (1024K)]
  0x00000186cdcde310 JavaThread "Notification Thread"        daemon [_thread_blocked, id=16160, stack(0x0000003a4f200000,0x0000003a4f300000) (1024K)]
  0x00000186d45745b0 JavaThread "ForkJoinPool.commonPool-worker-1" daemon [_thread_blocked, id=17916, stack(0x0000003a4f900000,0x0000003a4fa00000) (1024K)]
  0x00000186d4575550 JavaThread "ForkJoinPool.commonPool-worker-2" daemon [_thread_blocked, id=17044, stack(0x0000003a4fa00000,0x0000003a4fb00000) (1024K)]
  0x00000186d4572e40 JavaThread "ForkJoinPool.commonPool-worker-3" daemon [_thread_blocked, id=16468, stack(0x0000003a4fb00000,0x0000003a4fc00000) (1024K)]
  0x00000186d4572670 JavaThread "ForkJoinPool.commonPool-worker-4" daemon [_thread_blocked, id=2592, stack(0x0000003a4fc00000,0x0000003a4fd00000) (1024K)]
  0x00000186d4577490 JavaThread "ForkJoinPool.commonPool-worker-5" daemon [_thread_blocked, id=14308, stack(0x0000003a4fd00000,0x0000003a4fe00000) (1024K)]
  0x00000186d45764f0 JavaThread "ForkJoinPool.commonPool-worker-6" daemon [_thread_blocked, id=16132, stack(0x0000003a4fe00000,0x0000003a4ff00000) (1024K)]
  0x00000186d4577c60 JavaThread "ForkJoinPool.commonPool-worker-7" daemon [_thread_blocked, id=14208, stack(0x0000003a4ff00000,0x0000003a50000000) (1024K)]
  0x00000186d4fdfb20 JavaThread "UrlChecker-2"               daemon [_thread_blocked, id=4900, stack(0x0000003a50800000,0x0000003a50900000) (1024K)]
  0x00000186d4fe4940 JavaThread "Keep-Alive-Timer"           daemon [_thread_blocked, id=8852, stack(0x0000003a50a00000,0x0000003a50b00000) (1024K)]
  0x00000186d57c86c0 JavaThread "ForkJoinPool.commonPool-delayScheduler" daemon [_thread_blocked, id=12940, stack(0x0000003a50c00000,0x0000003a50d00000) (1024K)]
  0x00000186d79efc20 JavaThread "HttpClient-13-SelectorManager" daemon [_thread_in_native, id=17572, stack(0x0000003a4f300000,0x0000003a4f400000) (1024K)]
  0x00000186d79edce0 JavaThread "External Process Output Forwarder - C:\Users\moham\.cache\selenium\chromedriver\win64\147.0.7727.117\chromedriver.exe" daemon [_thread_in_native, id=14292, stack(0x0000003a50300000,0x0000003a50400000) (1024K)]
  0x00000186d79f1b60 JavaThread "Driver Service Executor"    daemon [_thread_blocked, id=18236, stack(0x0000003a50400000,0x0000003a50500000) (1024K)]
  0x00000186d79eec80 JavaThread "Driver Service Executor"    daemon [_thread_in_native, id=2368, stack(0x0000003a50500000,0x0000003a50600000) (1024K)]
  0x00000186d79f5210 JavaThread "JdkHttpClient-12-0"         daemon [_thread_blocked, id=4884, stack(0x0000003a50600000,0x0000003a50700000) (1024K)]
  0x00000186d79f32d0 JavaThread "JdkHttpClient-12-1"         daemon [_thread_blocked, id=6660, stack(0x0000003a50700000,0x0000003a50800000) (1024K)]
  0x00000186d79f61b0 JavaThread "JdkHttpClient-12-2"         daemon [_thread_blocked, id=17732, stack(0x0000003a50b00000,0x0000003a50c00000) (1024K)]
  0x00000186d79f4a40 JavaThread "HttpClient-14-SelectorManager" daemon [_thread_in_native, id=10724, stack(0x0000003a50d00000,0x0000003a50e00000) (1024K)]
  0x00000186d79f3aa0 JavaThread "JdkHttpClient-13-0"         daemon [_thread_blocked, id=5220, stack(0x0000003a50e00000,0x0000003a50f00000) (1024K)]
  0x00000186d6a97000 JavaThread "JdkHttpClient-13-1"         daemon [_thread_blocked, id=17432, stack(0x0000003a50f00000,0x0000003a51000000) (1024K)]
  0x00000186d6a9ae80 JavaThread "JdkHttpClient-13-2"         daemon [_thread_blocked, id=1696, stack(0x0000003a51000000,0x0000003a51100000) (1024K)]
  0x00000186d31140a0 JavaThread "C2 CompilerThread1"         daemon [_thread_blocked, id=12912, stack(0x0000003a51100000,0x0000003a51200000) (1024K)]
  0x00000186d31160e0 JavaThread "C2 CompilerThread2"         daemon [_thread_blocked, id=17688, stack(0x0000003a51200000,0x0000003a51300000) (1024K)]
Total: 36

Other Threads:
  0x00000186cdcbd7d0 VMThread "VM Thread"                           [id=6788, stack(0x0000003a4e600000,0x0000003a4e700000) (1024K)]
  0x00000186cdcb10e0 WatcherThread "VM Periodic Task Thread"        [id=9252, stack(0x0000003a4e500000,0x0000003a4e600000) (1024K)]
  0x00000186aeaf7d50 WorkerThread "GC Thread#0"                     [id=15732, stack(0x0000003a4e000000,0x0000003a4e100000) (1024K)]
  0x00000186d3ab11b0 WorkerThread "GC Thread#1"                     [id=8036, stack(0x0000003a4f400000,0x0000003a4f500000) (1024K)]
  0x00000186d3ab1600 WorkerThread "GC Thread#2"                     [id=6092, stack(0x0000003a4f500000,0x0000003a4f600000) (1024K)]
  0x00000186d3ab1a50 WorkerThread "GC Thread#3"                     [id=16740, stack(0x0000003a4f600000,0x0000003a4f700000) (1024K)]
  0x00000186d3ab1ea0 WorkerThread "GC Thread#4"                     [id=3588, stack(0x0000003a4f700000,0x0000003a4f800000) (1024K)]
  0x00000186d3aae240 WorkerThread "GC Thread#5"                     [id=10348, stack(0x0000003a4f800000,0x0000003a4f900000) (1024K)]
  0x00000186d3ab2740 WorkerThread "GC Thread#6"                     [id=6476, stack(0x0000003a50000000,0x0000003a50100000) (1024K)]
=>0x00000186d3ab3cd0 WorkerThread "GC Thread#7"                     [id=14460, stack(0x0000003a50100000,0x0000003a50200000) (1024K)]
  0x00000186aeb10a00 ConcurrentGCThread "G1 Main Marker"            [id=17620, stack(0x0000003a4e100000,0x0000003a4e200000) (1024K)]
  0x00000186aeb12a00 WorkerThread "G1 Conc#0"                       [id=2256, stack(0x0000003a4e200000,0x0000003a4e300000) (1024K)]
  0x00000186d3ab4120 WorkerThread "G1 Conc#1"                       [id=5072, stack(0x0000003a50200000,0x0000003a50300000) (1024K)]
  0x00000186cdb852a0 ConcurrentGCThread "G1 Refine#0"               [id=16548, stack(0x0000003a4e300000,0x0000003a4e400000) (1024K)]
  0x00000186cdb86b70 ConcurrentGCThread "G1 Service"                [id=13600, stack(0x0000003a4e400000,0x0000003a4e500000) (1024K)]
Total: 15

Threads with active compile tasks:
C2 CompilerThread0  24668 7185       4       java.lang.String::split (148 bytes)
C2 CompilerThread1  24668 7213       4       org.yaml.snakeyaml.scanner.ScannerImpl::scanPlainSpaces (264 bytes)
C2 CompilerThread2  24668 7212       4       org.yaml.snakeyaml.scanner.ScannerImpl::fetchFlowEntry (54 bytes)
Total: 3

VM state: at safepoint (normal execution)

VM Mutex/Monitor currently owned by a thread:  ([mutex/lock_event])
[0x00007ffcc95a95e8] Threads_lock - owner thread: 0x00000186cdcbd7d0
[0x00007ffcc95a9768] Heap_lock - owner thread: 0x00000186aea8da70

Heap address: 0x0000000703200000, size: 4046 MB, Compressed Oops mode: Zero based, Oop shift amount: 3

CDS archive(s) mapped at: [0x0000000090000000-0x0000000090dd0000-0x0000000090dd0000), size 14483456, SharedBaseAddress: 0x0000000090000000, ArchiveRelocationMode: 1.
Compressed class space mapped at: 0x0000000091000000-0x00000000d1000000, reserved size: 1073741824
UseCompressedClassPointers 1, UseCompactObjectHeaders 0
Narrow klass pointer bits 32, Max shift 3
Narrow klass base: 0x0000000090000000, Narrow klass shift: 0
Encoding Range: [0x0000000090000000 - 0x0000000190000000), (4294967296 bytes)
Klass Range:    [0x0000000090010000 - 0x00000000d1000000), (1090453504 bytes)
Klass ID Range:  [65536 - 1090519033) (1090453497)
Protection zone: [0x0000000090000000 - 0x0000000090010000), (65536 bytes)

GC Precious Log:
 CardTable entry size: 512
 Card Set container configuration: InlinePtr #cards 4 size 8 Array Of Cards #cards 16 size 48 Howl #buckets 8 coarsen threshold 3686 Howl Bitmap #cards 512 size 80 coarsen threshold 460 Card regions per heap region 1 cards per card region 4096
 CPUs: 8 total, 8 available
 Memory: 16177M
 Large Page Support: Disabled
 NUMA Support: Disabled
 Compressed Oops: Enabled (Zero based)
 Heap Region Size: 2M
 Heap Min Capacity: 8M
 Heap Initial Capacity: 254M
 Heap Max Capacity: 4046M
 Pre-touch: Disabled
 Parallel Workers: 8
 Concurrent Workers: 2
 Concurrent Refinement Workers: 8
 Periodic GC: Disabled

Heap:
 garbage-first heap   total reserved 4143104K, committed 159744K, used 118549K [0x0000000703200000, 0x0000000800000000)
  region size 2048K, 44 young (90112K), 4 survivors (8192K)

Heap Regions: E=young(eden), S=young(survivor), O=old, HS=humongous(starts), HC=humongous(continues), CS=collection set, F=free, TAMS=top-at-mark-start, PB=parsable bottom
|   0|0x0000000703200000, 0x0000000703400000, 0x0000000703400000|100%| O|  |TAMS 0x0000000703200000| PB 0x0000000703200000| Untracked |  0
|   1|0x0000000703400000, 0x0000000703600000, 0x0000000703600000|100%| O|  |TAMS 0x0000000703400000| PB 0x0000000703400000| Untracked |  0
|   2|0x0000000703600000, 0x0000000703800000, 0x0000000703800000|100%| O|  |TAMS 0x0000000703600000| PB 0x0000000703600000| Untracked |  0
|   3|0x0000000703800000, 0x0000000703a00000, 0x0000000703a00000|100%| O|  |TAMS 0x0000000703800000| PB 0x0000000703800000| Untracked |  0
|   4|0x0000000703a00000, 0x0000000703c00000, 0x0000000703c00000|100%| O|  |TAMS 0x0000000703a00000| PB 0x0000000703a00000| Untracked |  0
|   5|0x0000000703c00000, 0x0000000703e00000, 0x0000000703e00000|100%| O|  |TAMS 0x0000000703c00000| PB 0x0000000703c00000| Untracked |  0
|   6|0x0000000703e00000, 0x0000000704000000, 0x0000000704000000|100%| O|  |TAMS 0x0000000703e00000| PB 0x0000000703e00000| Untracked |  0
|   7|0x0000000704000000, 0x0000000704200000, 0x0000000704200000|100%| O|  |TAMS 0x0000000704000000| PB 0x0000000704000000| Untracked |  0
|   8|0x0000000704200000, 0x0000000704400000, 0x0000000704400000|100%| O|  |TAMS 0x0000000704200000| PB 0x0000000704200000| Untracked |  0
|   9|0x0000000704400000, 0x0000000704600000, 0x0000000704600000|100%| O|  |TAMS 0x0000000704400000| PB 0x0000000704400000| Untracked |  0
|  10|0x0000000704600000, 0x0000000704800000, 0x0000000704800000|100%| O|  |TAMS 0x0000000704600000| PB 0x0000000704600000| Untracked |  0
|  11|0x0000000704800000, 0x0000000704a00000, 0x0000000704a00000|100%| O|  |TAMS 0x0000000704800000| PB 0x0000000704800000| Untracked |  0
|  12|0x0000000704a00000, 0x0000000704c00000, 0x0000000704c00000|100%| O|  |TAMS 0x0000000704a00000| PB 0x0000000704a00000| Untracked |  0
|  13|0x0000000704c00000, 0x0000000704e00000, 0x0000000704e00000|100%| O|  |TAMS 0x0000000704c00000| PB 0x0000000704c00000| Untracked |  0
|  14|0x0000000704e00000, 0x0000000705000000, 0x0000000705000000|100%| O|  |TAMS 0x0000000704e00000| PB 0x0000000704e00000| Untracked |  0
|  15|0x0000000705000000, 0x0000000705200000, 0x0000000705200000|100%| O|  |TAMS 0x0000000705000000| PB 0x0000000705000000| Untracked |  0
|  16|0x0000000705200000, 0x000000070528f540, 0x0000000705400000| 27%| O|  |TAMS 0x0000000705200000| PB 0x0000000705200000| Untracked |  0
|  17|0x0000000705400000, 0x0000000705400000, 0x0000000705600000|  0%| F|  |TAMS 0x0000000705400000| PB 0x0000000705400000| Untracked |  0
|  18|0x0000000705600000, 0x0000000705600000, 0x0000000705800000|  0%| F|  |TAMS 0x0000000705600000| PB 0x0000000705600000| Untracked |  0
|  19|0x0000000705800000, 0x0000000705800000, 0x0000000705a00000|  0%| F|  |TAMS 0x0000000705800000| PB 0x0000000705800000| Untracked |  0
|  20|0x0000000705a00000, 0x0000000705a00000, 0x0000000705c00000|  0%| F|  |TAMS 0x0000000705a00000| PB 0x0000000705a00000| Untracked |  0
|  21|0x0000000705c00000, 0x0000000705c00000, 0x0000000705e00000|  0%| F|  |TAMS 0x0000000705c00000| PB 0x0000000705c00000| Untracked |  0
|  22|0x0000000705e00000, 0x0000000705e00000, 0x0000000706000000|  0%| F|  |TAMS 0x0000000705e00000| PB 0x0000000705e00000| Untracked |  0
|  23|0x0000000706000000, 0x0000000706000000, 0x0000000706200000|  0%| F|  |TAMS 0x0000000706000000| PB 0x0000000706000000| Untracked |  0
|  24|0x0000000706200000, 0x0000000706200000, 0x0000000706400000|  0%| F|  |TAMS 0x0000000706200000| PB 0x0000000706200000| Untracked |  0
|  25|0x0000000706400000, 0x0000000706400000, 0x0000000706600000|  0%| F|  |TAMS 0x0000000706400000| PB 0x0000000706400000| Untracked |  0
|  26|0x0000000706600000, 0x0000000706600000, 0x0000000706800000|  0%| F|  |TAMS 0x0000000706600000| PB 0x0000000706600000| Untracked |  0
|  27|0x0000000706800000, 0x000000070695d960, 0x0000000706a00000| 68%| E|CS|TAMS 0x0000000706800000| PB 0x0000000706800000| Complete |  0
|  28|0x0000000706a00000, 0x0000000706c00000, 0x0000000706c00000|100%| E|CS|TAMS 0x0000000706a00000| PB 0x0000000706a00000| Complete |  0
|  29|0x0000000706c00000, 0x0000000706e00000, 0x0000000706e00000|100%| E|CS|TAMS 0x0000000706c00000| PB 0x0000000706c00000| Complete |  0
|  30|0x0000000706e00000, 0x0000000707000000, 0x0000000707000000|100%| E|CS|TAMS 0x0000000706e00000| PB 0x0000000706e00000| Complete |  0
|  31|0x0000000707000000, 0x0000000707200000, 0x0000000707200000|100%| E|CS|TAMS 0x0000000707000000| PB 0x0000000707000000| Complete |  0
|  32|0x0000000707200000, 0x0000000707400000, 0x0000000707400000|100%| E|CS|TAMS 0x0000000707200000| PB 0x0000000707200000| Complete |  0
|  33|0x0000000707400000, 0x0000000707500000, 0x0000000707600000| 50%| S|  |TAMS 0x0000000707400000| PB 0x0000000707400000| Complete |  0
|  34|0x0000000707600000, 0x0000000707800000, 0x0000000707800000|100%| S|  |TAMS 0x0000000707600000| PB 0x0000000707600000| Complete |  0
|  35|0x0000000707800000, 0x0000000707a00000, 0x0000000707a00000|100%| S|  |TAMS 0x0000000707800000| PB 0x0000000707800000| Complete |  0
|  36|0x0000000707a00000, 0x0000000707c00000, 0x0000000707c00000|100%| S|  |TAMS 0x0000000707a00000| PB 0x0000000707a00000| Complete |  0
|  37|0x0000000707c00000, 0x0000000707e00000, 0x0000000707e00000|100%| E|CS|TAMS 0x0000000707c00000| PB 0x0000000707c00000| Complete |  0
|  38|0x0000000707e00000, 0x0000000708000000, 0x0000000708000000|100%| E|CS|TAMS 0x0000000707e00000| PB 0x0000000707e00000| Complete |  0
|  39|0x0000000708000000, 0x0000000708200000, 0x0000000708200000|100%| E|CS|TAMS 0x0000000708000000| PB 0x0000000708000000| Complete |  0
|  40|0x0000000708200000, 0x0000000708400000, 0x0000000708400000|100%| E|CS|TAMS 0x0000000708200000| PB 0x0000000708200000| Complete |  0
|  41|0x0000000708400000, 0x0000000708600000, 0x0000000708600000|100%| E|CS|TAMS 0x0000000708400000| PB 0x0000000708400000| Complete |  0
|  42|0x0000000708600000, 0x0000000708800000, 0x0000000708800000|100%| E|CS|TAMS 0x0000000708600000| PB 0x0000000708600000| Complete |  0
|  43|0x0000000708800000, 0x0000000708a00000, 0x0000000708a00000|100%| E|CS|TAMS 0x0000000708800000| PB 0x0000000708800000| Complete |  0
|  44|0x0000000708a00000, 0x0000000708c00000, 0x0000000708c00000|100%| E|CS|TAMS 0x0000000708a00000| PB 0x0000000708a00000| Complete |  0
|  45|0x0000000708c00000, 0x0000000708e00000, 0x0000000708e00000|100%| E|CS|TAMS 0x0000000708c00000| PB 0x0000000708c00000| Complete |  0
|  46|0x0000000708e00000, 0x0000000709000000, 0x0000000709000000|100%| E|CS|TAMS 0x0000000708e00000| PB 0x0000000708e00000| Complete |  0
|  47|0x0000000709000000, 0x0000000709200000, 0x0000000709200000|100%| E|CS|TAMS 0x0000000709000000| PB 0x0000000709000000| Complete |  0
|  48|0x0000000709200000, 0x0000000709400000, 0x0000000709400000|100%| E|CS|TAMS 0x0000000709200000| PB 0x0000000709200000| Complete |  0
|  49|0x0000000709400000, 0x0000000709600000, 0x0000000709600000|100%| E|CS|TAMS 0x0000000709400000| PB 0x0000000709400000| Complete |  0
|  50|0x0000000709600000, 0x0000000709800000, 0x0000000709800000|100%| E|CS|TAMS 0x0000000709600000| PB 0x0000000709600000| Complete |  0
|  51|0x0000000709800000, 0x0000000709a00000, 0x0000000709a00000|100%| E|CS|TAMS 0x0000000709800000| PB 0x0000000709800000| Complete |  0
|  52|0x0000000709a00000, 0x0000000709c00000, 0x0000000709c00000|100%| E|CS|TAMS 0x0000000709a00000| PB 0x0000000709a00000| Complete |  0
|  53|0x0000000709c00000, 0x0000000709e00000, 0x0000000709e00000|100%| E|CS|TAMS 0x0000000709c00000| PB 0x0000000709c00000| Complete |  0
|  54|0x0000000709e00000, 0x000000070a000000, 0x000000070a000000|100%| E|CS|TAMS 0x0000000709e00000| PB 0x0000000709e00000| Complete |  0
|  55|0x000000070a000000, 0x000000070a200000, 0x000000070a200000|100%| E|CS|TAMS 0x000000070a000000| PB 0x000000070a000000| Complete |  0
|  56|0x000000070a200000, 0x000000070a400000, 0x000000070a400000|100%| E|CS|TAMS 0x000000070a200000| PB 0x000000070a200000| Complete |  0
|  57|0x000000070a400000, 0x000000070a600000, 0x000000070a600000|100%| E|CS|TAMS 0x000000070a400000| PB 0x000000070a400000| Complete |  0
|  58|0x000000070a600000, 0x000000070a800000, 0x000000070a800000|100%| E|CS|TAMS 0x000000070a600000| PB 0x000000070a600000| Complete |  0
|  59|0x000000070a800000, 0x000000070aa00000, 0x000000070aa00000|100%| E|CS|TAMS 0x000000070a800000| PB 0x000000070a800000| Complete |  0
|  60|0x000000070aa00000, 0x000000070ac00000, 0x000000070ac00000|100%| E|CS|TAMS 0x000000070aa00000| PB 0x000000070aa00000| Complete |  0
|  61|0x000000070ac00000, 0x000000070ae00000, 0x000000070ae00000|100%| E|CS|TAMS 0x000000070ac00000| PB 0x000000070ac00000| Complete |  0
|  62|0x000000070ae00000, 0x000000070b000000, 0x000000070b000000|100%| E|CS|TAMS 0x000000070ae00000| PB 0x000000070ae00000| Complete |  0
|  63|0x000000070b000000, 0x000000070b200000, 0x000000070b200000|100%| E|CS|TAMS 0x000000070b000000| PB 0x000000070b000000| Complete |  0
|  64|0x000000070b200000, 0x000000070b400000, 0x000000070b400000|100%| E|CS|TAMS 0x000000070b200000| PB 0x000000070b200000| Complete |  0
|  65|0x000000070b400000, 0x000000070b600000, 0x000000070b600000|100%| E|CS|TAMS 0x000000070b400000| PB 0x000000070b400000| Complete |  0
|  66|0x000000070b600000, 0x000000070b800000, 0x000000070b800000|100%| E|CS|TAMS 0x000000070b600000| PB 0x000000070b600000| Complete |  0
|  67|0x000000070b800000, 0x000000070ba00000, 0x000000070ba00000|100%| E|CS|TAMS 0x000000070b800000| PB 0x000000070b800000| Complete |  0
|  68|0x000000070ba00000, 0x000000070bc00000, 0x000000070bc00000|100%| E|CS|TAMS 0x000000070ba00000| PB 0x000000070ba00000| Complete |  0
|  69|0x000000070bc00000, 0x000000070be00000, 0x000000070be00000|100%| E|CS|TAMS 0x000000070bc00000| PB 0x000000070bc00000| Complete |  0
|  70|0x000000070be00000, 0x000000070c000000, 0x000000070c000000|100%| E|CS|TAMS 0x000000070be00000| PB 0x000000070be00000| Complete |  0
| 109|0x0000000710c00000, 0x0000000710e00000, 0x0000000710e00000|100%| E|CS|TAMS 0x0000000710c00000| PB 0x0000000710c00000| Complete |  0
| 110|0x0000000710e00000, 0x0000000711000000, 0x0000000711000000|100%| E|CS|TAMS 0x0000000710e00000| PB 0x0000000710e00000| Complete |  0
| 111|0x0000000711000000, 0x0000000711200000, 0x0000000711200000|100%| E|CS|TAMS 0x0000000711000000| PB 0x0000000711000000| Complete |  0
| 112|0x0000000711200000, 0x0000000711400000, 0x0000000711400000|100%| E|CS|TAMS 0x0000000711200000| PB 0x0000000711200000| Complete |  0
| 126|0x0000000712e00000, 0x0000000713000000, 0x0000000713000000|100%| E|CS|TAMS 0x0000000712e00000| PB 0x0000000712e00000| Complete |  0
|2021|0x00000007ffc00000, 0x00000007ffe00000, 0x00000007ffe00000|100%| O|  |TAMS 0x00000007ffc00000| PB 0x00000007ffc00000| Untracked |  0
|2022|0x00000007ffe00000, 0x0000000800000000, 0x0000000800000000|100%| E|CS|TAMS 0x00000007ffe00000| PB 0x00000007ffe00000| Complete |  0

Card table byte_map: [0x00000186c6f40000,0x00000186c7730000] _byte_map_base: 0x00000186c3727000

Marking Bits: (CMBitMap*) 0x00000186aeaf84e0
 Bits: [0x00000186c7730000, 0x00000186cb668000)

Polling page: 0x00000186ac8e0000

Metaspace:
Metaspace        used 55066K, committed 55936K, reserved 1114112K
 class space     used 6821K, committed 7168K, reserved 1048576K

Usage:
  Non-class:     47.11 MB used.
      Class:      6.66 MB used.
       Both:     53.78 MB used.

Virtual space:
  Non-class space:       64.00 MB reserved,      47.62 MB ( 74%) committed,  1 nodes.
      Class space:        1.00 GB reserved,       7.00 MB ( <1%) committed,  1 nodes.
             Both:        1.06 GB reserved,      54.62 MB (  5%) committed. 

Chunk freelists:
   Non-Class:  15.97 MB
       Class:  9.04 MB
        Both:  25.01 MB

MaxMetaspaceSize: unlimited
CompressedClassSpaceSize: 1.00 GB
Initial GC threshold: 21.00 MB
Current GC threshold: 59.00 MB
CDS: on
 - commit_granule_bytes: 65536.
 - commit_granule_words: 8192.
 - virtual_space_node_default_size: 8388608.
 - enlarge_chunks_in_place: 1.
UseCompressedClassPointers 1, UseCompactObjectHeaders 0
Narrow klass pointer bits 32, Max shift 3
Narrow klass base: 0x0000000090000000, Narrow klass shift: 0
Encoding Range: [0x0000000090000000 - 0x0000000190000000), (4294967296 bytes)
Klass Range:    [0x0000000090010000 - 0x00000000d1000000), (1090453504 bytes)
Klass ID Range:  [65536 - 1090519033) (1090453497)
Protection zone: [0x0000000090000000 - 0x0000000090010000), (65536 bytes)


Internal statistics:

num_allocs_failed_limit: 6.
num_arena_births: 818.
num_arena_deaths: 2.
num_vsnodes_births: 2.
num_vsnodes_deaths: 0.
num_space_committed: 874.
num_space_uncommitted: 0.
num_chunks_returned_to_freelist: 9.
num_chunks_taken_from_freelist: 2321.
num_chunk_merges: 3.
num_chunk_splits: 1550.
num_chunks_enlarged: 1108.
num_inconsistent_stats: 0.

CodeHeap 'non-profiled nmethods': size=120064Kb used=3138Kb max_used=3138Kb free=116926Kb
 bounds [0x00000186bedd0000, 0x00000186bf0f0000, 0x00000186c6310000]
CodeHeap 'profiled nmethods': size=120000Kb used=11171Kb max_used=11171Kb free=108828Kb
 bounds [0x00000186b7310000, 0x00000186b7e00000, 0x00000186be840000]
CodeHeap 'non-nmethods': size=5696Kb used=2714Kb max_used=2824Kb free=2981Kb
 bounds [0x00000186be840000, 0x00000186beb10000, 0x00000186bedd0000]
CodeCache: size=245760Kb, used=17023Kb, max_used=17133Kb, free=228735Kb
 total_blobs=7888, nmethods=6923, adapters=867, full_count=0
Compilation: enabled, stopped_count=0, restarted_count=0

Compilation events (20 events):
Event: 24.471 Thread 0x00000186cdcf8220 7202       3       java.nio.charset.Charset::hashCode (8 bytes)
Event: 24.471 Thread 0x00000186cdcf8220 nmethod 7202 0x00000186b7df2308 code [0x00000186b7df2400, 0x00000186b7df2650]
Event: 24.471 Thread 0x00000186cdcf8220 7203       1       java.nio.charset.CharsetDecoder::charset (5 bytes)
Event: 24.471 Thread 0x00000186cdcf8220 nmethod 7203 0x00000186bf0df488 code [0x00000186bf0df580, 0x00000186bf0df648]
Event: 24.471 Thread 0x00000186cdcf8220 7204       1       java.lang.StackStreamFactory$FrameBuffer::getIndex (5 bytes)
Event: 24.471 Thread 0x00000186cdcf8220 nmethod 7204 0x00000186bf0df788 code [0x00000186bf0df880, 0x00000186bf0df948]
Event: 24.472 Thread 0x00000186cdcf8220 7205       1       org.openqa.selenium.ImmutableCapabilities::asMap (5 bytes)
Event: 24.472 Thread 0x00000186cdcf8220 nmethod 7205 0x00000186bf0dfa88 code [0x00000186bf0dfb80, 0x00000186bf0dfc48]
Event: 24.473 Thread 0x00000186cdcf8220 7206       3       io.qameta.allure.internal.shadowed.jackson.core.json.UTF8JsonGenerator::writeString (116 bytes)
Event: 24.473 Thread 0x00000186cdcf8220 nmethod 7206 0x00000186b7df2688 code [0x00000186b7df2780, 0x00000186b7df2f18]
Event: 24.473 Thread 0x00000186cdcf8220 7207       1       java.lang.Thread::inheritableThreadLocals (5 bytes)
Event: 24.473 Thread 0x00000186cdcf8220 nmethod 7207 0x00000186bf0dfd88 code [0x00000186bf0dfe80, 0x00000186bf0dff48]
Event: 24.474 Thread 0x00000186cdcf8220 7208       3       java.lang.reflect.Method::acquireMethodAccessor (55 bytes)
Event: 24.475 Thread 0x00000186cdcf8220 nmethod 7208 0x00000186b7df2f88 code [0x00000186b7df3080, 0x00000186b7df39f0]
Event: 24.476 Thread 0x00000186cdcf8220 7209       3       org.yaml.snakeyaml.scanner.ScannerImpl::fetchMoreTokens (503 bytes)
Event: 24.480 Thread 0x00000186cdcf8220 nmethod 7209 0x00000186b7df3a08 code [0x00000186b7df3b00, 0x00000186b7df8ce0]
Event: 24.481 Thread 0x00000186d31160e0 7210       4       org.yaml.snakeyaml.tokens.ScalarToken::<init> (39 bytes)
Event: 24.481 Thread 0x00000186d31140a0 7213       4       org.yaml.snakeyaml.scanner.ScannerImpl::scanPlainSpaces (264 bytes)
Event: 24.482 Thread 0x00000186d31160e0 nmethod 7210 0x00000186bf0e0088 code [0x00000186bf0e0180, 0x00000186bf0e07a0]
Event: 24.482 Thread 0x00000186d31160e0 7212       4       org.yaml.snakeyaml.scanner.ScannerImpl::fetchFlowEntry (54 bytes)

GC Heap Usage History (20 events):
Event: 0.992 {heap After GC invocations=1 (full 0):
 garbage-first heap   total reserved 4143104K, committed 262144K, used 8420K [0x0000000703200000, 0x0000000800000000)
  region size 2048K, 3 young (6144K), 3 survivors (6144K)
}
Event: 1.230 {heap Before GC invocations=1 (full 0):
 garbage-first heap   total reserved 4143104K, committed 262144K, used 32996K [0x0000000703200000, 0x0000000800000000)
  region size 2048K, 17 young (34816K), 3 survivors (6144K)
}
Event: 1.234 {heap After GC invocations=2 (full 0):
 garbage-first heap   total reserved 4143104K, committed 262144K, used 10408K [0x0000000703200000, 0x0000000800000000)
  region size 2048K, 4 young (8192K), 4 survivors (8192K)
}
Event: 1.431 {heap Before GC invocations=3 (full 0):
 garbage-first heap   total reserved 4143104K, committed 40960K, used 39080K [0x0000000703200000, 0x0000000800000000)
  region size 2048K, 18 young (36864K), 4 survivors (8192K)
}
Event: 1.439 {heap After GC invocations=4 (full 0):
 garbage-first heap   total reserved 4143104K, committed 55296K, used 15811K [0x0000000703200000, 0x0000000800000000)
  region size 2048K, 7 young (14336K), 7 survivors (14336K)
}
Event: 1.744 {heap Before GC invocations=4 (full 0):
 garbage-first heap   total reserved 4143104K, committed 55296K, used 34243K [0x0000000703200000, 0x0000000800000000)
  region size 2048K, 16 young (32768K), 7 survivors (14336K)
}
Event: 1.756 {heap After GC invocations=5 (full 0):
 garbage-first heap   total reserved 4143104K, committed 55296K, used 17613K [0x0000000703200000, 0x0000000800000000)
  region size 2048K, 1 young (2048K), 1 survivors (2048K)
}
Event: 2.523 {heap Before GC invocations=5 (full 0):
 garbage-first heap   total reserved 4143104K, committed 55296K, used 38093K [0x0000000703200000, 0x0000000800000000)
  region size 2048K, 11 young (22528K), 1 survivors (2048K)
}
Event: 2.526 {heap After GC invocations=6 (full 0):
 garbage-first heap   total reserved 4143104K, committed 55296K, used 18371K [0x0000000703200000, 0x0000000800000000)
  region size 2048K, 2 young (4096K), 2 survivors (4096K)
}
Event: 2.698 {heap Before GC invocations=6 (full 0):
 garbage-first heap   total reserved 4143104K, committed 55296K, used 36803K [0x0000000703200000, 0x0000000800000000)
  region size 2048K, 12 young (24576K), 2 survivors (4096K)
}
Event: 2.702 {heap After GC invocations=7 (full 0):
 garbage-first heap   total reserved 4143104K, committed 55296K, used 19645K [0x0000000703200000, 0x0000000800000000)
  region size 2048K, 2 young (4096K), 2 survivors (4096K)
}
Event: 2.811 {heap Before GC invocations=7 (full 0):
 garbage-first heap   total reserved 4143104K, committed 55296K, used 27837K [0x0000000703200000, 0x0000000800000000)
  region size 2048K, 7 young (14336K), 2 survivors (4096K)
}
Event: 2.815 {heap After GC invocations=8 (full 0):
 garbage-first heap   total reserved 4143104K, committed 55296K, used 20254K [0x0000000703200000, 0x0000000800000000)
  region size 2048K, 2 young (4096K), 2 survivors (4096K)
}
Event: 3.170 {heap Before GC invocations=9 (full 0):
 garbage-first heap   total reserved 4143104K, committed 55296K, used 44830K [0x0000000703200000, 0x0000000800000000)
  region size 2048K, 13 young (26624K), 2 survivors (4096K)
}
Event: 3.181 {heap After GC invocations=10 (full 0):
 garbage-first heap   total reserved 4143104K, committed 57344K, used 24756K [0x0000000703200000, 0x0000000800000000)
  region size 2048K, 2 young (4096K), 2 survivors (4096K)
}
Event: 3.394 {heap Before GC invocations=10 (full 0):
 garbage-first heap   total reserved 4143104K, committed 57344K, used 45236K [0x0000000703200000, 0x0000000800000000)
  region size 2048K, 12 young (24576K), 2 survivors (4096K)
}
Event: 3.403 {heap After GC invocations=11 (full 0):
 garbage-first heap   total reserved 4143104K, committed 159744K, used 27397K [0x0000000703200000, 0x0000000800000000)
  region size 2048K, 2 young (4096K), 2 survivors (4096K)
}
Event: 8.684 {heap Before GC invocations=11 (full 0):
 garbage-first heap   total reserved 4143104K, committed 159744K, used 115461K [0x0000000703200000, 0x0000000800000000)
  region size 2048K, 46 young (94208K), 2 survivors (4096K)
}
Event: 8.694 {heap After GC invocations=12 (full 0):
 garbage-first heap   total reserved 4143104K, committed 159744K, used 36629K [0x0000000703200000, 0x0000000800000000)
  region size 2048K, 6 young (12288K), 6 survivors (12288K)
}
Event: 24.486 {heap Before GC invocations=12 (full 0):
 garbage-first heap   total reserved 4143104K, committed 159744K, used 116501K [0x0000000703200000, 0x0000000800000000)
  region size 2048K, 46 young (94208K), 6 survivors (12288K)
}

Metaspace Usage History (20 events):
Event: 0.992 {metaspace After GC invocations=1 (full 0):
 Metaspace       used 16320K, committed 16512K, reserved 1114112K
  class space    used 1746K, committed 1856K, reserved 1048576K
}
Event: 1.230 {metaspace Before GC invocations=1 (full 0):
 Metaspace       used 21282K, committed 21504K, reserved 1114112K
  class space    used 2303K, committed 2432K, reserved 1048576K
}
Event: 1.234 {metaspace After GC invocations=2 (full 0):
 Metaspace       used 21282K, committed 21504K, reserved 1114112K
  class space    used 2303K, committed 2432K, reserved 1048576K
}
Event: 1.431 {metaspace Before GC invocations=3 (full 0):
 Metaspace       used 23106K, committed 23360K, reserved 1114112K
  class space    used 2505K, committed 2624K, reserved 1048576K
}
Event: 1.439 {metaspace After GC invocations=4 (full 0):
 Metaspace       used 23106K, committed 23360K, reserved 1114112K
  class space    used 2505K, committed 2624K, reserved 1048576K
}
Event: 1.744 {metaspace Before GC invocations=4 (full 0):
 Metaspace       used 27656K, committed 27968K, reserved 1114112K
  class space    used 3136K, committed 3264K, reserved 1048576K
}
Event: 1.756 {metaspace After GC invocations=5 (full 0):
 Metaspace       used 27656K, committed 27968K, reserved 1114112K
  class space    used 3136K, committed 3264K, reserved 1048576K
}
Event: 2.523 {metaspace Before GC invocations=5 (full 0):
 Metaspace       used 31000K, committed 31360K, reserved 1114112K
  class space    used 3629K, committed 3776K, reserved 1048576K
}
Event: 2.526 {metaspace After GC invocations=6 (full 0):
 Metaspace       used 31000K, committed 31360K, reserved 1114112K
  class space    used 3629K, committed 3776K, reserved 1048576K
}
Event: 2.698 {metaspace Before GC invocations=6 (full 0):
 Metaspace       used 33235K, committed 33600K, reserved 1114112K
  class space    used 3958K, committed 4096K, reserved 1048576K
}
Event: 2.702 {metaspace After GC invocations=7 (full 0):
 Metaspace       used 33235K, committed 33600K, reserved 1114112K
  class space    used 3958K, committed 4096K, reserved 1048576K
}
Event: 2.811 {metaspace Before GC invocations=7 (full 0):
 Metaspace       used 35666K, committed 35968K, reserved 1114112K
  class space    used 4191K, committed 4352K, reserved 1048576K
}
Event: 2.815 {metaspace After GC invocations=8 (full 0):
 Metaspace       used 35666K, committed 35968K, reserved 1114112K
  class space    used 4191K, committed 4352K, reserved 1048576K
}
Event: 3.170 {metaspace Before GC invocations=9 (full 0):
 Metaspace       used 38817K, committed 39296K, reserved 1114112K
  class space    used 4535K, committed 4736K, reserved 1048576K
}
Event: 3.181 {metaspace After GC invocations=10 (full 0):
 Metaspace       used 38817K, committed 39296K, reserved 1114112K
  class space    used 4535K, committed 4736K, reserved 1048576K
}
Event: 3.394 {metaspace Before GC invocations=10 (full 0):
 Metaspace       used 42994K, committed 43456K, reserved 1114112K
  class space    used 5053K, committed 5248K, reserved 1048576K
}
Event: 3.403 {metaspace After GC invocations=11 (full 0):
 Metaspace       used 42994K, committed 43456K, reserved 1114112K
  class space    used 5053K, committed 5248K, reserved 1048576K
}
Event: 8.684 {metaspace Before GC invocations=11 (full 0):
 Metaspace       used 51452K, committed 52160K, reserved 1114112K
  class space    used 6408K, committed 6720K, reserved 1048576K
}
Event: 8.694 {metaspace After GC invocations=12 (full 0):
 Metaspace       used 51452K, committed 52160K, reserved 1114112K
  class space    used 6408K, committed 6720K, reserved 1048576K
}
Event: 24.486 {metaspace Before GC invocations=12 (full 0):
 Metaspace       used 55066K, committed 55936K, reserved 1114112K
  class space    used 6821K, committed 7168K, reserved 1048576K
}

Dll operation events (12 events):
Event: 0.013 Loaded shared library C:\Program Files\Java\jdk-25.0.2\bin\java.dll
Event: 0.015 Loaded shared library C:\Program Files\Java\jdk-25.0.2\bin\zip.dll
Event: 0.151 Loaded shared library C:\Program Files\Java\jdk-25.0.2\bin\instrument.dll
Event: 0.161 Loaded shared library C:\Program Files\Java\jdk-25.0.2\bin\verify.dll
Event: 0.197 Loaded shared library C:\Program Files\Java\jdk-25.0.2\bin\net.dll
Event: 0.199 Loaded shared library C:\Program Files\Java\jdk-25.0.2\bin\nio.dll
Event: 0.211 Loaded shared library C:\Program Files\Java\jdk-25.0.2\bin\zip.dll
Event: 0.243 Loaded shared library C:\Program Files\Java\jdk-25.0.2\bin\extnet.dll
Event: 0.333 Loaded shared library C:\Program Files\Java\jdk-25.0.2\bin\jimage.dll
Event: 1.512 Loaded shared library C:\Program Files\Java\jdk-25.0.2\bin\management.dll
Event: 1.514 Loaded shared library C:\Program Files\Java\jdk-25.0.2\bin\management_ext.dll
Event: 1.583 Loaded shared library C:\Program Files\Java\jdk-25.0.2\bin\sunmscapi.dll

Deoptimization events (20 events):
Event: 14.298 Thread 0x00000186aea8da70 Uncommon trap: trap_request=0xffffff45 fr.pc=0x00000186bf062954 relative=0x0000000000000154
Event: 14.298 Thread 0x00000186aea8da70 Uncommon trap: reason=unstable_if action=reinterpret pc=0x00000186bf062954 method=java.util.ArrayDeque.addLast(Ljava/lang/Object;)V @ 42 c2
Event: 14.298 Thread 0x00000186aea8da70 DEOPT PACKING pc=0x00000186bf062954 sp=0x0000003a4dffbdc0
Event: 14.298 Thread 0x00000186aea8da70 DEOPT UNPACKING pc=0x00000186be95f882 sp=0x0000003a4dffbd60 mode 2
Event: 14.315 Thread 0x00000186aea8da70 Uncommon trap: trap_request=0xffffff45 fr.pc=0x00000186bf0918c0 relative=0x0000000000006e40
Event: 14.315 Thread 0x00000186aea8da70 Uncommon trap: reason=unstable_if action=reinterpret pc=0x00000186bf0918c0 method=org.yaml.snakeyaml.scanner.ScannerImpl.fetchMoreTokens()V @ 28 c2
Event: 14.315 Thread 0x00000186aea8da70 DEOPT PACKING pc=0x00000186bf0918c0 sp=0x0000003a4dffd090
Event: 14.315 Thread 0x00000186aea8da70 DEOPT UNPACKING pc=0x00000186be95f882 sp=0x0000003a4dffd0b0 mode 2
Event: 14.802 Thread 0x00000186aea8da70 DEOPT PACKING pc=0x00000186b7adbff8 sp=0x0000003a4dffa2d0
Event: 14.803 Thread 0x00000186aea8da70 DEOPT UNPACKING pc=0x00000186be891702 sp=0x0000003a4dff9700 mode 0
Event: 16.842 Thread 0x00000186aea8da70 Uncommon trap: trap_request=0xffffffde fr.pc=0x00000186bf0a87cc relative=0x00000000000006cc
Event: 16.842 Thread 0x00000186aea8da70 Uncommon trap: reason=class_check action=maybe_recompile pc=0x00000186bf0a87cc method=com.intellij.rt.debugger.agent.CaptureStorage.withoutThrowableCapture(Lcom/intellij/rt/debugger/agent/CaptureStorage$Callable;)Ljava/lang/Object; @ 21 c2
Event: 16.842 Thread 0x00000186aea8da70 DEOPT PACKING pc=0x00000186bf0a87cc sp=0x0000003a4dffe220
Event: 16.843 Thread 0x00000186aea8da70 DEOPT UNPACKING pc=0x00000186be95f882 sp=0x0000003a4dffe1d8 mode 2
Event: 16.847 Thread 0x00000186aea8da70 Uncommon trap: trap_request=0xffffffde fr.pc=0x00000186bf0a87cc relative=0x00000000000006cc
Event: 16.847 Thread 0x00000186aea8da70 Uncommon trap: reason=class_check action=maybe_recompile pc=0x00000186bf0a87cc method=com.intellij.rt.debugger.agent.CaptureStorage.withoutThrowableCapture(Lcom/intellij/rt/debugger/agent/CaptureStorage$Callable;)Ljava/lang/Object; @ 21 c2
Event: 16.847 Thread 0x00000186aea8da70 DEOPT PACKING pc=0x00000186bf0a87cc sp=0x0000003a4dffe300
Event: 16.847 Thread 0x00000186aea8da70 DEOPT UNPACKING pc=0x00000186be95f882 sp=0x0000003a4dffe2b8 mode 2
Event: 18.998 Thread 0x00000186aea8da70 DEOPT PACKING pc=0x00000186b77ad691 sp=0x0000003a4dffd3e0
Event: 18.998 Thread 0x00000186aea8da70 DEOPT UNPACKING pc=0x00000186be891702 sp=0x0000003a4dffc868 mode 0

Classes loaded (20 events):
Event: 16.841 Loading class io/qameta/allure/model/StatusDetails
Event: 16.841 Loading class io/qameta/allure/model/StatusDetails done
Event: 16.841 Loading class com/intellij/rt/debugger/agent/CaptureStorage$8
Event: 16.842 Loading class com/intellij/rt/debugger/agent/CaptureStorage$8 done
Event: 16.843 Loading class io/qameta/allure/model/Status
Event: 16.843 Loading class io/qameta/allure/model/Status done
Event: 16.843 Loading class io/qameta/allure/model/Status
Event: 16.843 Loading class io/qameta/allure/model/Status done
Event: 16.845 Loading class com/intellij/rt/execution/junit/ComparisonFailureData
Event: 16.845 Loading class com/intellij/rt/execution/junit/ComparisonFailureData done
Event: 16.845 Loading class junit/framework/ComparisonFailure
Event: 16.845 Loading class junit/framework/ComparisonFailure done
Event: 16.845 Loading class com/intellij/rt/execution/junit/FileComparisonData
Event: 16.845 Loading class com/intellij/rt/execution/junit/FileComparisonData done
Event: 16.846 Loading class com/intellij/rt/testng/TestNGExpectedPatterns
Event: 16.846 Loading class com/intellij/rt/testng/TestNGExpectedPatterns done
Event: 16.846 Loading class com/intellij/rt/execution/testFrameworks/AbstractExpectedPatterns
Event: 16.846 Loading class com/intellij/rt/execution/testFrameworks/AbstractExpectedPatterns done
Event: 18.992 Loading class org/testng/ITestClass
Event: 18.992 Loading class org/testng/ITestClass done

Classes unloaded (1 events):
Event: 2.831 Thread 0x00000186cdcbd7d0 Unloading class 0x0000000091043800 'java/lang/invoke/LambdaForm$DMH+0x0000000091043800'

Classes redefined (1 events):
Event: 0.175 Thread 0x00000186cdcbd7d0 redefined class name=java.lang.Throwable, count=1

Internal exceptions (20 events):
Event: 18.990 Thread 0x00000186d4fdfb20 Exception <a 'java/io/IOException'{0x00000007093c1968}> (0x00000007093c1968) 
thrown [s\open\src\hotspot\share\prims\jni.cpp, line 516]
Event: 18.990 Thread 0x00000186d4fdfb20 Exception <a 'java/net/ConnectException'{0x00000007093c2b90}: Connection refused: getsockopt> (0x00000007093c2b90) 
thrown [s\open\src\hotspot\share\prims\jni.cpp, line 534]
Event: 18.991 Thread 0x00000186aea8da70 Exception <a 'sun/nio/fs/WindowsException'{0x00000007091a3880}> (0x00000007091a3880) 
thrown [s\open\src\hotspot\share\prims\jni.cpp, line 516]
Event: 19.014 Thread 0x00000186d4fdfb20 Exception <a 'java/net/ConnectException'{0x00000007093c4440}: Connection refused: getsockopt> (0x00000007093c4440) 
thrown [s\open\src\hotspot\share\prims\jni.cpp, line 534]
Event: 19.026 Thread 0x00000186d4fdfb20 Exception <a 'java/net/ConnectException'{0x00000007093c5488}: Connection refused: getsockopt> (0x00000007093c5488) 
thrown [s\open\src\hotspot\share\prims\jni.cpp, line 534]
Event: 19.650 Thread 0x00000186aea8da70 Exception <a 'sun/nio/fs/WindowsException'{0x0000000708d9ae70}> (0x0000000708d9ae70) 
thrown [s\open\src\hotspot\share\prims\jni.cpp, line 516]
Event: 21.151 Thread 0x00000186aea8da70 Exception <a 'sun/nio/fs/WindowsException'{0x0000000708b83c50}> (0x0000000708b83c50) 
thrown [s\open\src\hotspot\share\prims\jni.cpp, line 516]
Event: 21.277 Thread 0x00000186d4fdfb20 Exception <a 'java/io/IOException'{0x00000007088f4228}> (0x00000007088f4228) 
thrown [s\open\src\hotspot\share\prims\jni.cpp, line 516]
Event: 21.278 Thread 0x00000186d4fdfb20 Exception <a 'java/net/ConnectException'{0x00000007088f5450}: Connection refused: getsockopt> (0x00000007088f5450) 
thrown [s\open\src\hotspot\share\prims\jni.cpp, line 534]
Event: 21.278 Thread 0x00000186aea8da70 Exception <a 'sun/nio/fs/WindowsException'{0x0000000708b914f0}> (0x0000000708b914f0) 
thrown [s\open\src\hotspot\share\prims\jni.cpp, line 516]
Event: 21.309 Thread 0x00000186d4fdfb20 Exception <a 'java/net/ConnectException'{0x00000007088f6df0}: Connection refused: getsockopt> (0x00000007088f6df0) 
thrown [s\open\src\hotspot\share\prims\jni.cpp, line 534]
Event: 21.330 Thread 0x00000186d4fdfb20 Exception <a 'java/net/ConnectException'{0x00000007088f7db8}: Connection refused: getsockopt> (0x00000007088f7db8) 
thrown [s\open\src\hotspot\share\prims\jni.cpp, line 534]
Event: 21.938 Thread 0x00000186aea8da70 Exception <a 'sun/nio/fs/WindowsException'{0x00000007086efc78}> (0x00000007086efc78) 
thrown [s\open\src\hotspot\share\prims\jni.cpp, line 516]
Event: 23.650 Thread 0x00000186aea8da70 Exception <a 'sun/nio/fs/WindowsException'{0x0000000708568b50}> (0x0000000708568b50) 
thrown [s\open\src\hotspot\share\prims\jni.cpp, line 516]
Event: 23.791 Thread 0x00000186d4fdfb20 Exception <a 'java/io/IOException'{0x0000000708320728}> (0x0000000708320728) 
thrown [s\open\src\hotspot\share\prims\jni.cpp, line 516]
Event: 23.791 Thread 0x00000186d4fdfb20 Exception <a 'java/net/ConnectException'{0x0000000708321950}: Connection refused: getsockopt> (0x0000000708321950) 
thrown [s\open\src\hotspot\share\prims\jni.cpp, line 534]
Event: 23.792 Thread 0x00000186aea8da70 Exception <a 'sun/nio/fs/WindowsException'{0x00000007085760d8}> (0x00000007085760d8) 
thrown [s\open\src\hotspot\share\prims\jni.cpp, line 516]
Event: 23.813 Thread 0x00000186d4fdfb20 Exception <a 'java/net/ConnectException'{0x0000000708323180}: Connection refused: getsockopt> (0x0000000708323180) 
thrown [s\open\src\hotspot\share\prims\jni.cpp, line 534]
Event: 23.824 Thread 0x00000186d4fdfb20 Exception <a 'java/net/ConnectException'{0x0000000708324148}: Connection refused: getsockopt> (0x0000000708324148) 
thrown [s\open\src\hotspot\share\prims\jni.cpp, line 534]
Event: 24.472 Thread 0x00000186aea8da70 Exception <a 'sun/nio/fs/WindowsException'{0x0000000707f02aa0}> (0x0000000707f02aa0) 
thrown [s\open\src\hotspot\share\prims\jni.cpp, line 516]

VM Operations (20 events):
Event: 8.551 Executing non-safepoint VM operation: HandshakeAllThreads (Deoptimize) done
Event: 8.557 Executing non-safepoint VM operation: HandshakeAllThreads (Deoptimize)
Event: 8.557 Executing non-safepoint VM operation: HandshakeAllThreads (Deoptimize) done
Event: 8.560 Executing non-safepoint VM operation: HandshakeAllThreads (Deoptimize)
Event: 8.561 Executing non-safepoint VM operation: HandshakeAllThreads (Deoptimize) done
Event: 8.622 Executing non-safepoint VM operation: HandshakeAllThreads (Deoptimize)
Event: 8.622 Executing non-safepoint VM operation: HandshakeAllThreads (Deoptimize) done
Event: 8.684 Executing safepoint VM operation: G1CollectForAllocation (G1 Evacuation Pause)
Event: 8.694 Executing safepoint VM operation: G1CollectForAllocation (G1 Evacuation Pause) done
Event: 8.749 Executing non-safepoint VM operation: HandshakeAllThreads (Deoptimize)
Event: 8.749 Executing non-safepoint VM operation: HandshakeAllThreads (Deoptimize) done
Event: 8.766 Executing non-safepoint VM operation: HandshakeAllThreads (Deoptimize)
Event: 8.766 Executing non-safepoint VM operation: HandshakeAllThreads (Deoptimize) done
Event: 8.870 Executing non-safepoint VM operation: HandshakeAllThreads (Deoptimize)
Event: 8.870 Executing non-safepoint VM operation: HandshakeAllThreads (Deoptimize) done
Event: 8.871 Executing non-safepoint VM operation: HandshakeAllThreads (Deoptimize)
Event: 8.871 Executing non-safepoint VM operation: HandshakeAllThreads (Deoptimize) done
Event: 16.842 Executing non-safepoint VM operation: HandshakeAllThreads (Deoptimize)
Event: 16.842 Executing non-safepoint VM operation: HandshakeAllThreads (Deoptimize) done
Event: 24.486 Executing safepoint VM operation: G1CollectForAllocation (G1 Evacuation Pause)

Memory protections (0 events):
No events

Nmethod flushes (20 events):
Event: 2.837 Thread 0x00000186cdcbd7d0 flushing  nmethod 0x00000186b7455308
Event: 2.837 Thread 0x00000186cdcbd7d0 flushing  nmethod 0x00000186b7455888
Event: 2.837 Thread 0x00000186cdcbd7d0 flushing  nmethod 0x00000186b7457e88
Event: 2.837 Thread 0x00000186cdcbd7d0 flushing  nmethod 0x00000186b7467b88
Event: 2.837 Thread 0x00000186cdcbd7d0 flushing  nmethod 0x00000186b74abc08
Event: 2.837 Thread 0x00000186cdcbd7d0 flushing  nmethod 0x00000186b74abf08
Event: 2.837 Thread 0x00000186cdcbd7d0 flushing  nmethod 0x00000186b74ac208
Event: 2.837 Thread 0x00000186cdcbd7d0 flushing  nmethod 0x00000186b74b1808
Event: 2.837 Thread 0x00000186cdcbd7d0 flushing  nmethod 0x00000186b74b4008
Event: 2.837 Thread 0x00000186cdcbd7d0 flushing  nmethod 0x00000186b751da08
Event: 2.837 Thread 0x00000186cdcbd7d0 flushing  nmethod 0x00000186b7520f08
Event: 2.837 Thread 0x00000186cdcbd7d0 flushing  nmethod 0x00000186b7542c88
Event: 2.837 Thread 0x00000186cdcbd7d0 flushing  nmethod 0x00000186b7542f88
Event: 2.837 Thread 0x00000186cdcbd7d0 flushing  nmethod 0x00000186b7545e88
Event: 2.837 Thread 0x00000186cdcbd7d0 flushing  nmethod 0x00000186b7546288
Event: 2.837 Thread 0x00000186cdcbd7d0 flushing  nmethod 0x00000186b7547e08
Event: 2.837 Thread 0x00000186cdcbd7d0 flushing  nmethod 0x00000186b7549a08
Event: 2.837 Thread 0x00000186cdcbd7d0 flushing  nmethod 0x00000186b754ae88
Event: 2.837 Thread 0x00000186cdcbd7d0 flushing  nmethod 0x00000186b7583808
Event: 2.837 Thread 0x00000186cdcbd7d0 flushing  nmethod 0x00000186b7586a08

Events (20 events):
Event: 23.700 Thread 0x00000186d6a97000 Thread exited: 0x00000186d6a97000
Event: 23.700 Thread 0x00000186d6a9dd60 Thread exited: 0x00000186d6a9dd60
Event: 23.783 Thread 0x00000186d6a9b650 Thread exited: 0x00000186d6a9b650
Event: 23.791 Thread 0x00000186d6a99ee0 Thread exited: 0x00000186d6a99ee0
Event: 23.791 Thread 0x00000186d6a9a6b0 Thread exited: 0x00000186d6a9a6b0
Event: 23.791 Thread 0x00000186d79efc20 Thread exited: 0x00000186d79efc20
Event: 23.791 Thread 0x00000186d79f2330 Thread exited: 0x00000186d79f2330
Event: 23.808 Thread 0x00000186aea8da70 Thread added: 0x00000186d79efc20
Event: 23.812 Thread 0x00000186aea8da70 Thread added: 0x00000186d79edce0
Event: 23.812 Thread 0x00000186aea8da70 Thread added: 0x00000186d79f1b60
Event: 23.812 Thread 0x00000186aea8da70 Thread added: 0x00000186d79eec80
Event: 23.846 Thread 0x00000186aea8da70 Thread added: 0x00000186d79f5210
Event: 23.847 Thread 0x00000186d79efc20 Thread added: 0x00000186d79f32d0
Event: 23.848 Thread 0x00000186d79efc20 Thread added: 0x00000186d79f61b0
Event: 24.463 Thread 0x00000186aea8da70 Thread added: 0x00000186d79f4a40
Event: 24.463 Thread 0x00000186aea8da70 Thread added: 0x00000186d79f3aa0
Event: 24.465 Thread 0x00000186d79f4a40 Thread added: 0x00000186d6a97000
Event: 24.465 Thread 0x00000186d79f4a40 Thread added: 0x00000186d6a9ae80
Event: 24.480 Thread 0x00000186cdcf8220 Thread added: 0x00000186d31140a0
Event: 24.480 Thread 0x00000186cdcf8220 Thread added: 0x00000186d31160e0


Dynamic libraries:
0x00007ff7f60e0000 - 0x00007ff7f60f0000 	C:\Program Files\Java\jdk-25.0.2\bin\java.exe
0x00007ffcfce40000 - 0x00007ffcfd0a7000 	C:\WINDOWS\SYSTEM32\ntdll.dll
0x00007ffcfc0c0000 - 0x00007ffcfc189000 	C:\WINDOWS\System32\KERNEL32.DLL
0x00007ffcf9910000 - 0x00007ffcf9d04000 	C:\WINDOWS\System32\KERNELBASE.dll
0x00007ffcf9710000 - 0x00007ffcf985b000 	C:\WINDOWS\System32\ucrtbase.dll
0x00007ffce6f50000 - 0x00007ffce6f6e000 	C:\Program Files\Java\jdk-25.0.2\bin\VCRUNTIME140.dll
0x00007ffce6e60000 - 0x00007ffce6e77000 	C:\Program Files\Java\jdk-25.0.2\bin\jli.dll
0x00007ffcfc4b0000 - 0x00007ffcfc675000 	C:\WINDOWS\System32\USER32.dll
0x00007ffcf8b10000 - 0x00007ffcf8da3000 	C:\WINDOWS\WinSxS\amd64_microsoft.windows.common-controls_6595b64144ccf1df_6.0.26100.8115_none_3e075c82e3354f9c\COMCTL32.dll
0x00007ffcfa1f0000 - 0x00007ffcfa217000 	C:\WINDOWS\System32\win32u.dll
0x00007ffcfb6f0000 - 0x00007ffcfb799000 	C:\WINDOWS\System32\msvcrt.dll
0x00007ffcfcb90000 - 0x00007ffcfcbbb000 	C:\WINDOWS\System32\GDI32.dll
0x00007ffcf9d10000 - 0x00007ffcf9e3b000 	C:\WINDOWS\System32\gdi32full.dll
0x00007ffcf9860000 - 0x00007ffcf9903000 	C:\WINDOWS\System32\msvcp_win.dll
0x00007ffcfbf80000 - 0x00007ffcfbfb2000 	C:\WINDOWS\System32\IMM32.DLL
0x00007ffce7300000 - 0x00007ffce730c000 	C:\Program Files\Java\jdk-25.0.2\bin\vcruntime140_1.dll
0x00007ffce6da0000 - 0x00007ffce6e2d000 	C:\Program Files\Java\jdk-25.0.2\bin\msvcp140.dll
0x00007ffcc8830000 - 0x00007ffcc968f000 	C:\Program Files\Java\jdk-25.0.2\bin\server\jvm.dll
0x00007ffcfcd20000 - 0x00007ffcfcdd6000 	C:\WINDOWS\System32\ADVAPI32.dll
0x00007ffcfbec0000 - 0x00007ffcfbf67000 	C:\WINDOWS\System32\sechost.dll
0x00007ffcfbd20000 - 0x00007ffcfbe38000 	C:\WINDOWS\System32\RPCRT4.dll
0x00007ffcfb940000 - 0x00007ffcfb9c0000 	C:\WINDOWS\System32\WS2_32.dll
0x00007ffcf9570000 - 0x00007ffcf95ce000 	C:\WINDOWS\SYSTEM32\POWRPROF.dll
0x00007ffce7250000 - 0x00007ffce7286000 	C:\WINDOWS\SYSTEM32\WINMM.dll
0x00007ffcebec0000 - 0x00007ffcebecb000 	C:\WINDOWS\SYSTEM32\VERSION.dll
0x00007ffcf9550000 - 0x00007ffcf9564000 	C:\WINDOWS\SYSTEM32\UMPDC.dll
0x00007ffcf7b70000 - 0x00007ffcf7b8b000 	C:\WINDOWS\SYSTEM32\kernel.appcore.dll
0x00007ffce6e50000 - 0x00007ffce6e5a000 	C:\Program Files\Java\jdk-25.0.2\bin\jimage.dll
0x00007ffcf8ec0000 - 0x00007ffcf9102000 	C:\WINDOWS\SYSTEM32\DBGHELP.DLL
0x00007ffcfabe0000 - 0x00007ffcfaf62000 	C:\WINDOWS\System32\combase.dll
0x00007ffcfbb40000 - 0x00007ffcfbc18000 	C:\WINDOWS\System32\OLEAUT32.dll
0x00007ffcf8db0000 - 0x00007ffcf8deb000 	C:\WINDOWS\SYSTEM32\dbgcore.DLL
0x00007ffcfaa90000 - 0x00007ffcfab35000 	C:\WINDOWS\System32\bcryptPrimitives.dll
0x00007ffce6c50000 - 0x00007ffce6c60000 	C:\Program Files\Java\jdk-25.0.2\bin\instrument.dll
0x00007ffce6d40000 - 0x00007ffce6d5f000 	C:\Program Files\Java\jdk-25.0.2\bin\java.dll
0x00007ffcfb7a0000 - 0x00007ffcfb937000 	C:\WINDOWS\System32\ole32.dll
0x00007ffcfaf80000 - 0x00007ffcfb6e7000 	C:\WINDOWS\System32\SHELL32.dll
0x00007ffcfa080000 - 0x00007ffcfa1ea000 	C:\WINDOWS\System32\wintypes.dll
0x00007ffce6cb0000 - 0x00007ffce6cc7000 	C:\Program Files\Java\jdk-25.0.2\bin\zip.dll
0x00007ffcfa220000 - 0x00007ffcfaa88000 	C:\WINDOWS\System32\windows.storage.dll
0x00007ffcfbc20000 - 0x00007ffcfbd18000 	C:\WINDOWS\System32\SHCORE.dll
0x00007ffcfc050000 - 0x00007ffcfc0b6000 	C:\WINDOWS\System32\shlwapi.dll
0x00007ffcf9630000 - 0x00007ffcf9659000 	C:\WINDOWS\SYSTEM32\profapi.dll
0x00007ffce6c40000 - 0x00007ffce6c50000 	C:\Program Files\Java\jdk-25.0.2\bin\verify.dll
0x00007ffce6cf0000 - 0x00007ffce6d02000 	C:\Program Files\Java\jdk-25.0.2\bin\net.dll
0x00007ffcf80a0000 - 0x00007ffcf810c000 	C:\WINDOWS\system32\mswsock.dll
0x00007ffce6cd0000 - 0x00007ffce6ce6000 	C:\Program Files\Java\jdk-25.0.2\bin\nio.dll
0x00007ffce4d10000 - 0x00007ffce4d19000 	C:\Program Files\Java\jdk-25.0.2\bin\extnet.dll
0x00007ffcf9230000 - 0x00007ffcf924b000 	C:\WINDOWS\SYSTEM32\CRYPTSP.dll
0x00007ffcf8210000 - 0x00007ffcf8249000 	C:\WINDOWS\system32\rsaenh.dll
0x00007ffcf8150000 - 0x00007ffcf8183000 	C:\WINDOWS\SYSTEM32\USERENV.dll
0x00007ffcf9600000 - 0x00007ffcf962a000 	C:\WINDOWS\SYSTEM32\bcrypt.dll
0x00007ffcf83c0000 - 0x00007ffcf83cc000 	C:\WINDOWS\SYSTEM32\CRYPTBASE.dll
0x00007ffcf75c0000 - 0x00007ffcf75f2000 	C:\WINDOWS\SYSTEM32\IPHLPAPI.DLL
0x00007ffcfabd0000 - 0x00007ffcfabda000 	C:\WINDOWS\System32\NSI.dll
0x00007ffcf7660000 - 0x00007ffcf7792000 	C:\WINDOWS\SYSTEM32\DNSAPI.dll
0x00007ffcedd30000 - 0x00007ffcedd3b000 	C:\Windows\System32\rasadhlp.dll
0x00007ffcf3150000 - 0x00007ffcf31d6000 	C:\WINDOWS\System32\fwpuclnt.dll
0x00007ffcdce00000 - 0x00007ffcdce0a000 	C:\Program Files\Java\jdk-25.0.2\bin\management.dll
0x00007ffcdacc0000 - 0x00007ffcdaccc000 	C:\Program Files\Java\jdk-25.0.2\bin\management_ext.dll
0x00007ffcfbf70000 - 0x00007ffcfbf78000 	C:\WINDOWS\System32\PSAPI.DLL
0x00007ffce6bf0000 - 0x00007ffce6bfe000 	C:\Program Files\Java\jdk-25.0.2\bin\sunmscapi.dll
0x00007ffcf9e40000 - 0x00007ffcf9fb7000 	C:\WINDOWS\System32\CRYPT32.dll
0x00007ffcf87d0000 - 0x00007ffcf8800000 	C:\WINDOWS\SYSTEM32\ncrypt.dll
0x00007ffcf8740000 - 0x00007ffcf877f000 	C:\WINDOWS\SYSTEM32\NTASN1.dll
0x00007ffcbcff0000 - 0x00007ffcbcff8000 	C:\WINDOWS\system32\wshunix.dll
0x00007ffcf41b0000 - 0x00007ffcf41c8000 	C:\WINDOWS\system32\napinsp.dll
0x00007ffce5a40000 - 0x00007ffce5a53000 	C:\WINDOWS\System32\winrnr.dll
0x00007ffcead50000 - 0x00007ffcead72000 	C:\WINDOWS\system32\nlansp_c.dll
0x00007ffcf3c70000 - 0x00007ffcf3c86000 	C:\WINDOWS\system32\wshbth.dll

JVMTI agents:
C:\Users\moham\AppData\Local\JetBrains\IntelliJIdea2025.3\captureAgent\debugger-agent.jar path:C:\Program Files\Java\jdk-25.0.2\bin\instrument.dll, loaded, initialized, instrumentlib options:file:///C:/Users/moham/AppData/Local/Temp/capture11050850099226004675.props
D:\JetBrains\IntelliJ IDEA 2025.3.3\lib\idea_rt.jar path:C:\Program Files\Java\jdk-25.0.2\bin\instrument.dll, loaded, initialized, instrumentlib options:49674

dbghelp: loaded successfully - version: 4.0.5 - missing functions: none
symbol engine: initialized successfully - sym options: 0x614 - pdb path: .;C:\Program Files\Java\jdk-25.0.2\bin;C:\WINDOWS\SYSTEM32;C:\WINDOWS\WinSxS\amd64_microsoft.windows.common-controls_6595b64144ccf1df_6.0.26100.8115_none_3e075c82e3354f9c;C:\Program Files\Java\jdk-25.0.2\bin\server

VM Arguments:
jvm_args: -javaagent:C:\Users\moham\AppData\Local\JetBrains\IntelliJIdea2025.3\captureAgent\debugger-agent.jar=file:///C:/Users/moham/AppData/Local/Temp/capture11050850099226004675.props -ea -Didea.test.cyclic.buffer.size=1048576 -javaagent:D:\JetBrains\IntelliJ IDEA 2025.3.3\lib\idea_rt.jar=49674 -Dkotlinx.coroutines.debug.enable.creation.stack.trace=false -Ddebugger.agent.enable.coroutines=true -Dkotlinx.coroutines.debug.enable.flows.stack.trace=true -Dkotlinx.coroutines.debug.enable.mutable.state.flows.stack.trace=true -Ddebugger.async.stack.trace.for.all.threads=true -Dfile.encoding=UTF-8 -Dsun.stdout.encoding=UTF-8 -Dsun.stderr.encoding=UTF-8 
java_command: com.intellij.rt.testng.RemoteTestNGStarter -usedefaultlisteners false -socket49673 @w@C:\Users\moham\AppData\Local\Temp\idea_working_dirs_testng.tmp -temp C:\Users\moham\AppData\Local\Temp\idea_testng.tmp
java_class_path (initial): D:\JetBrains\IntelliJ IDEA 2025.3.3\lib\idea_rt.jar;D:\JetBrains\IntelliJ IDEA 2025.3.3\plugins\testng\lib\testng-rt.jar;D:\JetBrains\Projects\QA_Todo_Project_Testing\target\test-classes;D:\JetBrains\Projects\QA_Todo_Project_Testing\target\classes;C:\Users\moham\.m2\repository\org\seleniumhq\selenium\selenium-java\4.38.0\selenium-java-4.38.0.jar;C:\Users\moham\.m2\repository\org\seleniumhq\selenium\selenium-api\4.38.0\selenium-api-4.38.0.jar;C:\Users\moham\.m2\repository\org\jspecify\jspecify\1.0.0\jspecify-1.0.0.jar;C:\Users\moham\.m2\repository\org\seleniumhq\selenium\selenium-chrome-driver\4.38.0\selenium-chrome-driver-4.38.0.jar;C:\Users\moham\.m2\repository\com\google\auto\service\auto-service-annotations\1.1.1\auto-service-annotations-1.1.1.jar;C:\Users\moham\.m2\repository\org\seleniumhq\selenium\selenium-chromium-driver\4.38.0\selenium-chromium-driver-4.38.0.jar;C:\Users\moham\.m2\repository\org\seleniumhq\selenium\selenium-json\4.38.0\selenium-json-4.38.0.jar;C:\Users\moham\.m2\repository\org\seleniumhq\selenium\selenium-manager\4.38.0\selenium-manager-4.38.0.jar;C:\Users\moham\.m2\repository\org\seleniumhq\selenium\selenium-devtools-v140\4.38.0\selenium-devtools-v140-4.38.0.jar;C:\Users\moham\.m2\repository\org\seleniumhq\selenium\selenium-devtools-v141\4.38.0\selenium-devtools-v141-4.38.0.jar;C:\Users\moham\.m2\repository\org\seleniumhq\selenium\selenium-devtools-v142\4.38.0\selenium-devtools-v142-4.38.0.jar;C:\Users\moham\.m2\repository\org\seleniumhq\selenium\selenium-edge-driver\4.38.0\selenium-edge-driver-4.38.0.jar;C:\Users\moham\.m2\repository\org\seleniumhq\selenium\selenium-firefox-driver\4.38.0\selenium-firefox-driver-4.38.0.jar;C:\Users\moham\.m2\repository\org\seleniumhq\selenium\selenium-http\4.38.0\selenium-http-4.38.0.jar;C:\Users\moham\.m2\repository\org\seleniumhq\selenium\selenium-ie-driver\4.38.0\selenium-ie-driver-4.38.0.jar;C:\Users\moham\.m2\repository\org\seleniumhq\selenium\selenium-remote-driver\4.38.0\selenium-remote-driver-4.38.0.jar;C:\Users\moham\.m2\repository\com\google\guava\guava\33.5.0-jre\guava-33.5.0-jre.jar;C:\Users\moham\.m2\repository\com\google\guava\failureaccess\1.0.3\failureaccess-1.0.3.jar;C:\Users\moham\.m2\repository\com\google\guava\listenablefuture\9999.0-empty-to-avoid-conflict-with-guava\listenablefuture-9999.0-empty-to-avoid-conflict-with-guava.jar;C:\Users\moham\.m2\repository\com\google\j2objc\j2objc-annotations\3.1\j2objc-annotations-3.1.jar;C:\Users\moham\.m2\repository\io\opentelemetry\opentelemetry-api\1.55.0\opentelemetry-api-1.55.0.jar;C:\Users\moham\.m2\repository\io\opentelemetry\opentelemetry-context\1.55.0\opentelemetry-context-1.55.0.jar;C:\Users\moham\.m2\repository\io\opentelemetry\opentelemetry-common\1.55.0\opentelemetry-common-1.55.0.jar;C:\Users\moham\.m2\repository\io\opentelemetry\opentelemetry-exporter-logging\1.55.0\opentelemetry-exporter-logging-1.55.0.jar;C:\Users\moham\.m2\repository\io\opentelemetry\opentelemetry-sdk-common\1.55.0\opentelemetry-sdk-common-1.55.0.jar;C:\Users\moham\.m2\repository\io\opentelemetry\opentelemetry-sdk-extension-autoconfigure-spi\1.55.0\opentelemetry-sdk-extension-autoconfigure-spi-1.55.0.jar;C:\Users\moham\.m2\repository\io\opentelemetry\opentelemetry-sdk-extension-autoconfigure\1.55.0\opentelemetry-sdk-extension-autoconfigure-1.55.0.jar;C:\Users\moham\.m2\repository\io\opentelemetry\opentelemetry-sdk-trace\1.55.0\opentelemetry-sdk-trace-1.55.0.jar;C:\Users\moham\.m2\repository\io\opentelemetry\opentelemetry-sdk\1.55.0\opentelemetry-sdk-1.55.0.jar;C:\Users\moham\.m2\repository\io\opentelemetry\opentelemetry-sdk-metrics\1.55.0\opentelemetry-sdk-metrics-1.55.0.jar;C:\Users\moham\.m2\repository\io\opentelemetry\opentelemetry-sdk-logs\1.55.0\opentelemetry-sdk-logs-1.55.0.jar;C:\Users\moham\.m2\repository\net\bytebuddy\byte-buddy\1.17.8\byte-buddy-1.17.8.jar;C:\Users\moham\.m2\repository\org\seleniumhq\selenium\selenium-os\4.38.0\selenium-os-4.38.0.jar;C:\Users\moham\.m2\repository\org\apache\commons\commons-exec\1.5.0\commons-exec-1.5.0.jar;C:\Users\moham\.m2\repository\org\seleniumhq\selenium\selenium-safari-driver\4.38.0\selenium-safari-driver-4.38.0.jar;C:\Users\moham\.m2\repository\org\seleniumhq\selenium\selenium-support\4.38.0\selenium-support-4.38.0.jar;C:\Users\moham\.m2\repository\io\github\bonigarcia\webdrivermanager\6.3.3\webdrivermanager-6.3.3.jar;C:\Users\moham\.m2\repository\org\slf4j\slf4j-api\2.0.17\slf4j-api-2.0.17.jar;C:\Users\moham\.m2\repository\com\google\code\gson\gson\2.13.2\gson-2.13.2.jar;C:\Users\moham\.m2\repository\com\google\errorprone\error_prone_annotations\2.41.0\error_prone_annotations-2.41.0.jar;C:\Users\moham\.m2\repository\com\github\docker-java\docker-java\3.6.0\docker-java-3.6.0.jar;C:\Users\moham\.m2\repository\com\github\docker-java\docker-java-core\3.6.0\docker-java-core-3.6.0.jar;C:\Users\moham\.m2\repository\com\github\docker-java\docker-java-api\3.6.0\docker-java-api-3.6.0.jar;C:\Users\moham\.m2\repository\com\fasterxml\jackson\core\jackson-annotations\2.19.2\jackson-annotations-2.19.2.jar;C:\Users\moham\.m2\repository\com\fasterxml\jackson\core\jackson-databind\2.19.2\jackson-databind-2.19.2.jar;C:\Users\moham\.m2\repository\com\fasterxml\jackson\core\jackson-core\2.19.2\jackson-core-2.19.2.jar;C:\Users\moham\.m2\repository\org\slf4j\jcl-over-slf4j\1.7.30\jcl-over-slf4j-1.7.30.jar;C:\Users\moham\.m2\repository\com\github\docker-java\docker-java-transport-httpclient5\3.6.0\docker-java-transport-httpclient5-3.6.0.jar;C:\Users\moham\.m2\repository\com\github\docker-java\docker-java-transport\3.6.0\docker-java-transport-3.6.0.jar;C:\Users\moham\.m2\repository\net\java\dev\jna\jna\5.17.0\jna-5.17.0.jar;C:\Users\moham\.m2\repository\org\brotli\dec\0.1.2\dec-0.1.2.jar;C:\Users\moham\.m2\repository\org\apache\commons\commons-lang3\3.19.0\commons-lang3-3.19.0.jar;C:\Users\moham\.m2\repository\org\apache\commons\commons-compress\1.28.0\commons-compress-1.28.0.jar;C:\Users\moham\.m2\repository\commons-codec\commons-codec\1.19.0\commons-codec-1.19.0.jar;C:\Users\moham\.m2\repository\commons-io\commons-io\2.20.0\commons-io-2.20.0.jar;C:\Users\moham\.m2\repository\org\apache\httpcomponents\client5\httpclient5\5.4.3\httpclient5-5.4.3.jar;C:\Users\moham\.m2\repository\org\apache\httpcomponents\core5\httpcore5\5.3.4\httpcore5-5.3.4.jar;C:\Users\moham\.m2\repository\org\apache\httpcomponents\core5\httpcore5-h2\5.3.4\httpcore5-h2-5.3.4.jar;C:\Users\moham\.m2\repository\org\testng\testng\7.12.0\testng-7.12.0.jar;C:\Users\moham\.m2\repository\org\jcommander\jcommander\1.83\jcommander-1.83.jar;C:\Users\moham\.m2\repository\org\webjars\jquery\3.7.1\jquery-3.7.1.jar;C:\Users\moham\.m2\repository\io\rest-assured\rest-assured\5.5.7\rest-assured-5.5.7.jar;C:\Users\moham\.m2\repository\org\apache\groovy\groovy\4.0.22\groovy-4.0.22.jar;C:\Users\moham\.m2\repository\org\apache\groovy\groovy-xml\4.0.22\groovy-xml-4.0.22.jar;C:\Users\moham\.m2\repository\org\apache\httpcomponents\httpclient\4.5.13\httpclient-4.5.13.jar;C:\Users\moham\.m2\repository\org\apache\httpcomponents\httpcore\4.4.13\httpcore-4.4.13.jar;C:\Users\moham\.m2\repository\commons-logging\commons-logging\1.2\commons-logging-1.2.jar;C:\Users\moham\.m2\repository\org\apache\httpcomponents\httpmime\4.5.13\httpmime-4.5.13.jar;C:\Users\moham\.m2\repository\org\hamcrest\hamcrest\2.2\hamcrest-2.2.jar;C:\Users\moham\.m2\repository\org\ccil\cowan\tagsoup\tagsoup\1.2.1\tagsoup-1.2.1.jar;C:\Users\moham\.m2\repository\io\rest-assured\json-path\5.5.7\json-path-5.5.7.jar;C:\Users\moham\.m2\repository\org\apache\groovy\groovy-json\4.0.22\groovy-json-4.0.22.jar;C:\Users\moham\.m2\repository\io\rest-assured\rest-assured-common\5.5.7\rest-assured-common-5.5.7.jar;C:\Users\moham\.m2\repository\io\rest-assured\xml-path\5.5.7\xml-path-5.5.7.jar;C:\Users\moham\.m2\repository\com\jayway\jsonpath\json-path\3.0.0\json-path-3.0.0.jar;C:\Users\moham\.m2\repository\net\minidev\json-smart\2.6.0\json-smart-2.6.0.jar;C:\Users\moham\.m2\repository\net\minidev\accessors-smart\2.6.0\accessors-smart-2.6.0.jar;C:\Users\moham\.m2\repository\org\ow2\asm\asm\9.7.1\asm-9.7.1.jar;C:\Users\moham\.m2\repository\com\github\javafaker\javafaker\1.0.2\javafaker-1.0.2.jar;C:\Users\moham\.m2\repository\org\yaml\snakeyaml\1.23\snakeyaml-1.23-android.jar;C:\Users\moham\.m2\repository\com\github\mifmif\generex\1.0.2\generex-1.0.2.jar;C:\Users\moham\.m2\repository\dk\brics\automaton\automaton\1.11-8\automaton-1.11-8.jar;C:\Users\moham\.m2\repository\io\qameta\allure\allure-testng\2.32.0\allure-testng-2.32.0.jar;C:\Users\moham\.m2\repository\io\qameta\allure\allure-java-commons\2.32.0\allure-java-commons-2.32.0.jar;C:\Users\moham\.m2\repository\io\qameta\allure\allure-model\2.32.0\allure-model-2.32.0.jar;C:\Users\moham\.m2\repository\io\qameta\allure\allure-test-filter\2.32.0\allure-test-filter-2.32.0.jar
Launcher Type: SUN_STANDARD

[Global flags]
     intx CICompilerCount                          = 4                                         {product} {ergonomic}
     uint ConcGCThreads                            = 2                                         {product} {ergonomic}
     uint G1ConcRefinementThreads                  = 8                                         {product} {ergonomic}
   size_t G1HeapRegionSize                         = 2097152                                   {product} {ergonomic}
   size_t InitialHeapSize                          = 266338304                                 {product} {ergonomic}
   size_t MarkStackSize                            = 4194304                                   {product} {ergonomic}
   size_t MarkStackSizeMax                         = 536870912                                 {product} {ergonomic}
   size_t MaxHeapSize                              = 4242538496                                {product} {ergonomic}
   size_t MaxNewSize                               = 2543845376                                {product} {ergonomic}
   size_t MinHeapDeltaBytes                        = 2097152                                   {product} {ergonomic}
   size_t MinHeapSize                              = 8388608                                   {product} {ergonomic}
    uintx NonNMethodCodeHeapSize                   = 5832704                                {pd product} {ergonomic}
    uintx NonProfiledCodeHeapSize                  = 122945536                              {pd product} {ergonomic}
    uintx ProfiledCodeHeapSize                     = 122880000                              {pd product} {ergonomic}
    uintx ReservedCodeCacheSize                    = 251658240                              {pd product} {ergonomic}
     bool SegmentedCodeCache                       = true                                      {product} {ergonomic}
   size_t SoftMaxHeapSize                          = 4242538496                             {manageable} {ergonomic}
     bool UseCompressedOops                        = true                           {product lp64_product} {ergonomic}
     bool UseG1GC                                  = true                                      {product} {ergonomic}
     bool UseLargePagesIndividualAllocation        = false                                  {pd product} {ergonomic}

Logging:
Log output configuration:
 #0: stdout all=warning uptime,level,tags foldmultilines=false
 #1: stderr all=off uptime,level,tags foldmultilines=false

Release file:
IMPLEMENTOR="Oracle Corporation" 
JAVA_RUNTIME_VERSION="25.0.2+10-LTS-69" 
JAVA_VERSION="25.0.2" 
JAVA_VERSION_DATE="2026-01-20" 
LIBC="default" 
MODULES="java.base java.compiler java.datatransfer java.xml java.prefs java.desktop java.instrument java.logging java.management java.security.sasl java.naming java.rmi java.management.rmi java.net.http java.scripting java.security.jgss java.transaction.xa java.sql java.sql.rowset java.xml.crypto java.se java.smartcardio jdk.accessibility jdk.internal.jvmstat jdk.attach jdk.charsets jdk.internal.opt jdk.zipfs jdk.compiler jdk.crypto.cryptoki jdk.crypto.ec jdk.crypto.mscapi jdk.dynalink jdk.internal.ed jdk.editpad jdk.internal.vm.ci jdk.graal.compiler jdk.graal.compiler.management jdk.hotspot.agent jdk.httpserver jdk.incubator.vector jdk.internal.le jdk.internal.md jdk.jartool jdk.javadoc jdk.jcmd jdk.management jdk.management.agent jdk.jconsole jdk.jdeps jdk.jdwp.agent jdk.jdi jdk.jfr jdk.jlink jdk.jpackage jdk.jshell jdk.jsobject jdk.jstatd jdk.localedata jdk.management.jfr jdk.naming.dns jdk.naming.rmi jdk.net jdk.nio.mapmode jdk.sctp jdk.security.auth jdk.security.jgss jdk.unsupported jdk.unsupported.desktop jdk.xml.dom" 
OS_ARCH="x86_64" 
OS_NAME="Windows" 
SOURCE=".:git:b75efb40c93a open:git:405a5699ebd0" 

Environment Variables:
PATH=C:\Program Files\Common Files\Oracle\Java\javapath;C:\WINDOWS\system32;C:\WINDOWS;C:\WINDOWS\System32\Wbem;C:\WINDOWS\System32\WindowsPowerShell\v1.0\;C:\WINDOWS\System32\OpenSSH\;D:\JetBrains\IntelliJ IDEA 2025.3.3\plugins\maven\lib\maven3\bin;C:\Program Files\Git\cmd;C:\Program Files\nodejs\;C:\Users\moham\scoop\shims;C:\Users\moham\AppData\Local\Microsoft\WindowsApps;D:\Microsoft VS Code\bin;D:\JetBrains\IntelliJ IDEA 2025.3.3\bin;C:\Users\moham\AppData\Local\GitHubDesktop\bin;C:\Users\moham\AppData\Roaming\npm
USERNAME=moham
OS=Windows_NT
PROCESSOR_IDENTIFIER=Intel64 Family 6 Model 165 Stepping 2, GenuineIntel
TMP=C:\Users\moham\AppData\Local\Temp
TEMP=C:\Users\moham\AppData\Local\Temp




Compilation memory statistics disabled.

Periodic native trim disabled

---------------  S Y S T E M  ---------------

OS:
 Windows 11 , 64 bit Build 26100 (10.0.26100.8246)
OS uptime: 0 days 5:51 hours
Hyper-V role detected

CPU: total 8 (initial active 8) (4 cores per cpu, 2 threads per core) family 6 model 165 stepping 2 microcode 0xfc, cx8, cmov, fxsr, ht, mmx, 3dnowpref, sse, sse2, sse3, ssse3, sse4.1, sse4.2, popcnt, lzcnt, tsc, tscinvbit, avx, avx2, aes, erms, clmul, bmi1, bmi2, adx, fma, vzeroupper, clflush, clflushopt, hv, rdtscp, f16c
Processor Information for the first 8 processors :
  Max Mhz: 2496, Current Mhz: 2496, Mhz Limit: 2496

Memory: 4k page, system-wide physical 16177M (7215M free)
TotalPageFile size 17201M (AvailPageFile size 7344M)
current process WorkingSet (physical memory assigned to process): 335M, peak: 348M
current process commit charge ("private bytes"): 387M, peak: 427M

vm_info: Java HotSpot(TM) 64-Bit Server VM (25.0.2+10-LTS-69) for windows-amd64 JRE (25.0.2+10-LTS-69), built on 2025-12-18T11:36:35Z with MS VC++ 17.13 (VS2022)

END.
